Initialized native services in: ~/.gradle/native
Initialized jansi services in: ~/.gradle/native

Welcome to Gradle 7.5!

Here are the highlights of this release:
 - Support for Java 18
 - Support for building with Groovy 4
 - Much more responsive continuous builds
 - Improved diagnostics for dependency resolution

For more details see https://docs.gradle.org/7.5/release-notes.html

To honour the JVM settings for this build a single-use Daemon process will be forked. See https://docs.gradle.org/7.5/userguide/gradle_daemon.html#sec:disabling_the_daemon.
Starting process 'Gradle build daemon'. Working directory: ~/.gradle/daemon/7.5 Command: /usr/lib/jvm/java-11-openjdk-amd64/bin/java -XX:MaxPermSize=512m -XX:MaxMetaspaceSize=512m --add-opens java.base/java.util=ALL-UNNAMED --add-opens java.base/java.lang=ALL-UNNAMED --add-opens java.base/java.lang.invoke=ALL-UNNAMED --add-opens java.base/java.util=ALL-UNNAMED --add-opens java.prefs/java.util.prefs=ALL-UNNAMED --add-opens java.prefs/java.util.prefs=ALL-UNNAMED --add-opens java.base/java.nio.charset=ALL-UNNAMED --add-opens java.base/java.net=ALL-UNNAMED --add-opens java.base/java.util.concurrent.atomic=ALL-UNNAMED -Xmx1536m -Dfile.encoding=UTF-8 -Duser.country=ZW -Duser.language=en -Duser.variant -cp ~/.gradle/wrapper/dists/gradle-7.5-bin/f1w0cc9nuo0eivz97x2xlu9sv/gradle-7.5/lib/gradle-launcher-7.5.jar org.gradle.launcher.daemon.bootstrap.GradleDaemon 7.5
Successfully started process 'Gradle build daemon'
An attempt to start the daemon took 4.691 secs.
The client will now receive all logging from the daemon (pid: 30769). The daemon log file: ~/.gradle/daemon/7.5/daemon-30769.out.log
Daemon will be stopped at the end of the build 
Using 4 worker leases.
Watching the file system is configured to be enabled if available
Now considering [~/android/studio/Projects/Photo.Gallery] as hierarchies to watch
File system watching is active
Starting Build
Settings evaluated using settings file '~/android/studio/Projects/Photo.Gallery/settings.gradle'.
Projects loaded. Root project using build file '~/android/studio/Projects/Photo.Gallery/build.gradle'.
Included projects: [root project 'Photo Gallery', project ':app']

> Configure project :
Evaluating root project 'Photo Gallery' using build file '~/android/studio/Projects/Photo.Gallery/build.gradle'.

> Configure project :app
Evaluating project ':app' using build file '~/android/studio/Projects/Photo.Gallery/app/build.gradle'.
Using default execution profile
Using Kotlin Gradle Plugin gradle70 variant
All projects evaluated.
Task name matched 'clean'
Task name matched 'assembleDebug'
Selected primary task 'clean' from project :
Selected primary task 'assembleDebug' from project :
Tasks to be executed: [task ':app:clean', task ':app:preBuild', task ':app:preDebugBuild', task ':app:mergeDebugNativeDebugMetadata', task ':app:compileDebugAidl', task ':app:compileDebugRenderscript', task ':app:dataBindingMergeDependencyArtifactsDebug', task ':app:generateDebugResValues', task ':app:generateDebugResources', task ':app:mergeDebugResources', task ':app:dataBindingGenBaseClassesDebug', task ':app:generateDebugBuildConfig', task ':app:checkDebugAarMetadata', task ':app:mapDebugSourceSetPaths', task ':app:createDebugCompatibleScreenManifests', task ':app:extractDeepLinksDebug', task ':app:processDebugMainManifest', task ':app:processDebugManifest', task ':app:processDebugManifestForPackage', task ':app:processDebugResources', task ':app:compileDebugKotlin', task ':app:javaPreCompileDebug', task ':app:compileDebugJavaWithJavac', task ':app:mergeDebugShaders', task ':app:compileDebugShaders', task ':app:generateDebugAssets', task ':app:mergeDebugAssets', task ':app:compressDebugAssets', task ':app:processDebugJavaRes', task ':app:mergeDebugJavaResource', task ':app:checkDebugDuplicateClasses', task ':app:desugarDebugFileDependencies', task ':app:mergeExtDexDebug', task ':app:mergeLibDexDebug', task ':app:dexBuilderDebug', task ':app:mergeProjectDexDebug', task ':app:mergeDebugJniLibFolders', task ':app:mergeDebugNativeLibs', task ':app:stripDebugDebugSymbols', task ':app:validateSigningDebug', task ':app:writeDebugAppMetadata', task ':app:writeDebugSigningConfigVersions', task ':app:packageDebug', task ':app:createDebugApkListingFileRedirect', task ':app:assembleDebug']
Tasks that were excluded: []
Resolve mutations for :app:clean (Thread[included builds,5,main]) started.
Resolve mutations for :app:clean (Thread[included builds,5,main]) completed. Took 0.021 secs.
:app:clean (Thread[Execution worker,5,main]) started.
destroyer locations for task group 0 (Thread[Execution worker Thread 2,5,main]) started.
destroyer locations for task group 0 (Thread[Execution worker Thread 2,5,main]) completed. Took 0.0 secs.

> Task :app:clean
Caching disabled for task ':app:clean' because:
  Build cache is disabled
Task ':app:clean' is not up-to-date because:
  Task has not declared any outputs despite executing actions.
:app:clean (Thread[Execution worker,5,main]) completed. Took 0.187 secs.
Resolve mutations for :app:preBuild (Thread[Execution worker Thread 2,5,main]) started.
Resolve mutations for :app:preBuild (Thread[Execution worker Thread 2,5,main]) completed. Took 0.0 secs.
:app:preBuild (Thread[Execution worker Thread 3,5,main]) started.

> Task :app:preBuild UP-TO-DATE
Skipping task ':app:preBuild' as it has no actions.
:app:preBuild (Thread[Execution worker Thread 3,5,main]) completed. Took 0.004 secs.
Resolve mutations for :app:preDebugBuild (Thread[Execution worker Thread 2,5,main]) started.
Resolve mutations for :app:preDebugBuild (Thread[Execution worker Thread 2,5,main]) completed. Took 0.0 secs.
:app:preDebugBuild (Thread[Execution worker Thread 3,5,main]) started.

> Task :app:preDebugBuild UP-TO-DATE
Skipping task ':app:preDebugBuild' as it has no actions.
:app:preDebugBuild (Thread[Execution worker Thread 3,5,main]) completed. Took 0.001 secs.
Resolve mutations for :app:mergeDebugNativeDebugMetadata (Thread[Execution worker Thread 2,5,main]) started.
Resolve mutations for :app:mergeDebugNativeDebugMetadata (Thread[Execution worker Thread 2,5,main]) completed. Took 0.005 secs.
:app:mergeDebugNativeDebugMetadata (Thread[Execution worker Thread 3,5,main]) started.

> Task :app:mergeDebugNativeDebugMetadata NO-SOURCE
Skipping task ':app:mergeDebugNativeDebugMetadata' as it has no source files and no previous output files.
:app:mergeDebugNativeDebugMetadata (Thread[Execution worker Thread 3,5,main]) completed. Took 0.024 secs.
Resolve mutations for :app:compileDebugAidl (Thread[Execution worker Thread 2,5,main]) started.
Resolve mutations for :app:compileDebugAidl (Thread[Execution worker Thread 2,5,main]) completed. Took 0.001 secs.
:app:compileDebugAidl (Thread[Execution worker Thread 3,5,main]) started.

> Task :app:compileDebugAidl NO-SOURCE
Watching 1 directories to track changes
Watching 2 directories to track changes
Skipping task ':app:compileDebugAidl' as it has no source files and no previous output files.
:app:compileDebugAidl (Thread[Execution worker Thread 3,5,main]) completed. Took 0.03 secs.
Resolve mutations for :app:compileDebugRenderscript (Thread[Execution worker Thread 2,5,main]) started.
Resolve mutations for :app:compileDebugRenderscript (Thread[Execution worker Thread 2,5,main]) completed. Took 0.001 secs.
:app:compileDebugRenderscript (Thread[Execution worker Thread 2,5,main]) started.

> Task :app:compileDebugRenderscript NO-SOURCE
Watching 2 directories to track changes
Watching 2 directories to track changes
Skipping task ':app:compileDebugRenderscript' as it has no source files and no previous output files.
:app:compileDebugRenderscript (Thread[Execution worker Thread 2,5,main]) completed. Took 0.008 secs.
Resolve mutations for :app:dataBindingMergeDependencyArtifactsDebug (Thread[Execution worker Thread 3,5,main]) started.
Resolve mutations for :app:dataBindingMergeDependencyArtifactsDebug (Thread[Execution worker Thread 3,5,main]) completed. Took 0.0 secs.
:app:dataBindingMergeDependencyArtifactsDebug (Thread[Execution worker Thread 3,5,main]) started.

> Task :app:dataBindingMergeDependencyArtifactsDebug
Watching 3 directories to track changes
Transforming navigation-common-2.7.0.aar (androidx.navigation:navigation-common:2.7.0) with JetifyTransform
Transforming navigation-runtime-2.7.0.aar (androidx.navigation:navigation-runtime:2.7.0) with JetifyTransform
Transforming accompanist-systemuicontroller-0.23.0.aar (com.google.accompanist:accompanist-systemuicontroller:0.23.0) with JetifyTransform
Transforming viewbinding-7.4.2.aar (androidx.databinding:viewbinding:7.4.2) with JetifyTransform
Caching disabled for JetifyTransform: ~/.gradle/caches/modules-2/files-2.1/androidx.navigation/navigation-common/2.7.0/dfce6ffa612a156cbddb64cdd44027ad7f97115/navigation-common-2.7.0.aar because:
  Build cache is disabled
Caching disabled for JetifyTransform: ~/.gradle/caches/modules-2/files-2.1/androidx.databinding/viewbinding/7.4.2/73d153b74b0e3c622b118b9cb01f5d970038c02/viewbinding-7.4.2.aar because:
  Build cache is disabled
Caching disabled for JetifyTransform: ~/.gradle/caches/modules-2/files-2.1/com.google.accompanist/accompanist-systemuicontroller/0.23.0/ca221d60d27557aedd0f79e2ebe04e82ba71c044/accompanist-systemuicontroller-0.23.0.aar because:
  Build cache is disabled
Caching disabled for JetifyTransform: ~/.gradle/caches/modules-2/files-2.1/androidx.navigation/navigation-runtime/2.7.0/917720481b2108c95b7b222d78c6e834f13afd23/navigation-runtime-2.7.0.aar because:
  Build cache is disabled
Skipping JetifyTransform: ~/.gradle/caches/modules-2/files-2.1/com.google.accompanist/accompanist-systemuicontroller/0.23.0/ca221d60d27557aedd0f79e2ebe04e82ba71c044/accompanist-systemuicontroller-0.23.0.aar as it is up-to-date.
Skipping JetifyTransform: ~/.gradle/caches/modules-2/files-2.1/androidx.databinding/viewbinding/7.4.2/73d153b74b0e3c622b118b9cb01f5d970038c02/viewbinding-7.4.2.aar as it is up-to-date.
Skipping JetifyTransform: ~/.gradle/caches/modules-2/files-2.1/androidx.navigation/navigation-common/2.7.0/dfce6ffa612a156cbddb64cdd44027ad7f97115/navigation-common-2.7.0.aar as it is up-to-date.
Skipping JetifyTransform: ~/.gradle/caches/modules-2/files-2.1/androidx.navigation/navigation-runtime/2.7.0/917720481b2108c95b7b222d78c6e834f13afd23/navigation-runtime-2.7.0.aar as it is up-to-date.
Transforming accompanist-systemuicontroller-0.23.0.aar (com.google.accompanist:accompanist-systemuicontroller:0.23.0) with ExtractAarTransform
Transforming navigation-runtime-2.7.0.aar (androidx.navigation:navigation-runtime:2.7.0) with ExtractAarTransform
Transforming navigation-common-2.7.0.aar (androidx.navigation:navigation-common:2.7.0) with ExtractAarTransform
Transforming viewbinding-7.4.2.aar (androidx.databinding:viewbinding:7.4.2) with ExtractAarTransform
Caching disabled for ExtractAarTransform: ~/.gradle/caches/transforms-3/8706650dfdf8601596176e7054659556/transformed/jetified-accompanist-systemuicontroller-0.23.0.aar because:
  Build cache is disabled
Skipping ExtractAarTransform: ~/.gradle/caches/transforms-3/8706650dfdf8601596176e7054659556/transformed/jetified-accompanist-systemuicontroller-0.23.0.aar as it is up-to-date.
Transforming accompanist-systemuicontroller-0.23.0.aar (com.google.accompanist:accompanist-systemuicontroller:0.23.0) with AarTransform
Caching disabled for ExtractAarTransform: ~/.gradle/caches/modules-2/files-2.1/androidx.navigation/navigation-runtime/2.7.0/917720481b2108c95b7b222d78c6e834f13afd23/navigation-runtime-2.7.0.aar because:
  Build cache is disabled
Skipping ExtractAarTransform: ~/.gradle/caches/modules-2/files-2.1/androidx.navigation/navigation-runtime/2.7.0/917720481b2108c95b7b222d78c6e834f13afd23/navigation-runtime-2.7.0.aar as it is up-to-date.
Transforming navigation-runtime-2.7.0.aar (androidx.navigation:navigation-runtime:2.7.0) with AarTransform
Caching disabled for AarTransform: ~/.gradle/caches/transforms-3/bf8e33f871994f40a9487e20a975ed66/transformed/jetified-accompanist-systemuicontroller-0.23.0 because:
  Build cache is disabled
Skipping AarTransform: ~/.gradle/caches/transforms-3/bf8e33f871994f40a9487e20a975ed66/transformed/jetified-accompanist-systemuicontroller-0.23.0 as it is up-to-date.
Caching disabled for AarTransform: ~/.gradle/caches/transforms-3/bf1a1f31d3fd291141350a5f95f71ac2/transformed/navigation-runtime-2.7.0 because:
  Build cache is disabled
Skipping AarTransform: ~/.gradle/caches/transforms-3/bf1a1f31d3fd291141350a5f95f71ac2/transformed/navigation-runtime-2.7.0 as it is up-to-date.
Transforming play-services-tasks-18.0.1.aar (com.google.android.gms:play-services-tasks:18.0.1) with JetifyTransform
Transforming play-services-tasks-18.0.1.aar (com.google.android.gms:play-services-tasks:18.0.1) with JetifyTransform
Caching disabled for ExtractAarTransform: ~/.gradle/caches/modules-2/files-2.1/androidx.navigation/navigation-common/2.7.0/dfce6ffa612a156cbddb64cdd44027ad7f97115/navigation-common-2.7.0.aar because:
  Build cache is disabled
Skipping ExtractAarTransform: ~/.gradle/caches/modules-2/files-2.1/androidx.navigation/navigation-common/2.7.0/dfce6ffa612a156cbddb64cdd44027ad7f97115/navigation-common-2.7.0.aar as it is up-to-date.
Transforming navigation-common-2.7.0.aar (androidx.navigation:navigation-common:2.7.0) with AarTransform
Caching disabled for ExtractAarTransform: ~/.gradle/caches/transforms-3/7a4791795eabd99f4d79935f3fda53c7/transformed/jetified-viewbinding-7.4.2.aar because:
  Build cache is disabled
Skipping ExtractAarTransform: ~/.gradle/caches/transforms-3/7a4791795eabd99f4d79935f3fda53c7/transformed/jetified-viewbinding-7.4.2.aar as it is up-to-date.
Caching disabled for JetifyTransform: ~/.gradle/caches/modules-2/files-2.1/com.google.android.gms/play-services-tasks/18.0.1/319f361d7486eadccf0c3a3a28c27c50d8047655/play-services-tasks-18.0.1.aar because:
  Build cache is disabled
Skipping JetifyTransform: ~/.gradle/caches/modules-2/files-2.1/com.google.android.gms/play-services-tasks/18.0.1/319f361d7486eadccf0c3a3a28c27c50d8047655/play-services-tasks-18.0.1.aar as it is up-to-date.
Transforming play-services-tasks-18.0.1.aar (com.google.android.gms:play-services-tasks:18.0.1) with ExtractAarTransform
Transforming play-services-tasks-18.0.1.aar (com.google.android.gms:play-services-tasks:18.0.1) with ExtractAarTransform
Transforming viewbinding-7.4.2.aar (androidx.databinding:viewbinding:7.4.2) with AarTransform
Caching disabled for AarTransform: ~/.gradle/caches/transforms-3/db0a4a75452c37002f2b2876252588df/transformed/navigation-common-2.7.0 because:
  Build cache is disabled
Skipping AarTransform: ~/.gradle/caches/transforms-3/db0a4a75452c37002f2b2876252588df/transformed/navigation-common-2.7.0 as it is up-to-date.
Transforming play-services-tasks-18.0.1.aar (com.google.android.gms:play-services-tasks:18.0.1) with JetifyTransform
Transforming play-services-tasks-18.0.1.aar (com.google.android.gms:play-services-tasks:18.0.1) with ExtractAarTransform
Caching disabled for AarTransform: ~/.gradle/caches/transforms-3/94cab073bb099116bcdf05d4c23f20c8/transformed/jetified-viewbinding-7.4.2 because:
  Build cache is disabled
Skipping AarTransform: ~/.gradle/caches/transforms-3/94cab073bb099116bcdf05d4c23f20c8/transformed/jetified-viewbinding-7.4.2 as it is up-to-date.
Transforming play-services-tasks-18.0.1.aar (com.google.android.gms:play-services-tasks:18.0.1) with JetifyTransform
Caching disabled for ExtractAarTransform: ~/.gradle/caches/transforms-3/c3ec7e99300d58ebc3879c06855204e5/transformed/jetified-play-services-tasks-18.0.1.aar because:
  Build cache is disabled
Skipping ExtractAarTransform: ~/.gradle/caches/transforms-3/c3ec7e99300d58ebc3879c06855204e5/transformed/jetified-play-services-tasks-18.0.1.aar as it is up-to-date.
Transforming play-services-tasks-18.0.1.aar (com.google.android.gms:play-services-tasks:18.0.1) with AarTransform
Transforming play-services-tasks-18.0.1.aar (com.google.android.gms:play-services-tasks:18.0.1) with AarTransform
Transforming play-services-tasks-18.0.1.aar (com.google.android.gms:play-services-tasks:18.0.1) with AarTransform
Transforming play-services-tasks-18.0.1.aar (com.google.android.gms:play-services-tasks:18.0.1) with ExtractAarTransform
Transforming play-services-tasks-18.0.1.aar (com.google.android.gms:play-services-tasks:18.0.1) with AarTransform
Caching disabled for AarTransform: ~/.gradle/caches/transforms-3/f2c612e0fb1a97a99a863e39f5508a21/transformed/jetified-play-services-tasks-18.0.1 because:
  Build cache is disabled
Skipping AarTransform: ~/.gradle/caches/transforms-3/f2c612e0fb1a97a99a863e39f5508a21/transformed/jetified-play-services-tasks-18.0.1 as it is up-to-date.
Transforming play-services-basement-18.2.0.aar (com.google.android.gms:play-services-basement:18.2.0) with JetifyTransform
Transforming play-services-basement-18.2.0.aar (com.google.android.gms:play-services-basement:18.2.0) with JetifyTransform
Transforming play-services-basement-18.2.0.aar (com.google.android.gms:play-services-basement:18.2.0) with JetifyTransform
Transforming play-services-basement-18.2.0.aar (com.google.android.gms:play-services-basement:18.2.0) with JetifyTransform
Caching disabled for JetifyTransform: ~/.gradle/caches/modules-2/files-2.1/com.google.android.gms/play-services-basement/18.2.0/726e058af3c0d8c592ebf1d9b7b68b57b1d710a3/play-services-basement-18.2.0.aar because:
  Build cache is disabled
Skipping JetifyTransform: ~/.gradle/caches/modules-2/files-2.1/com.google.android.gms/play-services-basement/18.2.0/726e058af3c0d8c592ebf1d9b7b68b57b1d710a3/play-services-basement-18.2.0.aar as it is up-to-date.
Transforming play-services-basement-18.2.0.aar (com.google.android.gms:play-services-basement:18.2.0) with ExtractAarTransform
Transforming play-services-basement-18.2.0.aar (com.google.android.gms:play-services-basement:18.2.0) with ExtractAarTransform
Transforming play-services-basement-18.2.0.aar (com.google.android.gms:play-services-basement:18.2.0) with ExtractAarTransform
Transforming play-services-basement-18.2.0.aar (com.google.android.gms:play-services-basement:18.2.0) with ExtractAarTransform
Caching disabled for ExtractAarTransform: ~/.gradle/caches/transforms-3/51dbf7227dd0b7c81041028b04d99d78/transformed/jetified-play-services-basement-18.2.0.aar because:
  Build cache is disabled
Skipping ExtractAarTransform: ~/.gradle/caches/transforms-3/51dbf7227dd0b7c81041028b04d99d78/transformed/jetified-play-services-basement-18.2.0.aar as it is up-to-date.
Transforming play-services-basement-18.2.0.aar (com.google.android.gms:play-services-basement:18.2.0) with AarTransform
Transforming play-services-basement-18.2.0.aar (com.google.android.gms:play-services-basement:18.2.0) with AarTransform
Transforming play-services-basement-18.2.0.aar (com.google.android.gms:play-services-basement:18.2.0) with AarTransform
Transforming play-services-basement-18.2.0.aar (com.google.android.gms:play-services-basement:18.2.0) with AarTransform
Caching disabled for AarTransform: ~/.gradle/caches/transforms-3/fae7f0a32fa0484295f94dfaf9206b70/transformed/jetified-play-services-basement-18.2.0 because:
  Build cache is disabled
Skipping AarTransform: ~/.gradle/caches/transforms-3/fae7f0a32fa0484295f94dfaf9206b70/transformed/jetified-play-services-basement-18.2.0 as it is up-to-date.
Transforming fragment-1.3.6.aar (androidx.fragment:fragment:1.3.6) with JetifyTransform
Transforming play-services-base-18.0.1.aar (com.google.android.gms:play-services-base:18.0.1) with JetifyTransform
Transforming fragment-1.3.6.aar (androidx.fragment:fragment:1.3.6) with JetifyTransform
Transforming fragment-1.3.6.aar (androidx.fragment:fragment:1.3.6) with JetifyTransform
Caching disabled for JetifyTransform: ~/.gradle/caches/modules-2/files-2.1/com.google.android.gms/play-services-base/18.0.1/1db00193b2879dc27bd914d9d8596a080569a7c4/play-services-base-18.0.1.aar because:
  Build cache is disabled
Caching disabled for JetifyTransform: ~/.gradle/caches/modules-2/files-2.1/androidx.fragment/fragment/1.3.6/6391fc504e7c0f24051ac8b9da3f0ba4d1241dff/fragment-1.3.6.aar because:
  Build cache is disabled
Skipping JetifyTransform: ~/.gradle/caches/modules-2/files-2.1/com.google.android.gms/play-services-base/18.0.1/1db00193b2879dc27bd914d9d8596a080569a7c4/play-services-base-18.0.1.aar as it is up-to-date.
Skipping JetifyTransform: ~/.gradle/caches/modules-2/files-2.1/androidx.fragment/fragment/1.3.6/6391fc504e7c0f24051ac8b9da3f0ba4d1241dff/fragment-1.3.6.aar as it is up-to-date.
Transforming fragment-1.3.6.aar (androidx.fragment:fragment:1.3.6) with ExtractAarTransform
Transforming fragment-1.3.6.aar (androidx.fragment:fragment:1.3.6) with ExtractAarTransform
Transforming fragment-1.3.6.aar (androidx.fragment:fragment:1.3.6) with ExtractAarTransform
Transforming play-services-base-18.0.1.aar (com.google.android.gms:play-services-base:18.0.1) with ExtractAarTransform
Caching disabled for ExtractAarTransform: ~/.gradle/caches/modules-2/files-2.1/androidx.fragment/fragment/1.3.6/6391fc504e7c0f24051ac8b9da3f0ba4d1241dff/fragment-1.3.6.aar because:
  Build cache is disabled
Skipping ExtractAarTransform: ~/.gradle/caches/modules-2/files-2.1/androidx.fragment/fragment/1.3.6/6391fc504e7c0f24051ac8b9da3f0ba4d1241dff/fragment-1.3.6.aar as it is up-to-date.
Transforming fragment-1.3.6.aar (androidx.fragment:fragment:1.3.6) with AarTransform
Transforming fragment-1.3.6.aar (androidx.fragment:fragment:1.3.6) with AarTransform
Transforming fragment-1.3.6.aar (androidx.fragment:fragment:1.3.6) with AarTransform
Caching disabled for AarTransform: ~/.gradle/caches/transforms-3/400dd26017d2e15e0dbda5406f9ef695/transformed/fragment-1.3.6 because:
  Build cache is disabled
Skipping AarTransform: ~/.gradle/caches/transforms-3/400dd26017d2e15e0dbda5406f9ef695/transformed/fragment-1.3.6 as it is up-to-date.
Transforming fragment-1.3.6.aar (androidx.fragment:fragment:1.3.6) with JetifyTransform
Transforming fragment-1.3.6.aar (androidx.fragment:fragment:1.3.6) with ExtractAarTransform
Transforming fragment-1.3.6.aar (androidx.fragment:fragment:1.3.6) with AarTransform
Transforming work-runtime-2.8.1.aar (androidx.work:work-runtime:2.8.1) with JetifyTransform
Transforming activity-1.7.1.aar (androidx.activity:activity:1.7.1) with JetifyTransform
Transforming work-runtime-ktx-2.8.1.aar (androidx.work:work-runtime-ktx:2.8.1) with JetifyTransform
Caching disabled for JetifyTransform: ~/.gradle/caches/modules-2/files-2.1/androidx.work/work-runtime/2.8.1/93cf8448789a8a2abf56c11a71e8cfda9f6647e4/work-runtime-2.8.1.aar because:
  Build cache is disabled
Skipping JetifyTransform: ~/.gradle/caches/modules-2/files-2.1/androidx.work/work-runtime/2.8.1/93cf8448789a8a2abf56c11a71e8cfda9f6647e4/work-runtime-2.8.1.aar as it is up-to-date.
Caching disabled for JetifyTransform: ~/.gradle/caches/modules-2/files-2.1/androidx.activity/activity/1.7.1/cec01df0d6bc9b12c17bd3ddaf7c29be2afaca89/activity-1.7.1.aar because:
  Build cache is disabled
Skipping JetifyTransform: ~/.gradle/caches/modules-2/files-2.1/androidx.activity/activity/1.7.1/cec01df0d6bc9b12c17bd3ddaf7c29be2afaca89/activity-1.7.1.aar as it is up-to-date.
Transforming work-runtime-2.8.1.aar (androidx.work:work-runtime:2.8.1) with ExtractAarTransform
Transforming activity-1.7.1.aar (androidx.activity:activity:1.7.1) with ExtractAarTransform
Caching disabled for JetifyTransform: ~/.gradle/caches/modules-2/files-2.1/androidx.work/work-runtime-ktx/2.8.1/b3548f3bbf00f751dbbdbf39fcae6b96817d3d7d/work-runtime-ktx-2.8.1.aar because:
  Build cache is disabled
Skipping JetifyTransform: ~/.gradle/caches/modules-2/files-2.1/androidx.work/work-runtime-ktx/2.8.1/b3548f3bbf00f751dbbdbf39fcae6b96817d3d7d/work-runtime-ktx-2.8.1.aar as it is up-to-date.
Transforming work-runtime-ktx-2.8.1.aar (androidx.work:work-runtime-ktx:2.8.1) with ExtractAarTransform
Caching disabled for ExtractAarTransform: ~/.gradle/caches/modules-2/files-2.1/androidx.work/work-runtime/2.8.1/93cf8448789a8a2abf56c11a71e8cfda9f6647e4/work-runtime-2.8.1.aar because:
  Build cache is disabled
Skipping ExtractAarTransform: ~/.gradle/caches/modules-2/files-2.1/androidx.work/work-runtime/2.8.1/93cf8448789a8a2abf56c11a71e8cfda9f6647e4/work-runtime-2.8.1.aar as it is up-to-date.
Transforming work-runtime-2.8.1.aar (androidx.work:work-runtime:2.8.1) with AarTransform
Caching disabled for AarTransform: ~/.gradle/caches/transforms-3/52104321998f44c84e9432a9e863a757/transformed/work-runtime-2.8.1 because:
  Build cache is disabled
Skipping AarTransform: ~/.gradle/caches/transforms-3/52104321998f44c84e9432a9e863a757/transformed/work-runtime-2.8.1 as it is up-to-date.
Transforming loader-1.0.0.aar (androidx.loader:loader:1.0.0) with JetifyTransform
Caching disabled for ExtractAarTransform: ~/.gradle/caches/transforms-3/0e2b843bb1d4208209df2abd761f3359/transformed/jetified-activity-1.7.1.aar because:
  Build cache is disabled
Skipping ExtractAarTransform: ~/.gradle/caches/transforms-3/0e2b843bb1d4208209df2abd761f3359/transformed/jetified-activity-1.7.1.aar as it is up-to-date.
Caching disabled for ExtractAarTransform: ~/.gradle/caches/modules-2/files-2.1/androidx.work/work-runtime-ktx/2.8.1/b3548f3bbf00f751dbbdbf39fcae6b96817d3d7d/work-runtime-ktx-2.8.1.aar because:
  Build cache is disabled
Transforming activity-1.7.1.aar (androidx.activity:activity:1.7.1) with AarTransform
Skipping ExtractAarTransform: ~/.gradle/caches/modules-2/files-2.1/androidx.work/work-runtime-ktx/2.8.1/b3548f3bbf00f751dbbdbf39fcae6b96817d3d7d/work-runtime-ktx-2.8.1.aar as it is up-to-date.
Transforming work-runtime-ktx-2.8.1.aar (androidx.work:work-runtime-ktx:2.8.1) with AarTransform
Caching disabled for AarTransform: ~/.gradle/caches/transforms-3/c2b1766b366bff151ea9bc1ce65f2b1b/transformed/jetified-activity-1.7.1 because:
  Build cache is disabled
Caching disabled for AarTransform: ~/.gradle/caches/transforms-3/1cae99ea7ffe8d6629ea2bcf1aca546c/transformed/work-runtime-ktx-2.8.1 because:
  Build cache is disabled
Skipping AarTransform: ~/.gradle/caches/transforms-3/c2b1766b366bff151ea9bc1ce65f2b1b/transformed/jetified-activity-1.7.1 as it is up-to-date.
Skipping AarTransform: ~/.gradle/caches/transforms-3/1cae99ea7ffe8d6629ea2bcf1aca546c/transformed/work-runtime-ktx-2.8.1 as it is up-to-date.
Transforming loader-1.0.0.aar (androidx.loader:loader:1.0.0) with JetifyTransform
Transforming lifecycle-livedata-2.6.1.aar (androidx.lifecycle:lifecycle-livedata:2.6.1) with JetifyTransform
Caching disabled for JetifyTransform: ~/.gradle/caches/modules-2/files-2.1/androidx.lifecycle/lifecycle-livedata/2.6.1/e7f6d9e232bf035af69c030917c1ccda8e840b57/lifecycle-livedata-2.6.1.aar because:
  Build cache is disabled
Skipping JetifyTransform: ~/.gradle/caches/modules-2/files-2.1/androidx.lifecycle/lifecycle-livedata/2.6.1/e7f6d9e232bf035af69c030917c1ccda8e840b57/lifecycle-livedata-2.6.1.aar as it is up-to-date.
Transforming lifecycle-livedata-2.6.1.aar (androidx.lifecycle:lifecycle-livedata:2.6.1) with ExtractAarTransform
Caching disabled for ExtractAarTransform: ~/.gradle/caches/modules-2/files-2.1/androidx.lifecycle/lifecycle-livedata/2.6.1/e7f6d9e232bf035af69c030917c1ccda8e840b57/lifecycle-livedata-2.6.1.aar because:
  Build cache is disabled
Skipping ExtractAarTransform: ~/.gradle/caches/modules-2/files-2.1/androidx.lifecycle/lifecycle-livedata/2.6.1/e7f6d9e232bf035af69c030917c1ccda8e840b57/lifecycle-livedata-2.6.1.aar as it is up-to-date.
Transforming lifecycle-livedata-2.6.1.aar (androidx.lifecycle:lifecycle-livedata:2.6.1) with AarTransform
Caching disabled for ExtractAarTransform: ~/.gradle/caches/transforms-3/027eae65270ca9eff94f67261992de97/transformed/jetified-play-services-base-18.0.1.aar because:
  Build cache is disabled
Caching disabled for AarTransform: ~/.gradle/caches/transforms-3/4cdb49b0d47ca31fbe8f7e71a27210c2/transformed/lifecycle-livedata-2.6.1 because:
  Build cache is disabled
Skipping AarTransform: ~/.gradle/caches/transforms-3/4cdb49b0d47ca31fbe8f7e71a27210c2/transformed/lifecycle-livedata-2.6.1 as it is up-to-date.
Skipping ExtractAarTransform: ~/.gradle/caches/transforms-3/027eae65270ca9eff94f67261992de97/transformed/jetified-play-services-base-18.0.1.aar as it is up-to-date.
Transforming play-services-base-18.0.1.aar (com.google.android.gms:play-services-base:18.0.1) with AarTransform
Transforming lifecycle-livedata-2.6.1.aar (androidx.lifecycle:lifecycle-livedata:2.6.1) with JetifyTransform
Transforming lifecycle-livedata-2.6.1.aar (androidx.lifecycle:lifecycle-livedata:2.6.1) with ExtractAarTransform
Transforming lifecycle-livedata-2.6.1.aar (androidx.lifecycle:lifecycle-livedata:2.6.1) with AarTransform
Transforming lifecycle-livedata-core-2.6.1.aar (androidx.lifecycle:lifecycle-livedata-core:2.6.1) with JetifyTransform
Caching disabled for JetifyTransform: ~/.gradle/caches/modules-2/files-2.1/androidx.loader/loader/1.0.0/8af8b6cec0da85c207d03e15840e0722cbc71e70/loader-1.0.0.aar because:
  Build cache is disabled
Skipping JetifyTransform: ~/.gradle/caches/modules-2/files-2.1/androidx.loader/loader/1.0.0/8af8b6cec0da85c207d03e15840e0722cbc71e70/loader-1.0.0.aar as it is up-to-date.
Transforming loader-1.0.0.aar (androidx.loader:loader:1.0.0) with ExtractAarTransform
Transforming loader-1.0.0.aar (androidx.loader:loader:1.0.0) with ExtractAarTransform
Caching disabled for AarTransform: ~/.gradle/caches/transforms-3/a7ad36f58a6749e591d88a51cd5b7b5c/transformed/jetified-play-services-base-18.0.1 because:
  Build cache is disabled
Skipping AarTransform: ~/.gradle/caches/transforms-3/a7ad36f58a6749e591d88a51cd5b7b5c/transformed/jetified-play-services-base-18.0.1 as it is up-to-date.
Transforming lifecycle-viewmodel-2.6.1.aar (androidx.lifecycle:lifecycle-viewmodel:2.6.1) with JetifyTransform
Caching disabled for JetifyTransform: ~/.gradle/caches/modules-2/files-2.1/androidx.lifecycle/lifecycle-livedata-core/2.6.1/23f66885a260f0a2cd6540927ea8795484afd2da/lifecycle-livedata-core-2.6.1.aar because:
  Build cache is disabled
Skipping JetifyTransform: ~/.gradle/caches/modules-2/files-2.1/androidx.lifecycle/lifecycle-livedata-core/2.6.1/23f66885a260f0a2cd6540927ea8795484afd2da/lifecycle-livedata-core-2.6.1.aar as it is up-to-date.
Caching disabled for ExtractAarTransform: ~/.gradle/caches/modules-2/files-2.1/androidx.loader/loader/1.0.0/8af8b6cec0da85c207d03e15840e0722cbc71e70/loader-1.0.0.aar because:
  Build cache is disabled
Skipping ExtractAarTransform: ~/.gradle/caches/modules-2/files-2.1/androidx.loader/loader/1.0.0/8af8b6cec0da85c207d03e15840e0722cbc71e70/loader-1.0.0.aar as it is up-to-date.
Transforming loader-1.0.0.aar (androidx.loader:loader:1.0.0) with AarTransform
Transforming lifecycle-livedata-core-2.6.1.aar (androidx.lifecycle:lifecycle-livedata-core:2.6.1) with ExtractAarTransform
Transforming loader-1.0.0.aar (androidx.loader:loader:1.0.0) with AarTransform
Caching disabled for AarTransform: ~/.gradle/caches/transforms-3/5fbf3876ecb0a88b7dcccdd061affe0a/transformed/loader-1.0.0 because:
  Build cache is disabled
Skipping AarTransform: ~/.gradle/caches/transforms-3/5fbf3876ecb0a88b7dcccdd061affe0a/transformed/loader-1.0.0 as it is up-to-date.
Transforming lifecycle-viewmodel-savedstate-2.6.1.aar (androidx.lifecycle:lifecycle-viewmodel-savedstate:2.6.1) with JetifyTransform
Caching disabled for JetifyTransform: ~/.gradle/caches/modules-2/files-2.1/androidx.lifecycle/lifecycle-viewmodel/2.6.1/fa35bfdbbe0e7df1573e377cbdd15de35176141d/lifecycle-viewmodel-2.6.1.aar because:
  Build cache is disabled
Skipping JetifyTransform: ~/.gradle/caches/modules-2/files-2.1/androidx.lifecycle/lifecycle-viewmodel/2.6.1/fa35bfdbbe0e7df1573e377cbdd15de35176141d/lifecycle-viewmodel-2.6.1.aar as it is up-to-date.
Transforming lifecycle-viewmodel-2.6.1.aar (androidx.lifecycle:lifecycle-viewmodel:2.6.1) with ExtractAarTransform
Transforming lifecycle-viewmodel-2.6.1.aar (androidx.lifecycle:lifecycle-viewmodel:2.6.1) with JetifyTransform
Transforming lifecycle-viewmodel-2.6.1.aar (androidx.lifecycle:lifecycle-viewmodel:2.6.1) with ExtractAarTransform
Caching disabled for JetifyTransform: ~/.gradle/caches/modules-2/files-2.1/androidx.lifecycle/lifecycle-viewmodel-savedstate/2.6.1/7cac77a315e1c8235a1f0c7d041c3c5e565f0f4b/lifecycle-viewmodel-savedstate-2.6.1.aar because:
  Build cache is disabled
Skipping JetifyTransform: ~/.gradle/caches/modules-2/files-2.1/androidx.lifecycle/lifecycle-viewmodel-savedstate/2.6.1/7cac77a315e1c8235a1f0c7d041c3c5e565f0f4b/lifecycle-viewmodel-savedstate-2.6.1.aar as it is up-to-date.
Caching disabled for ExtractAarTransform: ~/.gradle/caches/modules-2/files-2.1/androidx.lifecycle/lifecycle-livedata-core/2.6.1/23f66885a260f0a2cd6540927ea8795484afd2da/lifecycle-livedata-core-2.6.1.aar because:
  Build cache is disabled
Skipping ExtractAarTransform: ~/.gradle/caches/modules-2/files-2.1/androidx.lifecycle/lifecycle-livedata-core/2.6.1/23f66885a260f0a2cd6540927ea8795484afd2da/lifecycle-livedata-core-2.6.1.aar as it is up-to-date.
Transforming lifecycle-livedata-core-2.6.1.aar (androidx.lifecycle:lifecycle-livedata-core:2.6.1) with AarTransform
Transforming lifecycle-viewmodel-savedstate-2.6.1.aar (androidx.lifecycle:lifecycle-viewmodel-savedstate:2.6.1) with ExtractAarTransform
Caching disabled for ExtractAarTransform: ~/.gradle/caches/modules-2/files-2.1/androidx.lifecycle/lifecycle-viewmodel/2.6.1/fa35bfdbbe0e7df1573e377cbdd15de35176141d/lifecycle-viewmodel-2.6.1.aar because:
  Build cache is disabled
Skipping ExtractAarTransform: ~/.gradle/caches/modules-2/files-2.1/androidx.lifecycle/lifecycle-viewmodel/2.6.1/fa35bfdbbe0e7df1573e377cbdd15de35176141d/lifecycle-viewmodel-2.6.1.aar as it is up-to-date.
Transforming lifecycle-viewmodel-2.6.1.aar (androidx.lifecycle:lifecycle-viewmodel:2.6.1) with AarTransform
Caching disabled for AarTransform: ~/.gradle/caches/transforms-3/98b62496db80c5f7334c63c8ef1594c6/transformed/lifecycle-livedata-core-2.6.1 because:
  Build cache is disabled
Skipping AarTransform: ~/.gradle/caches/transforms-3/98b62496db80c5f7334c63c8ef1594c6/transformed/lifecycle-livedata-core-2.6.1 as it is up-to-date.
Transforming lifecycle-viewmodel-2.6.1.aar (androidx.lifecycle:lifecycle-viewmodel:2.6.1) with AarTransform
Transforming core-ktx-1.12.0.aar (androidx.core:core-ktx:1.12.0) with JetifyTransform
Caching disabled for ExtractAarTransform: ~/.gradle/caches/transforms-3/c6cade79a9bc90bfb794cdaa3bff3b86/transformed/jetified-lifecycle-viewmodel-savedstate-2.6.1.aar because:
  Build cache is disabled
Skipping ExtractAarTransform: ~/.gradle/caches/transforms-3/c6cade79a9bc90bfb794cdaa3bff3b86/transformed/jetified-lifecycle-viewmodel-savedstate-2.6.1.aar as it is up-to-date.
Transforming lifecycle-viewmodel-savedstate-2.6.1.aar (androidx.lifecycle:lifecycle-viewmodel-savedstate:2.6.1) with AarTransform
Caching disabled for AarTransform: ~/.gradle/caches/transforms-3/6e6fcd315d2914af4ad2cbb4faca5a8d/transformed/lifecycle-viewmodel-2.6.1 because:
  Build cache is disabled
Skipping AarTransform: ~/.gradle/caches/transforms-3/6e6fcd315d2914af4ad2cbb4faca5a8d/transformed/lifecycle-viewmodel-2.6.1 as it is up-to-date.
Transforming recyclerview-1.3.0.aar (androidx.recyclerview:recyclerview:1.3.0) with JetifyTransform
Caching disabled for JetifyTransform: ~/.gradle/caches/modules-2/files-2.1/androidx.core/core-ktx/1.12.0/1b80a40d6f34eb52c8de87c186feb57aa2a43ada/core-ktx-1.12.0.aar because:
  Build cache is disabled
Skipping JetifyTransform: ~/.gradle/caches/modules-2/files-2.1/androidx.core/core-ktx/1.12.0/1b80a40d6f34eb52c8de87c186feb57aa2a43ada/core-ktx-1.12.0.aar as it is up-to-date.
Transforming recyclerview-1.3.0.aar (androidx.recyclerview:recyclerview:1.3.0) with JetifyTransform
Caching disabled for AarTransform: ~/.gradle/caches/transforms-3/b1c2f00c35df7bf87ac640531525b7b2/transformed/jetified-lifecycle-viewmodel-savedstate-2.6.1 because:
  Build cache is disabled
Skipping AarTransform: ~/.gradle/caches/transforms-3/b1c2f00c35df7bf87ac640531525b7b2/transformed/jetified-lifecycle-viewmodel-savedstate-2.6.1 as it is up-to-date.
Transforming core-ktx-1.12.0.aar (androidx.core:core-ktx:1.12.0) with ExtractAarTransform
Transforming appcompat-resources-1.6.1.aar (androidx.appcompat:appcompat-resources:1.6.1) with JetifyTransform
Caching disabled for JetifyTransform: ~/.gradle/caches/modules-2/files-2.1/androidx.recyclerview/recyclerview/1.3.0/57b0dfda0105b96dd2f8a6af4eabaa3daa77ce51/recyclerview-1.3.0.aar because:
  Build cache is disabled
Skipping JetifyTransform: ~/.gradle/caches/modules-2/files-2.1/androidx.recyclerview/recyclerview/1.3.0/57b0dfda0105b96dd2f8a6af4eabaa3daa77ce51/recyclerview-1.3.0.aar as it is up-to-date.
Transforming recyclerview-1.3.0.aar (androidx.recyclerview:recyclerview:1.3.0) with ExtractAarTransform
Transforming recyclerview-1.3.0.aar (androidx.recyclerview:recyclerview:1.3.0) with ExtractAarTransform
Caching disabled for ExtractAarTransform: ~/.gradle/caches/transforms-3/5606a7f05c419e8ea8ab441cdd12bb0d/transformed/jetified-core-ktx-1.12.0.aar because:
  Build cache is disabled
Skipping ExtractAarTransform: ~/.gradle/caches/transforms-3/5606a7f05c419e8ea8ab441cdd12bb0d/transformed/jetified-core-ktx-1.12.0.aar as it is up-to-date.
Transforming core-ktx-1.12.0.aar (androidx.core:core-ktx:1.12.0) with AarTransform
Caching disabled for JetifyTransform: ~/.gradle/caches/modules-2/files-2.1/androidx.appcompat/appcompat-resources/1.6.1/3fe43025e50b556f319b1ff82a730d5a376a31e/appcompat-resources-1.6.1.aar because:
  Build cache is disabled
Skipping JetifyTransform: ~/.gradle/caches/modules-2/files-2.1/androidx.appcompat/appcompat-resources/1.6.1/3fe43025e50b556f319b1ff82a730d5a376a31e/appcompat-resources-1.6.1.aar as it is up-to-date.
Transforming appcompat-resources-1.6.1.aar (androidx.appcompat:appcompat-resources:1.6.1) with ExtractAarTransform
Caching disabled for ExtractAarTransform: ~/.gradle/caches/modules-2/files-2.1/androidx.recyclerview/recyclerview/1.3.0/57b0dfda0105b96dd2f8a6af4eabaa3daa77ce51/recyclerview-1.3.0.aar because:
  Build cache is disabled
Skipping ExtractAarTransform: ~/.gradle/caches/modules-2/files-2.1/androidx.recyclerview/recyclerview/1.3.0/57b0dfda0105b96dd2f8a6af4eabaa3daa77ce51/recyclerview-1.3.0.aar as it is up-to-date.
Transforming recyclerview-1.3.0.aar (androidx.recyclerview:recyclerview:1.3.0) with AarTransform
Transforming recyclerview-1.3.0.aar (androidx.recyclerview:recyclerview:1.3.0) with AarTransform
Caching disabled for AarTransform: ~/.gradle/caches/transforms-3/949fc41410247092c134eb3bd94f32ce/transformed/jetified-core-ktx-1.12.0 because:
  Build cache is disabled
Skipping AarTransform: ~/.gradle/caches/transforms-3/949fc41410247092c134eb3bd94f32ce/transformed/jetified-core-ktx-1.12.0 as it is up-to-date.
Transforming drawerlayout-1.0.0.aar (androidx.drawerlayout:drawerlayout:1.0.0) with JetifyTransform
Caching disabled for AarTransform: ~/.gradle/caches/transforms-3/2b5b59ece6552c208019a847c09011bf/transformed/recyclerview-1.3.0 because:
  Build cache is disabled
Skipping AarTransform: ~/.gradle/caches/transforms-3/2b5b59ece6552c208019a847c09011bf/transformed/recyclerview-1.3.0 as it is up-to-date.
Caching disabled for ExtractAarTransform: ~/.gradle/caches/transforms-3/e6938b1ef96b73d37135b43c464b0aa0/transformed/jetified-appcompat-resources-1.6.1.aar because:
  Build cache is disabled
Transforming coordinatorlayout-1.1.0.aar (androidx.coordinatorlayout:coordinatorlayout:1.1.0) with JetifyTransform
Skipping ExtractAarTransform: ~/.gradle/caches/transforms-3/e6938b1ef96b73d37135b43c464b0aa0/transformed/jetified-appcompat-resources-1.6.1.aar as it is up-to-date.
Transforming appcompat-resources-1.6.1.aar (androidx.appcompat:appcompat-resources:1.6.1) with AarTransform
Transforming viewpager-1.0.0.aar (androidx.viewpager:viewpager:1.0.0) with JetifyTransform
Caching disabled for JetifyTransform: ~/.gradle/caches/modules-2/files-2.1/androidx.coordinatorlayout/coordinatorlayout/1.1.0/8eeb7baf75b9595d017642a460df5af3bb9fa4e1/coordinatorlayout-1.1.0.aar because:
  Build cache is disabled
Skipping JetifyTransform: ~/.gradle/caches/modules-2/files-2.1/androidx.coordinatorlayout/coordinatorlayout/1.1.0/8eeb7baf75b9595d017642a460df5af3bb9fa4e1/coordinatorlayout-1.1.0.aar as it is up-to-date.
Transforming coordinatorlayout-1.1.0.aar (androidx.coordinatorlayout:coordinatorlayout:1.1.0) with ExtractAarTransform
Caching disabled for JetifyTransform: ~/.gradle/caches/modules-2/files-2.1/androidx.drawerlayout/drawerlayout/1.0.0/dd02c7e207136e1272b33815cc61e57676ed13a2/drawerlayout-1.0.0.aar because:
  Build cache is disabled
Skipping JetifyTransform: ~/.gradle/caches/modules-2/files-2.1/androidx.drawerlayout/drawerlayout/1.0.0/dd02c7e207136e1272b33815cc61e57676ed13a2/drawerlayout-1.0.0.aar as it is up-to-date.
Transforming drawerlayout-1.0.0.aar (androidx.drawerlayout:drawerlayout:1.0.0) with ExtractAarTransform
Caching disabled for AarTransform: ~/.gradle/caches/transforms-3/a4a989285698a7d4539c76e75f39e9fb/transformed/jetified-appcompat-resources-1.6.1 because:
  Build cache is disabled
Skipping AarTransform: ~/.gradle/caches/transforms-3/a4a989285698a7d4539c76e75f39e9fb/transformed/jetified-appcompat-resources-1.6.1 as it is up-to-date.
Transforming customview-1.0.0.aar (androidx.customview:customview:1.0.0) with JetifyTransform
Caching disabled for JetifyTransform: ~/.gradle/caches/modules-2/files-2.1/androidx.viewpager/viewpager/1.0.0/1f90e13820f96c2fb868f9674079a551678d68b2/viewpager-1.0.0.aar because:
  Build cache is disabled
Skipping JetifyTransform: ~/.gradle/caches/modules-2/files-2.1/androidx.viewpager/viewpager/1.0.0/1f90e13820f96c2fb868f9674079a551678d68b2/viewpager-1.0.0.aar as it is up-to-date.
Transforming viewpager-1.0.0.aar (androidx.viewpager:viewpager:1.0.0) with ExtractAarTransform
Caching disabled for ExtractAarTransform: ~/.gradle/caches/modules-2/files-2.1/androidx.coordinatorlayout/coordinatorlayout/1.1.0/8eeb7baf75b9595d017642a460df5af3bb9fa4e1/coordinatorlayout-1.1.0.aar because:
  Build cache is disabled
Skipping ExtractAarTransform: ~/.gradle/caches/modules-2/files-2.1/androidx.coordinatorlayout/coordinatorlayout/1.1.0/8eeb7baf75b9595d017642a460df5af3bb9fa4e1/coordinatorlayout-1.1.0.aar as it is up-to-date.
Caching disabled for JetifyTransform: ~/.gradle/caches/modules-2/files-2.1/androidx.customview/customview/1.0.0/30f5ff6075d112f8076e733b24410e68159735b6/customview-1.0.0.aar because:
  Build cache is disabled
Skipping JetifyTransform: ~/.gradle/caches/modules-2/files-2.1/androidx.customview/customview/1.0.0/30f5ff6075d112f8076e733b24410e68159735b6/customview-1.0.0.aar as it is up-to-date.
Transforming coordinatorlayout-1.1.0.aar (androidx.coordinatorlayout:coordinatorlayout:1.1.0) with AarTransform
Transforming customview-1.0.0.aar (androidx.customview:customview:1.0.0) with ExtractAarTransform
Caching disabled for ExtractAarTransform: ~/.gradle/caches/modules-2/files-2.1/androidx.drawerlayout/drawerlayout/1.0.0/dd02c7e207136e1272b33815cc61e57676ed13a2/drawerlayout-1.0.0.aar because:
  Build cache is disabled
Skipping ExtractAarTransform: ~/.gradle/caches/modules-2/files-2.1/androidx.drawerlayout/drawerlayout/1.0.0/dd02c7e207136e1272b33815cc61e57676ed13a2/drawerlayout-1.0.0.aar as it is up-to-date.
Caching disabled for AarTransform: ~/.gradle/caches/transforms-3/b0f6f3bf4ed4099b387a119d6361ee2c/transformed/coordinatorlayout-1.1.0 because:
  Build cache is disabled
Transforming drawerlayout-1.0.0.aar (androidx.drawerlayout:drawerlayout:1.0.0) with AarTransform
Skipping AarTransform: ~/.gradle/caches/transforms-3/b0f6f3bf4ed4099b387a119d6361ee2c/transformed/coordinatorlayout-1.1.0 as it is up-to-date.
Transforming customview-1.0.0.aar (androidx.customview:customview:1.0.0) with JetifyTransform
Transforming customview-1.0.0.aar (androidx.customview:customview:1.0.0) with ExtractAarTransform
Caching disabled for ExtractAarTransform: ~/.gradle/caches/modules-2/files-2.1/androidx.viewpager/viewpager/1.0.0/1f90e13820f96c2fb868f9674079a551678d68b2/viewpager-1.0.0.aar because:
  Build cache is disabled
Skipping ExtractAarTransform: ~/.gradle/caches/modules-2/files-2.1/androidx.viewpager/viewpager/1.0.0/1f90e13820f96c2fb868f9674079a551678d68b2/viewpager-1.0.0.aar as it is up-to-date.
Transforming viewpager-1.0.0.aar (androidx.viewpager:viewpager:1.0.0) with AarTransform
Caching disabled for ExtractAarTransform: ~/.gradle/caches/modules-2/files-2.1/androidx.customview/customview/1.0.0/30f5ff6075d112f8076e733b24410e68159735b6/customview-1.0.0.aar because:
  Build cache is disabled
Caching disabled for AarTransform: ~/.gradle/caches/transforms-3/4091ae1981d7ed60785fe07ae06dd610/transformed/drawerlayout-1.0.0 because:
  Build cache is disabled
Skipping AarTransform: ~/.gradle/caches/transforms-3/4091ae1981d7ed60785fe07ae06dd610/transformed/drawerlayout-1.0.0 as it is up-to-date.
Transforming customview-1.0.0.aar (androidx.customview:customview:1.0.0) with JetifyTransform
Transforming customview-1.0.0.aar (androidx.customview:customview:1.0.0) with ExtractAarTransform
Skipping ExtractAarTransform: ~/.gradle/caches/modules-2/files-2.1/androidx.customview/customview/1.0.0/30f5ff6075d112f8076e733b24410e68159735b6/customview-1.0.0.aar as it is up-to-date.
Transforming customview-1.0.0.aar (androidx.customview:customview:1.0.0) with AarTransform
Caching disabled for AarTransform: ~/.gradle/caches/transforms-3/13c53372c38558e7012eae9655f785d8/transformed/viewpager-1.0.0 because:
  Build cache is disabled
Skipping AarTransform: ~/.gradle/caches/transforms-3/13c53372c38558e7012eae9655f785d8/transformed/viewpager-1.0.0 as it is up-to-date.
Transforming customview-1.0.0.aar (androidx.customview:customview:1.0.0) with AarTransform
Transforming customview-1.0.0.aar (androidx.customview:customview:1.0.0) with AarTransform
Transforming customview-1.0.0.aar (androidx.customview:customview:1.0.0) with JetifyTransform
Transforming customview-1.0.0.aar (androidx.customview:customview:1.0.0) with ExtractAarTransform
Transforming customview-1.0.0.aar (androidx.customview:customview:1.0.0) with AarTransform
Caching disabled for AarTransform: ~/.gradle/caches/transforms-3/674afedd4adc863db6e27fb0dc6cd5f2/transformed/customview-1.0.0 because:
  Build cache is disabled
Skipping AarTransform: ~/.gradle/caches/transforms-3/674afedd4adc863db6e27fb0dc6cd5f2/transformed/customview-1.0.0 as it is up-to-date.
Transforming transition-1.2.0.aar (androidx.transition:transition:1.2.0) with JetifyTransform
Transforming vectordrawable-animated-1.1.0.aar (androidx.vectordrawable:vectordrawable-animated:1.1.0) with JetifyTransform
Transforming vectordrawable-1.1.0.aar (androidx.vectordrawable:vectordrawable:1.1.0) with JetifyTransform
Caching disabled for JetifyTransform: ~/.gradle/caches/modules-2/files-2.1/androidx.transition/transition/1.2.0/28003577e8b32f5417bfe899bbdc7a333dc81c9f/transition-1.2.0.aar because:
  Build cache is disabled
Skipping JetifyTransform: ~/.gradle/caches/modules-2/files-2.1/androidx.transition/transition/1.2.0/28003577e8b32f5417bfe899bbdc7a333dc81c9f/transition-1.2.0.aar as it is up-to-date.
Transforming transition-1.2.0.aar (androidx.transition:transition:1.2.0) with ExtractAarTransform
Transforming vectordrawable-1.1.0.aar (androidx.vectordrawable:vectordrawable:1.1.0) with JetifyTransform
Caching disabled for JetifyTransform: ~/.gradle/caches/modules-2/files-2.1/androidx.vectordrawable/vectordrawable/1.1.0/eac7a364fff534035a2a6cb17770a1288315f69f/vectordrawable-1.1.0.aar because:
  Build cache is disabled
Skipping JetifyTransform: ~/.gradle/caches/modules-2/files-2.1/androidx.vectordrawable/vectordrawable/1.1.0/eac7a364fff534035a2a6cb17770a1288315f69f/vectordrawable-1.1.0.aar as it is up-to-date.
Caching disabled for JetifyTransform: ~/.gradle/caches/modules-2/files-2.1/androidx.vectordrawable/vectordrawable-animated/1.1.0/fcda1161354501471c30a4e077af6b5c4d4eddc6/vectordrawable-animated-1.1.0.aar because:
  Build cache is disabled
Skipping JetifyTransform: ~/.gradle/caches/modules-2/files-2.1/androidx.vectordrawable/vectordrawable-animated/1.1.0/fcda1161354501471c30a4e077af6b5c4d4eddc6/vectordrawable-animated-1.1.0.aar as it is up-to-date.
Transforming vectordrawable-1.1.0.aar (androidx.vectordrawable:vectordrawable:1.1.0) with ExtractAarTransform
Transforming vectordrawable-1.1.0.aar (androidx.vectordrawable:vectordrawable:1.1.0) with ExtractAarTransform
Transforming vectordrawable-animated-1.1.0.aar (androidx.vectordrawable:vectordrawable-animated:1.1.0) with ExtractAarTransform
Caching disabled for ExtractAarTransform: ~/.gradle/caches/modules-2/files-2.1/androidx.transition/transition/1.2.0/28003577e8b32f5417bfe899bbdc7a333dc81c9f/transition-1.2.0.aar because:
  Build cache is disabled
Skipping ExtractAarTransform: ~/.gradle/caches/modules-2/files-2.1/androidx.transition/transition/1.2.0/28003577e8b32f5417bfe899bbdc7a333dc81c9f/transition-1.2.0.aar as it is up-to-date.
Transforming transition-1.2.0.aar (androidx.transition:transition:1.2.0) with AarTransform
Caching disabled for ExtractAarTransform: ~/.gradle/caches/modules-2/files-2.1/androidx.vectordrawable/vectordrawable/1.1.0/eac7a364fff534035a2a6cb17770a1288315f69f/vectordrawable-1.1.0.aar because:
  Build cache is disabled
Skipping ExtractAarTransform: ~/.gradle/caches/modules-2/files-2.1/androidx.vectordrawable/vectordrawable/1.1.0/eac7a364fff534035a2a6cb17770a1288315f69f/vectordrawable-1.1.0.aar as it is up-to-date.
Transforming vectordrawable-1.1.0.aar (androidx.vectordrawable:vectordrawable:1.1.0) with AarTransform
Caching disabled for AarTransform: ~/.gradle/caches/transforms-3/7632eae8281301dfe881ac645ed5b016/transformed/transition-1.2.0 because:
  Build cache is disabled
Skipping AarTransform: ~/.gradle/caches/transforms-3/7632eae8281301dfe881ac645ed5b016/transformed/transition-1.2.0 as it is up-to-date.
Transforming vectordrawable-1.1.0.aar (androidx.vectordrawable:vectordrawable:1.1.0) with AarTransform
Caching disabled for ExtractAarTransform: ~/.gradle/caches/modules-2/files-2.1/androidx.vectordrawable/vectordrawable-animated/1.1.0/fcda1161354501471c30a4e077af6b5c4d4eddc6/vectordrawable-animated-1.1.0.aar because:
  Build cache is disabled
Transforming core-1.12.0.aar (androidx.core:core:1.12.0) with JetifyTransform
Caching disabled for AarTransform: ~/.gradle/caches/transforms-3/9b5817c3a92d7366c3231b0a6adc6bdc/transformed/vectordrawable-1.1.0 because:
  Build cache is disabled
Skipping ExtractAarTransform: ~/.gradle/caches/modules-2/files-2.1/androidx.vectordrawable/vectordrawable-animated/1.1.0/fcda1161354501471c30a4e077af6b5c4d4eddc6/vectordrawable-animated-1.1.0.aar as it is up-to-date.
Transforming vectordrawable-animated-1.1.0.aar (androidx.vectordrawable:vectordrawable-animated:1.1.0) with AarTransform
Skipping AarTransform: ~/.gradle/caches/transforms-3/9b5817c3a92d7366c3231b0a6adc6bdc/transformed/vectordrawable-1.1.0 as it is up-to-date.
Caching disabled for JetifyTransform: ~/.gradle/caches/modules-2/files-2.1/androidx.core/core/1.12.0/5aa3088ed93ba8ebaea2b8a83befdfa829339e7a/core-1.12.0.aar because:
  Build cache is disabled
Transforming fragment-1.3.6.aar (androidx.fragment:fragment:1.3.6) with JetifyTransform
Skipping JetifyTransform: ~/.gradle/caches/modules-2/files-2.1/androidx.core/core/1.12.0/5aa3088ed93ba8ebaea2b8a83befdfa829339e7a/core-1.12.0.aar as it is up-to-date.
Transforming fragment-1.3.6.aar (androidx.fragment:fragment:1.3.6) with ExtractAarTransform
Transforming core-1.12.0.aar (androidx.core:core:1.12.0) with JetifyTransform
Transforming core-1.12.0.aar (androidx.core:core:1.12.0) with ExtractAarTransform
Transforming core-1.12.0.aar (androidx.core:core:1.12.0) with ExtractAarTransform
Transforming fragment-1.3.6.aar (androidx.fragment:fragment:1.3.6) with AarTransform
Transforming core-1.12.0.aar (androidx.core:core:1.12.0) with JetifyTransform
Transforming core-1.12.0.aar (androidx.core:core:1.12.0) with ExtractAarTransform
Caching disabled for AarTransform: ~/.gradle/caches/transforms-3/118a0cae2c4b44cec6097a60cd253593/transformed/vectordrawable-animated-1.1.0 because:
  Build cache is disabled
Skipping AarTransform: ~/.gradle/caches/transforms-3/118a0cae2c4b44cec6097a60cd253593/transformed/vectordrawable-animated-1.1.0 as it is up-to-date.
Transforming core-1.12.0.aar (androidx.core:core:1.12.0) with JetifyTransform
Transforming core-1.12.0.aar (androidx.core:core:1.12.0) with ExtractAarTransform
Caching disabled for ExtractAarTransform: ~/.gradle/caches/modules-2/files-2.1/androidx.core/core/1.12.0/5aa3088ed93ba8ebaea2b8a83befdfa829339e7a/core-1.12.0.aar because:
  Build cache is disabled
Skipping ExtractAarTransform: ~/.gradle/caches/modules-2/files-2.1/androidx.core/core/1.12.0/5aa3088ed93ba8ebaea2b8a83befdfa829339e7a/core-1.12.0.aar as it is up-to-date.
Transforming core-1.12.0.aar (androidx.core:core:1.12.0) with AarTransform
Transforming core-1.12.0.aar (androidx.core:core:1.12.0) with AarTransform
Transforming core-1.12.0.aar (androidx.core:core:1.12.0) with AarTransform
Transforming core-1.12.0.aar (androidx.core:core:1.12.0) with AarTransform
Caching disabled for AarTransform: ~/.gradle/caches/transforms-3/cceb94d81e4d8c63d43b8cad4df517ed/transformed/core-1.12.0 because:
  Build cache is disabled
Skipping AarTransform: ~/.gradle/caches/transforms-3/cceb94d81e4d8c63d43b8cad4df517ed/transformed/core-1.12.0 as it is up-to-date.
Transforming core-1.12.0.aar (androidx.core:core:1.12.0) with JetifyTransform
Transforming coil-base-2.0.0.aar (io.coil-kt:coil-base:2.0.0) with JetifyTransform
Transforming core-1.12.0.aar (androidx.core:core:1.12.0) with ExtractAarTransform
Transforming core-1.12.0.aar (androidx.core:core:1.12.0) with AarTransform
Transforming lifecycle-runtime-2.6.1.aar (androidx.lifecycle:lifecycle-runtime:2.6.1) with JetifyTransform
Transforming coil-2.0.0.aar (io.coil-kt:coil:2.0.0) with JetifyTransform
Transforming lifecycle-viewmodel-compose-2.6.1.aar (androidx.lifecycle:lifecycle-viewmodel-compose:2.6.1) with JetifyTransform
Caching disabled for JetifyTransform: ~/.gradle/caches/modules-2/files-2.1/io.coil-kt/coil-base/2.0.0/6b864fd1e16a63e1726b68e905aea5268fd6553f/coil-base-2.0.0.aar because:
  Build cache is disabled
Skipping JetifyTransform: ~/.gradle/caches/modules-2/files-2.1/io.coil-kt/coil-base/2.0.0/6b864fd1e16a63e1726b68e905aea5268fd6553f/coil-base-2.0.0.aar as it is up-to-date.
Caching disabled for JetifyTransform: ~/.gradle/caches/modules-2/files-2.1/androidx.lifecycle/lifecycle-runtime/2.6.1/f0ef27053faa89b3ec06c4f118cea0a15edde35b/lifecycle-runtime-2.6.1.aar because:
  Build cache is disabled
Skipping JetifyTransform: ~/.gradle/caches/modules-2/files-2.1/androidx.lifecycle/lifecycle-runtime/2.6.1/f0ef27053faa89b3ec06c4f118cea0a15edde35b/lifecycle-runtime-2.6.1.aar as it is up-to-date.
Caching disabled for JetifyTransform: ~/.gradle/caches/modules-2/files-2.1/io.coil-kt/coil/2.0.0/dfe5af0f1d7e4b47739be4ef9e5215cc0bc809b6/coil-2.0.0.aar because:
  Build cache is disabled
Transforming lifecycle-runtime-2.6.1.aar (androidx.lifecycle:lifecycle-runtime:2.6.1) with ExtractAarTransform
Transforming coil-base-2.0.0.aar (io.coil-kt:coil-base:2.0.0) with ExtractAarTransform
Skipping JetifyTransform: ~/.gradle/caches/modules-2/files-2.1/io.coil-kt/coil/2.0.0/dfe5af0f1d7e4b47739be4ef9e5215cc0bc809b6/coil-2.0.0.aar as it is up-to-date.
Caching disabled for JetifyTransform: ~/.gradle/caches/modules-2/files-2.1/androidx.lifecycle/lifecycle-viewmodel-compose/2.6.1/38cf3bb65ff3e0e5c3d63de2ebf5411d0898108c/lifecycle-viewmodel-compose-2.6.1.aar because:
  Build cache is disabled
Transforming coil-2.0.0.aar (io.coil-kt:coil:2.0.0) with ExtractAarTransform
Skipping JetifyTransform: ~/.gradle/caches/modules-2/files-2.1/androidx.lifecycle/lifecycle-viewmodel-compose/2.6.1/38cf3bb65ff3e0e5c3d63de2ebf5411d0898108c/lifecycle-viewmodel-compose-2.6.1.aar as it is up-to-date.
Transforming lifecycle-viewmodel-compose-2.6.1.aar (androidx.lifecycle:lifecycle-viewmodel-compose:2.6.1) with ExtractAarTransform
Caching disabled for ExtractAarTransform: ~/.gradle/caches/transforms-3/35b7ff9ec62d27ea618b5e732a676237/transformed/jetified-lifecycle-viewmodel-compose-2.6.1.aar because:
  Build cache is disabled
Skipping ExtractAarTransform: ~/.gradle/caches/transforms-3/35b7ff9ec62d27ea618b5e732a676237/transformed/jetified-lifecycle-viewmodel-compose-2.6.1.aar as it is up-to-date.
Transforming lifecycle-viewmodel-compose-2.6.1.aar (androidx.lifecycle:lifecycle-viewmodel-compose:2.6.1) with AarTransform
Caching disabled for ExtractAarTransform: ~/.gradle/caches/modules-2/files-2.1/androidx.lifecycle/lifecycle-runtime/2.6.1/f0ef27053faa89b3ec06c4f118cea0a15edde35b/lifecycle-runtime-2.6.1.aar because:
  Build cache is disabled
Skipping ExtractAarTransform: ~/.gradle/caches/modules-2/files-2.1/androidx.lifecycle/lifecycle-runtime/2.6.1/f0ef27053faa89b3ec06c4f118cea0a15edde35b/lifecycle-runtime-2.6.1.aar as it is up-to-date.
Transforming lifecycle-runtime-2.6.1.aar (androidx.lifecycle:lifecycle-runtime:2.6.1) with AarTransform
Caching disabled for ExtractAarTransform: ~/.gradle/caches/transforms-3/9cb57703982aed57877dc74e906b7df1/transformed/jetified-coil-base-2.0.0.aar because:
  Build cache is disabled
Skipping ExtractAarTransform: ~/.gradle/caches/transforms-3/9cb57703982aed57877dc74e906b7df1/transformed/jetified-coil-base-2.0.0.aar as it is up-to-date.
Transforming coil-base-2.0.0.aar (io.coil-kt:coil-base:2.0.0) with AarTransform
Caching disabled for ExtractAarTransform: ~/.gradle/caches/transforms-3/962c4c5a4a196831e2d62d96565a7188/transformed/jetified-coil-2.0.0.aar because:
  Build cache is disabled
Skipping ExtractAarTransform: ~/.gradle/caches/transforms-3/962c4c5a4a196831e2d62d96565a7188/transformed/jetified-coil-2.0.0.aar as it is up-to-date.
Transforming coil-2.0.0.aar (io.coil-kt:coil:2.0.0) with AarTransform
Caching disabled for AarTransform: ~/.gradle/caches/transforms-3/eb7450c57b306cbb82121c0806cab720/transformed/jetified-lifecycle-viewmodel-compose-2.6.1 because:
  Build cache is disabled
Skipping AarTransform: ~/.gradle/caches/transforms-3/eb7450c57b306cbb82121c0806cab720/transformed/jetified-lifecycle-viewmodel-compose-2.6.1 as it is up-to-date.
Caching disabled for AarTransform: ~/.gradle/caches/transforms-3/b000c700754713dc8e2803f1edacb360/transformed/lifecycle-runtime-2.6.1 because:
  Build cache is disabled
Skipping AarTransform: ~/.gradle/caches/transforms-3/b000c700754713dc8e2803f1edacb360/transformed/lifecycle-runtime-2.6.1 as it is up-to-date.
Caching disabled for AarTransform: ~/.gradle/caches/transforms-3/28b8a30e393fe518d9ae0aee025282fd/transformed/jetified-coil-base-2.0.0 because:
  Build cache is disabled
Skipping AarTransform: ~/.gradle/caches/transforms-3/28b8a30e393fe518d9ae0aee025282fd/transformed/jetified-coil-base-2.0.0 as it is up-to-date.
Caching disabled for AarTransform: ~/.gradle/caches/transforms-3/93778559c8409c7dbf0caaa1b2d252ac/transformed/jetified-coil-2.0.0 because:
  Build cache is disabled
Skipping AarTransform: ~/.gradle/caches/transforms-3/93778559c8409c7dbf0caaa1b2d252ac/transformed/jetified-coil-2.0.0 as it is up-to-date.
Transforming lifecycle-viewmodel-ktx-2.6.1.aar (androidx.lifecycle:lifecycle-viewmodel-ktx:2.6.1) with JetifyTransform
Transforming runtime-saveable-release.aar (androidx.compose.runtime:runtime-saveable-android:1.6.1) with JetifyTransform
Transforming lifecycle-runtime-ktx-2.6.1.aar (androidx.lifecycle:lifecycle-runtime-ktx:2.6.1) with JetifyTransform
Transforming runtime-release.aar (androidx.compose.runtime:runtime-android:1.6.1) with JetifyTransform
Caching disabled for JetifyTransform: ~/.gradle/caches/modules-2/files-2.1/androidx.lifecycle/lifecycle-viewmodel-ktx/2.6.1/a6214896fba4ed16b44b0c051e6ceea24be554/lifecycle-viewmodel-ktx-2.6.1.aar because:
  Build cache is disabled
Skipping JetifyTransform: ~/.gradle/caches/modules-2/files-2.1/androidx.lifecycle/lifecycle-viewmodel-ktx/2.6.1/a6214896fba4ed16b44b0c051e6ceea24be554/lifecycle-viewmodel-ktx-2.6.1.aar as it is up-to-date.
Transforming lifecycle-viewmodel-ktx-2.6.1.aar (androidx.lifecycle:lifecycle-viewmodel-ktx:2.6.1) with ExtractAarTransform
Caching disabled for JetifyTransform: ~/.gradle/caches/modules-2/files-2.1/androidx.compose.runtime/runtime-saveable-android/1.6.1/bd8fa4b047da4388a2303e7f8a250fcd384fc603/runtime-saveable-release.aar because:
  Build cache is disabled
Skipping JetifyTransform: ~/.gradle/caches/modules-2/files-2.1/androidx.compose.runtime/runtime-saveable-android/1.6.1/bd8fa4b047da4388a2303e7f8a250fcd384fc603/runtime-saveable-release.aar as it is up-to-date.
Caching disabled for JetifyTransform: ~/.gradle/caches/modules-2/files-2.1/androidx.compose.runtime/runtime-android/1.6.1/db1d0632af23b5d8c164310e55be4685b7d53c66/runtime-release.aar because:
  Build cache is disabled
Caching disabled for JetifyTransform: ~/.gradle/caches/modules-2/files-2.1/androidx.lifecycle/lifecycle-runtime-ktx/2.6.1/33decb94ec41360796e2160159bdca7dde688d0f/lifecycle-runtime-ktx-2.6.1.aar because:
  Build cache is disabled
Skipping JetifyTransform: ~/.gradle/caches/modules-2/files-2.1/androidx.compose.runtime/runtime-android/1.6.1/db1d0632af23b5d8c164310e55be4685b7d53c66/runtime-release.aar as it is up-to-date.
Transforming runtime-release.aar (androidx.compose.runtime:runtime-android:1.6.1) with ExtractAarTransform
Skipping JetifyTransform: ~/.gradle/caches/modules-2/files-2.1/androidx.lifecycle/lifecycle-runtime-ktx/2.6.1/33decb94ec41360796e2160159bdca7dde688d0f/lifecycle-runtime-ktx-2.6.1.aar as it is up-to-date.
Transforming runtime-saveable-release.aar (androidx.compose.runtime:runtime-saveable-android:1.6.1) with ExtractAarTransform
Transforming lifecycle-runtime-ktx-2.6.1.aar (androidx.lifecycle:lifecycle-runtime-ktx:2.6.1) with ExtractAarTransform
Caching disabled for ExtractAarTransform: ~/.gradle/caches/transforms-3/596df15d482b8643b47cfc1a630d49f1/transformed/jetified-lifecycle-viewmodel-ktx-2.6.1.aar because:
  Build cache is disabled
Skipping ExtractAarTransform: ~/.gradle/caches/transforms-3/596df15d482b8643b47cfc1a630d49f1/transformed/jetified-lifecycle-viewmodel-ktx-2.6.1.aar as it is up-to-date.
Transforming lifecycle-viewmodel-ktx-2.6.1.aar (androidx.lifecycle:lifecycle-viewmodel-ktx:2.6.1) with AarTransform
Caching disabled for ExtractAarTransform: ~/.gradle/caches/transforms-3/eb611f3e33387d852f9beb2ef457e41d/transformed/jetified-runtime-release.aar because:
  Build cache is disabled
Skipping ExtractAarTransform: ~/.gradle/caches/transforms-3/eb611f3e33387d852f9beb2ef457e41d/transformed/jetified-runtime-release.aar as it is up-to-date.
Caching disabled for ExtractAarTransform: ~/.gradle/caches/transforms-3/ab665d3dca769fd80bd3dc99d96cc12b/transformed/jetified-runtime-saveable-release.aar because:
  Build cache is disabled
Transforming runtime-release.aar (androidx.compose.runtime:runtime-android:1.6.1) with AarTransform
Skipping ExtractAarTransform: ~/.gradle/caches/transforms-3/ab665d3dca769fd80bd3dc99d96cc12b/transformed/jetified-runtime-saveable-release.aar as it is up-to-date.
Transforming runtime-saveable-release.aar (androidx.compose.runtime:runtime-saveable-android:1.6.1) with AarTransform
Caching disabled for AarTransform: ~/.gradle/caches/transforms-3/a625bd74c274bd3cfbd1753b62cf8fd3/transformed/jetified-runtime-release because:
  Build cache is disabled
Skipping AarTransform: ~/.gradle/caches/transforms-3/a625bd74c274bd3cfbd1753b62cf8fd3/transformed/jetified-runtime-release as it is up-to-date.
Transforming documentfile-1.0.1.aar (androidx.documentfile:documentfile:1.0.1) with JetifyTransform
Caching disabled for AarTransform: ~/.gradle/caches/transforms-3/e9713df1858b49ad0683e30339f1fcbf/transformed/jetified-lifecycle-viewmodel-ktx-2.6.1 because:
  Build cache is disabled
Skipping AarTransform: ~/.gradle/caches/transforms-3/e9713df1858b49ad0683e30339f1fcbf/transformed/jetified-lifecycle-viewmodel-ktx-2.6.1 as it is up-to-date.
Caching disabled for AarTransform: ~/.gradle/caches/transforms-3/7f1e093fa79270458ef3640fc4e8a839/transformed/jetified-runtime-saveable-release because:
  Build cache is disabled
Caching disabled for ExtractAarTransform: ~/.gradle/caches/transforms-3/7051b2c6d987550ae1e15937acaa4354/transformed/jetified-lifecycle-runtime-ktx-2.6.1.aar because:
  Build cache is disabled
Skipping AarTransform: ~/.gradle/caches/transforms-3/7f1e093fa79270458ef3640fc4e8a839/transformed/jetified-runtime-saveable-release as it is up-to-date.
Skipping ExtractAarTransform: ~/.gradle/caches/transforms-3/7051b2c6d987550ae1e15937acaa4354/transformed/jetified-lifecycle-runtime-ktx-2.6.1.aar as it is up-to-date.
Transforming lifecycle-runtime-ktx-2.6.1.aar (androidx.lifecycle:lifecycle-runtime-ktx:2.6.1) with AarTransform
Transforming security-crypto-1.1.0-alpha03.aar (androidx.security:security-crypto:1.1.0-alpha03) with JetifyTransform
Transforming cursoradapter-1.0.0.aar (androidx.cursoradapter:cursoradapter:1.0.0) with JetifyTransform
Caching disabled for JetifyTransform: ~/.gradle/caches/modules-2/files-2.1/androidx.documentfile/documentfile/1.0.1/e824bb6e7fc36ec03857da400aa31e136c73cc68/documentfile-1.0.1.aar because:
  Build cache is disabled
Caching disabled for JetifyTransform: ~/.gradle/caches/modules-2/files-2.1/androidx.cursoradapter/cursoradapter/1.0.0/74014983a86b83cbce534dec4e7aa9312f5f5d82/cursoradapter-1.0.0.aar because:
  Build cache is disabled
Skipping JetifyTransform: ~/.gradle/caches/modules-2/files-2.1/androidx.cursoradapter/cursoradapter/1.0.0/74014983a86b83cbce534dec4e7aa9312f5f5d82/cursoradapter-1.0.0.aar as it is up-to-date.
Skipping JetifyTransform: ~/.gradle/caches/modules-2/files-2.1/androidx.documentfile/documentfile/1.0.1/e824bb6e7fc36ec03857da400aa31e136c73cc68/documentfile-1.0.1.aar as it is up-to-date.
Transforming cursoradapter-1.0.0.aar (androidx.cursoradapter:cursoradapter:1.0.0) with ExtractAarTransform
Caching disabled for AarTransform: ~/.gradle/caches/transforms-3/ea37f1cdfe70b530b14333d13f4dfefd/transformed/jetified-lifecycle-runtime-ktx-2.6.1 because:
  Build cache is disabled
Transforming documentfile-1.0.1.aar (androidx.documentfile:documentfile:1.0.1) with ExtractAarTransform
Skipping AarTransform: ~/.gradle/caches/transforms-3/ea37f1cdfe70b530b14333d13f4dfefd/transformed/jetified-lifecycle-runtime-ktx-2.6.1 as it is up-to-date.
Caching disabled for JetifyTransform: ~/.gradle/caches/modules-2/files-2.1/androidx.security/security-crypto/1.1.0-alpha03/f54110eab7610d08d7c41c594b3a248dac488e00/security-crypto-1.1.0-alpha03.aar because:
  Build cache is disabled
Skipping JetifyTransform: ~/.gradle/caches/modules-2/files-2.1/androidx.security/security-crypto/1.1.0-alpha03/f54110eab7610d08d7c41c594b3a248dac488e00/security-crypto-1.1.0-alpha03.aar as it is up-to-date.
Transforming security-crypto-1.1.0-alpha03.aar (androidx.security:security-crypto:1.1.0-alpha03) with ExtractAarTransform
Transforming savedstate-ktx-1.2.1.aar (androidx.savedstate:savedstate-ktx:1.2.1) with JetifyTransform
Caching disabled for ExtractAarTransform: ~/.gradle/caches/modules-2/files-2.1/androidx.documentfile/documentfile/1.0.1/e824bb6e7fc36ec03857da400aa31e136c73cc68/documentfile-1.0.1.aar because:
  Build cache is disabled
Skipping ExtractAarTransform: ~/.gradle/caches/modules-2/files-2.1/androidx.documentfile/documentfile/1.0.1/e824bb6e7fc36ec03857da400aa31e136c73cc68/documentfile-1.0.1.aar as it is up-to-date.
Caching disabled for JetifyTransform: ~/.gradle/caches/modules-2/files-2.1/androidx.savedstate/savedstate-ktx/1.2.1/b86d338d91b1c26193a42b1d87be9bb02123fa16/savedstate-ktx-1.2.1.aar because:
  Build cache is disabled
Skipping JetifyTransform: ~/.gradle/caches/modules-2/files-2.1/androidx.savedstate/savedstate-ktx/1.2.1/b86d338d91b1c26193a42b1d87be9bb02123fa16/savedstate-ktx-1.2.1.aar as it is up-to-date.
Transforming savedstate-ktx-1.2.1.aar (androidx.savedstate:savedstate-ktx:1.2.1) with ExtractAarTransform
Caching disabled for ExtractAarTransform: ~/.gradle/caches/modules-2/files-2.1/androidx.cursoradapter/cursoradapter/1.0.0/74014983a86b83cbce534dec4e7aa9312f5f5d82/cursoradapter-1.0.0.aar because:
  Build cache is disabled
Skipping ExtractAarTransform: ~/.gradle/caches/modules-2/files-2.1/androidx.cursoradapter/cursoradapter/1.0.0/74014983a86b83cbce534dec4e7aa9312f5f5d82/cursoradapter-1.0.0.aar as it is up-to-date.
Transforming cursoradapter-1.0.0.aar (androidx.cursoradapter:cursoradapter:1.0.0) with AarTransform
Transforming documentfile-1.0.1.aar (androidx.documentfile:documentfile:1.0.1) with AarTransform
Caching disabled for ExtractAarTransform: ~/.gradle/caches/transforms-3/2825ef768a3847af4cdb0b960ea5acb5/transformed/jetified-security-crypto-1.1.0-alpha03.aar because:
  Build cache is disabled
Skipping ExtractAarTransform: ~/.gradle/caches/transforms-3/2825ef768a3847af4cdb0b960ea5acb5/transformed/jetified-security-crypto-1.1.0-alpha03.aar as it is up-to-date.
Transforming security-crypto-1.1.0-alpha03.aar (androidx.security:security-crypto:1.1.0-alpha03) with AarTransform
Caching disabled for AarTransform: ~/.gradle/caches/transforms-3/b2a1521e4152e0b34a7680a2d8b07346/transformed/documentfile-1.0.1 because:
  Build cache is disabled
Skipping AarTransform: ~/.gradle/caches/transforms-3/b2a1521e4152e0b34a7680a2d8b07346/transformed/documentfile-1.0.1 as it is up-to-date.
Caching disabled for AarTransform: ~/.gradle/caches/transforms-3/12300820f0d60b288a19d7ebf5066de8/transformed/cursoradapter-1.0.0 because:
  Build cache is disabled
Caching disabled for AarTransform: ~/.gradle/caches/transforms-3/56bd582384ccdc7202015da1d0cac46f/transformed/jetified-security-crypto-1.1.0-alpha03 because:
  Build cache is disabled
Skipping AarTransform: ~/.gradle/caches/transforms-3/56bd582384ccdc7202015da1d0cac46f/transformed/jetified-security-crypto-1.1.0-alpha03 as it is up-to-date.
Skipping AarTransform: ~/.gradle/caches/transforms-3/12300820f0d60b288a19d7ebf5066de8/transformed/cursoradapter-1.0.0 as it is up-to-date.
Transforming cardview-1.0.0.aar (androidx.cardview:cardview:1.0.0) with JetifyTransform
Transforming gifdecoder-4.11.0.aar (com.github.bumptech.glide:gifdecoder:4.11.0) with JetifyTransform
Transforming savedstate-1.2.1.aar (androidx.savedstate:savedstate:1.2.1) with JetifyTransform
Caching disabled for ExtractAarTransform: ~/.gradle/caches/transforms-3/0b4d191d83df3c81090f0eb78ff1aa84/transformed/jetified-savedstate-ktx-1.2.1.aar because:
  Build cache is disabled
Skipping ExtractAarTransform: ~/.gradle/caches/transforms-3/0b4d191d83df3c81090f0eb78ff1aa84/transformed/jetified-savedstate-ktx-1.2.1.aar as it is up-to-date.
Caching disabled for JetifyTransform: ~/.gradle/caches/modules-2/files-2.1/androidx.cardview/cardview/1.0.0/158dbc2e2bc502815821191b04446b8f663c1874/cardview-1.0.0.aar because:
  Build cache is disabled
Transforming savedstate-ktx-1.2.1.aar (androidx.savedstate:savedstate-ktx:1.2.1) with AarTransform
Skipping JetifyTransform: ~/.gradle/caches/modules-2/files-2.1/androidx.cardview/cardview/1.0.0/158dbc2e2bc502815821191b04446b8f663c1874/cardview-1.0.0.aar as it is up-to-date.
Transforming cardview-1.0.0.aar (androidx.cardview:cardview:1.0.0) with ExtractAarTransform
Caching disabled for JetifyTransform: ~/.gradle/caches/modules-2/files-2.1/com.github.bumptech.glide/gifdecoder/4.11.0/a00cc6741d9f7cf025dd93293c724a688c47631e/gifdecoder-4.11.0.aar because:
  Build cache is disabled
Skipping JetifyTransform: ~/.gradle/caches/modules-2/files-2.1/com.github.bumptech.glide/gifdecoder/4.11.0/a00cc6741d9f7cf025dd93293c724a688c47631e/gifdecoder-4.11.0.aar as it is up-to-date.
Transforming gifdecoder-4.11.0.aar (com.github.bumptech.glide:gifdecoder:4.11.0) with ExtractAarTransform
Caching disabled for AarTransform: ~/.gradle/caches/transforms-3/5fd0882d1d7d05fb40249dc663fa1f47/transformed/jetified-savedstate-ktx-1.2.1 because:
  Build cache is disabled
Skipping AarTransform: ~/.gradle/caches/transforms-3/5fd0882d1d7d05fb40249dc663fa1f47/transformed/jetified-savedstate-ktx-1.2.1 as it is up-to-date.
Caching disabled for JetifyTransform: ~/.gradle/caches/modules-2/files-2.1/androidx.savedstate/savedstate/1.2.1/e364fc9dec32aa569d855f85864e50250318a093/savedstate-1.2.1.aar because:
  Build cache is disabled
Skipping JetifyTransform: ~/.gradle/caches/modules-2/files-2.1/androidx.savedstate/savedstate/1.2.1/e364fc9dec32aa569d855f85864e50250318a093/savedstate-1.2.1.aar as it is up-to-date.
Transforming versionedparcelable-1.1.1.aar (androidx.versionedparcelable:versionedparcelable:1.1.1) with JetifyTransform
Transforming savedstate-1.2.1.aar (androidx.savedstate:savedstate:1.2.1) with ExtractAarTransform
Caching disabled for JetifyTransform: ~/.gradle/caches/modules-2/files-2.1/androidx.versionedparcelable/versionedparcelable/1.1.1/18e18071e7715679e0593c570217edeb5ca48b9e/versionedparcelable-1.1.1.aar because:
  Build cache is disabled
Skipping JetifyTransform: ~/.gradle/caches/modules-2/files-2.1/androidx.versionedparcelable/versionedparcelable/1.1.1/18e18071e7715679e0593c570217edeb5ca48b9e/versionedparcelable-1.1.1.aar as it is up-to-date.
Caching disabled for ExtractAarTransform: ~/.gradle/caches/transforms-3/02401fa65d3f2a4eeb4e8c2c5dc86415/transformed/jetified-gifdecoder-4.11.0.aar because:
  Build cache is disabled
Skipping ExtractAarTransform: ~/.gradle/caches/transforms-3/02401fa65d3f2a4eeb4e8c2c5dc86415/transformed/jetified-gifdecoder-4.11.0.aar as it is up-to-date.
Transforming gifdecoder-4.11.0.aar (com.github.bumptech.glide:gifdecoder:4.11.0) with AarTransform
Transforming versionedparcelable-1.1.1.aar (androidx.versionedparcelable:versionedparcelable:1.1.1) with ExtractAarTransform
Caching disabled for ExtractAarTransform: ~/.gradle/caches/modules-2/files-2.1/androidx.cardview/cardview/1.0.0/158dbc2e2bc502815821191b04446b8f663c1874/cardview-1.0.0.aar because:
  Build cache is disabled
Skipping ExtractAarTransform: ~/.gradle/caches/modules-2/files-2.1/androidx.cardview/cardview/1.0.0/158dbc2e2bc502815821191b04446b8f663c1874/cardview-1.0.0.aar as it is up-to-date.
Transforming cardview-1.0.0.aar (androidx.cardview:cardview:1.0.0) with AarTransform
Caching disabled for ExtractAarTransform: ~/.gradle/caches/modules-2/files-2.1/androidx.versionedparcelable/versionedparcelable/1.1.1/18e18071e7715679e0593c570217edeb5ca48b9e/versionedparcelable-1.1.1.aar because:
  Build cache is disabled
Skipping ExtractAarTransform: ~/.gradle/caches/modules-2/files-2.1/androidx.versionedparcelable/versionedparcelable/1.1.1/18e18071e7715679e0593c570217edeb5ca48b9e/versionedparcelable-1.1.1.aar as it is up-to-date.
Caching disabled for AarTransform: ~/.gradle/caches/transforms-3/137175b3ff397a3ca8c7f030a9dc1e4b/transformed/jetified-gifdecoder-4.11.0 because:
  Build cache is disabled
Skipping AarTransform: ~/.gradle/caches/transforms-3/137175b3ff397a3ca8c7f030a9dc1e4b/transformed/jetified-gifdecoder-4.11.0 as it is up-to-date.
Transforming versionedparcelable-1.1.1.aar (androidx.versionedparcelable:versionedparcelable:1.1.1) with AarTransform
Caching disabled for AarTransform: ~/.gradle/caches/transforms-3/dcc90df5e29beb76e837b70cfc8a1b3a/transformed/cardview-1.0.0 because:
  Build cache is disabled
Skipping AarTransform: ~/.gradle/caches/transforms-3/dcc90df5e29beb76e837b70cfc8a1b3a/transformed/cardview-1.0.0 as it is up-to-date.
Transforming core-runtime-2.2.0.aar (androidx.arch.core:core-runtime:2.2.0) with JetifyTransform
Transforming interpolator-1.0.0.aar (androidx.interpolator:interpolator:1.0.0) with JetifyTransform
Caching disabled for AarTransform: ~/.gradle/caches/transforms-3/03f7efd144c869dc5e7d802beb82fc16/transformed/versionedparcelable-1.1.1 because:
  Build cache is disabled
Caching disabled for JetifyTransform: ~/.gradle/caches/modules-2/files-2.1/androidx.arch.core/core-runtime/2.2.0/39705982680d78556b679ef9d5400d4f17509b0b/core-runtime-2.2.0.aar because:
  Build cache is disabled
Skipping JetifyTransform: ~/.gradle/caches/modules-2/files-2.1/androidx.arch.core/core-runtime/2.2.0/39705982680d78556b679ef9d5400d4f17509b0b/core-runtime-2.2.0.aar as it is up-to-date.
Transforming core-runtime-2.2.0.aar (androidx.arch.core:core-runtime:2.2.0) with ExtractAarTransform
Caching disabled for JetifyTransform: ~/.gradle/caches/modules-2/files-2.1/androidx.interpolator/interpolator/1.0.0/8a01fa254a23b9388571eb6334b03707c7d122d7/interpolator-1.0.0.aar because:
  Build cache is disabled
Skipping JetifyTransform: ~/.gradle/caches/modules-2/files-2.1/androidx.interpolator/interpolator/1.0.0/8a01fa254a23b9388571eb6334b03707c7d122d7/interpolator-1.0.0.aar as it is up-to-date.
Transforming interpolator-1.0.0.aar (androidx.interpolator:interpolator:1.0.0) with ExtractAarTransform
Caching disabled for ExtractAarTransform: ~/.gradle/caches/transforms-3/fbd58cf003ab4d340d705029671688ae/transformed/jetified-savedstate-1.2.1.aar because:
  Build cache is disabled
Skipping ExtractAarTransform: ~/.gradle/caches/transforms-3/fbd58cf003ab4d340d705029671688ae/transformed/jetified-savedstate-1.2.1.aar as it is up-to-date.
Transforming savedstate-1.2.1.aar (androidx.savedstate:savedstate:1.2.1) with AarTransform
Skipping AarTransform: ~/.gradle/caches/transforms-3/03f7efd144c869dc5e7d802beb82fc16/transformed/versionedparcelable-1.1.1 as it is up-to-date.
Transforming annotation-experimental-1.4.0.aar (androidx.annotation:annotation-experimental:1.4.0) with JetifyTransform
Caching disabled for AarTransform: ~/.gradle/caches/transforms-3/2e6e16267dc010e44b77ac72a21bd80d/transformed/jetified-savedstate-1.2.1 because:
  Build cache is disabled
Caching disabled for ExtractAarTransform: ~/.gradle/caches/modules-2/files-2.1/androidx.interpolator/interpolator/1.0.0/8a01fa254a23b9388571eb6334b03707c7d122d7/interpolator-1.0.0.aar because:
  Build cache is disabled
Skipping ExtractAarTransform: ~/.gradle/caches/modules-2/files-2.1/androidx.interpolator/interpolator/1.0.0/8a01fa254a23b9388571eb6334b03707c7d122d7/interpolator-1.0.0.aar as it is up-to-date.
Transforming interpolator-1.0.0.aar (androidx.interpolator:interpolator:1.0.0) with AarTransform
Caching disabled for ExtractAarTransform: ~/.gradle/caches/modules-2/files-2.1/androidx.arch.core/core-runtime/2.2.0/39705982680d78556b679ef9d5400d4f17509b0b/core-runtime-2.2.0.aar because:
  Build cache is disabled
Skipping ExtractAarTransform: ~/.gradle/caches/modules-2/files-2.1/androidx.arch.core/core-runtime/2.2.0/39705982680d78556b679ef9d5400d4f17509b0b/core-runtime-2.2.0.aar as it is up-to-date.
Transforming core-runtime-2.2.0.aar (androidx.arch.core:core-runtime:2.2.0) with AarTransform
Caching disabled for JetifyTransform: ~/.gradle/caches/modules-2/files-2.1/androidx.annotation/annotation-experimental/1.4.0/c7a2038d831d0cfbfb9a440890b287c2e839ecf/annotation-experimental-1.4.0.aar because:
  Build cache is disabled
Skipping JetifyTransform: ~/.gradle/caches/modules-2/files-2.1/androidx.annotation/annotation-experimental/1.4.0/c7a2038d831d0cfbfb9a440890b287c2e839ecf/annotation-experimental-1.4.0.aar as it is up-to-date.
Skipping AarTransform: ~/.gradle/caches/transforms-3/2e6e16267dc010e44b77ac72a21bd80d/transformed/jetified-savedstate-1.2.1 as it is up-to-date.
Caching disabled for AarTransform: ~/.gradle/caches/transforms-3/d41826fca4fd43026506b6eedd8999db/transformed/interpolator-1.0.0 because:
  Build cache is disabled
Transforming annotation-experimental-1.4.0.aar (androidx.annotation:annotation-experimental:1.4.0) with ExtractAarTransform
Transforming startup-runtime-1.1.1.aar (androidx.startup:startup-runtime:1.1.1) with JetifyTransform
Skipping AarTransform: ~/.gradle/caches/transforms-3/d41826fca4fd43026506b6eedd8999db/transformed/interpolator-1.0.0 as it is up-to-date.
Transforming exifinterface-1.3.3.aar (androidx.exifinterface:exifinterface:1.3.3) with JetifyTransform
Caching disabled for AarTransform: ~/.gradle/caches/transforms-3/42d42e9fdc10b3a8efed0d75b71fafe6/transformed/core-runtime-2.2.0 because:
  Build cache is disabled
Skipping AarTransform: ~/.gradle/caches/transforms-3/42d42e9fdc10b3a8efed0d75b71fafe6/transformed/core-runtime-2.2.0 as it is up-to-date.
Transforming constraintlayout-2.1.3.aar (androidx.constraintlayout:constraintlayout:2.1.3) with JetifyTransform
Caching disabled for JetifyTransform: ~/.gradle/caches/modules-2/files-2.1/androidx.exifinterface/exifinterface/1.3.3/fb98cc99d9219c875b12f24b33f66318f4784edc/exifinterface-1.3.3.aar because:
  Build cache is disabled
Skipping JetifyTransform: ~/.gradle/caches/modules-2/files-2.1/androidx.exifinterface/exifinterface/1.3.3/fb98cc99d9219c875b12f24b33f66318f4784edc/exifinterface-1.3.3.aar as it is up-to-date.
Transforming exifinterface-1.3.3.aar (androidx.exifinterface:exifinterface:1.3.3) with ExtractAarTransform
Caching disabled for JetifyTransform: ~/.gradle/caches/modules-2/files-2.1/androidx.startup/startup-runtime/1.1.1/9d4ba67056aff98b69eadc1477c19a1e67cb9470/startup-runtime-1.1.1.aar because:
  Build cache is disabled
Caching disabled for ExtractAarTransform: ~/.gradle/caches/transforms-3/3d34fc979491ef24004a5e4ed6a51523/transformed/jetified-annotation-experimental-1.4.0.aar because:
  Build cache is disabled
Skipping JetifyTransform: ~/.gradle/caches/modules-2/files-2.1/androidx.startup/startup-runtime/1.1.1/9d4ba67056aff98b69eadc1477c19a1e67cb9470/startup-runtime-1.1.1.aar as it is up-to-date.
Skipping ExtractAarTransform: ~/.gradle/caches/transforms-3/3d34fc979491ef24004a5e4ed6a51523/transformed/jetified-annotation-experimental-1.4.0.aar as it is up-to-date.
Transforming startup-runtime-1.1.1.aar (androidx.startup:startup-runtime:1.1.1) with ExtractAarTransform
Caching disabled for JetifyTransform: ~/.gradle/caches/modules-2/files-2.1/androidx.constraintlayout/constraintlayout/2.1.3/fc2ad58f4c8e6172e584a7b9c991e0cb6a0ec7ca/constraintlayout-2.1.3.aar because:
  Build cache is disabled
Skipping JetifyTransform: ~/.gradle/caches/modules-2/files-2.1/androidx.constraintlayout/constraintlayout/2.1.3/fc2ad58f4c8e6172e584a7b9c991e0cb6a0ec7ca/constraintlayout-2.1.3.aar as it is up-to-date.
Transforming annotation-experimental-1.4.0.aar (androidx.annotation:annotation-experimental:1.4.0) with AarTransform
Transforming constraintlayout-2.1.3.aar (androidx.constraintlayout:constraintlayout:2.1.3) with ExtractAarTransform
Caching disabled for ExtractAarTransform: ~/.gradle/caches/modules-2/files-2.1/androidx.exifinterface/exifinterface/1.3.3/fb98cc99d9219c875b12f24b33f66318f4784edc/exifinterface-1.3.3.aar because:
  Build cache is disabled
Skipping ExtractAarTransform: ~/.gradle/caches/modules-2/files-2.1/androidx.exifinterface/exifinterface/1.3.3/fb98cc99d9219c875b12f24b33f66318f4784edc/exifinterface-1.3.3.aar as it is up-to-date.
Transforming exifinterface-1.3.3.aar (androidx.exifinterface:exifinterface:1.3.3) with AarTransform
Caching disabled for AarTransform: ~/.gradle/caches/transforms-3/bba89aa6501c852a9ecaced807b153b4/transformed/jetified-annotation-experimental-1.4.0 because:
  Build cache is disabled
Skipping AarTransform: ~/.gradle/caches/transforms-3/bba89aa6501c852a9ecaced807b153b4/transformed/jetified-annotation-experimental-1.4.0 as it is up-to-date.
Transforming msal-6.2.0.aar (com.microsoft.identity.client:msal:6.2.0) with JetifyTransform
Caching disabled for ExtractAarTransform: ~/.gradle/caches/modules-2/files-2.1/androidx.constraintlayout/constraintlayout/2.1.3/fc2ad58f4c8e6172e584a7b9c991e0cb6a0ec7ca/constraintlayout-2.1.3.aar because:
  Build cache is disabled
Skipping ExtractAarTransform: ~/.gradle/caches/modules-2/files-2.1/androidx.constraintlayout/constraintlayout/2.1.3/fc2ad58f4c8e6172e584a7b9c991e0cb6a0ec7ca/constraintlayout-2.1.3.aar as it is up-to-date.
Caching disabled for AarTransform: ~/.gradle/caches/transforms-3/48ceb8176866b80a099305b2f41fd291/transformed/exifinterface-1.3.3 because:
  Build cache is disabled
Skipping AarTransform: ~/.gradle/caches/transforms-3/48ceb8176866b80a099305b2f41fd291/transformed/exifinterface-1.3.3 as it is up-to-date.
Transforming common-21.4.0.aar (com.microsoft.identity:common:21.4.0) with JetifyTransform
Caching disabled for ExtractAarTransform: ~/.gradle/caches/transforms-3/9631d37ca75c4e1488fe87e6dd0269d3/transformed/jetified-startup-runtime-1.1.1.aar because:
  Build cache is disabled
Transforming constraintlayout-2.1.3.aar (androidx.constraintlayout:constraintlayout:2.1.3) with AarTransform
Caching disabled for JetifyTransform: ~/.gradle/caches/modules-2/files-2.1/com.microsoft.identity.client/msal/6.2.0/ab2bf364361599d84ebc3fc5a91d35a97e9cd32/msal-6.2.0.aar because:
  Build cache is disabled
Skipping ExtractAarTransform: ~/.gradle/caches/transforms-3/9631d37ca75c4e1488fe87e6dd0269d3/transformed/jetified-startup-runtime-1.1.1.aar as it is up-to-date.
Skipping JetifyTransform: ~/.gradle/caches/modules-2/files-2.1/com.microsoft.identity.client/msal/6.2.0/ab2bf364361599d84ebc3fc5a91d35a97e9cd32/msal-6.2.0.aar as it is up-to-date.
Transforming msal-6.2.0.aar (com.microsoft.identity.client:msal:6.2.0) with ExtractAarTransform
Transforming startup-runtime-1.1.1.aar (androidx.startup:startup-runtime:1.1.1) with AarTransform
Caching disabled for JetifyTransform: ~/.gradle/caches/modules-2/files-2.1/com.microsoft.identity/common/21.4.0/8f0c4facca3f5f34f230dbdd5bc8ee541c5b61f4/common-21.4.0.aar because:
  Build cache is disabled
Caching disabled for AarTransform: ~/.gradle/caches/transforms-3/155663d16d0a0a2fe7a7ba743223ac03/transformed/jetified-startup-runtime-1.1.1 because:
  Build cache is disabled
Skipping AarTransform: ~/.gradle/caches/transforms-3/155663d16d0a0a2fe7a7ba743223ac03/transformed/jetified-startup-runtime-1.1.1 as it is up-to-date.
Skipping JetifyTransform: ~/.gradle/caches/modules-2/files-2.1/com.microsoft.identity/common/21.4.0/8f0c4facca3f5f34f230dbdd5bc8ee541c5b61f4/common-21.4.0.aar as it is up-to-date.
Caching disabled for AarTransform: ~/.gradle/caches/transforms-3/9d078f321e9c9b40b737fbfeda2c24d6/transformed/constraintlayout-2.1.3 because:
  Build cache is disabled
Skipping AarTransform: ~/.gradle/caches/transforms-3/9d078f321e9c9b40b737fbfeda2c24d6/transformed/constraintlayout-2.1.3 as it is up-to-date.
Transforming core-1.12.0.aar (androidx.core:core:1.12.0) with JetifyTransform
Transforming core-1.12.0.aar (androidx.core:core:1.12.0) with ExtractAarTransform
Transforming core-1.12.0.aar (androidx.core:core:1.12.0) with AarTransform
Transforming common-21.4.0.aar (com.microsoft.identity:common:21.4.0) with ExtractAarTransform
Transforming glide-4.11.0.aar (com.github.bumptech.glide:glide:4.11.0) with JetifyTransform
Transforming appcompat-1.6.1.aar (androidx.appcompat:appcompat:1.6.1) with JetifyTransform
Caching disabled for ExtractAarTransform: ~/.gradle/caches/transforms-3/471de7d5b43d7a053252e8ff21b7d3aa/transformed/jetified-msal-6.2.0.aar because:
  Build cache is disabled
Skipping ExtractAarTransform: ~/.gradle/caches/transforms-3/471de7d5b43d7a053252e8ff21b7d3aa/transformed/jetified-msal-6.2.0.aar as it is up-to-date.
Transforming msal-6.2.0.aar (com.microsoft.identity.client:msal:6.2.0) with AarTransform
Caching disabled for JetifyTransform: ~/.gradle/caches/modules-2/files-2.1/com.github.bumptech.glide/glide/4.11.0/4ad9e09a09e5cf300b6100226ccd27d1f0a3b1e8/glide-4.11.0.aar because:
  Build cache is disabled
Skipping JetifyTransform: ~/.gradle/caches/modules-2/files-2.1/com.github.bumptech.glide/glide/4.11.0/4ad9e09a09e5cf300b6100226ccd27d1f0a3b1e8/glide-4.11.0.aar as it is up-to-date.
Transforming glide-4.11.0.aar (com.github.bumptech.glide:glide:4.11.0) with ExtractAarTransform
Caching disabled for AarTransform: ~/.gradle/caches/transforms-3/5395aa0a6ecb13ad0c511d3a340478af/transformed/jetified-msal-6.2.0 because:
  Build cache is disabled
Skipping AarTransform: ~/.gradle/caches/transforms-3/5395aa0a6ecb13ad0c511d3a340478af/transformed/jetified-msal-6.2.0 as it is up-to-date.
Caching disabled for JetifyTransform: ~/.gradle/caches/modules-2/files-2.1/androidx.appcompat/appcompat/1.6.1/6c7577004b7ebbee5ed87d512b578dd20e3c8c31/appcompat-1.6.1.aar because:
  Build cache is disabled
Skipping JetifyTransform: ~/.gradle/caches/modules-2/files-2.1/androidx.appcompat/appcompat/1.6.1/6c7577004b7ebbee5ed87d512b578dd20e3c8c31/appcompat-1.6.1.aar as it is up-to-date.
Transforming appcompat-1.6.1.aar (androidx.appcompat:appcompat:1.6.1) with ExtractAarTransform
Transforming ui-test-manifest-1.6.1.aar (androidx.compose.ui:ui-test-manifest:1.6.1) with JetifyTransform
Caching disabled for JetifyTransform: ~/.gradle/caches/modules-2/files-2.1/androidx.compose.ui/ui-test-manifest/1.6.1/6a14f3e8bef301bc9f40ac2e88650c0662c0c4e8/ui-test-manifest-1.6.1.aar because:
  Build cache is disabled
Skipping JetifyTransform: ~/.gradle/caches/modules-2/files-2.1/androidx.compose.ui/ui-test-manifest/1.6.1/6a14f3e8bef301bc9f40ac2e88650c0662c0c4e8/ui-test-manifest-1.6.1.aar as it is up-to-date.
Caching disabled for ExtractAarTransform: ~/.gradle/caches/transforms-3/a31e823552d7aa2cf9a6553ee31fe5d4/transformed/jetified-common-21.4.0.aar because:
  Build cache is disabled
Skipping ExtractAarTransform: ~/.gradle/caches/transforms-3/a31e823552d7aa2cf9a6553ee31fe5d4/transformed/jetified-common-21.4.0.aar as it is up-to-date.
Transforming common-21.4.0.aar (com.microsoft.identity:common:21.4.0) with AarTransform
Transforming ui-test-manifest-1.6.1.aar (androidx.compose.ui:ui-test-manifest:1.6.1) with ExtractAarTransform
Caching disabled for AarTransform: ~/.gradle/caches/transforms-3/691e2ddca74f0afe60043bb1a3af1d8c/transformed/jetified-common-21.4.0 because:
  Build cache is disabled
Skipping AarTransform: ~/.gradle/caches/transforms-3/691e2ddca74f0afe60043bb1a3af1d8c/transformed/jetified-common-21.4.0 as it is up-to-date.
Transforming play-services-fido-20.1.0.aar (com.google.android.gms:play-services-fido:20.1.0) with JetifyTransform
Caching disabled for JetifyTransform: ~/.gradle/caches/modules-2/files-2.1/com.google.android.gms/play-services-fido/20.1.0/159d61705589e86d3fcf0c9a24390c669fa4fd5/play-services-fido-20.1.0.aar because:
  Build cache is disabled
Skipping JetifyTransform: ~/.gradle/caches/modules-2/files-2.1/com.google.android.gms/play-services-fido/20.1.0/159d61705589e86d3fcf0c9a24390c669fa4fd5/play-services-fido-20.1.0.aar as it is up-to-date.
Transforming play-services-fido-20.1.0.aar (com.google.android.gms:play-services-fido:20.1.0) with ExtractAarTransform
Caching disabled for ExtractAarTransform: ~/.gradle/caches/transforms-3/96d0396ab9c67718ced28bada4c8d171/transformed/jetified-ui-test-manifest-1.6.1.aar because:
  Build cache is disabled
Skipping ExtractAarTransform: ~/.gradle/caches/transforms-3/96d0396ab9c67718ced28bada4c8d171/transformed/jetified-ui-test-manifest-1.6.1.aar as it is up-to-date.
Transforming ui-test-manifest-1.6.1.aar (androidx.compose.ui:ui-test-manifest:1.6.1) with AarTransform
Caching disabled for ExtractAarTransform: ~/.gradle/caches/transforms-3/bb36f7c9a9187c1c70661acb188b7404/transformed/jetified-play-services-fido-20.1.0.aar because:
  Build cache is disabled
Skipping ExtractAarTransform: ~/.gradle/caches/transforms-3/bb36f7c9a9187c1c70661acb188b7404/transformed/jetified-play-services-fido-20.1.0.aar as it is up-to-date.
Transforming play-services-fido-20.1.0.aar (com.google.android.gms:play-services-fido:20.1.0) with AarTransform
Caching disabled for ExtractAarTransform: ~/.gradle/caches/transforms-3/511f93cc9064da3c5ef068f707b22604/transformed/jetified-glide-4.11.0.aar because:
  Build cache is disabled
Skipping ExtractAarTransform: ~/.gradle/caches/transforms-3/511f93cc9064da3c5ef068f707b22604/transformed/jetified-glide-4.11.0.aar as it is up-to-date.
Transforming glide-4.11.0.aar (com.github.bumptech.glide:glide:4.11.0) with AarTransform
Caching disabled for ExtractAarTransform: ~/.gradle/caches/modules-2/files-2.1/androidx.appcompat/appcompat/1.6.1/6c7577004b7ebbee5ed87d512b578dd20e3c8c31/appcompat-1.6.1.aar because:
  Build cache is disabled
Skipping ExtractAarTransform: ~/.gradle/caches/modules-2/files-2.1/androidx.appcompat/appcompat/1.6.1/6c7577004b7ebbee5ed87d512b578dd20e3c8c31/appcompat-1.6.1.aar as it is up-to-date.
Transforming appcompat-1.6.1.aar (androidx.appcompat:appcompat:1.6.1) with AarTransform
Caching disabled for AarTransform: ~/.gradle/caches/transforms-3/3c5a8b745dd1c9841f3eb1e5f8227414/transformed/jetified-play-services-fido-20.1.0 because:
  Build cache is disabled
Skipping AarTransform: ~/.gradle/caches/transforms-3/3c5a8b745dd1c9841f3eb1e5f8227414/transformed/jetified-play-services-fido-20.1.0 as it is up-to-date.
Caching disabled for AarTransform: ~/.gradle/caches/transforms-3/042e3e457431c3578cc10e80ca0e5c92/transformed/jetified-ui-test-manifest-1.6.1 because:
  Build cache is disabled
Skipping AarTransform: ~/.gradle/caches/transforms-3/042e3e457431c3578cc10e80ca0e5c92/transformed/jetified-ui-test-manifest-1.6.1 as it is up-to-date.
Caching disabled for AarTransform: ~/.gradle/caches/transforms-3/8feeef3945a1f3bf72a7656b99debed4/transformed/jetified-glide-4.11.0 because:
  Build cache is disabled
Skipping AarTransform: ~/.gradle/caches/transforms-3/8feeef3945a1f3bf72a7656b99debed4/transformed/jetified-glide-4.11.0 as it is up-to-date.
Transforming ui-tooling-release.aar (androidx.compose.ui:ui-tooling-android:1.6.1) with JetifyTransform
Transforming play-services-auth-20.7.0.aar (com.google.android.gms:play-services-auth:20.7.0) with JetifyTransform
Caching disabled for JetifyTransform: ~/.gradle/caches/modules-2/files-2.1/androidx.compose.ui/ui-tooling-android/1.6.1/c0fa640b36cb9717bb7248d55ece9e09080be8e7/ui-tooling-release.aar because:
  Build cache is disabled
Skipping JetifyTransform: ~/.gradle/caches/modules-2/files-2.1/androidx.compose.ui/ui-tooling-android/1.6.1/c0fa640b36cb9717bb7248d55ece9e09080be8e7/ui-tooling-release.aar as it is up-to-date.
Transforming coil-compose-2.0.0.aar (io.coil-kt:coil-compose:2.0.0) with JetifyTransform
Caching disabled for AarTransform: ~/.gradle/caches/transforms-3/e05b1ce225b2f306a2f1bcaa6cc4bb82/transformed/appcompat-1.6.1 because:
  Build cache is disabled
Transforming ui-tooling-release.aar (androidx.compose.ui:ui-tooling-android:1.6.1) with ExtractAarTransform
Skipping AarTransform: ~/.gradle/caches/transforms-3/e05b1ce225b2f306a2f1bcaa6cc4bb82/transformed/appcompat-1.6.1 as it is up-to-date.
Transforming material-ripple-release.aar (androidx.compose.material:material-ripple-android:1.6.1) with JetifyTransform
Caching disabled for JetifyTransform: ~/.gradle/caches/modules-2/files-2.1/com.google.android.gms/play-services-auth/20.7.0/746a56347e4a9b1fb644aa63b8add12b882e0daf/play-services-auth-20.7.0.aar because:
  Build cache is disabled
Skipping JetifyTransform: ~/.gradle/caches/modules-2/files-2.1/com.google.android.gms/play-services-auth/20.7.0/746a56347e4a9b1fb644aa63b8add12b882e0daf/play-services-auth-20.7.0.aar as it is up-to-date.
Transforming play-services-auth-20.7.0.aar (com.google.android.gms:play-services-auth:20.7.0) with ExtractAarTransform
Caching disabled for JetifyTransform: ~/.gradle/caches/modules-2/files-2.1/io.coil-kt/coil-compose/2.0.0/162854c6ea221a6670d5014a2d0e24c39f351d1f/coil-compose-2.0.0.aar because:
  Build cache is disabled
Skipping JetifyTransform: ~/.gradle/caches/modules-2/files-2.1/io.coil-kt/coil-compose/2.0.0/162854c6ea221a6670d5014a2d0e24c39f351d1f/coil-compose-2.0.0.aar as it is up-to-date.
Transforming coil-compose-2.0.0.aar (io.coil-kt:coil-compose:2.0.0) with ExtractAarTransform
Caching disabled for JetifyTransform: ~/.gradle/caches/modules-2/files-2.1/androidx.compose.material/material-ripple-android/1.6.1/b00045482d0b998be9d580e0b17e0b7d686e37c3/material-ripple-release.aar because:
  Build cache is disabled
Skipping JetifyTransform: ~/.gradle/caches/modules-2/files-2.1/androidx.compose.material/material-ripple-android/1.6.1/b00045482d0b998be9d580e0b17e0b7d686e37c3/material-ripple-release.aar as it is up-to-date.
Transforming material-ripple-release.aar (androidx.compose.material:material-ripple-android:1.6.1) with ExtractAarTransform
Caching disabled for ExtractAarTransform: ~/.gradle/caches/transforms-3/532e0ffa77c25499978955ad1dbc414e/transformed/jetified-ui-tooling-release.aar because:
  Build cache is disabled
Skipping ExtractAarTransform: ~/.gradle/caches/transforms-3/532e0ffa77c25499978955ad1dbc414e/transformed/jetified-ui-tooling-release.aar as it is up-to-date.
Transforming ui-tooling-release.aar (androidx.compose.ui:ui-tooling-android:1.6.1) with AarTransform
Caching disabled for ExtractAarTransform: ~/.gradle/caches/transforms-3/cd43504320f53f7b369f89aab0200c5e/transformed/jetified-coil-compose-2.0.0.aar because:
  Build cache is disabled
Skipping ExtractAarTransform: ~/.gradle/caches/transforms-3/cd43504320f53f7b369f89aab0200c5e/transformed/jetified-coil-compose-2.0.0.aar as it is up-to-date.
Transforming coil-compose-2.0.0.aar (io.coil-kt:coil-compose:2.0.0) with AarTransform
Caching disabled for ExtractAarTransform: ~/.gradle/caches/transforms-3/fb0d0d4d9167a23d466b0b4103ce5820/transformed/jetified-play-services-auth-20.7.0.aar because:
  Build cache is disabled
Skipping ExtractAarTransform: ~/.gradle/caches/transforms-3/fb0d0d4d9167a23d466b0b4103ce5820/transformed/jetified-play-services-auth-20.7.0.aar as it is up-to-date.
Transforming play-services-auth-20.7.0.aar (com.google.android.gms:play-services-auth:20.7.0) with AarTransform
Caching disabled for AarTransform: ~/.gradle/caches/transforms-3/732bf3fcca27485691548d213a69ce32/transformed/jetified-ui-tooling-release because:
  Build cache is disabled
Skipping AarTransform: ~/.gradle/caches/transforms-3/732bf3fcca27485691548d213a69ce32/transformed/jetified-ui-tooling-release as it is up-to-date.
Caching disabled for ExtractAarTransform: ~/.gradle/caches/transforms-3/c17b5f676de85d4849f82895166a5447/transformed/jetified-material-ripple-release.aar because:
  Build cache is disabled
Skipping ExtractAarTransform: ~/.gradle/caches/transforms-3/c17b5f676de85d4849f82895166a5447/transformed/jetified-material-ripple-release.aar as it is up-to-date.
Transforming material-ripple-release.aar (androidx.compose.material:material-ripple-android:1.6.1) with AarTransform
Caching disabled for AarTransform: ~/.gradle/caches/transforms-3/4a16392ea9d502c6cfaf958d501f7b5c/transformed/jetified-coil-compose-2.0.0 because:
  Build cache is disabled
Skipping AarTransform: ~/.gradle/caches/transforms-3/4a16392ea9d502c6cfaf958d501f7b5c/transformed/jetified-coil-compose-2.0.0 as it is up-to-date.
Transforming activity-ktx-1.7.1.aar (androidx.activity:activity-ktx:1.7.1) with JetifyTransform
Transforming ui-geometry-release.aar (androidx.compose.ui:ui-geometry-android:1.6.1) with JetifyTransform
Caching disabled for AarTransform: ~/.gradle/caches/transforms-3/66f77465e979a17d511311b5910b38ae/transformed/jetified-play-services-auth-20.7.0 because:
  Build cache is disabled
Skipping AarTransform: ~/.gradle/caches/transforms-3/66f77465e979a17d511311b5910b38ae/transformed/jetified-play-services-auth-20.7.0 as it is up-to-date.
Transforming ui-tooling-preview-release.aar (androidx.compose.ui:ui-tooling-preview-android:1.6.1) with JetifyTransform
Caching disabled for AarTransform: ~/.gradle/caches/transforms-3/86c6b512118f207b0af6c1bfd4dea297/transformed/jetified-material-ripple-release because:
  Build cache is disabled
Skipping AarTransform: ~/.gradle/caches/transforms-3/86c6b512118f207b0af6c1bfd4dea297/transformed/jetified-material-ripple-release as it is up-to-date.
Caching disabled for JetifyTransform: ~/.gradle/caches/modules-2/files-2.1/androidx.activity/activity-ktx/1.7.1/7d17ab035df269158683d0af1e5e4ed513af0f3a/activity-ktx-1.7.1.aar because:
  Build cache is disabled
Skipping JetifyTransform: ~/.gradle/caches/modules-2/files-2.1/androidx.activity/activity-ktx/1.7.1/7d17ab035df269158683d0af1e5e4ed513af0f3a/activity-ktx-1.7.1.aar as it is up-to-date.
Transforming activity-ktx-1.7.1.aar (androidx.activity:activity-ktx:1.7.1) with ExtractAarTransform
Transforming ui-tooling-data-release.aar (androidx.compose.ui:ui-tooling-data-android:1.6.1) with JetifyTransform
Caching disabled for JetifyTransform: ~/.gradle/caches/modules-2/files-2.1/androidx.compose.ui/ui-tooling-preview-android/1.6.1/8f1e0e501f270d9575daf0919630b48c59dcc3e4/ui-tooling-preview-release.aar because:
  Build cache is disabled
Skipping JetifyTransform: ~/.gradle/caches/modules-2/files-2.1/androidx.compose.ui/ui-tooling-preview-android/1.6.1/8f1e0e501f270d9575daf0919630b48c59dcc3e4/ui-tooling-preview-release.aar as it is up-to-date.
Transforming ui-tooling-preview-release.aar (androidx.compose.ui:ui-tooling-preview-android:1.6.1) with ExtractAarTransform
Caching disabled for JetifyTransform: ~/.gradle/caches/modules-2/files-2.1/androidx.compose.ui/ui-geometry-android/1.6.1/1efe25ebc78c587e16ef448b8ff7d9fb08730b91/ui-geometry-release.aar because:
  Build cache is disabled
Skipping JetifyTransform: ~/.gradle/caches/modules-2/files-2.1/androidx.compose.ui/ui-geometry-android/1.6.1/1efe25ebc78c587e16ef448b8ff7d9fb08730b91/ui-geometry-release.aar as it is up-to-date.
Caching disabled for JetifyTransform: ~/.gradle/caches/modules-2/files-2.1/androidx.compose.ui/ui-tooling-data-android/1.6.1/112568b4c982a1858f8e9717e427c300e3588901/ui-tooling-data-release.aar because:
  Build cache is disabled
Skipping JetifyTransform: ~/.gradle/caches/modules-2/files-2.1/androidx.compose.ui/ui-tooling-data-android/1.6.1/112568b4c982a1858f8e9717e427c300e3588901/ui-tooling-data-release.aar as it is up-to-date.
Transforming ui-tooling-data-release.aar (androidx.compose.ui:ui-tooling-data-android:1.6.1) with ExtractAarTransform
Transforming ui-geometry-release.aar (androidx.compose.ui:ui-geometry-android:1.6.1) with ExtractAarTransform
Caching disabled for ExtractAarTransform: ~/.gradle/caches/transforms-3/5e2e8c126ce6c7632b7f4cab90b5ede8/transformed/jetified-activity-ktx-1.7.1.aar because:
  Build cache is disabled
Skipping ExtractAarTransform: ~/.gradle/caches/transforms-3/5e2e8c126ce6c7632b7f4cab90b5ede8/transformed/jetified-activity-ktx-1.7.1.aar as it is up-to-date.
Transforming activity-ktx-1.7.1.aar (androidx.activity:activity-ktx:1.7.1) with AarTransform
Caching disabled for ExtractAarTransform: ~/.gradle/caches/transforms-3/c2755b6aef22617892067aca0f32e3af/transformed/jetified-ui-geometry-release.aar because:
  Build cache is disabled
Skipping ExtractAarTransform: ~/.gradle/caches/transforms-3/c2755b6aef22617892067aca0f32e3af/transformed/jetified-ui-geometry-release.aar as it is up-to-date.
Transforming ui-geometry-release.aar (androidx.compose.ui:ui-geometry-android:1.6.1) with AarTransform
Caching disabled for AarTransform: ~/.gradle/caches/transforms-3/f729480fa7330d4bf857441478e9cd70/transformed/jetified-activity-ktx-1.7.1 because:
  Build cache is disabled
Skipping AarTransform: ~/.gradle/caches/transforms-3/f729480fa7330d4bf857441478e9cd70/transformed/jetified-activity-ktx-1.7.1 as it is up-to-date.
Caching disabled for ExtractAarTransform: ~/.gradle/caches/transforms-3/f5ff0f58a90787a5a393f0916bb05b44/transformed/jetified-ui-tooling-preview-release.aar because:
  Build cache is disabled
Transforming ui-release.aar (androidx.compose.ui:ui-android:1.6.1) with JetifyTransform
Skipping ExtractAarTransform: ~/.gradle/caches/transforms-3/f5ff0f58a90787a5a393f0916bb05b44/transformed/jetified-ui-tooling-preview-release.aar as it is up-to-date.
Transforming ui-tooling-preview-release.aar (androidx.compose.ui:ui-tooling-preview-android:1.6.1) with AarTransform
Caching disabled for ExtractAarTransform: ~/.gradle/caches/transforms-3/ad79c276e4750205ee9d9633ebb9b61d/transformed/jetified-ui-tooling-data-release.aar because:
  Build cache is disabled
Skipping ExtractAarTransform: ~/.gradle/caches/transforms-3/ad79c276e4750205ee9d9633ebb9b61d/transformed/jetified-ui-tooling-data-release.aar as it is up-to-date.
Transforming ui-tooling-data-release.aar (androidx.compose.ui:ui-tooling-data-android:1.6.1) with AarTransform
Caching disabled for AarTransform: ~/.gradle/caches/transforms-3/7d4c28caa7e0fb3fe005a676364c2608/transformed/jetified-ui-tooling-preview-release because:
  Build cache is disabled
Skipping AarTransform: ~/.gradle/caches/transforms-3/7d4c28caa7e0fb3fe005a676364c2608/transformed/jetified-ui-tooling-preview-release as it is up-to-date.
Transforming activity-compose-1.7.1.aar (androidx.activity:activity-compose:1.7.1) with JetifyTransform
Caching disabled for AarTransform: ~/.gradle/caches/transforms-3/9842a4d437c4539be4001127dcd9b65f/transformed/jetified-ui-geometry-release because:
  Build cache is disabled
Skipping AarTransform: ~/.gradle/caches/transforms-3/9842a4d437c4539be4001127dcd9b65f/transformed/jetified-ui-geometry-release as it is up-to-date.
Caching disabled for AarTransform: ~/.gradle/caches/transforms-3/1fb601fda73f4f605e8cd860ab2c7dff/transformed/jetified-ui-tooling-data-release because:
  Build cache is disabled
Transforming material3-window-size-class-release.aar (androidx.compose.material3:material3-window-size-class-android:1.2.0) with JetifyTransform
Skipping AarTransform: ~/.gradle/caches/transforms-3/1fb601fda73f4f605e8cd860ab2c7dff/transformed/jetified-ui-tooling-data-release as it is up-to-date.
Caching disabled for JetifyTransform: ~/.gradle/caches/modules-2/files-2.1/androidx.compose.ui/ui-android/1.6.1/150572d5402c95cfea6a2462d8863e124d9a5c1c/ui-release.aar because:
  Build cache is disabled
Skipping JetifyTransform: ~/.gradle/caches/modules-2/files-2.1/androidx.compose.ui/ui-android/1.6.1/150572d5402c95cfea6a2462d8863e124d9a5c1c/ui-release.aar as it is up-to-date.
Transforming ui-release.aar (androidx.compose.ui:ui-android:1.6.1) with ExtractAarTransform
Caching disabled for JetifyTransform: ~/.gradle/caches/modules-2/files-2.1/androidx.activity/activity-compose/1.7.1/4ffec3043abf24a406d34096ab179d07baee611c/activity-compose-1.7.1.aar because:
  Build cache is disabled
Skipping JetifyTransform: ~/.gradle/caches/modules-2/files-2.1/androidx.activity/activity-compose/1.7.1/4ffec3043abf24a406d34096ab179d07baee611c/activity-compose-1.7.1.aar as it is up-to-date.
Transforming material-icons-core-release.aar (androidx.compose.material:material-icons-core-android:1.6.1) with JetifyTransform
Transforming activity-compose-1.7.1.aar (androidx.activity:activity-compose:1.7.1) with ExtractAarTransform
Caching disabled for JetifyTransform: ~/.gradle/caches/modules-2/files-2.1/androidx.compose.material3/material3-window-size-class-android/1.2.0/8407274dc765d689cf1b7e44de179c05dbcbf526/material3-window-size-class-release.aar because:
  Build cache is disabled
Skipping JetifyTransform: ~/.gradle/caches/modules-2/files-2.1/androidx.compose.material3/material3-window-size-class-android/1.2.0/8407274dc765d689cf1b7e44de179c05dbcbf526/material3-window-size-class-release.aar as it is up-to-date.
Transforming material3-window-size-class-release.aar (androidx.compose.material3:material3-window-size-class-android:1.2.0) with ExtractAarTransform
Caching disabled for JetifyTransform: ~/.gradle/caches/modules-2/files-2.1/androidx.compose.material/material-icons-core-android/1.6.1/be6998192dcc7b06531e18c909030ed16b401681/material-icons-core-release.aar because:
  Build cache is disabled
Skipping JetifyTransform: ~/.gradle/caches/modules-2/files-2.1/androidx.compose.material/material-icons-core-android/1.6.1/be6998192dcc7b06531e18c909030ed16b401681/material-icons-core-release.aar as it is up-to-date.
Transforming material-icons-core-release.aar (androidx.compose.material:material-icons-core-android:1.6.1) with ExtractAarTransform
Caching disabled for ExtractAarTransform: ~/.gradle/caches/transforms-3/dbfaff4c63679d1a6fc6d053dcf78c9a/transformed/jetified-activity-compose-1.7.1.aar because:
  Build cache is disabled
Skipping ExtractAarTransform: ~/.gradle/caches/transforms-3/dbfaff4c63679d1a6fc6d053dcf78c9a/transformed/jetified-activity-compose-1.7.1.aar as it is up-to-date.
Transforming activity-compose-1.7.1.aar (androidx.activity:activity-compose:1.7.1) with AarTransform
Caching disabled for ExtractAarTransform: ~/.gradle/caches/transforms-3/4abc674fe5012f12787b3f63b91feb79/transformed/jetified-material3-window-size-class-release.aar because:
  Build cache is disabled
Skipping ExtractAarTransform: ~/.gradle/caches/transforms-3/4abc674fe5012f12787b3f63b91feb79/transformed/jetified-material3-window-size-class-release.aar as it is up-to-date.
Transforming material3-window-size-class-release.aar (androidx.compose.material3:material3-window-size-class-android:1.2.0) with AarTransform
Caching disabled for ExtractAarTransform: ~/.gradle/caches/transforms-3/a0fba9fa0c6e374ed3fc3b80303c2519/transformed/jetified-material-icons-core-release.aar because:
  Build cache is disabled
Skipping ExtractAarTransform: ~/.gradle/caches/transforms-3/a0fba9fa0c6e374ed3fc3b80303c2519/transformed/jetified-material-icons-core-release.aar as it is up-to-date.
Caching disabled for AarTransform: ~/.gradle/caches/transforms-3/b6095f41f72e5a29b902f1ef21484dd1/transformed/jetified-material3-window-size-class-release because:
  Build cache is disabled
Skipping AarTransform: ~/.gradle/caches/transforms-3/b6095f41f72e5a29b902f1ef21484dd1/transformed/jetified-material3-window-size-class-release as it is up-to-date.
Transforming ui-graphics-release.aar (androidx.compose.ui:ui-graphics-android:1.6.1) with JetifyTransform
Transforming material-icons-core-release.aar (androidx.compose.material:material-icons-core-android:1.6.1) with AarTransform
Caching disabled for AarTransform: ~/.gradle/caches/transforms-3/6ca85b9e3b0b19038192d28e3fe8d0ab/transformed/jetified-material-icons-core-release because:
  Build cache is disabled
Skipping AarTransform: ~/.gradle/caches/transforms-3/6ca85b9e3b0b19038192d28e3fe8d0ab/transformed/jetified-material-icons-core-release as it is up-to-date.
Transforming foundation-layout-release.aar (androidx.compose.foundation:foundation-layout-android:1.6.1) with JetifyTransform
Caching disabled for JetifyTransform: ~/.gradle/caches/modules-2/files-2.1/androidx.compose.ui/ui-graphics-android/1.6.1/6bb0e4219220791f27c0f57228bb5746595f8a9d/ui-graphics-release.aar because:
  Build cache is disabled
Skipping JetifyTransform: ~/.gradle/caches/modules-2/files-2.1/androidx.compose.ui/ui-graphics-android/1.6.1/6bb0e4219220791f27c0f57228bb5746595f8a9d/ui-graphics-release.aar as it is up-to-date.
Transforming ui-graphics-release.aar (androidx.compose.ui:ui-graphics-android:1.6.1) with ExtractAarTransform
Caching disabled for JetifyTransform: ~/.gradle/caches/modules-2/files-2.1/androidx.compose.foundation/foundation-layout-android/1.6.1/9043a12f1dcde353155ed4b2932305b86fc0fe6b/foundation-layout-release.aar because:
  Build cache is disabled
Skipping JetifyTransform: ~/.gradle/caches/modules-2/files-2.1/androidx.compose.foundation/foundation-layout-android/1.6.1/9043a12f1dcde353155ed4b2932305b86fc0fe6b/foundation-layout-release.aar as it is up-to-date.
Transforming foundation-layout-release.aar (androidx.compose.foundation:foundation-layout-android:1.6.1) with ExtractAarTransform
Caching disabled for ExtractAarTransform: ~/.gradle/caches/transforms-3/52b5d64c58b9d777c757ddfa684b9030/transformed/jetified-foundation-layout-release.aar because:
  Build cache is disabled
Skipping ExtractAarTransform: ~/.gradle/caches/transforms-3/52b5d64c58b9d777c757ddfa684b9030/transformed/jetified-foundation-layout-release.aar as it is up-to-date.
Transforming foundation-layout-release.aar (androidx.compose.foundation:foundation-layout-android:1.6.1) with AarTransform
Caching disabled for AarTransform: ~/.gradle/caches/transforms-3/ab0296bff53da0f4182c704c11538309/transformed/jetified-activity-compose-1.7.1 because:
  Build cache is disabled
Skipping AarTransform: ~/.gradle/caches/transforms-3/ab0296bff53da0f4182c704c11538309/transformed/jetified-activity-compose-1.7.1 as it is up-to-date.
Caching disabled for ExtractAarTransform: ~/.gradle/caches/transforms-3/58dbaffb5f9e8876b06bae316edcc9ba/transformed/jetified-ui-release.aar because:
  Build cache is disabled
Skipping ExtractAarTransform: ~/.gradle/caches/transforms-3/58dbaffb5f9e8876b06bae316edcc9ba/transformed/jetified-ui-release.aar as it is up-to-date.
Transforming ui-release.aar (androidx.compose.ui:ui-android:1.6.1) with AarTransform
Caching disabled for AarTransform: ~/.gradle/caches/transforms-3/cbf35b172e63244a7cdfbe0558057126/transformed/jetified-foundation-layout-release because:
  Build cache is disabled
Skipping AarTransform: ~/.gradle/caches/transforms-3/cbf35b172e63244a7cdfbe0558057126/transformed/jetified-foundation-layout-release as it is up-to-date.
Transforming navigation-compose-2.7.0.aar (androidx.navigation:navigation-compose:2.7.0) with JetifyTransform
Transforming material-1.2.0.aar (com.google.android.material:material:1.2.0) with JetifyTransform
Caching disabled for ExtractAarTransform: ~/.gradle/caches/transforms-3/f475bb5870a42dc3217a3ef257a81932/transformed/jetified-ui-graphics-release.aar because:
  Build cache is disabled
Skipping ExtractAarTransform: ~/.gradle/caches/transforms-3/f475bb5870a42dc3217a3ef257a81932/transformed/jetified-ui-graphics-release.aar as it is up-to-date.
Transforming ui-graphics-release.aar (androidx.compose.ui:ui-graphics-android:1.6.1) with AarTransform
Caching disabled for JetifyTransform: ~/.gradle/caches/modules-2/files-2.1/androidx.navigation/navigation-compose/2.7.0/68bcb4956bf60046a3d2f33bfb28c14191fd81c5/navigation-compose-2.7.0.aar because:
  Build cache is disabled
Skipping JetifyTransform: ~/.gradle/caches/modules-2/files-2.1/androidx.navigation/navigation-compose/2.7.0/68bcb4956bf60046a3d2f33bfb28c14191fd81c5/navigation-compose-2.7.0.aar as it is up-to-date.
Caching disabled for AarTransform: ~/.gradle/caches/transforms-3/5a6f203f5e7fed813839d1d9e35f7205/transformed/jetified-ui-release because:
  Build cache is disabled
Skipping AarTransform: ~/.gradle/caches/transforms-3/5a6f203f5e7fed813839d1d9e35f7205/transformed/jetified-ui-release as it is up-to-date.
Transforming navigation-compose-2.7.0.aar (androidx.navigation:navigation-compose:2.7.0) with ExtractAarTransform
Transforming coil-compose-base-2.0.0.aar (io.coil-kt:coil-compose-base:2.0.0) with JetifyTransform
Caching disabled for AarTransform: ~/.gradle/caches/transforms-3/7b45d49ace10fab82120de3e53646a9a/transformed/jetified-ui-graphics-release because:
  Build cache is disabled
Caching disabled for JetifyTransform: ~/.gradle/caches/modules-2/files-2.1/com.google.android.material/material/1.2.0/3616de9b511a911fe2fd712ced289f7fe97de052/material-1.2.0.aar because:
  Build cache is disabled
Skipping AarTransform: ~/.gradle/caches/transforms-3/7b45d49ace10fab82120de3e53646a9a/transformed/jetified-ui-graphics-release as it is up-to-date.
Skipping JetifyTransform: ~/.gradle/caches/modules-2/files-2.1/com.google.android.material/material/1.2.0/3616de9b511a911fe2fd712ced289f7fe97de052/material-1.2.0.aar as it is up-to-date.
Transforming material-1.2.0.aar (com.google.android.material:material:1.2.0) with ExtractAarTransform
Transforming navigation-runtime-ktx-2.7.0.aar (androidx.navigation:navigation-runtime-ktx:2.7.0) with JetifyTransform
Caching disabled for JetifyTransform: ~/.gradle/caches/modules-2/files-2.1/io.coil-kt/coil-compose-base/2.0.0/b3f9a9b90bcdae9c62efe92904a97bcc58c7296b/coil-compose-base-2.0.0.aar because:
  Build cache is disabled
Skipping JetifyTransform: ~/.gradle/caches/modules-2/files-2.1/io.coil-kt/coil-compose-base/2.0.0/b3f9a9b90bcdae9c62efe92904a97bcc58c7296b/coil-compose-base-2.0.0.aar as it is up-to-date.
Caching disabled for ExtractAarTransform: ~/.gradle/caches/transforms-3/7fc40b7574a825141f7efb7b652ef7a8/transformed/jetified-navigation-compose-2.7.0.aar because:
  Build cache is disabled
Skipping ExtractAarTransform: ~/.gradle/caches/transforms-3/7fc40b7574a825141f7efb7b652ef7a8/transformed/jetified-navigation-compose-2.7.0.aar as it is up-to-date.
Transforming coil-compose-base-2.0.0.aar (io.coil-kt:coil-compose-base:2.0.0) with ExtractAarTransform
Transforming navigation-compose-2.7.0.aar (androidx.navigation:navigation-compose:2.7.0) with AarTransform
Caching disabled for JetifyTransform: ~/.gradle/caches/modules-2/files-2.1/androidx.navigation/navigation-runtime-ktx/2.7.0/4a8bc53b40b57db4bdfe10e830cc4ac9d9af9ba1/navigation-runtime-ktx-2.7.0.aar because:
  Build cache is disabled
Skipping JetifyTransform: ~/.gradle/caches/modules-2/files-2.1/androidx.navigation/navigation-runtime-ktx/2.7.0/4a8bc53b40b57db4bdfe10e830cc4ac9d9af9ba1/navigation-runtime-ktx-2.7.0.aar as it is up-to-date.
Transforming navigation-runtime-ktx-2.7.0.aar (androidx.navigation:navigation-runtime-ktx:2.7.0) with ExtractAarTransform
Caching disabled for AarTransform: ~/.gradle/caches/transforms-3/2255a581edd9e694cdd5fc201e351b32/transformed/jetified-navigation-compose-2.7.0 because:
  Build cache is disabled
Skipping AarTransform: ~/.gradle/caches/transforms-3/2255a581edd9e694cdd5fc201e351b32/transformed/jetified-navigation-compose-2.7.0 as it is up-to-date.
Transforming play-services-auth-base-18.0.4.aar (com.google.android.gms:play-services-auth-base:18.0.4) with JetifyTransform
Caching disabled for ExtractAarTransform: ~/.gradle/caches/transforms-3/fb6416613b7a5f137d8bf623066ac860/transformed/jetified-coil-compose-base-2.0.0.aar because:
  Build cache is disabled
Skipping ExtractAarTransform: ~/.gradle/caches/transforms-3/fb6416613b7a5f137d8bf623066ac860/transformed/jetified-coil-compose-base-2.0.0.aar as it is up-to-date.
Transforming coil-compose-base-2.0.0.aar (io.coil-kt:coil-compose-base:2.0.0) with AarTransform
Caching disabled for JetifyTransform: ~/.gradle/caches/modules-2/files-2.1/com.google.android.gms/play-services-auth-base/18.0.4/7f21898d8c01a18cd55d2872913f66e280a60d27/play-services-auth-base-18.0.4.aar because:
  Build cache is disabled
Skipping JetifyTransform: ~/.gradle/caches/modules-2/files-2.1/com.google.android.gms/play-services-auth-base/18.0.4/7f21898d8c01a18cd55d2872913f66e280a60d27/play-services-auth-base-18.0.4.aar as it is up-to-date.
Transforming play-services-auth-base-18.0.4.aar (com.google.android.gms:play-services-auth-base:18.0.4) with ExtractAarTransform
Caching disabled for AarTransform: ~/.gradle/caches/transforms-3/eaf4160b542b0499b6b73f7db65252d7/transformed/jetified-coil-compose-base-2.0.0 because:
  Build cache is disabled
Skipping AarTransform: ~/.gradle/caches/transforms-3/eaf4160b542b0499b6b73f7db65252d7/transformed/jetified-coil-compose-base-2.0.0 as it is up-to-date.
Transforming foundation-release.aar (androidx.compose.foundation:foundation-android:1.6.1) with JetifyTransform
Caching disabled for ExtractAarTransform: ~/.gradle/caches/modules-2/files-2.1/androidx.navigation/navigation-runtime-ktx/2.7.0/4a8bc53b40b57db4bdfe10e830cc4ac9d9af9ba1/navigation-runtime-ktx-2.7.0.aar because:
  Build cache is disabled
Skipping ExtractAarTransform: ~/.gradle/caches/modules-2/files-2.1/androidx.navigation/navigation-runtime-ktx/2.7.0/4a8bc53b40b57db4bdfe10e830cc4ac9d9af9ba1/navigation-runtime-ktx-2.7.0.aar as it is up-to-date.
Transforming navigation-runtime-ktx-2.7.0.aar (androidx.navigation:navigation-runtime-ktx:2.7.0) with AarTransform
Caching disabled for ExtractAarTransform: ~/.gradle/caches/transforms-3/3f3c35ff92f5cc414e374b0593bd32b1/transformed/jetified-play-services-auth-base-18.0.4.aar because:
  Build cache is disabled
Skipping ExtractAarTransform: ~/.gradle/caches/transforms-3/3f3c35ff92f5cc414e374b0593bd32b1/transformed/jetified-play-services-auth-base-18.0.4.aar as it is up-to-date.
Caching disabled for AarTransform: ~/.gradle/caches/transforms-3/66a760f6e63c09010c25a975f2158b0f/transformed/navigation-runtime-ktx-2.7.0 because:
  Build cache is disabled
Skipping AarTransform: ~/.gradle/caches/transforms-3/66a760f6e63c09010c25a975f2158b0f/transformed/navigation-runtime-ktx-2.7.0 as it is up-to-date.
Transforming play-services-auth-base-18.0.4.aar (com.google.android.gms:play-services-auth-base:18.0.4) with AarTransform
Transforming play-services-auth-api-phone-18.0.1.aar (com.google.android.gms:play-services-auth-api-phone:18.0.1) with JetifyTransform
Caching disabled for AarTransform: ~/.gradle/caches/transforms-3/92c29c4b255532babecd42314d8fdc89/transformed/jetified-play-services-auth-base-18.0.4 because:
  Build cache is disabled
Skipping AarTransform: ~/.gradle/caches/transforms-3/92c29c4b255532babecd42314d8fdc89/transformed/jetified-play-services-auth-base-18.0.4 as it is up-to-date.
Transforming material3-release.aar (androidx.compose.material3:material3-android:1.2.0) with JetifyTransform
Caching disabled for JetifyTransform: ~/.gradle/caches/modules-2/files-2.1/com.google.android.gms/play-services-auth-api-phone/18.0.1/64ea11ddb51e0279869de9ba8a07a0a238f21549/play-services-auth-api-phone-18.0.1.aar because:
  Build cache is disabled
Skipping JetifyTransform: ~/.gradle/caches/modules-2/files-2.1/com.google.android.gms/play-services-auth-api-phone/18.0.1/64ea11ddb51e0279869de9ba8a07a0a238f21549/play-services-auth-api-phone-18.0.1.aar as it is up-to-date.
Transforming play-services-auth-api-phone-18.0.1.aar (com.google.android.gms:play-services-auth-api-phone:18.0.1) with ExtractAarTransform
Caching disabled for JetifyTransform: ~/.gradle/caches/modules-2/files-2.1/androidx.compose.material3/material3-android/1.2.0/543f77149e0a393bedb444c4382ba9d49a5750ca/material3-release.aar because:
  Build cache is disabled
Skipping JetifyTransform: ~/.gradle/caches/modules-2/files-2.1/androidx.compose.material3/material3-android/1.2.0/543f77149e0a393bedb444c4382ba9d49a5750ca/material3-release.aar as it is up-to-date.
Transforming material3-release.aar (androidx.compose.material3:material3-android:1.2.0) with ExtractAarTransform
Caching disabled for ExtractAarTransform: ~/.gradle/caches/transforms-3/92ad30b5d5a9c3b00bb11372d99f5fee/transformed/jetified-play-services-auth-api-phone-18.0.1.aar because:
  Build cache is disabled
Skipping ExtractAarTransform: ~/.gradle/caches/transforms-3/92ad30b5d5a9c3b00bb11372d99f5fee/transformed/jetified-play-services-auth-api-phone-18.0.1.aar as it is up-to-date.
Transforming play-services-auth-api-phone-18.0.1.aar (com.google.android.gms:play-services-auth-api-phone:18.0.1) with AarTransform
Caching disabled for AarTransform: ~/.gradle/caches/transforms-3/90ed19349c73e3a702f875e3ee32cf3e/transformed/jetified-play-services-auth-api-phone-18.0.1 because:
  Build cache is disabled
Skipping AarTransform: ~/.gradle/caches/transforms-3/90ed19349c73e3a702f875e3ee32cf3e/transformed/jetified-play-services-auth-api-phone-18.0.1 as it is up-to-date.
Transforming navigation-common-ktx-2.7.0.aar (androidx.navigation:navigation-common-ktx:2.7.0) with JetifyTransform
Caching disabled for JetifyTransform: ~/.gradle/caches/modules-2/files-2.1/androidx.navigation/navigation-common-ktx/2.7.0/f9ab0e0455aeea20c0fa9a8b4cc9f37acc4cf08c/navigation-common-ktx-2.7.0.aar because:
  Build cache is disabled
Skipping JetifyTransform: ~/.gradle/caches/modules-2/files-2.1/androidx.navigation/navigation-common-ktx/2.7.0/f9ab0e0455aeea20c0fa9a8b4cc9f37acc4cf08c/navigation-common-ktx-2.7.0.aar as it is up-to-date.
Transforming navigation-common-ktx-2.7.0.aar (androidx.navigation:navigation-common-ktx:2.7.0) with ExtractAarTransform
Caching disabled for ExtractAarTransform: ~/.gradle/caches/modules-2/files-2.1/com.google.android.material/material/1.2.0/3616de9b511a911fe2fd712ced289f7fe97de052/material-1.2.0.aar because:
  Build cache is disabled
Skipping ExtractAarTransform: ~/.gradle/caches/modules-2/files-2.1/com.google.android.material/material/1.2.0/3616de9b511a911fe2fd712ced289f7fe97de052/material-1.2.0.aar as it is up-to-date.
Transforming material-1.2.0.aar (com.google.android.material:material:1.2.0) with AarTransform
Caching disabled for JetifyTransform: ~/.gradle/caches/modules-2/files-2.1/androidx.compose.foundation/foundation-android/1.6.1/a63525fef18311b31a1470417478901aee324f57/foundation-release.aar because:
  Build cache is disabled
Skipping JetifyTransform: ~/.gradle/caches/modules-2/files-2.1/androidx.compose.foundation/foundation-android/1.6.1/a63525fef18311b31a1470417478901aee324f57/foundation-release.aar as it is up-to-date.
Transforming foundation-release.aar (androidx.compose.foundation:foundation-android:1.6.1) with ExtractAarTransform
Caching disabled for ExtractAarTransform: ~/.gradle/caches/modules-2/files-2.1/androidx.navigation/navigation-common-ktx/2.7.0/f9ab0e0455aeea20c0fa9a8b4cc9f37acc4cf08c/navigation-common-ktx-2.7.0.aar because:
  Build cache is disabled
Skipping ExtractAarTransform: ~/.gradle/caches/modules-2/files-2.1/androidx.navigation/navigation-common-ktx/2.7.0/f9ab0e0455aeea20c0fa9a8b4cc9f37acc4cf08c/navigation-common-ktx-2.7.0.aar as it is up-to-date.
Transforming navigation-common-ktx-2.7.0.aar (androidx.navigation:navigation-common-ktx:2.7.0) with AarTransform
Caching disabled for AarTransform: ~/.gradle/caches/transforms-3/9e19dd4eddf1526c596bfc7fac48dace/transformed/material-1.2.0 because:
  Build cache is disabled
Skipping AarTransform: ~/.gradle/caches/transforms-3/9e19dd4eddf1526c596bfc7fac48dace/transformed/material-1.2.0 as it is up-to-date.
Transforming ui-text-release.aar (androidx.compose.ui:ui-text-android:1.6.1) with JetifyTransform
Caching disabled for AarTransform: ~/.gradle/caches/transforms-3/2cfbf6603ea66c174c7ccb8429cf167e/transformed/navigation-common-ktx-2.7.0 because:
  Build cache is disabled
Skipping AarTransform: ~/.gradle/caches/transforms-3/2cfbf6603ea66c174c7ccb8429cf167e/transformed/navigation-common-ktx-2.7.0 as it is up-to-date.
Transforming ui-unit-release.aar (androidx.compose.ui:ui-unit-android:1.6.1) with JetifyTransform
Caching disabled for JetifyTransform: ~/.gradle/caches/modules-2/files-2.1/androidx.compose.ui/ui-unit-android/1.6.1/a6d09090502a8682fc3c2b5896c07e7c874973ab/ui-unit-release.aar because:
  Build cache is disabled
Skipping JetifyTransform: ~/.gradle/caches/modules-2/files-2.1/androidx.compose.ui/ui-unit-android/1.6.1/a6d09090502a8682fc3c2b5896c07e7c874973ab/ui-unit-release.aar as it is up-to-date.
Transforming ui-unit-release.aar (androidx.compose.ui:ui-unit-android:1.6.1) with ExtractAarTransform
Caching disabled for ExtractAarTransform: ~/.gradle/caches/transforms-3/9b6b229f455b6e025cd33286b010eda3/transformed/jetified-material3-release.aar because:
  Build cache is disabled
Skipping ExtractAarTransform: ~/.gradle/caches/transforms-3/9b6b229f455b6e025cd33286b010eda3/transformed/jetified-material3-release.aar as it is up-to-date.
Transforming material3-release.aar (androidx.compose.material3:material3-android:1.2.0) with AarTransform
Caching disabled for ExtractAarTransform: ~/.gradle/caches/transforms-3/dabed43554e64dc5aa957cb9d84b8991/transformed/jetified-ui-unit-release.aar because:
  Build cache is disabled
Skipping ExtractAarTransform: ~/.gradle/caches/transforms-3/dabed43554e64dc5aa957cb9d84b8991/transformed/jetified-ui-unit-release.aar as it is up-to-date.
Caching disabled for JetifyTransform: ~/.gradle/caches/modules-2/files-2.1/androidx.compose.ui/ui-text-android/1.6.1/7c69dc472e270a5afa4dbdd6e7e2cc4f33857ee3/ui-text-release.aar because:
  Build cache is disabled
Skipping JetifyTransform: ~/.gradle/caches/modules-2/files-2.1/androidx.compose.ui/ui-text-android/1.6.1/7c69dc472e270a5afa4dbdd6e7e2cc4f33857ee3/ui-text-release.aar as it is up-to-date.
Transforming ui-text-release.aar (androidx.compose.ui:ui-text-android:1.6.1) with ExtractAarTransform
Transforming ui-unit-release.aar (androidx.compose.ui:ui-unit-android:1.6.1) with AarTransform
Caching disabled for AarTransform: ~/.gradle/caches/transforms-3/061a33163253ca2b20f29868a72c12dc/transformed/jetified-material3-release because:
  Build cache is disabled
Skipping AarTransform: ~/.gradle/caches/transforms-3/061a33163253ca2b20f29868a72c12dc/transformed/jetified-material3-release as it is up-to-date.
Transforming animation-core-release.aar (androidx.compose.animation:animation-core-android:1.6.1) with JetifyTransform
Caching disabled for AarTransform: ~/.gradle/caches/transforms-3/d46d9e20913b2943a41edfbee6c3fc7b/transformed/jetified-ui-unit-release because:
  Build cache is disabled
Skipping AarTransform: ~/.gradle/caches/transforms-3/d46d9e20913b2943a41edfbee6c3fc7b/transformed/jetified-ui-unit-release as it is up-to-date.
Caching disabled for JetifyTransform: ~/.gradle/caches/modules-2/files-2.1/androidx.compose.animation/animation-core-android/1.6.1/e5d2cf7e510ac07874ec0ef1ca8b5c4e7ebdc28a/animation-core-release.aar because:
  Build cache is disabled
Caching disabled for ExtractAarTransform: ~/.gradle/caches/transforms-3/2981522107752e903907fc274a7beab4/transformed/jetified-ui-text-release.aar because:
  Build cache is disabled
Skipping JetifyTransform: ~/.gradle/caches/modules-2/files-2.1/androidx.compose.animation/animation-core-android/1.6.1/e5d2cf7e510ac07874ec0ef1ca8b5c4e7ebdc28a/animation-core-release.aar as it is up-to-date.
Transforming animation-core-release.aar (androidx.compose.animation:animation-core-android:1.6.1) with ExtractAarTransform
Skipping ExtractAarTransform: ~/.gradle/caches/transforms-3/2981522107752e903907fc274a7beab4/transformed/jetified-ui-text-release.aar as it is up-to-date.
Transforming ui-text-release.aar (androidx.compose.ui:ui-text-android:1.6.1) with AarTransform
Transforming ui-util-release.aar (androidx.compose.ui:ui-util-android:1.6.1) with JetifyTransform
Caching disabled for AarTransform: ~/.gradle/caches/transforms-3/84c5ee758d54ed8d39985183b5170d2f/transformed/jetified-ui-text-release because:
  Build cache is disabled
Skipping AarTransform: ~/.gradle/caches/transforms-3/84c5ee758d54ed8d39985183b5170d2f/transformed/jetified-ui-text-release as it is up-to-date.
Transforming animation-release.aar (androidx.compose.animation:animation-android:1.6.1) with JetifyTransform
Caching disabled for JetifyTransform: ~/.gradle/caches/modules-2/files-2.1/androidx.compose.ui/ui-util-android/1.6.1/d64459caf0e9d7a9b34049fedb23adcd5fa7367d/ui-util-release.aar because:
  Build cache is disabled
Skipping JetifyTransform: ~/.gradle/caches/modules-2/files-2.1/androidx.compose.ui/ui-util-android/1.6.1/d64459caf0e9d7a9b34049fedb23adcd5fa7367d/ui-util-release.aar as it is up-to-date.
Transforming ui-util-release.aar (androidx.compose.ui:ui-util-android:1.6.1) with ExtractAarTransform
Caching disabled for ExtractAarTransform: ~/.gradle/caches/transforms-3/5d19fa23ae03d36a1469afadb947cddf/transformed/jetified-animation-core-release.aar because:
  Build cache is disabled
Skipping ExtractAarTransform: ~/.gradle/caches/transforms-3/5d19fa23ae03d36a1469afadb947cddf/transformed/jetified-animation-core-release.aar as it is up-to-date.
Transforming animation-core-release.aar (androidx.compose.animation:animation-core-android:1.6.1) with AarTransform
Caching disabled for JetifyTransform: ~/.gradle/caches/modules-2/files-2.1/androidx.compose.animation/animation-android/1.6.1/a4d0c38d866ed0c45ca9bccf3e1a4ea8fbb9bae9/animation-release.aar because:
  Build cache is disabled
Skipping JetifyTransform: ~/.gradle/caches/modules-2/files-2.1/androidx.compose.animation/animation-android/1.6.1/a4d0c38d866ed0c45ca9bccf3e1a4ea8fbb9bae9/animation-release.aar as it is up-to-date.
Transforming animation-release.aar (androidx.compose.animation:animation-android:1.6.1) with ExtractAarTransform
Caching disabled for AarTransform: ~/.gradle/caches/transforms-3/e2595fb66819c09fd65ae4a9e519b50b/transformed/jetified-animation-core-release because:
  Build cache is disabled
Skipping AarTransform: ~/.gradle/caches/transforms-3/e2595fb66819c09fd65ae4a9e519b50b/transformed/jetified-animation-core-release as it is up-to-date.
Transforming viewpager2-1.0.0.aar (androidx.viewpager2:viewpager2:1.0.0) with JetifyTransform
Caching disabled for ExtractAarTransform: ~/.gradle/caches/transforms-3/508b26ff1c6c33e2e204ee9aaea4ecc1/transformed/jetified-foundation-release.aar because:
  Build cache is disabled
Caching disabled for ExtractAarTransform: ~/.gradle/caches/transforms-3/88bbaabf0fad315f9744efbe30234d67/transformed/jetified-ui-util-release.aar because:
  Build cache is disabled
Skipping ExtractAarTransform: ~/.gradle/caches/transforms-3/88bbaabf0fad315f9744efbe30234d67/transformed/jetified-ui-util-release.aar as it is up-to-date.
Skipping ExtractAarTransform: ~/.gradle/caches/transforms-3/508b26ff1c6c33e2e204ee9aaea4ecc1/transformed/jetified-foundation-release.aar as it is up-to-date.
Transforming ui-util-release.aar (androidx.compose.ui:ui-util-android:1.6.1) with AarTransform
Transforming foundation-release.aar (androidx.compose.foundation:foundation-android:1.6.1) with AarTransform
Caching disabled for ExtractAarTransform: ~/.gradle/caches/transforms-3/488f16fe966e0faa12a34d13ba0906d1/transformed/jetified-animation-release.aar because:
  Build cache is disabled
Skipping ExtractAarTransform: ~/.gradle/caches/transforms-3/488f16fe966e0faa12a34d13ba0906d1/transformed/jetified-animation-release.aar as it is up-to-date.
Caching disabled for AarTransform: ~/.gradle/caches/transforms-3/3521de6b8848f9a8e2e8bf5a2173f78b/transformed/jetified-ui-util-release because:
  Build cache is disabled
Skipping AarTransform: ~/.gradle/caches/transforms-3/3521de6b8848f9a8e2e8bf5a2173f78b/transformed/jetified-ui-util-release as it is up-to-date.
Transforming animation-release.aar (androidx.compose.animation:animation-android:1.6.1) with AarTransform
Caching disabled for AarTransform: ~/.gradle/caches/transforms-3/b6c9f045fb2c75106aeba0d2cee3e5af/transformed/jetified-foundation-release because:
  Build cache is disabled
Skipping AarTransform: ~/.gradle/caches/transforms-3/b6c9f045fb2c75106aeba0d2cee3e5af/transformed/jetified-foundation-release as it is up-to-date.
Caching disabled for JetifyTransform: ~/.gradle/caches/modules-2/files-2.1/androidx.viewpager2/viewpager2/1.0.0/91c378a09ddff66e1bb73e90edeac53487d2832b/viewpager2-1.0.0.aar because:
  Build cache is disabled
Skipping JetifyTransform: ~/.gradle/caches/modules-2/files-2.1/androidx.viewpager2/viewpager2/1.0.0/91c378a09ddff66e1bb73e90edeac53487d2832b/viewpager2-1.0.0.aar as it is up-to-date.
Transforming viewpager2-1.0.0.aar (androidx.viewpager2:viewpager2:1.0.0) with ExtractAarTransform
Caching disabled for AarTransform: ~/.gradle/caches/transforms-3/b05fc11c0ba16ff3b6e03ce6d681b90d/transformed/jetified-animation-release because:
  Build cache is disabled
Skipping AarTransform: ~/.gradle/caches/transforms-3/b05fc11c0ba16ff3b6e03ce6d681b90d/transformed/jetified-animation-release as it is up-to-date.
Caching disabled for ExtractAarTransform: ~/.gradle/caches/transforms-3/2da70fab5cc108650b128dd1cc6fd15f/transformed/jetified-viewpager2-1.0.0.aar because:
  Build cache is disabled
Skipping ExtractAarTransform: ~/.gradle/caches/transforms-3/2da70fab5cc108650b128dd1cc6fd15f/transformed/jetified-viewpager2-1.0.0.aar as it is up-to-date.
Transforming viewpager2-1.0.0.aar (androidx.viewpager2:viewpager2:1.0.0) with AarTransform
Caching disabled for AarTransform: ~/.gradle/caches/transforms-3/9b17bc7c93fbf09b155b618530a901a6/transformed/jetified-viewpager2-1.0.0 because:
  Build cache is disabled
Skipping AarTransform: ~/.gradle/caches/transforms-3/9b17bc7c93fbf09b155b618530a901a6/transformed/jetified-viewpager2-1.0.0 as it is up-to-date.
Transforming viewbinding-7.4.2.aar (androidx.databinding:viewbinding:7.4.2) with JetifyTransform
Transforming viewbinding-7.4.2.aar (androidx.databinding:viewbinding:7.4.2) with ExtractAarTransform
Transforming viewbinding-7.4.2.aar (androidx.databinding:viewbinding:7.4.2) with AarTransform
Transforming accompanist-systemuicontroller-0.23.0.aar (com.google.accompanist:accompanist-systemuicontroller:0.23.0) with JetifyTransform
Transforming accompanist-systemuicontroller-0.23.0.aar (com.google.accompanist:accompanist-systemuicontroller:0.23.0) with ExtractAarTransform
Transforming accompanist-systemuicontroller-0.23.0.aar (com.google.accompanist:accompanist-systemuicontroller:0.23.0) with AarTransform
Transforming coil-compose-2.0.0.aar (io.coil-kt:coil-compose:2.0.0) with JetifyTransform
Transforming coil-compose-2.0.0.aar (io.coil-kt:coil-compose:2.0.0) with ExtractAarTransform
Transforming coil-compose-2.0.0.aar (io.coil-kt:coil-compose:2.0.0) with AarTransform
Transforming coil-compose-base-2.0.0.aar (io.coil-kt:coil-compose-base:2.0.0) with JetifyTransform
Transforming coil-compose-base-2.0.0.aar (io.coil-kt:coil-compose-base:2.0.0) with ExtractAarTransform
Transforming coil-compose-base-2.0.0.aar (io.coil-kt:coil-compose-base:2.0.0) with AarTransform
Transforming coil-2.0.0.aar (io.coil-kt:coil:2.0.0) with JetifyTransform
Transforming coil-2.0.0.aar (io.coil-kt:coil:2.0.0) with ExtractAarTransform
Transforming coil-2.0.0.aar (io.coil-kt:coil:2.0.0) with AarTransform
Transforming coil-base-2.0.0.aar (io.coil-kt:coil-base:2.0.0) with JetifyTransform
Transforming coil-base-2.0.0.aar (io.coil-kt:coil-base:2.0.0) with ExtractAarTransform
Transforming coil-base-2.0.0.aar (io.coil-kt:coil-base:2.0.0) with AarTransform
Transforming msal-6.2.0.aar (com.microsoft.identity.client:msal:6.2.0) with JetifyTransform
Transforming msal-6.2.0.aar (com.microsoft.identity.client:msal:6.2.0) with ExtractAarTransform
Transforming msal-6.2.0.aar (com.microsoft.identity.client:msal:6.2.0) with AarTransform
Transforming common-21.4.0.aar (com.microsoft.identity:common:21.4.0) with JetifyTransform
Transforming common-21.4.0.aar (com.microsoft.identity:common:21.4.0) with ExtractAarTransform
Transforming common-21.4.0.aar (com.microsoft.identity:common:21.4.0) with AarTransform
Transforming accompanist-drawablepainter-0.23.1.aar (com.google.accompanist:accompanist-drawablepainter:0.23.1) with JetifyTransform
Transforming work-runtime-ktx-2.8.1.aar (androidx.work:work-runtime-ktx:2.8.1) with JetifyTransform
Transforming work-runtime-ktx-2.8.1.aar (androidx.work:work-runtime-ktx:2.8.1) with ExtractAarTransform
Transforming credentials-1.2.2.aar (androidx.credentials:credentials:1.2.2) with JetifyTransform
Transforming credentials-1.2.2.aar (androidx.credentials:credentials:1.2.2) with JetifyTransform
Transforming work-runtime-ktx-2.8.1.aar (androidx.work:work-runtime-ktx:2.8.1) with AarTransform
Transforming navigation-common-2.7.0.aar (androidx.navigation:navigation-common:2.7.0) with JetifyTransform
Transforming navigation-common-2.7.0.aar (androidx.navigation:navigation-common:2.7.0) with ExtractAarTransform
Transforming navigation-common-2.7.0.aar (androidx.navigation:navigation-common:2.7.0) with AarTransform
Transforming navigation-runtime-2.7.0.aar (androidx.navigation:navigation-runtime:2.7.0) with JetifyTransform
Transforming navigation-runtime-2.7.0.aar (androidx.navigation:navigation-runtime:2.7.0) with ExtractAarTransform
Transforming navigation-runtime-2.7.0.aar (androidx.navigation:navigation-runtime:2.7.0) with AarTransform
Transforming navigation-common-ktx-2.7.0.aar (androidx.navigation:navigation-common-ktx:2.7.0) with JetifyTransform
Transforming navigation-common-ktx-2.7.0.aar (androidx.navigation:navigation-common-ktx:2.7.0) with ExtractAarTransform
Transforming navigation-common-ktx-2.7.0.aar (androidx.navigation:navigation-common-ktx:2.7.0) with AarTransform
Caching disabled for JetifyTransform: ~/.gradle/caches/modules-2/files-2.1/com.google.accompanist/accompanist-drawablepainter/0.23.1/b66eb3b4550e938844dd74ea6fed6f6ba4d9ccca/accompanist-drawablepainter-0.23.1.aar because:
  Build cache is disabled
Skipping JetifyTransform: ~/.gradle/caches/modules-2/files-2.1/com.google.accompanist/accompanist-drawablepainter/0.23.1/b66eb3b4550e938844dd74ea6fed6f6ba4d9ccca/accompanist-drawablepainter-0.23.1.aar as it is up-to-date.
Transforming navigation-runtime-ktx-2.7.0.aar (androidx.navigation:navigation-runtime-ktx:2.7.0) with JetifyTransform
Transforming navigation-runtime-ktx-2.7.0.aar (androidx.navigation:navigation-runtime-ktx:2.7.0) with ExtractAarTransform
Transforming navigation-runtime-ktx-2.7.0.aar (androidx.navigation:navigation-runtime-ktx:2.7.0) with AarTransform
Transforming navigation-compose-2.7.0.aar (androidx.navigation:navigation-compose:2.7.0) with JetifyTransform
Transforming navigation-compose-2.7.0.aar (androidx.navigation:navigation-compose:2.7.0) with ExtractAarTransform
Transforming navigation-compose-2.7.0.aar (androidx.navigation:navigation-compose:2.7.0) with AarTransform
Transforming constraintlayout-2.1.3.aar (androidx.constraintlayout:constraintlayout:2.1.3) with JetifyTransform
Transforming constraintlayout-2.1.3.aar (androidx.constraintlayout:constraintlayout:2.1.3) with ExtractAarTransform
Transforming constraintlayout-2.1.3.aar (androidx.constraintlayout:constraintlayout:2.1.3) with AarTransform
Transforming accompanist-drawablepainter-0.23.1.aar (com.google.accompanist:accompanist-drawablepainter:0.23.1) with ExtractAarTransform
Caching disabled for JetifyTransform: ~/.gradle/caches/modules-2/files-2.1/androidx.credentials/credentials/1.2.2/bab9498e58a7cde238747146641ac246429399d/credentials-1.2.2.aar because:
  Build cache is disabled
Skipping JetifyTransform: ~/.gradle/caches/modules-2/files-2.1/androidx.credentials/credentials/1.2.2/bab9498e58a7cde238747146641ac246429399d/credentials-1.2.2.aar as it is up-to-date.
Transforming credentials-1.2.2.aar (androidx.credentials:credentials:1.2.2) with ExtractAarTransform
Transforming credentials-1.2.2.aar (androidx.credentials:credentials:1.2.2) with ExtractAarTransform
Transforming material-1.2.0.aar (com.google.android.material:material:1.2.0) with JetifyTransform
Transforming material-1.2.0.aar (com.google.android.material:material:1.2.0) with ExtractAarTransform
Transforming material-1.2.0.aar (com.google.android.material:material:1.2.0) with AarTransform
Transforming appcompat-resources-1.6.1.aar (androidx.appcompat:appcompat-resources:1.6.1) with JetifyTransform
Transforming appcompat-resources-1.6.1.aar (androidx.appcompat:appcompat-resources:1.6.1) with ExtractAarTransform
Transforming appcompat-resources-1.6.1.aar (androidx.appcompat:appcompat-resources:1.6.1) with AarTransform
Transforming appcompat-1.6.1.aar (androidx.appcompat:appcompat:1.6.1) with JetifyTransform
Transforming appcompat-1.6.1.aar (androidx.appcompat:appcompat:1.6.1) with ExtractAarTransform
Transforming appcompat-1.6.1.aar (androidx.appcompat:appcompat:1.6.1) with AarTransform
Caching disabled for ExtractAarTransform: ~/.gradle/caches/transforms-3/b8a7b8bf07dc719e86e918c6741d4429/transformed/jetified-accompanist-drawablepainter-0.23.1.aar because:
  Build cache is disabled
Skipping ExtractAarTransform: ~/.gradle/caches/transforms-3/b8a7b8bf07dc719e86e918c6741d4429/transformed/jetified-accompanist-drawablepainter-0.23.1.aar as it is up-to-date.
Transforming accompanist-drawablepainter-0.23.1.aar (com.google.accompanist:accompanist-drawablepainter:0.23.1) with AarTransform
Transforming material3-window-size-class-release.aar (androidx.compose.material3:material3-window-size-class-android:1.2.0) with JetifyTransform
Transforming material3-window-size-class-release.aar (androidx.compose.material3:material3-window-size-class-android:1.2.0) with ExtractAarTransform
Transforming material3-window-size-class-release.aar (androidx.compose.material3:material3-window-size-class-android:1.2.0) with AarTransform
Transforming material3-release.aar (androidx.compose.material3:material3-android:1.2.0) with JetifyTransform
Transforming material3-release.aar (androidx.compose.material3:material3-android:1.2.0) with ExtractAarTransform
Transforming material3-release.aar (androidx.compose.material3:material3-android:1.2.0) with AarTransform
Transforming glide-4.11.0.aar (com.github.bumptech.glide:glide:4.11.0) with JetifyTransform
Transforming glide-4.11.0.aar (com.github.bumptech.glide:glide:4.11.0) with ExtractAarTransform
Transforming glide-4.11.0.aar (com.github.bumptech.glide:glide:4.11.0) with AarTransform
Transforming viewpager2-1.0.0.aar (androidx.viewpager2:viewpager2:1.0.0) with JetifyTransform
Transforming viewpager2-1.0.0.aar (androidx.viewpager2:viewpager2:1.0.0) with ExtractAarTransform
Transforming viewpager2-1.0.0.aar (androidx.viewpager2:viewpager2:1.0.0) with AarTransform
Transforming play-services-auth-20.7.0.aar (com.google.android.gms:play-services-auth:20.7.0) with JetifyTransform
Transforming play-services-auth-20.7.0.aar (com.google.android.gms:play-services-auth:20.7.0) with ExtractAarTransform
Transforming play-services-auth-20.7.0.aar (com.google.android.gms:play-services-auth:20.7.0) with AarTransform
Transforming fragment-1.3.6.aar (androidx.fragment:fragment:1.3.6) with JetifyTransform
Transforming fragment-1.3.6.aar (androidx.fragment:fragment:1.3.6) with ExtractAarTransform
Transforming fragment-1.3.6.aar (androidx.fragment:fragment:1.3.6) with AarTransform
Transforming loader-1.0.0.aar (androidx.loader:loader:1.0.0) with JetifyTransform
Transforming loader-1.0.0.aar (androidx.loader:loader:1.0.0) with ExtractAarTransform
Transforming loader-1.0.0.aar (androidx.loader:loader:1.0.0) with AarTransform
Transforming material-icons-core-release.aar (androidx.compose.material:material-icons-core-android:1.6.1) with JetifyTransform
Transforming material-icons-core-release.aar (androidx.compose.material:material-icons-core-android:1.6.1) with ExtractAarTransform
Transforming material-icons-core-release.aar (androidx.compose.material:material-icons-core-android:1.6.1) with AarTransform
Transforming material-ripple-release.aar (androidx.compose.material:material-ripple-android:1.6.1) with JetifyTransform
Transforming material-ripple-release.aar (androidx.compose.material:material-ripple-android:1.6.1) with ExtractAarTransform
Transforming material-ripple-release.aar (androidx.compose.material:material-ripple-android:1.6.1) with AarTransform
Transforming foundation-release.aar (androidx.compose.foundation:foundation-android:1.6.1) with JetifyTransform
Transforming foundation-release.aar (androidx.compose.foundation:foundation-android:1.6.1) with ExtractAarTransform
Transforming foundation-release.aar (androidx.compose.foundation:foundation-android:1.6.1) with AarTransform
Transforming foundation-layout-release.aar (androidx.compose.foundation:foundation-layout-android:1.6.1) with JetifyTransform
Transforming foundation-layout-release.aar (androidx.compose.foundation:foundation-layout-android:1.6.1) with ExtractAarTransform
Transforming foundation-layout-release.aar (androidx.compose.foundation:foundation-layout-android:1.6.1) with AarTransform
Transforming animation-core-release.aar (androidx.compose.animation:animation-core-android:1.6.1) with JetifyTransform
Transforming animation-core-release.aar (androidx.compose.animation:animation-core-android:1.6.1) with ExtractAarTransform
Transforming animation-core-release.aar (androidx.compose.animation:animation-core-android:1.6.1) with AarTransform
Transforming animation-release.aar (androidx.compose.animation:animation-android:1.6.1) with JetifyTransform
Transforming animation-release.aar (androidx.compose.animation:animation-android:1.6.1) with ExtractAarTransform
Transforming animation-release.aar (androidx.compose.animation:animation-android:1.6.1) with AarTransform
Transforming ui-tooling-data-release.aar (androidx.compose.ui:ui-tooling-data-android:1.6.1) with JetifyTransform
Transforming ui-tooling-data-release.aar (androidx.compose.ui:ui-tooling-data-android:1.6.1) with ExtractAarTransform
Transforming ui-tooling-data-release.aar (androidx.compose.ui:ui-tooling-data-android:1.6.1) with AarTransform
Transforming ui-geometry-release.aar (androidx.compose.ui:ui-geometry-android:1.6.1) with JetifyTransform
Transforming ui-geometry-release.aar (androidx.compose.ui:ui-geometry-android:1.6.1) with ExtractAarTransform
Transforming ui-geometry-release.aar (androidx.compose.ui:ui-geometry-android:1.6.1) with AarTransform
Transforming ui-unit-release.aar (androidx.compose.ui:ui-unit-android:1.6.1) with JetifyTransform
Transforming ui-unit-release.aar (androidx.compose.ui:ui-unit-android:1.6.1) with ExtractAarTransform
Transforming ui-unit-release.aar (androidx.compose.ui:ui-unit-android:1.6.1) with AarTransform
Transforming ui-util-release.aar (androidx.compose.ui:ui-util-android:1.6.1) with JetifyTransform
Transforming ui-util-release.aar (androidx.compose.ui:ui-util-android:1.6.1) with ExtractAarTransform
Transforming ui-util-release.aar (androidx.compose.ui:ui-util-android:1.6.1) with AarTransform
Transforming ui-text-release.aar (androidx.compose.ui:ui-text-android:1.6.1) with JetifyTransform
Transforming ui-text-release.aar (androidx.compose.ui:ui-text-android:1.6.1) with ExtractAarTransform
Transforming ui-text-release.aar (androidx.compose.ui:ui-text-android:1.6.1) with AarTransform
Transforming ui-graphics-release.aar (androidx.compose.ui:ui-graphics-android:1.6.1) with JetifyTransform
Transforming ui-graphics-release.aar (androidx.compose.ui:ui-graphics-android:1.6.1) with ExtractAarTransform
Transforming ui-graphics-release.aar (androidx.compose.ui:ui-graphics-android:1.6.1) with AarTransform
Transforming ui-tooling-preview-release.aar (androidx.compose.ui:ui-tooling-preview-android:1.6.1) with JetifyTransform
Transforming ui-tooling-preview-release.aar (androidx.compose.ui:ui-tooling-preview-android:1.6.1) with ExtractAarTransform
Transforming ui-tooling-preview-release.aar (androidx.compose.ui:ui-tooling-preview-android:1.6.1) with AarTransform
Transforming ui-tooling-release.aar (androidx.compose.ui:ui-tooling-android:1.6.1) with JetifyTransform
Transforming ui-tooling-release.aar (androidx.compose.ui:ui-tooling-android:1.6.1) with ExtractAarTransform
Transforming ui-tooling-release.aar (androidx.compose.ui:ui-tooling-android:1.6.1) with AarTransform
Transforming ui-test-manifest-1.6.1.aar (androidx.compose.ui:ui-test-manifest:1.6.1) with JetifyTransform
Transforming ui-test-manifest-1.6.1.aar (androidx.compose.ui:ui-test-manifest:1.6.1) with ExtractAarTransform
Transforming ui-test-manifest-1.6.1.aar (androidx.compose.ui:ui-test-manifest:1.6.1) with AarTransform
Transforming activity-1.7.1.aar (androidx.activity:activity:1.7.1) with JetifyTransform
Transforming activity-1.7.1.aar (androidx.activity:activity:1.7.1) with ExtractAarTransform
Transforming activity-1.7.1.aar (androidx.activity:activity:1.7.1) with AarTransform
Transforming activity-ktx-1.7.1.aar (androidx.activity:activity-ktx:1.7.1) with JetifyTransform
Transforming activity-ktx-1.7.1.aar (androidx.activity:activity-ktx:1.7.1) with ExtractAarTransform
Transforming activity-ktx-1.7.1.aar (androidx.activity:activity-ktx:1.7.1) with AarTransform
Transforming activity-compose-1.7.1.aar (androidx.activity:activity-compose:1.7.1) with JetifyTransform
Transforming activity-compose-1.7.1.aar (androidx.activity:activity-compose:1.7.1) with ExtractAarTransform
Transforming activity-compose-1.7.1.aar (androidx.activity:activity-compose:1.7.1) with AarTransform
Transforming ui-release.aar (androidx.compose.ui:ui-android:1.6.1) with JetifyTransform
Transforming ui-release.aar (androidx.compose.ui:ui-android:1.6.1) with ExtractAarTransform
Transforming ui-release.aar (androidx.compose.ui:ui-android:1.6.1) with AarTransform
Transforming savedstate-ktx-1.2.1.aar (androidx.savedstate:savedstate-ktx:1.2.1) with JetifyTransform
Transforming savedstate-ktx-1.2.1.aar (androidx.savedstate:savedstate-ktx:1.2.1) with ExtractAarTransform
Transforming savedstate-ktx-1.2.1.aar (androidx.savedstate:savedstate-ktx:1.2.1) with AarTransform
Transforming savedstate-1.2.1.aar (androidx.savedstate:savedstate:1.2.1) with JetifyTransform
Transforming savedstate-1.2.1.aar (androidx.savedstate:savedstate:1.2.1) with ExtractAarTransform
Transforming savedstate-1.2.1.aar (androidx.savedstate:savedstate:1.2.1) with AarTransform
Transforming work-runtime-2.8.1.aar (androidx.work:work-runtime:2.8.1) with JetifyTransform
Transforming work-runtime-2.8.1.aar (androidx.work:work-runtime:2.8.1) with ExtractAarTransform
Transforming work-runtime-2.8.1.aar (androidx.work:work-runtime:2.8.1) with AarTransform
Transforming lifecycle-livedata-2.6.1.aar (androidx.lifecycle:lifecycle-livedata:2.6.1) with JetifyTransform
Transforming lifecycle-livedata-2.6.1.aar (androidx.lifecycle:lifecycle-livedata:2.6.1) with ExtractAarTransform
Transforming lifecycle-livedata-2.6.1.aar (androidx.lifecycle:lifecycle-livedata:2.6.1) with AarTransform
Transforming lifecycle-livedata-core-2.6.1.aar (androidx.lifecycle:lifecycle-livedata-core:2.6.1) with JetifyTransform
Transforming lifecycle-livedata-core-2.6.1.aar (androidx.lifecycle:lifecycle-livedata-core:2.6.1) with ExtractAarTransform
Transforming lifecycle-livedata-core-2.6.1.aar (androidx.lifecycle:lifecycle-livedata-core:2.6.1) with AarTransform
Transforming lifecycle-viewmodel-2.6.1.aar (androidx.lifecycle:lifecycle-viewmodel:2.6.1) with JetifyTransform
Transforming lifecycle-viewmodel-2.6.1.aar (androidx.lifecycle:lifecycle-viewmodel:2.6.1) with ExtractAarTransform
Transforming lifecycle-viewmodel-2.6.1.aar (androidx.lifecycle:lifecycle-viewmodel:2.6.1) with AarTransform
Transforming lifecycle-viewmodel-savedstate-2.6.1.aar (androidx.lifecycle:lifecycle-viewmodel-savedstate:2.6.1) with JetifyTransform
Transforming lifecycle-viewmodel-savedstate-2.6.1.aar (androidx.lifecycle:lifecycle-viewmodel-savedstate:2.6.1) with ExtractAarTransform
Transforming lifecycle-viewmodel-savedstate-2.6.1.aar (androidx.lifecycle:lifecycle-viewmodel-savedstate:2.6.1) with AarTransform
Transforming lifecycle-runtime-ktx-2.6.1.aar (androidx.lifecycle:lifecycle-runtime-ktx:2.6.1) with JetifyTransform
Transforming lifecycle-runtime-ktx-2.6.1.aar (androidx.lifecycle:lifecycle-runtime-ktx:2.6.1) with ExtractAarTransform
Transforming lifecycle-runtime-ktx-2.6.1.aar (androidx.lifecycle:lifecycle-runtime-ktx:2.6.1) with AarTransform
Transforming recyclerview-1.3.0.aar (androidx.recyclerview:recyclerview:1.3.0) with JetifyTransform
Transforming recyclerview-1.3.0.aar (androidx.recyclerview:recyclerview:1.3.0) with ExtractAarTransform
Transforming recyclerview-1.3.0.aar (androidx.recyclerview:recyclerview:1.3.0) with AarTransform
Transforming drawerlayout-1.0.0.aar (androidx.drawerlayout:drawerlayout:1.0.0) with JetifyTransform
Transforming drawerlayout-1.0.0.aar (androidx.drawerlayout:drawerlayout:1.0.0) with ExtractAarTransform
Transforming drawerlayout-1.0.0.aar (androidx.drawerlayout:drawerlayout:1.0.0) with AarTransform
Transforming coordinatorlayout-1.1.0.aar (androidx.coordinatorlayout:coordinatorlayout:1.1.0) with JetifyTransform
Transforming coordinatorlayout-1.1.0.aar (androidx.coordinatorlayout:coordinatorlayout:1.1.0) with ExtractAarTransform
Transforming coordinatorlayout-1.1.0.aar (androidx.coordinatorlayout:coordinatorlayout:1.1.0) with AarTransform
Transforming viewpager-1.0.0.aar (androidx.viewpager:viewpager:1.0.0) with JetifyTransform
Transforming viewpager-1.0.0.aar (androidx.viewpager:viewpager:1.0.0) with ExtractAarTransform
Transforming viewpager-1.0.0.aar (androidx.viewpager:viewpager:1.0.0) with AarTransform
Transforming customview-1.0.0.aar (androidx.customview:customview:1.0.0) with JetifyTransform
Transforming customview-1.0.0.aar (androidx.customview:customview:1.0.0) with ExtractAarTransform
Transforming customview-1.0.0.aar (androidx.customview:customview:1.0.0) with AarTransform
Transforming transition-1.2.0.aar (androidx.transition:transition:1.2.0) with JetifyTransform
Transforming transition-1.2.0.aar (androidx.transition:transition:1.2.0) with ExtractAarTransform
Transforming transition-1.2.0.aar (androidx.transition:transition:1.2.0) with AarTransform
Transforming vectordrawable-animated-1.1.0.aar (androidx.vectordrawable:vectordrawable-animated:1.1.0) with JetifyTransform
Transforming vectordrawable-animated-1.1.0.aar (androidx.vectordrawable:vectordrawable-animated:1.1.0) with ExtractAarTransform
Transforming vectordrawable-animated-1.1.0.aar (androidx.vectordrawable:vectordrawable-animated:1.1.0) with AarTransform
Transforming vectordrawable-1.1.0.aar (androidx.vectordrawable:vectordrawable:1.1.0) with JetifyTransform
Transforming vectordrawable-1.1.0.aar (androidx.vectordrawable:vectordrawable:1.1.0) with ExtractAarTransform
Transforming vectordrawable-1.1.0.aar (androidx.vectordrawable:vectordrawable:1.1.0) with AarTransform
Transforming core-ktx-1.12.0.aar (androidx.core:core-ktx:1.12.0) with JetifyTransform
Transforming core-ktx-1.12.0.aar (androidx.core:core-ktx:1.12.0) with ExtractAarTransform
Transforming core-ktx-1.12.0.aar (androidx.core:core-ktx:1.12.0) with AarTransform
Transforming core-1.12.0.aar (androidx.core:core:1.12.0) with JetifyTransform
Transforming core-1.12.0.aar (androidx.core:core:1.12.0) with ExtractAarTransform
Transforming core-1.12.0.aar (androidx.core:core:1.12.0) with AarTransform
Transforming lifecycle-runtime-2.6.1.aar (androidx.lifecycle:lifecycle-runtime:2.6.1) with JetifyTransform
Transforming lifecycle-runtime-2.6.1.aar (androidx.lifecycle:lifecycle-runtime:2.6.1) with ExtractAarTransform
Transforming lifecycle-runtime-2.6.1.aar (androidx.lifecycle:lifecycle-runtime:2.6.1) with AarTransform
Transforming lifecycle-viewmodel-compose-2.6.1.aar (androidx.lifecycle:lifecycle-viewmodel-compose:2.6.1) with JetifyTransform
Transforming lifecycle-viewmodel-compose-2.6.1.aar (androidx.lifecycle:lifecycle-viewmodel-compose:2.6.1) with ExtractAarTransform
Transforming lifecycle-viewmodel-compose-2.6.1.aar (androidx.lifecycle:lifecycle-viewmodel-compose:2.6.1) with AarTransform
Transforming lifecycle-viewmodel-ktx-2.6.1.aar (androidx.lifecycle:lifecycle-viewmodel-ktx:2.6.1) with JetifyTransform
Transforming lifecycle-viewmodel-ktx-2.6.1.aar (androidx.lifecycle:lifecycle-viewmodel-ktx:2.6.1) with ExtractAarTransform
Transforming lifecycle-viewmodel-ktx-2.6.1.aar (androidx.lifecycle:lifecycle-viewmodel-ktx:2.6.1) with AarTransform
Transforming runtime-saveable-release.aar (androidx.compose.runtime:runtime-saveable-android:1.6.1) with JetifyTransform
Transforming runtime-saveable-release.aar (androidx.compose.runtime:runtime-saveable-android:1.6.1) with ExtractAarTransform
Transforming runtime-saveable-release.aar (androidx.compose.runtime:runtime-saveable-android:1.6.1) with AarTransform
Transforming runtime-release.aar (androidx.compose.runtime:runtime-android:1.6.1) with JetifyTransform
Transforming runtime-release.aar (androidx.compose.runtime:runtime-android:1.6.1) with ExtractAarTransform
Transforming runtime-release.aar (androidx.compose.runtime:runtime-android:1.6.1) with AarTransform
Transforming documentfile-1.0.1.aar (androidx.documentfile:documentfile:1.0.1) with JetifyTransform
Transforming documentfile-1.0.1.aar (androidx.documentfile:documentfile:1.0.1) with ExtractAarTransform
Transforming documentfile-1.0.1.aar (androidx.documentfile:documentfile:1.0.1) with AarTransform
Transforming security-crypto-1.1.0-alpha03.aar (androidx.security:security-crypto:1.1.0-alpha03) with JetifyTransform
Transforming security-crypto-1.1.0-alpha03.aar (androidx.security:security-crypto:1.1.0-alpha03) with ExtractAarTransform
Transforming security-crypto-1.1.0-alpha03.aar (androidx.security:security-crypto:1.1.0-alpha03) with AarTransform
Transforming cursoradapter-1.0.0.aar (androidx.cursoradapter:cursoradapter:1.0.0) with JetifyTransform
Transforming cursoradapter-1.0.0.aar (androidx.cursoradapter:cursoradapter:1.0.0) with ExtractAarTransform
Transforming cursoradapter-1.0.0.aar (androidx.cursoradapter:cursoradapter:1.0.0) with AarTransform
Transforming cardview-1.0.0.aar (androidx.cardview:cardview:1.0.0) with JetifyTransform
Transforming cardview-1.0.0.aar (androidx.cardview:cardview:1.0.0) with ExtractAarTransform
Transforming cardview-1.0.0.aar (androidx.cardview:cardview:1.0.0) with AarTransform
Transforming gifdecoder-4.11.0.aar (com.github.bumptech.glide:gifdecoder:4.11.0) with JetifyTransform
Transforming gifdecoder-4.11.0.aar (com.github.bumptech.glide:gifdecoder:4.11.0) with ExtractAarTransform
Transforming gifdecoder-4.11.0.aar (com.github.bumptech.glide:gifdecoder:4.11.0) with AarTransform
Transforming core-runtime-2.2.0.aar (androidx.arch.core:core-runtime:2.2.0) with JetifyTransform
Transforming core-runtime-2.2.0.aar (androidx.arch.core:core-runtime:2.2.0) with ExtractAarTransform
Transforming core-runtime-2.2.0.aar (androidx.arch.core:core-runtime:2.2.0) with AarTransform
Transforming versionedparcelable-1.1.1.aar (androidx.versionedparcelable:versionedparcelable:1.1.1) with JetifyTransform
Transforming versionedparcelable-1.1.1.aar (androidx.versionedparcelable:versionedparcelable:1.1.1) with ExtractAarTransform
Transforming versionedparcelable-1.1.1.aar (androidx.versionedparcelable:versionedparcelable:1.1.1) with AarTransform
Transforming startup-runtime-1.1.1.aar (androidx.startup:startup-runtime:1.1.1) with JetifyTransform
Transforming startup-runtime-1.1.1.aar (androidx.startup:startup-runtime:1.1.1) with ExtractAarTransform
Transforming startup-runtime-1.1.1.aar (androidx.startup:startup-runtime:1.1.1) with AarTransform
Transforming exifinterface-1.3.3.aar (androidx.exifinterface:exifinterface:1.3.3) with JetifyTransform
Transforming exifinterface-1.3.3.aar (androidx.exifinterface:exifinterface:1.3.3) with ExtractAarTransform
Transforming exifinterface-1.3.3.aar (androidx.exifinterface:exifinterface:1.3.3) with AarTransform
Transforming annotation-experimental-1.4.0.aar (androidx.annotation:annotation-experimental:1.4.0) with JetifyTransform
Transforming annotation-experimental-1.4.0.aar (androidx.annotation:annotation-experimental:1.4.0) with ExtractAarTransform
Transforming annotation-experimental-1.4.0.aar (androidx.annotation:annotation-experimental:1.4.0) with AarTransform
Transforming cursoradapter-1.0.0.aar (androidx.cursoradapter:cursoradapter:1.0.0) with JetifyTransform
Transforming cursoradapter-1.0.0.aar (androidx.cursoradapter:cursoradapter:1.0.0) with ExtractAarTransform
Transforming cursoradapter-1.0.0.aar (androidx.cursoradapter:cursoradapter:1.0.0) with AarTransform
Transforming interpolator-1.0.0.aar (androidx.interpolator:interpolator:1.0.0) with JetifyTransform
Transforming interpolator-1.0.0.aar (androidx.interpolator:interpolator:1.0.0) with ExtractAarTransform
Transforming interpolator-1.0.0.aar (androidx.interpolator:interpolator:1.0.0) with AarTransform
Transforming profileinstaller-1.3.0.aar (androidx.profileinstaller:profileinstaller:1.3.0) with JetifyTransform
Caching disabled for AarTransform: ~/.gradle/caches/transforms-3/6ba5227b30be8ace71f45008339a7641/transformed/jetified-accompanist-drawablepainter-0.23.1 because:
  Build cache is disabled
Skipping AarTransform: ~/.gradle/caches/transforms-3/6ba5227b30be8ace71f45008339a7641/transformed/jetified-accompanist-drawablepainter-0.23.1 as it is up-to-date.
Caching disabled for ExtractAarTransform: ~/.gradle/caches/transforms-3/51ed8924cb822ce43f1c728535afeefc/transformed/jetified-credentials-1.2.2.aar because:
  Build cache is disabled
Skipping ExtractAarTransform: ~/.gradle/caches/transforms-3/51ed8924cb822ce43f1c728535afeefc/transformed/jetified-credentials-1.2.2.aar as it is up-to-date.
Transforming credentials-1.2.2.aar (androidx.credentials:credentials:1.2.2) with AarTransform
Transforming android-2.5.0.aar (com.yubico.yubikit:android:2.5.0) with JetifyTransform
Transforming credentials-1.2.2.aar (androidx.credentials:credentials:1.2.2) with AarTransform
Caching disabled for JetifyTransform: ~/.gradle/caches/modules-2/files-2.1/androidx.profileinstaller/profileinstaller/1.3.0/624641814089cd7bebf427aafa68ac089fb38261/profileinstaller-1.3.0.aar because:
  Build cache is disabled
Skipping JetifyTransform: ~/.gradle/caches/modules-2/files-2.1/androidx.profileinstaller/profileinstaller/1.3.0/624641814089cd7bebf427aafa68ac089fb38261/profileinstaller-1.3.0.aar as it is up-to-date.
Transforming profileinstaller-1.3.0.aar (androidx.profileinstaller:profileinstaller:1.3.0) with ExtractAarTransform
Caching disabled for AarTransform: ~/.gradle/caches/transforms-3/5713208a47eec23b954ae0ca2083427b/transformed/jetified-credentials-1.2.2 because:
  Build cache is disabled
Skipping AarTransform: ~/.gradle/caches/transforms-3/5713208a47eec23b954ae0ca2083427b/transformed/jetified-credentials-1.2.2 as it is up-to-date.
Transforming credentials-play-services-auth-1.2.2.aar (androidx.credentials:credentials-play-services-auth:1.2.2) with JetifyTransform
Caching disabled for JetifyTransform: ~/.gradle/caches/modules-2/files-2.1/com.yubico.yubikit/android/2.5.0/85552d54d664a9603ef1b34550e71480aa4b3b5b/android-2.5.0.aar because:
  Build cache is disabled
Transforming sqlite-2.3.0.aar (androidx.sqlite:sqlite:2.3.0) with JetifyTransform
Skipping JetifyTransform: ~/.gradle/caches/modules-2/files-2.1/com.yubico.yubikit/android/2.5.0/85552d54d664a9603ef1b34550e71480aa4b3b5b/android-2.5.0.aar as it is up-to-date.
Transforming android-2.5.0.aar (com.yubico.yubikit:android:2.5.0) with ExtractAarTransform
Caching disabled for JetifyTransform: ~/.gradle/caches/modules-2/files-2.1/androidx.credentials/credentials-play-services-auth/1.2.2/5bca93dcf29a17723a8f3f35fc5c93165e576d53/credentials-play-services-auth-1.2.2.aar because:
  Build cache is disabled
Skipping JetifyTransform: ~/.gradle/caches/modules-2/files-2.1/androidx.credentials/credentials-play-services-auth/1.2.2/5bca93dcf29a17723a8f3f35fc5c93165e576d53/credentials-play-services-auth-1.2.2.aar as it is up-to-date.
Caching disabled for JetifyTransform: ~/.gradle/caches/modules-2/files-2.1/androidx.sqlite/sqlite/2.3.0/3dc5b3c69a6d20d8228fd60f3c6ef97f2f416efe/sqlite-2.3.0.aar because:
  Build cache is disabled
Caching disabled for ExtractAarTransform: ~/.gradle/caches/transforms-3/b8c84e33ebf08e7faa65272903dbb81b/transformed/jetified-profileinstaller-1.3.0.aar because:
  Build cache is disabled
Skipping JetifyTransform: ~/.gradle/caches/modules-2/files-2.1/androidx.sqlite/sqlite/2.3.0/3dc5b3c69a6d20d8228fd60f3c6ef97f2f416efe/sqlite-2.3.0.aar as it is up-to-date.
Skipping ExtractAarTransform: ~/.gradle/caches/transforms-3/b8c84e33ebf08e7faa65272903dbb81b/transformed/jetified-profileinstaller-1.3.0.aar as it is up-to-date.
Transforming profileinstaller-1.3.0.aar (androidx.profileinstaller:profileinstaller:1.3.0) with AarTransform
Transforming sqlite-2.3.0.aar (androidx.sqlite:sqlite:2.3.0) with ExtractAarTransform
Transforming credentials-play-services-auth-1.2.2.aar (androidx.credentials:credentials-play-services-auth:1.2.2) with ExtractAarTransform
Caching disabled for ExtractAarTransform: ~/.gradle/caches/transforms-3/568e93d9f78f317838434cc566a6a8d1/transformed/jetified-credentials-play-services-auth-1.2.2.aar because:
  Build cache is disabled
Skipping ExtractAarTransform: ~/.gradle/caches/transforms-3/568e93d9f78f317838434cc566a6a8d1/transformed/jetified-credentials-play-services-auth-1.2.2.aar as it is up-to-date.
Caching disabled for AarTransform: ~/.gradle/caches/transforms-3/6121addbf7f66609874aebfb23638732/transformed/jetified-profileinstaller-1.3.0 because:
  Build cache is disabled
Skipping AarTransform: ~/.gradle/caches/transforms-3/6121addbf7f66609874aebfb23638732/transformed/jetified-profileinstaller-1.3.0 as it is up-to-date.
Transforming credentials-play-services-auth-1.2.2.aar (androidx.credentials:credentials-play-services-auth:1.2.2) with AarTransform
Transforming room-runtime-2.5.0.aar (androidx.room:room-runtime:2.5.0) with JetifyTransform
Caching disabled for ExtractAarTransform: ~/.gradle/caches/modules-2/files-2.1/androidx.sqlite/sqlite/2.3.0/3dc5b3c69a6d20d8228fd60f3c6ef97f2f416efe/sqlite-2.3.0.aar because:
  Build cache is disabled
Skipping ExtractAarTransform: ~/.gradle/caches/modules-2/files-2.1/androidx.sqlite/sqlite/2.3.0/3dc5b3c69a6d20d8228fd60f3c6ef97f2f416efe/sqlite-2.3.0.aar as it is up-to-date.
Transforming sqlite-2.3.0.aar (androidx.sqlite:sqlite:2.3.0) with AarTransform
Caching disabled for AarTransform: ~/.gradle/caches/transforms-3/72dad178ce6ab4f7001753075b0e37f5/transformed/sqlite-2.3.0 because:
  Build cache is disabled
Skipping AarTransform: ~/.gradle/caches/transforms-3/72dad178ce6ab4f7001753075b0e37f5/transformed/sqlite-2.3.0 as it is up-to-date.
Caching disabled for AarTransform: ~/.gradle/caches/transforms-3/7ff85eb923829d3039e7d6a37994c2be/transformed/jetified-credentials-play-services-auth-1.2.2 because:
  Build cache is disabled
Skipping AarTransform: ~/.gradle/caches/transforms-3/7ff85eb923829d3039e7d6a37994c2be/transformed/jetified-credentials-play-services-auth-1.2.2 as it is up-to-date.
Caching disabled for JetifyTransform: ~/.gradle/caches/modules-2/files-2.1/androidx.room/room-runtime/2.5.0/42a70249423cc0d4245c0a072d4796eae2c4a867/room-runtime-2.5.0.aar because:
  Build cache is disabled
Skipping JetifyTransform: ~/.gradle/caches/modules-2/files-2.1/androidx.room/room-runtime/2.5.0/42a70249423cc0d4245c0a072d4796eae2c4a867/room-runtime-2.5.0.aar as it is up-to-date.
Transforming room-runtime-2.5.0.aar (androidx.room:room-runtime:2.5.0) with ExtractAarTransform
Transforming legacy-support-core-ui-1.0.0.aar (androidx.legacy:legacy-support-core-ui:1.0.0) with JetifyTransform
Caching disabled for ExtractAarTransform: ~/.gradle/caches/transforms-3/bd40617ca14a532af61eecfebcf5c011/transformed/jetified-android-2.5.0.aar because:
  Build cache is disabled
Skipping ExtractAarTransform: ~/.gradle/caches/transforms-3/bd40617ca14a532af61eecfebcf5c011/transformed/jetified-android-2.5.0.aar as it is up-to-date.
Transforming localbroadcastmanager-1.0.0.aar (androidx.localbroadcastmanager:localbroadcastmanager:1.0.0) with JetifyTransform
Transforming android-2.5.0.aar (com.yubico.yubikit:android:2.5.0) with AarTransform
Caching disabled for JetifyTransform: ~/.gradle/caches/modules-2/files-2.1/androidx.legacy/legacy-support-core-ui/1.0.0/61a264f996046e059f889914050fae1e75d3b702/legacy-support-core-ui-1.0.0.aar because:
  Build cache is disabled
Caching disabled for ExtractAarTransform: ~/.gradle/caches/modules-2/files-2.1/androidx.room/room-runtime/2.5.0/42a70249423cc0d4245c0a072d4796eae2c4a867/room-runtime-2.5.0.aar because:
  Build cache is disabled
Skipping JetifyTransform: ~/.gradle/caches/modules-2/files-2.1/androidx.legacy/legacy-support-core-ui/1.0.0/61a264f996046e059f889914050fae1e75d3b702/legacy-support-core-ui-1.0.0.aar as it is up-to-date.
Skipping ExtractAarTransform: ~/.gradle/caches/modules-2/files-2.1/androidx.room/room-runtime/2.5.0/42a70249423cc0d4245c0a072d4796eae2c4a867/room-runtime-2.5.0.aar as it is up-to-date.
Transforming room-runtime-2.5.0.aar (androidx.room:room-runtime:2.5.0) with AarTransform
Transforming legacy-support-core-ui-1.0.0.aar (androidx.legacy:legacy-support-core-ui:1.0.0) with ExtractAarTransform
Caching disabled for AarTransform: ~/.gradle/caches/transforms-3/8afce72244a911c0605c3d6d7e95dc8c/transformed/jetified-android-2.5.0 because:
  Build cache is disabled
Caching disabled for JetifyTransform: ~/.gradle/caches/modules-2/files-2.1/androidx.localbroadcastmanager/localbroadcastmanager/1.0.0/2734f31c8321e83ce6b60570d14777fc33cc2ece/localbroadcastmanager-1.0.0.aar because:
  Build cache is disabled
Skipping AarTransform: ~/.gradle/caches/transforms-3/8afce72244a911c0605c3d6d7e95dc8c/transformed/jetified-android-2.5.0 as it is up-to-date.
Skipping JetifyTransform: ~/.gradle/caches/modules-2/files-2.1/androidx.localbroadcastmanager/localbroadcastmanager/1.0.0/2734f31c8321e83ce6b60570d14777fc33cc2ece/localbroadcastmanager-1.0.0.aar as it is up-to-date.
Transforming localbroadcastmanager-1.0.0.aar (androidx.localbroadcastmanager:localbroadcastmanager:1.0.0) with ExtractAarTransform
Transforming documentfile-1.0.1.aar (androidx.documentfile:documentfile:1.0.1) with JetifyTransform
Transforming documentfile-1.0.1.aar (androidx.documentfile:documentfile:1.0.1) with ExtractAarTransform
Transforming documentfile-1.0.1.aar (androidx.documentfile:documentfile:1.0.1) with AarTransform
Transforming play-services-fido-20.1.0.aar (com.google.android.gms:play-services-fido:20.1.0) with JetifyTransform
Transforming play-services-fido-20.1.0.aar (com.google.android.gms:play-services-fido:20.1.0) with ExtractAarTransform
Transforming play-services-fido-20.1.0.aar (com.google.android.gms:play-services-fido:20.1.0) with AarTransform
Transforming browser-1.0.0.aar (androidx.browser:browser:1.0.0) with JetifyTransform
Caching disabled for AarTransform: ~/.gradle/caches/transforms-3/e20053a0a5aacac75533bfb9655cb504/transformed/room-runtime-2.5.0 because:
  Build cache is disabled
Skipping AarTransform: ~/.gradle/caches/transforms-3/e20053a0a5aacac75533bfb9655cb504/transformed/room-runtime-2.5.0 as it is up-to-date.
Transforming legacy-support-core-utils-1.0.0.aar (androidx.legacy:legacy-support-core-utils:1.0.0) with JetifyTransform
Caching disabled for ExtractAarTransform: ~/.gradle/caches/modules-2/files-2.1/androidx.legacy/legacy-support-core-ui/1.0.0/61a264f996046e059f889914050fae1e75d3b702/legacy-support-core-ui-1.0.0.aar because:
  Build cache is disabled
Caching disabled for ExtractAarTransform: ~/.gradle/caches/modules-2/files-2.1/androidx.localbroadcastmanager/localbroadcastmanager/1.0.0/2734f31c8321e83ce6b60570d14777fc33cc2ece/localbroadcastmanager-1.0.0.aar because:
  Build cache is disabled
Skipping ExtractAarTransform: ~/.gradle/caches/modules-2/files-2.1/androidx.legacy/legacy-support-core-ui/1.0.0/61a264f996046e059f889914050fae1e75d3b702/legacy-support-core-ui-1.0.0.aar as it is up-to-date.
Skipping ExtractAarTransform: ~/.gradle/caches/modules-2/files-2.1/androidx.localbroadcastmanager/localbroadcastmanager/1.0.0/2734f31c8321e83ce6b60570d14777fc33cc2ece/localbroadcastmanager-1.0.0.aar as it is up-to-date.
Transforming localbroadcastmanager-1.0.0.aar (androidx.localbroadcastmanager:localbroadcastmanager:1.0.0) with AarTransform
Caching disabled for JetifyTransform: ~/.gradle/caches/modules-2/files-2.1/androidx.browser/browser/1.0.0/c7b63c6b23d0f3080adda99145248901b5921e4f/browser-1.0.0.aar because:
  Build cache is disabled
Skipping JetifyTransform: ~/.gradle/caches/modules-2/files-2.1/androidx.browser/browser/1.0.0/c7b63c6b23d0f3080adda99145248901b5921e4f/browser-1.0.0.aar as it is up-to-date.
Transforming browser-1.0.0.aar (androidx.browser:browser:1.0.0) with ExtractAarTransform
Transforming legacy-support-core-ui-1.0.0.aar (androidx.legacy:legacy-support-core-ui:1.0.0) with AarTransform
Caching disabled for AarTransform: ~/.gradle/caches/transforms-3/b60f11540f0a45297b86659eb77708d8/transformed/localbroadcastmanager-1.0.0 because:
  Build cache is disabled
Skipping AarTransform: ~/.gradle/caches/transforms-3/b60f11540f0a45297b86659eb77708d8/transformed/localbroadcastmanager-1.0.0 as it is up-to-date.
Caching disabled for JetifyTransform: ~/.gradle/caches/modules-2/files-2.1/androidx.legacy/legacy-support-core-utils/1.0.0/9b9570042115da8629519090dfeb71df75da59fc/legacy-support-core-utils-1.0.0.aar because:
  Build cache is disabled
Skipping JetifyTransform: ~/.gradle/caches/modules-2/files-2.1/androidx.legacy/legacy-support-core-utils/1.0.0/9b9570042115da8629519090dfeb71df75da59fc/legacy-support-core-utils-1.0.0.aar as it is up-to-date.
Transforming legacy-support-core-utils-1.0.0.aar (androidx.legacy:legacy-support-core-utils:1.0.0) with ExtractAarTransform
Transforming material-release.aar (androidx.compose.material:material-android:1.6.1) with JetifyTransform
Caching disabled for AarTransform: ~/.gradle/caches/transforms-3/66b0378c33ede1b033228e49dad9524a/transformed/legacy-support-core-ui-1.0.0 because:
  Build cache is disabled
Skipping AarTransform: ~/.gradle/caches/transforms-3/66b0378c33ede1b033228e49dad9524a/transformed/legacy-support-core-ui-1.0.0 as it is up-to-date.
Transforming googleid-1.1.0.aar (com.google.android.libraries.identity.googleid:googleid:1.1.0) with JetifyTransform
Caching disabled for JetifyTransform: ~/.gradle/caches/modules-2/files-2.1/androidx.compose.material/material-android/1.6.1/7657cce2565164cdc3a70c0a61b68591d7bfe1/material-release.aar because:
  Build cache is disabled
Skipping JetifyTransform: ~/.gradle/caches/modules-2/files-2.1/androidx.compose.material/material-android/1.6.1/7657cce2565164cdc3a70c0a61b68591d7bfe1/material-release.aar as it is up-to-date.
Transforming material-release.aar (androidx.compose.material:material-android:1.6.1) with ExtractAarTransform
Caching disabled for ExtractAarTransform: ~/.gradle/caches/modules-2/files-2.1/androidx.legacy/legacy-support-core-utils/1.0.0/9b9570042115da8629519090dfeb71df75da59fc/legacy-support-core-utils-1.0.0.aar because:
  Build cache is disabled
Skipping ExtractAarTransform: ~/.gradle/caches/modules-2/files-2.1/androidx.legacy/legacy-support-core-utils/1.0.0/9b9570042115da8629519090dfeb71df75da59fc/legacy-support-core-utils-1.0.0.aar as it is up-to-date.
Transforming legacy-support-core-utils-1.0.0.aar (androidx.legacy:legacy-support-core-utils:1.0.0) with AarTransform
Caching disabled for ExtractAarTransform: ~/.gradle/caches/modules-2/files-2.1/androidx.browser/browser/1.0.0/c7b63c6b23d0f3080adda99145248901b5921e4f/browser-1.0.0.aar because:
  Build cache is disabled
Skipping ExtractAarTransform: ~/.gradle/caches/modules-2/files-2.1/androidx.browser/browser/1.0.0/c7b63c6b23d0f3080adda99145248901b5921e4f/browser-1.0.0.aar as it is up-to-date.
Caching disabled for JetifyTransform: ~/.gradle/caches/modules-2/files-2.1/com.google.android.libraries.identity.googleid/googleid/1.1.0/ab2f9227c7104614fdce3bed7f4b083b70bcb9f/googleid-1.1.0.aar because:
  Build cache is disabled
Skipping JetifyTransform: ~/.gradle/caches/modules-2/files-2.1/com.google.android.libraries.identity.googleid/googleid/1.1.0/ab2f9227c7104614fdce3bed7f4b083b70bcb9f/googleid-1.1.0.aar as it is up-to-date.
Transforming googleid-1.1.0.aar (com.google.android.libraries.identity.googleid:googleid:1.1.0) with ExtractAarTransform
Caching disabled for ExtractAarTransform: ~/.gradle/caches/transforms-3/72e3f9363b04b0348e7b24b99f1ba1a8/transformed/jetified-material-release.aar because:
  Build cache is disabled
Transforming browser-1.0.0.aar (androidx.browser:browser:1.0.0) with AarTransform
Skipping ExtractAarTransform: ~/.gradle/caches/transforms-3/72e3f9363b04b0348e7b24b99f1ba1a8/transformed/jetified-material-release.aar as it is up-to-date.
Transforming material-release.aar (androidx.compose.material:material-android:1.6.1) with AarTransform
Caching disabled for AarTransform: ~/.gradle/caches/transforms-3/0db2e5da926973a8cb8c4b07fbcec83d/transformed/legacy-support-core-utils-1.0.0 because:
  Build cache is disabled
Caching disabled for AarTransform: ~/.gradle/caches/transforms-3/902593fa1e00ea876e13c003ec91b9af/transformed/browser-1.0.0 because:
  Build cache is disabled
Skipping AarTransform: ~/.gradle/caches/transforms-3/0db2e5da926973a8cb8c4b07fbcec83d/transformed/legacy-support-core-utils-1.0.0 as it is up-to-date.
Skipping AarTransform: ~/.gradle/caches/transforms-3/902593fa1e00ea876e13c003ec91b9af/transformed/browser-1.0.0 as it is up-to-date.
Transforming emoji2-views-helper-1.3.0.aar (androidx.emoji2:emoji2-views-helper:1.3.0) with JetifyTransform
Transforming lifecycle-process-2.6.1.aar (androidx.lifecycle:lifecycle-process:2.6.1) with JetifyTransform
Caching disabled for AarTransform: ~/.gradle/caches/transforms-3/83c2e7af98f64845bfb9325dbf1c5a1c/transformed/jetified-material-release because:
  Build cache is disabled
Skipping AarTransform: ~/.gradle/caches/transforms-3/83c2e7af98f64845bfb9325dbf1c5a1c/transformed/jetified-material-release as it is up-to-date.
Caching disabled for ExtractAarTransform: ~/.gradle/caches/transforms-3/cade9bdcb186bf0205b93a125a6b9177/transformed/jetified-googleid-1.1.0.aar because:
  Build cache is disabled
Skipping ExtractAarTransform: ~/.gradle/caches/transforms-3/cade9bdcb186bf0205b93a125a6b9177/transformed/jetified-googleid-1.1.0.aar as it is up-to-date.
Transforming googleid-1.1.0.aar (com.google.android.libraries.identity.googleid:googleid:1.1.0) with AarTransform
Transforming print-1.0.0.aar (androidx.print:print:1.0.0) with JetifyTransform
Caching disabled for JetifyTransform: ~/.gradle/caches/modules-2/files-2.1/androidx.lifecycle/lifecycle-process/2.6.1/1cda99630dfe13ea65f63d05821187bfe87a5967/lifecycle-process-2.6.1.aar because:
  Build cache is disabled
Skipping JetifyTransform: ~/.gradle/caches/modules-2/files-2.1/androidx.lifecycle/lifecycle-process/2.6.1/1cda99630dfe13ea65f63d05821187bfe87a5967/lifecycle-process-2.6.1.aar as it is up-to-date.
Transforming lifecycle-process-2.6.1.aar (androidx.lifecycle:lifecycle-process:2.6.1) with ExtractAarTransform
Caching disabled for JetifyTransform: ~/.gradle/caches/modules-2/files-2.1/androidx.emoji2/emoji2-views-helper/1.3.0/7bef7c1117bb40ef41ee0641cd1d2d605e2d607c/emoji2-views-helper-1.3.0.aar because:
  Build cache is disabled
Skipping JetifyTransform: ~/.gradle/caches/modules-2/files-2.1/androidx.emoji2/emoji2-views-helper/1.3.0/7bef7c1117bb40ef41ee0641cd1d2d605e2d607c/emoji2-views-helper-1.3.0.aar as it is up-to-date.
Caching disabled for AarTransform: ~/.gradle/caches/transforms-3/1d16f4d928f2f2d491888191b97517fc/transformed/jetified-googleid-1.1.0 because:
  Build cache is disabled
Skipping AarTransform: ~/.gradle/caches/transforms-3/1d16f4d928f2f2d491888191b97517fc/transformed/jetified-googleid-1.1.0 as it is up-to-date.
Transforming emoji2-views-helper-1.3.0.aar (androidx.emoji2:emoji2-views-helper:1.3.0) with ExtractAarTransform
Caching disabled for JetifyTransform: ~/.gradle/caches/modules-2/files-2.1/androidx.print/print/1.0.0/7722094652c48ebe27acc94d74a55e759e4635ff/print-1.0.0.aar because:
  Build cache is disabled
Skipping JetifyTransform: ~/.gradle/caches/modules-2/files-2.1/androidx.print/print/1.0.0/7722094652c48ebe27acc94d74a55e759e4635ff/print-1.0.0.aar as it is up-to-date.
Transforming print-1.0.0.aar (androidx.print:print:1.0.0) with ExtractAarTransform
Transforming coordinatorlayout-1.1.0.aar (androidx.coordinatorlayout:coordinatorlayout:1.1.0) with JetifyTransform
Transforming coordinatorlayout-1.1.0.aar (androidx.coordinatorlayout:coordinatorlayout:1.1.0) with ExtractAarTransform
Transforming coordinatorlayout-1.1.0.aar (androidx.coordinatorlayout:coordinatorlayout:1.1.0) with AarTransform
Transforming viewpager-1.0.0.aar (androidx.viewpager:viewpager:1.0.0) with JetifyTransform
Transforming viewpager-1.0.0.aar (androidx.viewpager:viewpager:1.0.0) with ExtractAarTransform
Transforming viewpager-1.0.0.aar (androidx.viewpager:viewpager:1.0.0) with AarTransform
Transforming slidingpanelayout-1.0.0.aar (androidx.slidingpanelayout:slidingpanelayout:1.0.0) with JetifyTransform
Caching disabled for ExtractAarTransform: ~/.gradle/caches/modules-2/files-2.1/androidx.print/print/1.0.0/7722094652c48ebe27acc94d74a55e759e4635ff/print-1.0.0.aar because:
  Build cache is disabled
Skipping ExtractAarTransform: ~/.gradle/caches/modules-2/files-2.1/androidx.print/print/1.0.0/7722094652c48ebe27acc94d74a55e759e4635ff/print-1.0.0.aar as it is up-to-date.
Transforming print-1.0.0.aar (androidx.print:print:1.0.0) with AarTransform
Caching disabled for ExtractAarTransform: ~/.gradle/caches/transforms-3/a75b42b4aac847e994c1dbf4ba557b17/transformed/jetified-emoji2-views-helper-1.3.0.aar because:
  Build cache is disabled
Skipping ExtractAarTransform: ~/.gradle/caches/transforms-3/a75b42b4aac847e994c1dbf4ba557b17/transformed/jetified-emoji2-views-helper-1.3.0.aar as it is up-to-date.
Transforming emoji2-views-helper-1.3.0.aar (androidx.emoji2:emoji2-views-helper:1.3.0) with AarTransform
Caching disabled for ExtractAarTransform: ~/.gradle/caches/transforms-3/70e9d77b2c45cf6ca28fcbf443dadb3b/transformed/jetified-lifecycle-process-2.6.1.aar because:
  Build cache is disabled
Skipping ExtractAarTransform: ~/.gradle/caches/transforms-3/70e9d77b2c45cf6ca28fcbf443dadb3b/transformed/jetified-lifecycle-process-2.6.1.aar as it is up-to-date.
Transforming lifecycle-process-2.6.1.aar (androidx.lifecycle:lifecycle-process:2.6.1) with AarTransform
Caching disabled for JetifyTransform: ~/.gradle/caches/modules-2/files-2.1/androidx.slidingpanelayout/slidingpanelayout/1.0.0/37eba9ccbf09b75cc4aa78a5e182d5b8ba79ad6a/slidingpanelayout-1.0.0.aar because:
  Build cache is disabled
Caching disabled for AarTransform: ~/.gradle/caches/transforms-3/07890a703d0cf6d7a86bcc92f59f3175/transformed/print-1.0.0 because:
  Build cache is disabled
Skipping JetifyTransform: ~/.gradle/caches/modules-2/files-2.1/androidx.slidingpanelayout/slidingpanelayout/1.0.0/37eba9ccbf09b75cc4aa78a5e182d5b8ba79ad6a/slidingpanelayout-1.0.0.aar as it is up-to-date.
Skipping AarTransform: ~/.gradle/caches/transforms-3/07890a703d0cf6d7a86bcc92f59f3175/transformed/print-1.0.0 as it is up-to-date.
Transforming window-1.0.0.aar (androidx.window:window:1.0.0) with JetifyTransform
Transforming slidingpanelayout-1.0.0.aar (androidx.slidingpanelayout:slidingpanelayout:1.0.0) with ExtractAarTransform
Caching disabled for AarTransform: ~/.gradle/caches/transforms-3/7d4a3ead9931ebc23018330c682f58e1/transformed/jetified-emoji2-views-helper-1.3.0 because:
  Build cache is disabled
Skipping AarTransform: ~/.gradle/caches/transforms-3/7d4a3ead9931ebc23018330c682f58e1/transformed/jetified-emoji2-views-helper-1.3.0 as it is up-to-date.
Caching disabled for AarTransform: ~/.gradle/caches/transforms-3/1a1c4affc70b8f7d95ddcadfbd2a35e3/transformed/jetified-lifecycle-process-2.6.1 because:
  Build cache is disabled
Skipping AarTransform: ~/.gradle/caches/transforms-3/1a1c4affc70b8f7d95ddcadfbd2a35e3/transformed/jetified-lifecycle-process-2.6.1 as it is up-to-date.
Transforming autofill-1.0.0.aar (androidx.autofill:autofill:1.0.0) with JetifyTransform
Transforming swiperefreshlayout-1.0.0.aar (androidx.swiperefreshlayout:swiperefreshlayout:1.0.0) with JetifyTransform
Caching disabled for JetifyTransform: ~/.gradle/caches/modules-2/files-2.1/androidx.window/window/1.0.0/b88a4cb0db4e04827baad7b7d45f57d80e84d08e/window-1.0.0.aar because:
  Build cache is disabled
Skipping JetifyTransform: ~/.gradle/caches/modules-2/files-2.1/androidx.window/window/1.0.0/b88a4cb0db4e04827baad7b7d45f57d80e84d08e/window-1.0.0.aar as it is up-to-date.
Transforming window-1.0.0.aar (androidx.window:window:1.0.0) with ExtractAarTransform
Caching disabled for JetifyTransform: ~/.gradle/caches/modules-2/files-2.1/androidx.autofill/autofill/1.0.0/d95a6e3b895ad8f037dd01d88c87138b6d5eb507/autofill-1.0.0.aar because:
  Build cache is disabled
Skipping JetifyTransform: ~/.gradle/caches/modules-2/files-2.1/androidx.autofill/autofill/1.0.0/d95a6e3b895ad8f037dd01d88c87138b6d5eb507/autofill-1.0.0.aar as it is up-to-date.
Transforming autofill-1.0.0.aar (androidx.autofill:autofill:1.0.0) with ExtractAarTransform
Caching disabled for JetifyTransform: ~/.gradle/caches/modules-2/files-2.1/androidx.swiperefreshlayout/swiperefreshlayout/1.0.0/4fd265b80a2b0fbeb062ab2bc4b1487521507762/swiperefreshlayout-1.0.0.aar because:
  Build cache is disabled
Skipping JetifyTransform: ~/.gradle/caches/modules-2/files-2.1/androidx.swiperefreshlayout/swiperefreshlayout/1.0.0/4fd265b80a2b0fbeb062ab2bc4b1487521507762/swiperefreshlayout-1.0.0.aar as it is up-to-date.
Transforming swiperefreshlayout-1.0.0.aar (androidx.swiperefreshlayout:swiperefreshlayout:1.0.0) with ExtractAarTransform
Caching disabled for ExtractAarTransform: ~/.gradle/caches/modules-2/files-2.1/androidx.swiperefreshlayout/swiperefreshlayout/1.0.0/4fd265b80a2b0fbeb062ab2bc4b1487521507762/swiperefreshlayout-1.0.0.aar because:
  Build cache is disabled
Caching disabled for ExtractAarTransform: ~/.gradle/caches/transforms-3/f9f0b1a9f89995bba5e0038683c322d8/transformed/jetified-window-1.0.0.aar because:
  Build cache is disabled
Skipping ExtractAarTransform: ~/.gradle/caches/modules-2/files-2.1/androidx.swiperefreshlayout/swiperefreshlayout/1.0.0/4fd265b80a2b0fbeb062ab2bc4b1487521507762/swiperefreshlayout-1.0.0.aar as it is up-to-date.
Skipping ExtractAarTransform: ~/.gradle/caches/transforms-3/f9f0b1a9f89995bba5e0038683c322d8/transformed/jetified-window-1.0.0.aar as it is up-to-date.
Caching disabled for ExtractAarTransform: ~/.gradle/caches/transforms-3/2df6627acb5b4fc3ee3a6107b526a42a/transformed/jetified-autofill-1.0.0.aar because:
  Build cache is disabled
Caching disabled for ExtractAarTransform: ~/.gradle/caches/modules-2/files-2.1/androidx.slidingpanelayout/slidingpanelayout/1.0.0/37eba9ccbf09b75cc4aa78a5e182d5b8ba79ad6a/slidingpanelayout-1.0.0.aar because:
  Build cache is disabled
Skipping ExtractAarTransform: ~/.gradle/caches/modules-2/files-2.1/androidx.slidingpanelayout/slidingpanelayout/1.0.0/37eba9ccbf09b75cc4aa78a5e182d5b8ba79ad6a/slidingpanelayout-1.0.0.aar as it is up-to-date.
Transforming slidingpanelayout-1.0.0.aar (androidx.slidingpanelayout:slidingpanelayout:1.0.0) with AarTransform
Transforming swiperefreshlayout-1.0.0.aar (androidx.swiperefreshlayout:swiperefreshlayout:1.0.0) with AarTransform
Transforming window-1.0.0.aar (androidx.window:window:1.0.0) with AarTransform
Skipping ExtractAarTransform: ~/.gradle/caches/transforms-3/2df6627acb5b4fc3ee3a6107b526a42a/transformed/jetified-autofill-1.0.0.aar as it is up-to-date.
Transforming autofill-1.0.0.aar (androidx.autofill:autofill:1.0.0) with AarTransform
Caching disabled for AarTransform: ~/.gradle/caches/transforms-3/12ad9292926686a6f009320535c38240/transformed/swiperefreshlayout-1.0.0 because:
  Build cache is disabled
Skipping AarTransform: ~/.gradle/caches/transforms-3/12ad9292926686a6f009320535c38240/transformed/swiperefreshlayout-1.0.0 as it is up-to-date.
Transforming drawerlayout-1.0.0.aar (androidx.drawerlayout:drawerlayout:1.0.0) with JetifyTransform
Transforming drawerlayout-1.0.0.aar (androidx.drawerlayout:drawerlayout:1.0.0) with ExtractAarTransform
Caching disabled for AarTransform: ~/.gradle/caches/transforms-3/c9ac48e9f4f08ba22420df3489b43c0b/transformed/slidingpanelayout-1.0.0 because:
  Build cache is disabled
Transforming drawerlayout-1.0.0.aar (androidx.drawerlayout:drawerlayout:1.0.0) with AarTransform
Skipping AarTransform: ~/.gradle/caches/transforms-3/c9ac48e9f4f08ba22420df3489b43c0b/transformed/slidingpanelayout-1.0.0 as it is up-to-date.
Transforming customview-poolingcontainer-1.0.0.aar (androidx.customview:customview-poolingcontainer:1.0.0) with JetifyTransform
Caching disabled for AarTransform: ~/.gradle/caches/transforms-3/580ae2a1aa1989b013eb39607617f57b/transformed/jetified-autofill-1.0.0 because:
  Build cache is disabled
Caching disabled for AarTransform: ~/.gradle/caches/transforms-3/c168bdfce0b852075277c25af448ff71/transformed/jetified-window-1.0.0 because:
  Build cache is disabled
Skipping AarTransform: ~/.gradle/caches/transforms-3/c168bdfce0b852075277c25af448ff71/transformed/jetified-window-1.0.0 as it is up-to-date.
Skipping AarTransform: ~/.gradle/caches/transforms-3/580ae2a1aa1989b013eb39607617f57b/transformed/jetified-autofill-1.0.0 as it is up-to-date.
Transforming asynclayoutinflater-1.0.0.aar (androidx.asynclayoutinflater:asynclayoutinflater:1.0.0) with JetifyTransform
Transforming sqlite-framework-2.3.0.aar (androidx.sqlite:sqlite-framework:2.3.0) with JetifyTransform
Transforming emoji2-1.3.0.aar (androidx.emoji2:emoji2:1.3.0) with JetifyTransform
Caching disabled for JetifyTransform: ~/.gradle/caches/modules-2/files-2.1/androidx.customview/customview-poolingcontainer/1.0.0/579fc832cf0e5be08d8d9571850b50d22d9de3c/customview-poolingcontainer-1.0.0.aar because:
  Build cache is disabled
Skipping JetifyTransform: ~/.gradle/caches/modules-2/files-2.1/androidx.customview/customview-poolingcontainer/1.0.0/579fc832cf0e5be08d8d9571850b50d22d9de3c/customview-poolingcontainer-1.0.0.aar as it is up-to-date.
Transforming customview-poolingcontainer-1.0.0.aar (androidx.customview:customview-poolingcontainer:1.0.0) with ExtractAarTransform
Caching disabled for JetifyTransform: ~/.gradle/caches/modules-2/files-2.1/androidx.asynclayoutinflater/asynclayoutinflater/1.0.0/5ffa788d19a6863799f25cb50d4fdfb0ec649037/asynclayoutinflater-1.0.0.aar because:
  Build cache is disabled
Skipping JetifyTransform: ~/.gradle/caches/modules-2/files-2.1/androidx.asynclayoutinflater/asynclayoutinflater/1.0.0/5ffa788d19a6863799f25cb50d4fdfb0ec649037/asynclayoutinflater-1.0.0.aar as it is up-to-date.
Transforming asynclayoutinflater-1.0.0.aar (androidx.asynclayoutinflater:asynclayoutinflater:1.0.0) with ExtractAarTransform
Caching disabled for JetifyTransform: ~/.gradle/caches/modules-2/files-2.1/androidx.sqlite/sqlite-framework/2.3.0/bed458415a6998c914ceb5a71e99ff5417b95514/sqlite-framework-2.3.0.aar because:
  Build cache is disabled
Skipping JetifyTransform: ~/.gradle/caches/modules-2/files-2.1/androidx.sqlite/sqlite-framework/2.3.0/bed458415a6998c914ceb5a71e99ff5417b95514/sqlite-framework-2.3.0.aar as it is up-to-date.
Transforming sqlite-framework-2.3.0.aar (androidx.sqlite:sqlite-framework:2.3.0) with ExtractAarTransform
Caching disabled for JetifyTransform: ~/.gradle/caches/modules-2/files-2.1/androidx.emoji2/emoji2/1.3.0/37ed42991ddf77924510472dba632314aab1c9d9/emoji2-1.3.0.aar because:
  Build cache is disabled
Skipping JetifyTransform: ~/.gradle/caches/modules-2/files-2.1/androidx.emoji2/emoji2/1.3.0/37ed42991ddf77924510472dba632314aab1c9d9/emoji2-1.3.0.aar as it is up-to-date.
Transforming emoji2-1.3.0.aar (androidx.emoji2:emoji2:1.3.0) with ExtractAarTransform
Caching disabled for ExtractAarTransform: ~/.gradle/caches/transforms-3/5ba37802d6572bdc79190f2a59a6d1e8/transformed/jetified-customview-poolingcontainer-1.0.0.aar because:
  Build cache is disabled
Skipping ExtractAarTransform: ~/.gradle/caches/transforms-3/5ba37802d6572bdc79190f2a59a6d1e8/transformed/jetified-customview-poolingcontainer-1.0.0.aar as it is up-to-date.
Transforming customview-poolingcontainer-1.0.0.aar (androidx.customview:customview-poolingcontainer:1.0.0) with AarTransform
Caching disabled for ExtractAarTransform: ~/.gradle/caches/modules-2/files-2.1/androidx.asynclayoutinflater/asynclayoutinflater/1.0.0/5ffa788d19a6863799f25cb50d4fdfb0ec649037/asynclayoutinflater-1.0.0.aar because:
  Build cache is disabled
Skipping ExtractAarTransform: ~/.gradle/caches/modules-2/files-2.1/androidx.asynclayoutinflater/asynclayoutinflater/1.0.0/5ffa788d19a6863799f25cb50d4fdfb0ec649037/asynclayoutinflater-1.0.0.aar as it is up-to-date.
Transforming asynclayoutinflater-1.0.0.aar (androidx.asynclayoutinflater:asynclayoutinflater:1.0.0) with AarTransform
Caching disabled for ExtractAarTransform: ~/.gradle/caches/modules-2/files-2.1/androidx.sqlite/sqlite-framework/2.3.0/bed458415a6998c914ceb5a71e99ff5417b95514/sqlite-framework-2.3.0.aar because:
  Build cache is disabled
Caching disabled for AarTransform: ~/.gradle/caches/transforms-3/c1abece61dae1a21d2f3592e715f7295/transformed/asynclayoutinflater-1.0.0 because:
  Build cache is disabled
Skipping ExtractAarTransform: ~/.gradle/caches/modules-2/files-2.1/androidx.sqlite/sqlite-framework/2.3.0/bed458415a6998c914ceb5a71e99ff5417b95514/sqlite-framework-2.3.0.aar as it is up-to-date.
Skipping AarTransform: ~/.gradle/caches/transforms-3/c1abece61dae1a21d2f3592e715f7295/transformed/asynclayoutinflater-1.0.0 as it is up-to-date.
Transforming sqlite-framework-2.3.0.aar (androidx.sqlite:sqlite-framework:2.3.0) with AarTransform
Caching disabled for AarTransform: ~/.gradle/caches/transforms-3/12a83c271ec221d1737fdd040cc60012/transformed/jetified-customview-poolingcontainer-1.0.0 because:
  Build cache is disabled
Skipping AarTransform: ~/.gradle/caches/transforms-3/12a83c271ec221d1737fdd040cc60012/transformed/jetified-customview-poolingcontainer-1.0.0 as it is up-to-date.
Caching disabled for ExtractAarTransform: ~/.gradle/caches/transforms-3/03b0a9e791fb07e433302d369caa568c/transformed/jetified-emoji2-1.3.0.aar because:
  Build cache is disabled
Transforming tracing-1.0.0.aar (androidx.tracing:tracing:1.0.0) with JetifyTransform
Skipping ExtractAarTransform: ~/.gradle/caches/transforms-3/03b0a9e791fb07e433302d369caa568c/transformed/jetified-emoji2-1.3.0.aar as it is up-to-date.
Transforming emoji2-1.3.0.aar (androidx.emoji2:emoji2:1.3.0) with AarTransform
Transforming datastore-preferences-1.0.0.aar (androidx.datastore:datastore-preferences:1.0.0) with JetifyTransform
Caching disabled for AarTransform: ~/.gradle/caches/transforms-3/6b41cd243c6fb9e77bc51f77916faca1/transformed/sqlite-framework-2.3.0 because:
  Build cache is disabled
Skipping AarTransform: ~/.gradle/caches/transforms-3/6b41cd243c6fb9e77bc51f77916faca1/transformed/sqlite-framework-2.3.0 as it is up-to-date.
Caching disabled for JetifyTransform: ~/.gradle/caches/modules-2/files-2.1/androidx.datastore/datastore-preferences/1.0.0/246d3fe6a8fad89cb125347cd3e66c25c09b791d/datastore-preferences-1.0.0.aar because:
  Build cache is disabled
Caching disabled for AarTransform: ~/.gradle/caches/transforms-3/cbe3b41e5ddfed288a93ecb397f38d58/transformed/jetified-emoji2-1.3.0 because:
  Build cache is disabled
Skipping JetifyTransform: ~/.gradle/caches/modules-2/files-2.1/androidx.datastore/datastore-preferences/1.0.0/246d3fe6a8fad89cb125347cd3e66c25c09b791d/datastore-preferences-1.0.0.aar as it is up-to-date.
Skipping AarTransform: ~/.gradle/caches/transforms-3/cbe3b41e5ddfed288a93ecb397f38d58/transformed/jetified-emoji2-1.3.0 as it is up-to-date.
Transforming datastore-preferences-1.0.0.aar (androidx.datastore:datastore-preferences:1.0.0) with ExtractAarTransform
Caching disabled for JetifyTransform: ~/.gradle/caches/modules-2/files-2.1/androidx.tracing/tracing/1.0.0/69cef34711dffbc517e7a0a419ec4a98f84f496a/tracing-1.0.0.aar because:
  Build cache is disabled
Skipping JetifyTransform: ~/.gradle/caches/modules-2/files-2.1/androidx.tracing/tracing/1.0.0/69cef34711dffbc517e7a0a419ec4a98f84f496a/tracing-1.0.0.aar as it is up-to-date.
Transforming tracing-1.0.0.aar (androidx.tracing:tracing:1.0.0) with ExtractAarTransform
Transforming datastore-1.0.0.aar (androidx.datastore:datastore:1.0.0) with JetifyTransform
Transforming lifecycle-service-2.6.1.aar (androidx.lifecycle:lifecycle-service:2.6.1) with JetifyTransform
Caching disabled for ExtractAarTransform: ~/.gradle/caches/transforms-3/89dd08a7448cedfc581bf172952472fd/transformed/jetified-datastore-preferences-1.0.0.aar because:
  Build cache is disabled
Skipping ExtractAarTransform: ~/.gradle/caches/transforms-3/89dd08a7448cedfc581bf172952472fd/transformed/jetified-datastore-preferences-1.0.0.aar as it is up-to-date.
Transforming datastore-preferences-1.0.0.aar (androidx.datastore:datastore-preferences:1.0.0) with AarTransform
Caching disabled for JetifyTransform: ~/.gradle/caches/modules-2/files-2.1/androidx.datastore/datastore/1.0.0/3de4862f268c702e0f09e1bc26fa347da3ae33be/datastore-1.0.0.aar because:
  Build cache is disabled
Caching disabled for AarTransform: ~/.gradle/caches/transforms-3/9b48c0ff091d6ce817371e99ad820b83/transformed/jetified-datastore-preferences-1.0.0 because:
  Build cache is disabled
Skipping JetifyTransform: ~/.gradle/caches/modules-2/files-2.1/androidx.datastore/datastore/1.0.0/3de4862f268c702e0f09e1bc26fa347da3ae33be/datastore-1.0.0.aar as it is up-to-date.
Transforming datastore-1.0.0.aar (androidx.datastore:datastore:1.0.0) with ExtractAarTransform
Skipping AarTransform: ~/.gradle/caches/transforms-3/9b48c0ff091d6ce817371e99ad820b83/transformed/jetified-datastore-preferences-1.0.0 as it is up-to-date.
Caching disabled for ExtractAarTransform: ~/.gradle/caches/transforms-3/d60159bcdace77b7bdca1e6eec5c2e75/transformed/jetified-tracing-1.0.0.aar because:
  Build cache is disabled
Skipping ExtractAarTransform: ~/.gradle/caches/transforms-3/d60159bcdace77b7bdca1e6eec5c2e75/transformed/jetified-tracing-1.0.0.aar as it is up-to-date.
Caching disabled for JetifyTransform: ~/.gradle/caches/modules-2/files-2.1/androidx.lifecycle/lifecycle-service/2.6.1/f8484f392985a77e80e8565cedad8c066e047ae9/lifecycle-service-2.6.1.aar because:
  Build cache is disabled
Transforming tracing-1.0.0.aar (androidx.tracing:tracing:1.0.0) with AarTransform
Skipping JetifyTransform: ~/.gradle/caches/modules-2/files-2.1/androidx.lifecycle/lifecycle-service/2.6.1/f8484f392985a77e80e8565cedad8c066e047ae9/lifecycle-service-2.6.1.aar as it is up-to-date.
Transforming lifecycle-service-2.6.1.aar (androidx.lifecycle:lifecycle-service:2.6.1) with ExtractAarTransform
Caching disabled for AarTransform: ~/.gradle/caches/transforms-3/3bc6d5d8ff448b4e13035810680677de/transformed/jetified-tracing-1.0.0 because:
  Build cache is disabled
Skipping AarTransform: ~/.gradle/caches/transforms-3/3bc6d5d8ff448b4e13035810680677de/transformed/jetified-tracing-1.0.0 as it is up-to-date.
Caching disabled for ExtractAarTransform: ~/.gradle/caches/transforms-3/02e1827d0a78655e539bbc19685e8077/transformed/jetified-lifecycle-service-2.6.1.aar because:
  Build cache is disabled
Skipping ExtractAarTransform: ~/.gradle/caches/transforms-3/02e1827d0a78655e539bbc19685e8077/transformed/jetified-lifecycle-service-2.6.1.aar as it is up-to-date.
Caching disabled for ExtractAarTransform: ~/.gradle/caches/transforms-3/e31511fc0f0d3e4ff19d95add923aa3d/transformed/jetified-datastore-1.0.0.aar because:
  Build cache is disabled
Transforming lifecycle-service-2.6.1.aar (androidx.lifecycle:lifecycle-service:2.6.1) with AarTransform
Skipping ExtractAarTransform: ~/.gradle/caches/transforms-3/e31511fc0f0d3e4ff19d95add923aa3d/transformed/jetified-datastore-1.0.0.aar as it is up-to-date.
Transforming datastore-1.0.0.aar (androidx.datastore:datastore:1.0.0) with AarTransform
Caching disabled for AarTransform: ~/.gradle/caches/transforms-3/de6a55e483f993ea7168e29fbd28f33c/transformed/jetified-datastore-1.0.0 because:
  Build cache is disabled
Skipping AarTransform: ~/.gradle/caches/transforms-3/de6a55e483f993ea7168e29fbd28f33c/transformed/jetified-datastore-1.0.0 as it is up-to-date.
Caching disabled for AarTransform: ~/.gradle/caches/transforms-3/5f61254bc809342fde7e4d99b9dc0bd6/transformed/jetified-lifecycle-service-2.6.1 because:
  Build cache is disabled
Skipping AarTransform: ~/.gradle/caches/transforms-3/5f61254bc809342fde7e4d99b9dc0bd6/transformed/jetified-lifecycle-service-2.6.1 as it is up-to-date.
Caching disabled for task ':app:dataBindingMergeDependencyArtifactsDebug' because:
  Build cache is disabled
Task ':app:dataBindingMergeDependencyArtifactsDebug' is not up-to-date because:
  Class path of task ':app:dataBindingMergeDependencyArtifactsDebug' has changed from 19511a89c2c60142f14e5c42d287bce4 to 884dfe0e653a3a2295bb6c56821b1ca5.
Watching 2 directories to track changes

Resolve mutations for :app:generateDebugResValues (Thread[Execution worker,5,main]) started.
Resolve mutations for :app:generateDebugResValues (Thread[Execution worker,5,main]) completed. Took 0.0 secs.
:app:generateDebugResValues (Thread[Execution worker,5,main]) started.

> Task :app:dataBindingMergeDependencyArtifactsDebug
Watching 4 directories to track changes
Watching 5 directories to track changes
Watching 6 directories to track changes
:app:dataBindingMergeDependencyArtifactsDebug (Thread[Execution worker Thread 3,5,main]) completed. Took 4.402 secs.

> Task :app:generateDebugResValues
Watching 3 directories to track changes
Caching disabled for task ':app:generateDebugResValues' because:
  Build cache is disabled
Task ':app:generateDebugResValues' is not up-to-date because:
  Class path of task ':app:generateDebugResValues' has changed from 19511a89c2c60142f14e5c42d287bce4 to 884dfe0e653a3a2295bb6c56821b1ca5.
Watching 5 directories to track changes
Watching 6 directories to track changes
:app:generateDebugResValues (Thread[Execution worker,5,main]) completed. Took 0.054 secs.
Resolve mutations for :app:generateDebugResources (Thread[Execution worker,5,main]) started.
Resolve mutations for :app:generateDebugResources (Thread[Execution worker,5,main]) completed. Took 0.0 secs.
:app:generateDebugResources (Thread[Execution worker,5,main]) started.

> Task :app:generateDebugResources
Skipping task ':app:generateDebugResources' as it has no actions.
Resolve mutations for :app:mergeDebugResources (Thread[Execution worker Thread 3,5,main]) started.
:app:generateDebugResources (Thread[Execution worker,5,main]) completed. Took 0.003 secs.
Resolve mutations for :app:mergeDebugResources (Thread[Execution worker Thread 3,5,main]) completed. Took 0.004 secs.
:app:mergeDebugResources (Thread[Execution worker,5,main]) started.

> Task :app:mergeDebugResources
Watching 7 directories to track changes
Watching 7 directories to track changes
Watching 8 directories to track changes
Watching 8 directories to track changes
Watching 8 directories to track changes
Watching 8 directories to track changes
Transforming viewbinding-7.4.2.aar (androidx.databinding:viewbinding:7.4.2) with JetifyTransform
Transforming viewbinding-7.4.2.aar (androidx.databinding:viewbinding:7.4.2) with ExtractAarTransform
Transforming viewbinding-7.4.2.aar (androidx.databinding:viewbinding:7.4.2) with AarTransform
Transforming accompanist-systemuicontroller-0.23.0.aar (com.google.accompanist:accompanist-systemuicontroller:0.23.0) with JetifyTransform
Transforming accompanist-systemuicontroller-0.23.0.aar (com.google.accompanist:accompanist-systemuicontroller:0.23.0) with ExtractAarTransform
Transforming accompanist-systemuicontroller-0.23.0.aar (com.google.accompanist:accompanist-systemuicontroller:0.23.0) with AarTransform
Transforming coil-compose-2.0.0.aar (io.coil-kt:coil-compose:2.0.0) with JetifyTransform
Transforming coil-compose-2.0.0.aar (io.coil-kt:coil-compose:2.0.0) with ExtractAarTransform
Transforming coil-compose-2.0.0.aar (io.coil-kt:coil-compose:2.0.0) with AarTransform
Transforming coil-compose-base-2.0.0.aar (io.coil-kt:coil-compose-base:2.0.0) with JetifyTransform
Transforming coil-compose-base-2.0.0.aar (io.coil-kt:coil-compose-base:2.0.0) with ExtractAarTransform
Transforming coil-compose-base-2.0.0.aar (io.coil-kt:coil-compose-base:2.0.0) with AarTransform
Transforming coil-2.0.0.aar (io.coil-kt:coil:2.0.0) with JetifyTransform
Transforming coil-2.0.0.aar (io.coil-kt:coil:2.0.0) with ExtractAarTransform
Transforming coil-2.0.0.aar (io.coil-kt:coil:2.0.0) with AarTransform
Transforming coil-base-2.0.0.aar (io.coil-kt:coil-base:2.0.0) with JetifyTransform
Transforming coil-base-2.0.0.aar (io.coil-kt:coil-base:2.0.0) with ExtractAarTransform
Transforming coil-base-2.0.0.aar (io.coil-kt:coil-base:2.0.0) with AarTransform
Transforming msal-6.2.0.aar (com.microsoft.identity.client:msal:6.2.0) with JetifyTransform
Transforming msal-6.2.0.aar (com.microsoft.identity.client:msal:6.2.0) with ExtractAarTransform
Transforming msal-6.2.0.aar (com.microsoft.identity.client:msal:6.2.0) with AarTransform
Transforming common-21.4.0.aar (com.microsoft.identity:common:21.4.0) with JetifyTransform
Transforming common-21.4.0.aar (com.microsoft.identity:common:21.4.0) with ExtractAarTransform
Transforming common-21.4.0.aar (com.microsoft.identity:common:21.4.0) with AarTransform
Transforming accompanist-drawablepainter-0.23.1.aar (com.google.accompanist:accompanist-drawablepainter:0.23.1) with JetifyTransform
Transforming accompanist-drawablepainter-0.23.1.aar (com.google.accompanist:accompanist-drawablepainter:0.23.1) with ExtractAarTransform
Transforming accompanist-drawablepainter-0.23.1.aar (com.google.accompanist:accompanist-drawablepainter:0.23.1) with AarTransform
Transforming credentials-1.2.2.aar (androidx.credentials:credentials:1.2.2) with JetifyTransform
Transforming credentials-1.2.2.aar (androidx.credentials:credentials:1.2.2) with ExtractAarTransform
Transforming credentials-1.2.2.aar (androidx.credentials:credentials:1.2.2) with AarTransform
Transforming credentials-1.2.2.aar (androidx.credentials:credentials:1.2.2) with JetifyTransform
Transforming credentials-1.2.2.aar (androidx.credentials:credentials:1.2.2) with ExtractAarTransform
Transforming credentials-1.2.2.aar (androidx.credentials:credentials:1.2.2) with AarTransform
Transforming credentials-play-services-auth-1.2.2.aar (androidx.credentials:credentials-play-services-auth:1.2.2) with JetifyTransform
Transforming credentials-play-services-auth-1.2.2.aar (androidx.credentials:credentials-play-services-auth:1.2.2) with ExtractAarTransform
Transforming credentials-play-services-auth-1.2.2.aar (androidx.credentials:credentials-play-services-auth:1.2.2) with AarTransform
Transforming googleid-1.1.0.aar (com.google.android.libraries.identity.googleid:googleid:1.1.0) with JetifyTransform
Transforming googleid-1.1.0.aar (com.google.android.libraries.identity.googleid:googleid:1.1.0) with ExtractAarTransform
Transforming googleid-1.1.0.aar (com.google.android.libraries.identity.googleid:googleid:1.1.0) with AarTransform
Transforming work-runtime-ktx-2.8.1.aar (androidx.work:work-runtime-ktx:2.8.1) with JetifyTransform
Transforming work-runtime-ktx-2.8.1.aar (androidx.work:work-runtime-ktx:2.8.1) with ExtractAarTransform
Transforming work-runtime-ktx-2.8.1.aar (androidx.work:work-runtime-ktx:2.8.1) with AarTransform
Transforming navigation-common-2.7.0.aar (androidx.navigation:navigation-common:2.7.0) with JetifyTransform
Transforming navigation-common-2.7.0.aar (androidx.navigation:navigation-common:2.7.0) with ExtractAarTransform
Caching disabled for AarTransform: ~/.gradle/caches/transforms-3/bf8e33f871994f40a9487e20a975ed66/transformed/jetified-accompanist-systemuicontroller-0.23.0 because:
  Build cache is disabled
Transforming navigation-common-2.7.0.aar (androidx.navigation:navigation-common:2.7.0) with AarTransform
Transforming navigation-runtime-2.7.0.aar (androidx.navigation:navigation-runtime:2.7.0) with JetifyTransform
Skipping AarTransform: ~/.gradle/caches/transforms-3/bf8e33f871994f40a9487e20a975ed66/transformed/jetified-accompanist-systemuicontroller-0.23.0 as it is up-to-date.
Caching disabled for AarTransform: ~/.gradle/caches/transforms-3/94cab073bb099116bcdf05d4c23f20c8/transformed/jetified-viewbinding-7.4.2 because:
  Build cache is disabled
Skipping AarTransform: ~/.gradle/caches/transforms-3/94cab073bb099116bcdf05d4c23f20c8/transformed/jetified-viewbinding-7.4.2 as it is up-to-date.
Transforming navigation-runtime-2.7.0.aar (androidx.navigation:navigation-runtime:2.7.0) with ExtractAarTransform
Transforming navigation-runtime-2.7.0.aar (androidx.navigation:navigation-runtime:2.7.0) with AarTransform
Transforming navigation-common-ktx-2.7.0.aar (androidx.navigation:navigation-common-ktx:2.7.0) with JetifyTransform
Transforming navigation-common-ktx-2.7.0.aar (androidx.navigation:navigation-common-ktx:2.7.0) with ExtractAarTransform
Transforming navigation-common-ktx-2.7.0.aar (androidx.navigation:navigation-common-ktx:2.7.0) with AarTransform
Transforming navigation-runtime-ktx-2.7.0.aar (androidx.navigation:navigation-runtime-ktx:2.7.0) with JetifyTransform
Caching disabled for AarTransform: ~/.gradle/caches/transforms-3/4a16392ea9d502c6cfaf958d501f7b5c/transformed/jetified-coil-compose-2.0.0 because:
  Build cache is disabled
Transforming navigation-runtime-ktx-2.7.0.aar (androidx.navigation:navigation-runtime-ktx:2.7.0) with ExtractAarTransform
Transforming navigation-runtime-ktx-2.7.0.aar (androidx.navigation:navigation-runtime-ktx:2.7.0) with AarTransform
Transforming navigation-compose-2.7.0.aar (androidx.navigation:navigation-compose:2.7.0) with JetifyTransform
Transforming navigation-compose-2.7.0.aar (androidx.navigation:navigation-compose:2.7.0) with ExtractAarTransform
Transforming navigation-compose-2.7.0.aar (androidx.navigation:navigation-compose:2.7.0) with AarTransform
Transforming constraintlayout-2.1.3.aar (androidx.constraintlayout:constraintlayout:2.1.3) with JetifyTransform
Skipping AarTransform: ~/.gradle/caches/transforms-3/4a16392ea9d502c6cfaf958d501f7b5c/transformed/jetified-coil-compose-2.0.0 as it is up-to-date.
Transforming constraintlayout-2.1.3.aar (androidx.constraintlayout:constraintlayout:2.1.3) with ExtractAarTransform
Transforming constraintlayout-2.1.3.aar (androidx.constraintlayout:constraintlayout:2.1.3) with AarTransform
Transforming material-1.2.0.aar (com.google.android.material:material:1.2.0) with JetifyTransform
Caching disabled for AarTransform: ~/.gradle/caches/transforms-3/1cae99ea7ffe8d6629ea2bcf1aca546c/transformed/work-runtime-ktx-2.8.1 because:
  Build cache is disabled
Skipping AarTransform: ~/.gradle/caches/transforms-3/1cae99ea7ffe8d6629ea2bcf1aca546c/transformed/work-runtime-ktx-2.8.1 as it is up-to-date.
Transforming material-1.2.0.aar (com.google.android.material:material:1.2.0) with ExtractAarTransform
Transforming material-1.2.0.aar (com.google.android.material:material:1.2.0) with AarTransform
Transforming appcompat-resources-1.6.1.aar (androidx.appcompat:appcompat-resources:1.6.1) with JetifyTransform
Transforming appcompat-resources-1.6.1.aar (androidx.appcompat:appcompat-resources:1.6.1) with ExtractAarTransform
Caching disabled for AarTransform: ~/.gradle/caches/transforms-3/1d16f4d928f2f2d491888191b97517fc/transformed/jetified-googleid-1.1.0 because:
  Build cache is disabled
Skipping AarTransform: ~/.gradle/caches/transforms-3/1d16f4d928f2f2d491888191b97517fc/transformed/jetified-googleid-1.1.0 as it is up-to-date.
Transforming appcompat-resources-1.6.1.aar (androidx.appcompat:appcompat-resources:1.6.1) with AarTransform
Transforming appcompat-1.6.1.aar (androidx.appcompat:appcompat:1.6.1) with JetifyTransform
Transforming appcompat-1.6.1.aar (androidx.appcompat:appcompat:1.6.1) with ExtractAarTransform
Transforming appcompat-1.6.1.aar (androidx.appcompat:appcompat:1.6.1) with AarTransform
Transforming material3-window-size-class-release.aar (androidx.compose.material3:material3-window-size-class-android:1.2.0) with JetifyTransform
Transforming material3-window-size-class-release.aar (androidx.compose.material3:material3-window-size-class-android:1.2.0) with ExtractAarTransform
Transforming material3-window-size-class-release.aar (androidx.compose.material3:material3-window-size-class-android:1.2.0) with AarTransform
Caching disabled for AarTransform: ~/.gradle/caches/transforms-3/bf1a1f31d3fd291141350a5f95f71ac2/transformed/navigation-runtime-2.7.0 because:
  Build cache is disabled
Transforming material3-release.aar (androidx.compose.material3:material3-android:1.2.0) with JetifyTransform
Transforming material3-release.aar (androidx.compose.material3:material3-android:1.2.0) with ExtractAarTransform
Skipping AarTransform: ~/.gradle/caches/transforms-3/bf1a1f31d3fd291141350a5f95f71ac2/transformed/navigation-runtime-2.7.0 as it is up-to-date.
Transforming material3-release.aar (androidx.compose.material3:material3-android:1.2.0) with AarTransform
Transforming glide-4.11.0.aar (com.github.bumptech.glide:glide:4.11.0) with JetifyTransform
Transforming glide-4.11.0.aar (com.github.bumptech.glide:glide:4.11.0) with ExtractAarTransform
Transforming glide-4.11.0.aar (com.github.bumptech.glide:glide:4.11.0) with AarTransform
Transforming viewpager2-1.0.0.aar (androidx.viewpager2:viewpager2:1.0.0) with JetifyTransform
Transforming viewpager2-1.0.0.aar (androidx.viewpager2:viewpager2:1.0.0) with ExtractAarTransform
Transforming viewpager2-1.0.0.aar (androidx.viewpager2:viewpager2:1.0.0) with AarTransform
Transforming play-services-auth-20.7.0.aar (com.google.android.gms:play-services-auth:20.7.0) with JetifyTransform
Transforming play-services-auth-20.7.0.aar (com.google.android.gms:play-services-auth:20.7.0) with ExtractAarTransform
Transforming play-services-auth-20.7.0.aar (com.google.android.gms:play-services-auth:20.7.0) with AarTransform
Transforming play-services-fido-20.1.0.aar (com.google.android.gms:play-services-fido:20.1.0) with JetifyTransform
Transforming play-services-fido-20.1.0.aar (com.google.android.gms:play-services-fido:20.1.0) with ExtractAarTransform
Transforming play-services-fido-20.1.0.aar (com.google.android.gms:play-services-fido:20.1.0) with AarTransform
Transforming play-services-auth-api-phone-18.0.1.aar (com.google.android.gms:play-services-auth-api-phone:18.0.1) with JetifyTransform
Transforming play-services-auth-api-phone-18.0.1.aar (com.google.android.gms:play-services-auth-api-phone:18.0.1) with ExtractAarTransform
Transforming play-services-auth-api-phone-18.0.1.aar (com.google.android.gms:play-services-auth-api-phone:18.0.1) with AarTransform
Transforming play-services-auth-base-18.0.4.aar (com.google.android.gms:play-services-auth-base:18.0.4) with JetifyTransform
Transforming play-services-auth-base-18.0.4.aar (com.google.android.gms:play-services-auth-base:18.0.4) with ExtractAarTransform
Transforming play-services-auth-base-18.0.4.aar (com.google.android.gms:play-services-auth-base:18.0.4) with AarTransform
Caching disabled for AarTransform: ~/.gradle/caches/transforms-3/a4a989285698a7d4539c76e75f39e9fb/transformed/jetified-appcompat-resources-1.6.1 because:
  Build cache is disabled
Transforming fragment-1.3.6.aar (androidx.fragment:fragment:1.3.6) with JetifyTransform
Skipping AarTransform: ~/.gradle/caches/transforms-3/a4a989285698a7d4539c76e75f39e9fb/transformed/jetified-appcompat-resources-1.6.1 as it is up-to-date.
Transforming fragment-1.3.6.aar (androidx.fragment:fragment:1.3.6) with ExtractAarTransform
Transforming fragment-1.3.6.aar (androidx.fragment:fragment:1.3.6) with AarTransform
Transforming browser-1.0.0.aar (androidx.browser:browser:1.0.0) with JetifyTransform
Transforming browser-1.0.0.aar (androidx.browser:browser:1.0.0) with ExtractAarTransform
Transforming browser-1.0.0.aar (androidx.browser:browser:1.0.0) with AarTransform
Transforming legacy-support-core-ui-1.0.0.aar (androidx.legacy:legacy-support-core-ui:1.0.0) with JetifyTransform
Transforming legacy-support-core-ui-1.0.0.aar (androidx.legacy:legacy-support-core-ui:1.0.0) with ExtractAarTransform
Transforming legacy-support-core-ui-1.0.0.aar (androidx.legacy:legacy-support-core-ui:1.0.0) with AarTransform
Transforming legacy-support-core-utils-1.0.0.aar (androidx.legacy:legacy-support-core-utils:1.0.0) with JetifyTransform
Transforming legacy-support-core-utils-1.0.0.aar (androidx.legacy:legacy-support-core-utils:1.0.0) with ExtractAarTransform
Transforming legacy-support-core-utils-1.0.0.aar (androidx.legacy:legacy-support-core-utils:1.0.0) with AarTransform
Transforming loader-1.0.0.aar (androidx.loader:loader:1.0.0) with JetifyTransform
Transforming loader-1.0.0.aar (androidx.loader:loader:1.0.0) with ExtractAarTransform
Transforming loader-1.0.0.aar (androidx.loader:loader:1.0.0) with AarTransform
Transforming material-release.aar (androidx.compose.material:material-android:1.6.1) with JetifyTransform
Caching disabled for AarTransform: ~/.gradle/caches/transforms-3/90ed19349c73e3a702f875e3ee32cf3e/transformed/jetified-play-services-auth-api-phone-18.0.1 because:
  Build cache is disabled
Transforming material-release.aar (androidx.compose.material:material-android:1.6.1) with ExtractAarTransform
Transforming material-release.aar (androidx.compose.material:material-android:1.6.1) with AarTransform
Skipping AarTransform: ~/.gradle/caches/transforms-3/90ed19349c73e3a702f875e3ee32cf3e/transformed/jetified-play-services-auth-api-phone-18.0.1 as it is up-to-date.
Transforming material-icons-core-release.aar (androidx.compose.material:material-icons-core-android:1.6.1) with JetifyTransform
Transforming material-icons-core-release.aar (androidx.compose.material:material-icons-core-android:1.6.1) with ExtractAarTransform
Transforming material-icons-core-release.aar (androidx.compose.material:material-icons-core-android:1.6.1) with AarTransform
Transforming material-ripple-release.aar (androidx.compose.material:material-ripple-android:1.6.1) with JetifyTransform
Transforming play-services-tasks-18.0.1.aar (com.google.android.gms:play-services-tasks:18.0.1) with JetifyTransform
Transforming play-services-tasks-18.0.1.aar (com.google.android.gms:play-services-tasks:18.0.1) with ExtractAarTransform
Caching disabled for AarTransform: ~/.gradle/caches/transforms-3/92c29c4b255532babecd42314d8fdc89/transformed/jetified-play-services-auth-base-18.0.4 because:
  Build cache is disabled
Skipping AarTransform: ~/.gradle/caches/transforms-3/92c29c4b255532babecd42314d8fdc89/transformed/jetified-play-services-auth-base-18.0.4 as it is up-to-date.
Transforming play-services-tasks-18.0.1.aar (com.google.android.gms:play-services-tasks:18.0.1) with AarTransform
Transforming material-ripple-release.aar (androidx.compose.material:material-ripple-android:1.6.1) with ExtractAarTransform
Transforming material-ripple-release.aar (androidx.compose.material:material-ripple-android:1.6.1) with AarTransform
Transforming foundation-release.aar (androidx.compose.foundation:foundation-android:1.6.1) with JetifyTransform
Transforming fragment-1.3.6.aar (androidx.fragment:fragment:1.3.6) with JetifyTransform
Transforming foundation-release.aar (androidx.compose.foundation:foundation-android:1.6.1) with ExtractAarTransform
Transforming fragment-1.3.6.aar (androidx.fragment:fragment:1.3.6) with ExtractAarTransform
Transforming foundation-release.aar (androidx.compose.foundation:foundation-android:1.6.1) with AarTransform
Transforming foundation-layout-release.aar (androidx.compose.foundation:foundation-layout-android:1.6.1) with JetifyTransform
Transforming foundation-layout-release.aar (androidx.compose.foundation:foundation-layout-android:1.6.1) with ExtractAarTransform
Transforming foundation-layout-release.aar (androidx.compose.foundation:foundation-layout-android:1.6.1) with AarTransform
Transforming animation-core-release.aar (androidx.compose.animation:animation-core-android:1.6.1) with JetifyTransform
Transforming animation-core-release.aar (androidx.compose.animation:animation-core-android:1.6.1) with ExtractAarTransform
Transforming animation-core-release.aar (androidx.compose.animation:animation-core-android:1.6.1) with AarTransform
Transforming animation-release.aar (androidx.compose.animation:animation-android:1.6.1) with JetifyTransform
Transforming animation-release.aar (androidx.compose.animation:animation-android:1.6.1) with ExtractAarTransform
Transforming animation-release.aar (androidx.compose.animation:animation-android:1.6.1) with AarTransform
Transforming ui-tooling-data-release.aar (androidx.compose.ui:ui-tooling-data-android:1.6.1) with JetifyTransform
Transforming ui-tooling-data-release.aar (androidx.compose.ui:ui-tooling-data-android:1.6.1) with ExtractAarTransform
Transforming ui-tooling-data-release.aar (androidx.compose.ui:ui-tooling-data-android:1.6.1) with AarTransform
Transforming fragment-1.3.6.aar (androidx.fragment:fragment:1.3.6) with AarTransform
Caching disabled for AarTransform: ~/.gradle/caches/transforms-3/400dd26017d2e15e0dbda5406f9ef695/transformed/fragment-1.3.6 because:
  Build cache is disabled
Skipping AarTransform: ~/.gradle/caches/transforms-3/400dd26017d2e15e0dbda5406f9ef695/transformed/fragment-1.3.6 as it is up-to-date.
Transforming ui-geometry-release.aar (androidx.compose.ui:ui-geometry-android:1.6.1) with JetifyTransform
Transforming ui-geometry-release.aar (androidx.compose.ui:ui-geometry-android:1.6.1) with ExtractAarTransform
Transforming ui-geometry-release.aar (androidx.compose.ui:ui-geometry-android:1.6.1) with AarTransform
Transforming ui-unit-release.aar (androidx.compose.ui:ui-unit-android:1.6.1) with JetifyTransform
Caching disabled for AarTransform: ~/.gradle/caches/transforms-3/f2c612e0fb1a97a99a863e39f5508a21/transformed/jetified-play-services-tasks-18.0.1 because:
  Build cache is disabled
Transforming ui-unit-release.aar (androidx.compose.ui:ui-unit-android:1.6.1) with ExtractAarTransform
Transforming ui-unit-release.aar (androidx.compose.ui:ui-unit-android:1.6.1) with AarTransform
Skipping AarTransform: ~/.gradle/caches/transforms-3/f2c612e0fb1a97a99a863e39f5508a21/transformed/jetified-play-services-tasks-18.0.1 as it is up-to-date.
Transforming ui-util-release.aar (androidx.compose.ui:ui-util-android:1.6.1) with JetifyTransform
Transforming ui-util-release.aar (androidx.compose.ui:ui-util-android:1.6.1) with ExtractAarTransform
Transforming ui-util-release.aar (androidx.compose.ui:ui-util-android:1.6.1) with AarTransform
Transforming ui-text-release.aar (androidx.compose.ui:ui-text-android:1.6.1) with JetifyTransform
Caching disabled for AarTransform: ~/.gradle/caches/transforms-3/66b0378c33ede1b033228e49dad9524a/transformed/legacy-support-core-ui-1.0.0 because:
  Build cache is disabled
Skipping AarTransform: ~/.gradle/caches/transforms-3/66b0378c33ede1b033228e49dad9524a/transformed/legacy-support-core-ui-1.0.0 as it is up-to-date.
Transforming ui-text-release.aar (androidx.compose.ui:ui-text-android:1.6.1) with ExtractAarTransform
Transforming ui-text-release.aar (androidx.compose.ui:ui-text-android:1.6.1) with AarTransform
Transforming ui-graphics-release.aar (androidx.compose.ui:ui-graphics-android:1.6.1) with JetifyTransform
Transforming ui-graphics-release.aar (androidx.compose.ui:ui-graphics-android:1.6.1) with ExtractAarTransform
Transforming ui-graphics-release.aar (androidx.compose.ui:ui-graphics-android:1.6.1) with AarTransform
Transforming ui-tooling-preview-release.aar (androidx.compose.ui:ui-tooling-preview-android:1.6.1) with JetifyTransform
Transforming ui-tooling-preview-release.aar (androidx.compose.ui:ui-tooling-preview-android:1.6.1) with ExtractAarTransform
Transforming ui-tooling-preview-release.aar (androidx.compose.ui:ui-tooling-preview-android:1.6.1) with AarTransform
Transforming ui-tooling-release.aar (androidx.compose.ui:ui-tooling-android:1.6.1) with JetifyTransform
Transforming ui-tooling-release.aar (androidx.compose.ui:ui-tooling-android:1.6.1) with ExtractAarTransform
Transforming ui-tooling-release.aar (androidx.compose.ui:ui-tooling-android:1.6.1) with AarTransform
Transforming ui-test-manifest-1.6.1.aar (androidx.compose.ui:ui-test-manifest:1.6.1) with JetifyTransform
Caching disabled for AarTransform: ~/.gradle/caches/transforms-3/902593fa1e00ea876e13c003ec91b9af/transformed/browser-1.0.0 because:
  Build cache is disabled
Skipping AarTransform: ~/.gradle/caches/transforms-3/902593fa1e00ea876e13c003ec91b9af/transformed/browser-1.0.0 as it is up-to-date.
Transforming loader-1.0.0.aar (androidx.loader:loader:1.0.0) with JetifyTransform
Transforming loader-1.0.0.aar (androidx.loader:loader:1.0.0) with ExtractAarTransform
Transforming loader-1.0.0.aar (androidx.loader:loader:1.0.0) with AarTransform
Transforming ui-test-manifest-1.6.1.aar (androidx.compose.ui:ui-test-manifest:1.6.1) with ExtractAarTransform
Transforming ui-test-manifest-1.6.1.aar (androidx.compose.ui:ui-test-manifest:1.6.1) with AarTransform
Transforming activity-1.7.1.aar (androidx.activity:activity:1.7.1) with JetifyTransform
Caching disabled for AarTransform: ~/.gradle/caches/transforms-3/0db2e5da926973a8cb8c4b07fbcec83d/transformed/legacy-support-core-utils-1.0.0 because:
  Build cache is disabled
Transforming activity-1.7.1.aar (androidx.activity:activity:1.7.1) with ExtractAarTransform
Transforming activity-1.7.1.aar (androidx.activity:activity:1.7.1) with AarTransform
Skipping AarTransform: ~/.gradle/caches/transforms-3/0db2e5da926973a8cb8c4b07fbcec83d/transformed/legacy-support-core-utils-1.0.0 as it is up-to-date.
Transforming activity-ktx-1.7.1.aar (androidx.activity:activity-ktx:1.7.1) with JetifyTransform
Transforming activity-ktx-1.7.1.aar (androidx.activity:activity-ktx:1.7.1) with ExtractAarTransform
Transforming activity-ktx-1.7.1.aar (androidx.activity:activity-ktx:1.7.1) with AarTransform
Caching disabled for AarTransform: ~/.gradle/caches/transforms-3/5fbf3876ecb0a88b7dcccdd061affe0a/transformed/loader-1.0.0 because:
  Build cache is disabled
Transforming activity-compose-1.7.1.aar (androidx.activity:activity-compose:1.7.1) with JetifyTransform
Transforming activity-compose-1.7.1.aar (androidx.activity:activity-compose:1.7.1) with ExtractAarTransform
Skipping AarTransform: ~/.gradle/caches/transforms-3/5fbf3876ecb0a88b7dcccdd061affe0a/transformed/loader-1.0.0 as it is up-to-date.
Transforming activity-compose-1.7.1.aar (androidx.activity:activity-compose:1.7.1) with AarTransform
Transforming ui-release.aar (androidx.compose.ui:ui-android:1.6.1) with JetifyTransform
Transforming ui-release.aar (androidx.compose.ui:ui-android:1.6.1) with ExtractAarTransform
Transforming ui-release.aar (androidx.compose.ui:ui-android:1.6.1) with AarTransform
Transforming savedstate-ktx-1.2.1.aar (androidx.savedstate:savedstate-ktx:1.2.1) with JetifyTransform
Transforming savedstate-ktx-1.2.1.aar (androidx.savedstate:savedstate-ktx:1.2.1) with ExtractAarTransform
Transforming savedstate-ktx-1.2.1.aar (androidx.savedstate:savedstate-ktx:1.2.1) with AarTransform
Transforming savedstate-1.2.1.aar (androidx.savedstate:savedstate:1.2.1) with JetifyTransform
Transforming savedstate-1.2.1.aar (androidx.savedstate:savedstate:1.2.1) with ExtractAarTransform
Transforming savedstate-1.2.1.aar (androidx.savedstate:savedstate:1.2.1) with AarTransform
Transforming work-runtime-2.8.1.aar (androidx.work:work-runtime:2.8.1) with JetifyTransform
Transforming work-runtime-2.8.1.aar (androidx.work:work-runtime:2.8.1) with ExtractAarTransform
Transforming work-runtime-2.8.1.aar (androidx.work:work-runtime:2.8.1) with AarTransform
Transforming emoji2-views-helper-1.3.0.aar (androidx.emoji2:emoji2-views-helper:1.3.0) with JetifyTransform
Transforming emoji2-views-helper-1.3.0.aar (androidx.emoji2:emoji2-views-helper:1.3.0) with ExtractAarTransform
Transforming emoji2-views-helper-1.3.0.aar (androidx.emoji2:emoji2-views-helper:1.3.0) with AarTransform
Transforming emoji2-1.3.0.aar (androidx.emoji2:emoji2:1.3.0) with JetifyTransform
Transforming emoji2-1.3.0.aar (androidx.emoji2:emoji2:1.3.0) with ExtractAarTransform
Transforming emoji2-1.3.0.aar (androidx.emoji2:emoji2:1.3.0) with AarTransform
Transforming lifecycle-process-2.6.1.aar (androidx.lifecycle:lifecycle-process:2.6.1) with JetifyTransform
Transforming lifecycle-process-2.6.1.aar (androidx.lifecycle:lifecycle-process:2.6.1) with ExtractAarTransform
Transforming lifecycle-process-2.6.1.aar (androidx.lifecycle:lifecycle-process:2.6.1) with AarTransform
Transforming lifecycle-service-2.6.1.aar (androidx.lifecycle:lifecycle-service:2.6.1) with JetifyTransform
Transforming lifecycle-service-2.6.1.aar (androidx.lifecycle:lifecycle-service:2.6.1) with ExtractAarTransform
Transforming lifecycle-service-2.6.1.aar (androidx.lifecycle:lifecycle-service:2.6.1) with AarTransform
Transforming lifecycle-livedata-2.6.1.aar (androidx.lifecycle:lifecycle-livedata:2.6.1) with JetifyTransform
Transforming lifecycle-livedata-2.6.1.aar (androidx.lifecycle:lifecycle-livedata:2.6.1) with ExtractAarTransform
Transforming lifecycle-livedata-2.6.1.aar (androidx.lifecycle:lifecycle-livedata:2.6.1) with AarTransform
Caching disabled for AarTransform: ~/.gradle/caches/transforms-3/83c2e7af98f64845bfb9325dbf1c5a1c/transformed/jetified-material-release because:
  Build cache is disabled
Skipping AarTransform: ~/.gradle/caches/transforms-3/83c2e7af98f64845bfb9325dbf1c5a1c/transformed/jetified-material-release as it is up-to-date.
Transforming lifecycle-livedata-core-2.6.1.aar (androidx.lifecycle:lifecycle-livedata-core:2.6.1) with JetifyTransform
Transforming lifecycle-livedata-core-2.6.1.aar (androidx.lifecycle:lifecycle-livedata-core:2.6.1) with ExtractAarTransform
Transforming lifecycle-livedata-core-2.6.1.aar (androidx.lifecycle:lifecycle-livedata-core:2.6.1) with AarTransform
Transforming lifecycle-viewmodel-2.6.1.aar (androidx.lifecycle:lifecycle-viewmodel:2.6.1) with JetifyTransform
Transforming lifecycle-viewmodel-2.6.1.aar (androidx.lifecycle:lifecycle-viewmodel:2.6.1) with ExtractAarTransform
Transforming lifecycle-viewmodel-2.6.1.aar (androidx.lifecycle:lifecycle-viewmodel:2.6.1) with AarTransform
Transforming lifecycle-viewmodel-savedstate-2.6.1.aar (androidx.lifecycle:lifecycle-viewmodel-savedstate:2.6.1) with JetifyTransform
Transforming lifecycle-viewmodel-savedstate-2.6.1.aar (androidx.lifecycle:lifecycle-viewmodel-savedstate:2.6.1) with ExtractAarTransform
Transforming lifecycle-viewmodel-savedstate-2.6.1.aar (androidx.lifecycle:lifecycle-viewmodel-savedstate:2.6.1) with AarTransform
Transforming lifecycle-runtime-ktx-2.6.1.aar (androidx.lifecycle:lifecycle-runtime-ktx:2.6.1) with JetifyTransform
Transforming lifecycle-runtime-ktx-2.6.1.aar (androidx.lifecycle:lifecycle-runtime-ktx:2.6.1) with ExtractAarTransform
Caching disabled for AarTransform: ~/.gradle/caches/transforms-3/86c6b512118f207b0af6c1bfd4dea297/transformed/jetified-material-ripple-release because:
  Build cache is disabled
Skipping AarTransform: ~/.gradle/caches/transforms-3/86c6b512118f207b0af6c1bfd4dea297/transformed/jetified-material-ripple-release as it is up-to-date.
Caching disabled for AarTransform: ~/.gradle/caches/transforms-3/6ca85b9e3b0b19038192d28e3fe8d0ab/transformed/jetified-material-icons-core-release because:
  Build cache is disabled
Skipping AarTransform: ~/.gradle/caches/transforms-3/6ca85b9e3b0b19038192d28e3fe8d0ab/transformed/jetified-material-icons-core-release as it is up-to-date.
Transforming lifecycle-runtime-ktx-2.6.1.aar (androidx.lifecycle:lifecycle-runtime-ktx:2.6.1) with AarTransform
Transforming recyclerview-1.3.0.aar (androidx.recyclerview:recyclerview:1.3.0) with JetifyTransform
Transforming recyclerview-1.3.0.aar (androidx.recyclerview:recyclerview:1.3.0) with ExtractAarTransform
Transforming recyclerview-1.3.0.aar (androidx.recyclerview:recyclerview:1.3.0) with AarTransform
Caching disabled for AarTransform: ~/.gradle/caches/transforms-3/b6c9f045fb2c75106aeba0d2cee3e5af/transformed/jetified-foundation-release because:
  Build cache is disabled
Transforming drawerlayout-1.0.0.aar (androidx.drawerlayout:drawerlayout:1.0.0) with JetifyTransform
Transforming drawerlayout-1.0.0.aar (androidx.drawerlayout:drawerlayout:1.0.0) with ExtractAarTransform
Skipping AarTransform: ~/.gradle/caches/transforms-3/b6c9f045fb2c75106aeba0d2cee3e5af/transformed/jetified-foundation-release as it is up-to-date.
Transforming drawerlayout-1.0.0.aar (androidx.drawerlayout:drawerlayout:1.0.0) with AarTransform
Transforming drawerlayout-1.0.0.aar (androidx.drawerlayout:drawerlayout:1.0.0) with JetifyTransform
Transforming drawerlayout-1.0.0.aar (androidx.drawerlayout:drawerlayout:1.0.0) with ExtractAarTransform
Transforming drawerlayout-1.0.0.aar (androidx.drawerlayout:drawerlayout:1.0.0) with AarTransform
Transforming coordinatorlayout-1.1.0.aar (androidx.coordinatorlayout:coordinatorlayout:1.1.0) with JetifyTransform
Transforming coordinatorlayout-1.1.0.aar (androidx.coordinatorlayout:coordinatorlayout:1.1.0) with ExtractAarTransform
Transforming coordinatorlayout-1.1.0.aar (androidx.coordinatorlayout:coordinatorlayout:1.1.0) with AarTransform
Transforming coordinatorlayout-1.1.0.aar (androidx.coordinatorlayout:coordinatorlayout:1.1.0) with JetifyTransform
Transforming coordinatorlayout-1.1.0.aar (androidx.coordinatorlayout:coordinatorlayout:1.1.0) with ExtractAarTransform
Transforming coordinatorlayout-1.1.0.aar (androidx.coordinatorlayout:coordinatorlayout:1.1.0) with AarTransform
Transforming viewpager-1.0.0.aar (androidx.viewpager:viewpager:1.0.0) with JetifyTransform
Caching disabled for AarTransform: ~/.gradle/caches/transforms-3/e2595fb66819c09fd65ae4a9e519b50b/transformed/jetified-animation-core-release because:
  Build cache is disabled
Transforming viewpager-1.0.0.aar (androidx.viewpager:viewpager:1.0.0) with ExtractAarTransform
Transforming viewpager-1.0.0.aar (androidx.viewpager:viewpager:1.0.0) with AarTransform
Skipping AarTransform: ~/.gradle/caches/transforms-3/e2595fb66819c09fd65ae4a9e519b50b/transformed/jetified-animation-core-release as it is up-to-date.
Transforming viewpager-1.0.0.aar (androidx.viewpager:viewpager:1.0.0) with JetifyTransform
Transforming viewpager-1.0.0.aar (androidx.viewpager:viewpager:1.0.0) with ExtractAarTransform
Transforming viewpager-1.0.0.aar (androidx.viewpager:viewpager:1.0.0) with AarTransform
Transforming slidingpanelayout-1.0.0.aar (androidx.slidingpanelayout:slidingpanelayout:1.0.0) with JetifyTransform
Transforming slidingpanelayout-1.0.0.aar (androidx.slidingpanelayout:slidingpanelayout:1.0.0) with ExtractAarTransform
Transforming slidingpanelayout-1.0.0.aar (androidx.slidingpanelayout:slidingpanelayout:1.0.0) with AarTransform
Caching disabled for AarTransform: ~/.gradle/caches/transforms-3/b05fc11c0ba16ff3b6e03ce6d681b90d/transformed/jetified-animation-release because:
  Build cache is disabled
Transforming customview-1.0.0.aar (androidx.customview:customview:1.0.0) with JetifyTransform
Transforming customview-1.0.0.aar (androidx.customview:customview:1.0.0) with ExtractAarTransform
Skipping AarTransform: ~/.gradle/caches/transforms-3/b05fc11c0ba16ff3b6e03ce6d681b90d/transformed/jetified-animation-release as it is up-to-date.
Transforming customview-1.0.0.aar (androidx.customview:customview:1.0.0) with AarTransform
Transforming transition-1.2.0.aar (androidx.transition:transition:1.2.0) with JetifyTransform
Transforming transition-1.2.0.aar (androidx.transition:transition:1.2.0) with ExtractAarTransform
Transforming transition-1.2.0.aar (androidx.transition:transition:1.2.0) with AarTransform
Caching disabled for AarTransform: ~/.gradle/caches/transforms-3/cbf35b172e63244a7cdfbe0558057126/transformed/jetified-foundation-layout-release because:
  Build cache is disabled
Skipping AarTransform: ~/.gradle/caches/transforms-3/cbf35b172e63244a7cdfbe0558057126/transformed/jetified-foundation-layout-release as it is up-to-date.
Caching disabled for AarTransform: ~/.gradle/caches/transforms-3/1fb601fda73f4f605e8cd860ab2c7dff/transformed/jetified-ui-tooling-data-release because:
  Build cache is disabled
Skipping AarTransform: ~/.gradle/caches/transforms-3/1fb601fda73f4f605e8cd860ab2c7dff/transformed/jetified-ui-tooling-data-release as it is up-to-date.
Transforming vectordrawable-animated-1.1.0.aar (androidx.vectordrawable:vectordrawable-animated:1.1.0) with JetifyTransform
Transforming vectordrawable-animated-1.1.0.aar (androidx.vectordrawable:vectordrawable-animated:1.1.0) with ExtractAarTransform
Transforming vectordrawable-animated-1.1.0.aar (androidx.vectordrawable:vectordrawable-animated:1.1.0) with AarTransform
Transforming vectordrawable-1.1.0.aar (androidx.vectordrawable:vectordrawable:1.1.0) with JetifyTransform
Transforming vectordrawable-1.1.0.aar (androidx.vectordrawable:vectordrawable:1.1.0) with ExtractAarTransform
Transforming vectordrawable-1.1.0.aar (androidx.vectordrawable:vectordrawable:1.1.0) with AarTransform
Transforming window-1.0.0.aar (androidx.window:window:1.0.0) with JetifyTransform
Transforming window-1.0.0.aar (androidx.window:window:1.0.0) with ExtractAarTransform
Transforming window-1.0.0.aar (androidx.window:window:1.0.0) with AarTransform
Caching disabled for AarTransform: ~/.gradle/caches/transforms-3/d46d9e20913b2943a41edfbee6c3fc7b/transformed/jetified-ui-unit-release because:
  Build cache is disabled
Transforming autofill-1.0.0.aar (androidx.autofill:autofill:1.0.0) with JetifyTransform
Transforming autofill-1.0.0.aar (androidx.autofill:autofill:1.0.0) with ExtractAarTransform
Skipping AarTransform: ~/.gradle/caches/transforms-3/d46d9e20913b2943a41edfbee6c3fc7b/transformed/jetified-ui-unit-release as it is up-to-date.
Caching disabled for AarTransform: ~/.gradle/caches/transforms-3/3521de6b8848f9a8e2e8bf5a2173f78b/transformed/jetified-ui-util-release because:
  Build cache is disabled
Skipping AarTransform: ~/.gradle/caches/transforms-3/3521de6b8848f9a8e2e8bf5a2173f78b/transformed/jetified-ui-util-release as it is up-to-date.
Caching disabled for AarTransform: ~/.gradle/caches/transforms-3/9842a4d437c4539be4001127dcd9b65f/transformed/jetified-ui-geometry-release because:
  Build cache is disabled
Skipping AarTransform: ~/.gradle/caches/transforms-3/9842a4d437c4539be4001127dcd9b65f/transformed/jetified-ui-geometry-release as it is up-to-date.
Transforming autofill-1.0.0.aar (androidx.autofill:autofill:1.0.0) with AarTransform
Transforming swiperefreshlayout-1.0.0.aar (androidx.swiperefreshlayout:swiperefreshlayout:1.0.0) with JetifyTransform
Transforming swiperefreshlayout-1.0.0.aar (androidx.swiperefreshlayout:swiperefreshlayout:1.0.0) with ExtractAarTransform
Transforming swiperefreshlayout-1.0.0.aar (androidx.swiperefreshlayout:swiperefreshlayout:1.0.0) with AarTransform
Transforming asynclayoutinflater-1.0.0.aar (androidx.asynclayoutinflater:asynclayoutinflater:1.0.0) with JetifyTransform
Transforming asynclayoutinflater-1.0.0.aar (androidx.asynclayoutinflater:asynclayoutinflater:1.0.0) with ExtractAarTransform
Transforming asynclayoutinflater-1.0.0.aar (androidx.asynclayoutinflater:asynclayoutinflater:1.0.0) with AarTransform
Transforming customview-poolingcontainer-1.0.0.aar (androidx.customview:customview-poolingcontainer:1.0.0) with JetifyTransform
Transforming customview-poolingcontainer-1.0.0.aar (androidx.customview:customview-poolingcontainer:1.0.0) with ExtractAarTransform
Transforming customview-poolingcontainer-1.0.0.aar (androidx.customview:customview-poolingcontainer:1.0.0) with AarTransform
Transforming core-ktx-1.12.0.aar (androidx.core:core-ktx:1.12.0) with JetifyTransform
Transforming core-ktx-1.12.0.aar (androidx.core:core-ktx:1.12.0) with ExtractAarTransform
Transforming core-ktx-1.12.0.aar (androidx.core:core-ktx:1.12.0) with AarTransform
Caching disabled for AarTransform: ~/.gradle/caches/transforms-3/84c5ee758d54ed8d39985183b5170d2f/transformed/jetified-ui-text-release because:
  Build cache is disabled
Skipping AarTransform: ~/.gradle/caches/transforms-3/84c5ee758d54ed8d39985183b5170d2f/transformed/jetified-ui-text-release as it is up-to-date.
Transforming core-1.12.0.aar (androidx.core:core:1.12.0) with JetifyTransform
Transforming core-1.12.0.aar (androidx.core:core:1.12.0) with ExtractAarTransform
Transforming core-1.12.0.aar (androidx.core:core:1.12.0) with AarTransform
Transforming lifecycle-runtime-2.6.1.aar (androidx.lifecycle:lifecycle-runtime:2.6.1) with JetifyTransform
Transforming lifecycle-runtime-2.6.1.aar (androidx.lifecycle:lifecycle-runtime:2.6.1) with ExtractAarTransform
Transforming lifecycle-runtime-2.6.1.aar (androidx.lifecycle:lifecycle-runtime:2.6.1) with AarTransform
Transforming lifecycle-viewmodel-compose-2.6.1.aar (androidx.lifecycle:lifecycle-viewmodel-compose:2.6.1) with JetifyTransform
Transforming lifecycle-viewmodel-compose-2.6.1.aar (androidx.lifecycle:lifecycle-viewmodel-compose:2.6.1) with ExtractAarTransform
Transforming lifecycle-viewmodel-compose-2.6.1.aar (androidx.lifecycle:lifecycle-viewmodel-compose:2.6.1) with AarTransform
Transforming lifecycle-viewmodel-ktx-2.6.1.aar (androidx.lifecycle:lifecycle-viewmodel-ktx:2.6.1) with JetifyTransform
Transforming lifecycle-viewmodel-ktx-2.6.1.aar (androidx.lifecycle:lifecycle-viewmodel-ktx:2.6.1) with ExtractAarTransform
Transforming lifecycle-viewmodel-ktx-2.6.1.aar (androidx.lifecycle:lifecycle-viewmodel-ktx:2.6.1) with AarTransform
Caching disabled for AarTransform: ~/.gradle/caches/transforms-3/7b45d49ace10fab82120de3e53646a9a/transformed/jetified-ui-graphics-release because:
  Build cache is disabled
Transforming runtime-saveable-release.aar (androidx.compose.runtime:runtime-saveable-android:1.6.1) with JetifyTransform
Skipping AarTransform: ~/.gradle/caches/transforms-3/7b45d49ace10fab82120de3e53646a9a/transformed/jetified-ui-graphics-release as it is up-to-date.
Transforming runtime-saveable-release.aar (androidx.compose.runtime:runtime-saveable-android:1.6.1) with ExtractAarTransform
Transforming runtime-saveable-release.aar (androidx.compose.runtime:runtime-saveable-android:1.6.1) with AarTransform
Transforming runtime-release.aar (androidx.compose.runtime:runtime-android:1.6.1) with JetifyTransform
Transforming runtime-release.aar (androidx.compose.runtime:runtime-android:1.6.1) with ExtractAarTransform
Transforming runtime-release.aar (androidx.compose.runtime:runtime-android:1.6.1) with AarTransform
Transforming datastore-preferences-1.0.0.aar (androidx.datastore:datastore-preferences:1.0.0) with JetifyTransform
Transforming datastore-preferences-1.0.0.aar (androidx.datastore:datastore-preferences:1.0.0) with ExtractAarTransform
Caching disabled for AarTransform: ~/.gradle/caches/transforms-3/7d4c28caa7e0fb3fe005a676364c2608/transformed/jetified-ui-tooling-preview-release because:
  Build cache is disabled
Transforming datastore-preferences-1.0.0.aar (androidx.datastore:datastore-preferences:1.0.0) with AarTransform
Skipping AarTransform: ~/.gradle/caches/transforms-3/7d4c28caa7e0fb3fe005a676364c2608/transformed/jetified-ui-tooling-preview-release as it is up-to-date.
Transforming datastore-1.0.0.aar (androidx.datastore:datastore:1.0.0) with JetifyTransform
Transforming datastore-1.0.0.aar (androidx.datastore:datastore:1.0.0) with ExtractAarTransform
Transforming datastore-1.0.0.aar (androidx.datastore:datastore:1.0.0) with AarTransform
Transforming room-runtime-2.5.0.aar (androidx.room:room-runtime:2.5.0) with JetifyTransform
Transforming room-runtime-2.5.0.aar (androidx.room:room-runtime:2.5.0) with ExtractAarTransform
Transforming room-runtime-2.5.0.aar (androidx.room:room-runtime:2.5.0) with AarTransform
Transforming documentfile-1.0.1.aar (androidx.documentfile:documentfile:1.0.1) with JetifyTransform
Transforming documentfile-1.0.1.aar (androidx.documentfile:documentfile:1.0.1) with ExtractAarTransform
Transforming documentfile-1.0.1.aar (androidx.documentfile:documentfile:1.0.1) with AarTransform
Transforming documentfile-1.0.1.aar (androidx.documentfile:documentfile:1.0.1) with JetifyTransform
Transforming documentfile-1.0.1.aar (androidx.documentfile:documentfile:1.0.1) with ExtractAarTransform
Transforming documentfile-1.0.1.aar (androidx.documentfile:documentfile:1.0.1) with AarTransform
Caching disabled for AarTransform: ~/.gradle/caches/transforms-3/042e3e457431c3578cc10e80ca0e5c92/transformed/jetified-ui-test-manifest-1.6.1 because:
  Build cache is disabled
Transforming security-crypto-1.1.0-alpha03.aar (androidx.security:security-crypto:1.1.0-alpha03) with JetifyTransform
Transforming security-crypto-1.1.0-alpha03.aar (androidx.security:security-crypto:1.1.0-alpha03) with ExtractAarTransform
Transforming security-crypto-1.1.0-alpha03.aar (androidx.security:security-crypto:1.1.0-alpha03) with AarTransform
Transforming cursoradapter-1.0.0.aar (androidx.cursoradapter:cursoradapter:1.0.0) with JetifyTransform
Transforming cursoradapter-1.0.0.aar (androidx.cursoradapter:cursoradapter:1.0.0) with ExtractAarTransform
Transforming cursoradapter-1.0.0.aar (androidx.cursoradapter:cursoradapter:1.0.0) with AarTransform
Transforming cursoradapter-1.0.0.aar (androidx.cursoradapter:cursoradapter:1.0.0) with JetifyTransform
Transforming cursoradapter-1.0.0.aar (androidx.cursoradapter:cursoradapter:1.0.0) with ExtractAarTransform
Transforming cursoradapter-1.0.0.aar (androidx.cursoradapter:cursoradapter:1.0.0) with AarTransform
Transforming cardview-1.0.0.aar (androidx.cardview:cardview:1.0.0) with JetifyTransform
Transforming cardview-1.0.0.aar (androidx.cardview:cardview:1.0.0) with ExtractAarTransform
Transforming cardview-1.0.0.aar (androidx.cardview:cardview:1.0.0) with AarTransform
Transforming gifdecoder-4.11.0.aar (com.github.bumptech.glide:gifdecoder:4.11.0) with JetifyTransform
Transforming gifdecoder-4.11.0.aar (com.github.bumptech.glide:gifdecoder:4.11.0) with ExtractAarTransform
Transforming gifdecoder-4.11.0.aar (com.github.bumptech.glide:gifdecoder:4.11.0) with AarTransform
Transforming interpolator-1.0.0.aar (androidx.interpolator:interpolator:1.0.0) with JetifyTransform
Transforming interpolator-1.0.0.aar (androidx.interpolator:interpolator:1.0.0) with ExtractAarTransform
Transforming interpolator-1.0.0.aar (androidx.interpolator:interpolator:1.0.0) with AarTransform
Transforming core-runtime-2.2.0.aar (androidx.arch.core:core-runtime:2.2.0) with JetifyTransform
Transforming core-runtime-2.2.0.aar (androidx.arch.core:core-runtime:2.2.0) with ExtractAarTransform
Transforming core-runtime-2.2.0.aar (androidx.arch.core:core-runtime:2.2.0) with AarTransform
Caching disabled for AarTransform: ~/.gradle/caches/transforms-3/c2b1766b366bff151ea9bc1ce65f2b1b/transformed/jetified-activity-1.7.1 because:
  Build cache is disabled
Skipping AarTransform: ~/.gradle/caches/transforms-3/c2b1766b366bff151ea9bc1ce65f2b1b/transformed/jetified-activity-1.7.1 as it is up-to-date.
Caching disabled for AarTransform: ~/.gradle/caches/transforms-3/732bf3fcca27485691548d213a69ce32/transformed/jetified-ui-tooling-release because:
  Build cache is disabled
Skipping AarTransform: ~/.gradle/caches/transforms-3/042e3e457431c3578cc10e80ca0e5c92/transformed/jetified-ui-test-manifest-1.6.1 as it is up-to-date.
Skipping AarTransform: ~/.gradle/caches/transforms-3/732bf3fcca27485691548d213a69ce32/transformed/jetified-ui-tooling-release as it is up-to-date.
Transforming profileinstaller-1.3.0.aar (androidx.profileinstaller:profileinstaller:1.3.0) with JetifyTransform
Transforming profileinstaller-1.3.0.aar (androidx.profileinstaller:profileinstaller:1.3.0) with ExtractAarTransform
Transforming profileinstaller-1.3.0.aar (androidx.profileinstaller:profileinstaller:1.3.0) with AarTransform
Transforming sqlite-framework-2.3.0.aar (androidx.sqlite:sqlite-framework:2.3.0) with JetifyTransform
Transforming sqlite-framework-2.3.0.aar (androidx.sqlite:sqlite-framework:2.3.0) with ExtractAarTransform
Transforming sqlite-framework-2.3.0.aar (androidx.sqlite:sqlite-framework:2.3.0) with AarTransform
Transforming versionedparcelable-1.1.1.aar (androidx.versionedparcelable:versionedparcelable:1.1.1) with JetifyTransform
Transforming versionedparcelable-1.1.1.aar (androidx.versionedparcelable:versionedparcelable:1.1.1) with ExtractAarTransform
Transforming versionedparcelable-1.1.1.aar (androidx.versionedparcelable:versionedparcelable:1.1.1) with AarTransform
Transforming startup-runtime-1.1.1.aar (androidx.startup:startup-runtime:1.1.1) with JetifyTransform
Transforming startup-runtime-1.1.1.aar (androidx.startup:startup-runtime:1.1.1) with ExtractAarTransform
Transforming startup-runtime-1.1.1.aar (androidx.startup:startup-runtime:1.1.1) with AarTransform
Transforming exifinterface-1.3.3.aar (androidx.exifinterface:exifinterface:1.3.3) with JetifyTransform
Transforming exifinterface-1.3.3.aar (androidx.exifinterface:exifinterface:1.3.3) with ExtractAarTransform
Transforming exifinterface-1.3.3.aar (androidx.exifinterface:exifinterface:1.3.3) with AarTransform
Transforming sqlite-2.3.0.aar (androidx.sqlite:sqlite:2.3.0) with JetifyTransform
Transforming sqlite-2.3.0.aar (androidx.sqlite:sqlite:2.3.0) with ExtractAarTransform
Transforming sqlite-2.3.0.aar (androidx.sqlite:sqlite:2.3.0) with AarTransform
Transforming tracing-1.0.0.aar (androidx.tracing:tracing:1.0.0) with JetifyTransform
Transforming tracing-1.0.0.aar (androidx.tracing:tracing:1.0.0) with ExtractAarTransform
Transforming tracing-1.0.0.aar (androidx.tracing:tracing:1.0.0) with AarTransform
Transforming localbroadcastmanager-1.0.0.aar (androidx.localbroadcastmanager:localbroadcastmanager:1.0.0) with JetifyTransform
Transforming localbroadcastmanager-1.0.0.aar (androidx.localbroadcastmanager:localbroadcastmanager:1.0.0) with ExtractAarTransform
Transforming localbroadcastmanager-1.0.0.aar (androidx.localbroadcastmanager:localbroadcastmanager:1.0.0) with AarTransform
Transforming print-1.0.0.aar (androidx.print:print:1.0.0) with JetifyTransform
Transforming print-1.0.0.aar (androidx.print:print:1.0.0) with ExtractAarTransform
Transforming print-1.0.0.aar (androidx.print:print:1.0.0) with AarTransform
Transforming annotation-experimental-1.4.0.aar (androidx.annotation:annotation-experimental:1.4.0) with JetifyTransform
Transforming annotation-experimental-1.4.0.aar (androidx.annotation:annotation-experimental:1.4.0) with ExtractAarTransform
Transforming annotation-experimental-1.4.0.aar (androidx.annotation:annotation-experimental:1.4.0) with AarTransform
Transforming android-2.5.0.aar (com.yubico.yubikit:android:2.5.0) with JetifyTransform
Transforming android-2.5.0.aar (com.yubico.yubikit:android:2.5.0) with ExtractAarTransform
Transforming android-2.5.0.aar (com.yubico.yubikit:android:2.5.0) with AarTransform
Caching disabled for AarTransform: ~/.gradle/caches/transforms-3/f729480fa7330d4bf857441478e9cd70/transformed/jetified-activity-ktx-1.7.1 because:
  Build cache is disabled
Skipping AarTransform: ~/.gradle/caches/transforms-3/f729480fa7330d4bf857441478e9cd70/transformed/jetified-activity-ktx-1.7.1 as it is up-to-date.
Caching disabled for AarTransform: ~/.gradle/caches/transforms-3/5a6f203f5e7fed813839d1d9e35f7205/transformed/jetified-ui-release because:
  Build cache is disabled
Skipping AarTransform: ~/.gradle/caches/transforms-3/5a6f203f5e7fed813839d1d9e35f7205/transformed/jetified-ui-release as it is up-to-date.
Caching disabled for AarTransform: ~/.gradle/caches/transforms-3/5fd0882d1d7d05fb40249dc663fa1f47/transformed/jetified-savedstate-ktx-1.2.1 because:
  Build cache is disabled
Skipping AarTransform: ~/.gradle/caches/transforms-3/5fd0882d1d7d05fb40249dc663fa1f47/transformed/jetified-savedstate-ktx-1.2.1 as it is up-to-date.
Caching disabled for AarTransform: ~/.gradle/caches/transforms-3/ab0296bff53da0f4182c704c11538309/transformed/jetified-activity-compose-1.7.1 because:
  Build cache is disabled
Skipping AarTransform: ~/.gradle/caches/transforms-3/ab0296bff53da0f4182c704c11538309/transformed/jetified-activity-compose-1.7.1 as it is up-to-date.
Caching disabled for AarTransform: ~/.gradle/caches/transforms-3/2e6e16267dc010e44b77ac72a21bd80d/transformed/jetified-savedstate-1.2.1 because:
  Build cache is disabled
Skipping AarTransform: ~/.gradle/caches/transforms-3/2e6e16267dc010e44b77ac72a21bd80d/transformed/jetified-savedstate-1.2.1 as it is up-to-date.
Caching disabled for AarTransform: ~/.gradle/caches/transforms-3/cbe3b41e5ddfed288a93ecb397f38d58/transformed/jetified-emoji2-1.3.0 because:
  Build cache is disabled
Skipping AarTransform: ~/.gradle/caches/transforms-3/cbe3b41e5ddfed288a93ecb397f38d58/transformed/jetified-emoji2-1.3.0 as it is up-to-date.
Caching disabled for AarTransform: ~/.gradle/caches/transforms-3/7d4a3ead9931ebc23018330c682f58e1/transformed/jetified-emoji2-views-helper-1.3.0 because:
  Build cache is disabled
Skipping AarTransform: ~/.gradle/caches/transforms-3/7d4a3ead9931ebc23018330c682f58e1/transformed/jetified-emoji2-views-helper-1.3.0 as it is up-to-date.
Caching disabled for AarTransform: ~/.gradle/caches/transforms-3/52104321998f44c84e9432a9e863a757/transformed/work-runtime-2.8.1 because:
  Build cache is disabled
Skipping AarTransform: ~/.gradle/caches/transforms-3/52104321998f44c84e9432a9e863a757/transformed/work-runtime-2.8.1 as it is up-to-date.
Transforming lifecycle-livedata-2.6.1.aar (androidx.lifecycle:lifecycle-livedata:2.6.1) with JetifyTransform
Transforming lifecycle-livedata-2.6.1.aar (androidx.lifecycle:lifecycle-livedata:2.6.1) with ExtractAarTransform
Transforming lifecycle-livedata-2.6.1.aar (androidx.lifecycle:lifecycle-livedata:2.6.1) with AarTransform
Caching disabled for AarTransform: ~/.gradle/caches/transforms-3/1a1c4affc70b8f7d95ddcadfbd2a35e3/transformed/jetified-lifecycle-process-2.6.1 because:
  Build cache is disabled
Caching disabled for AarTransform: ~/.gradle/caches/transforms-3/5f61254bc809342fde7e4d99b9dc0bd6/transformed/jetified-lifecycle-service-2.6.1 because:
  Build cache is disabled
Skipping AarTransform: ~/.gradle/caches/transforms-3/5f61254bc809342fde7e4d99b9dc0bd6/transformed/jetified-lifecycle-service-2.6.1 as it is up-to-date.
Caching disabled for AarTransform: ~/.gradle/caches/transforms-3/4cdb49b0d47ca31fbe8f7e71a27210c2/transformed/lifecycle-livedata-2.6.1 because:
  Build cache is disabled
Skipping AarTransform: ~/.gradle/caches/transforms-3/4cdb49b0d47ca31fbe8f7e71a27210c2/transformed/lifecycle-livedata-2.6.1 as it is up-to-date.
Skipping AarTransform: ~/.gradle/caches/transforms-3/1a1c4affc70b8f7d95ddcadfbd2a35e3/transformed/jetified-lifecycle-process-2.6.1 as it is up-to-date.
Transforming lifecycle-viewmodel-2.6.1.aar (androidx.lifecycle:lifecycle-viewmodel:2.6.1) with JetifyTransform
Transforming lifecycle-viewmodel-2.6.1.aar (androidx.lifecycle:lifecycle-viewmodel:2.6.1) with ExtractAarTransform
Transforming lifecycle-viewmodel-2.6.1.aar (androidx.lifecycle:lifecycle-viewmodel:2.6.1) with AarTransform
Caching disabled for AarTransform: ~/.gradle/caches/transforms-3/98b62496db80c5f7334c63c8ef1594c6/transformed/lifecycle-livedata-core-2.6.1 because:
  Build cache is disabled
Skipping AarTransform: ~/.gradle/caches/transforms-3/98b62496db80c5f7334c63c8ef1594c6/transformed/lifecycle-livedata-core-2.6.1 as it is up-to-date.
Caching disabled for AarTransform: ~/.gradle/caches/transforms-3/ea37f1cdfe70b530b14333d13f4dfefd/transformed/jetified-lifecycle-runtime-ktx-2.6.1 because:
  Build cache is disabled
Skipping AarTransform: ~/.gradle/caches/transforms-3/ea37f1cdfe70b530b14333d13f4dfefd/transformed/jetified-lifecycle-runtime-ktx-2.6.1 as it is up-to-date.
Caching disabled for AarTransform: ~/.gradle/caches/transforms-3/6e6fcd315d2914af4ad2cbb4faca5a8d/transformed/lifecycle-viewmodel-2.6.1 because:
  Build cache is disabled
Skipping AarTransform: ~/.gradle/caches/transforms-3/6e6fcd315d2914af4ad2cbb4faca5a8d/transformed/lifecycle-viewmodel-2.6.1 as it is up-to-date.
Transforming recyclerview-1.3.0.aar (androidx.recyclerview:recyclerview:1.3.0) with JetifyTransform
Transforming recyclerview-1.3.0.aar (androidx.recyclerview:recyclerview:1.3.0) with ExtractAarTransform
Transforming recyclerview-1.3.0.aar (androidx.recyclerview:recyclerview:1.3.0) with AarTransform
Caching disabled for AarTransform: ~/.gradle/caches/transforms-3/b1c2f00c35df7bf87ac640531525b7b2/transformed/jetified-lifecycle-viewmodel-savedstate-2.6.1 because:
  Build cache is disabled
Skipping AarTransform: ~/.gradle/caches/transforms-3/b1c2f00c35df7bf87ac640531525b7b2/transformed/jetified-lifecycle-viewmodel-savedstate-2.6.1 as it is up-to-date.
Caching disabled for AarTransform: ~/.gradle/caches/transforms-3/4091ae1981d7ed60785fe07ae06dd610/transformed/drawerlayout-1.0.0 because:
  Build cache is disabled
Skipping AarTransform: ~/.gradle/caches/transforms-3/4091ae1981d7ed60785fe07ae06dd610/transformed/drawerlayout-1.0.0 as it is up-to-date.
Caching disabled for AarTransform: ~/.gradle/caches/transforms-3/2b5b59ece6552c208019a847c09011bf/transformed/recyclerview-1.3.0 because:
  Build cache is disabled
Skipping AarTransform: ~/.gradle/caches/transforms-3/2b5b59ece6552c208019a847c09011bf/transformed/recyclerview-1.3.0 as it is up-to-date.
Caching disabled for AarTransform: ~/.gradle/caches/transforms-3/b0f6f3bf4ed4099b387a119d6361ee2c/transformed/coordinatorlayout-1.1.0 because:
  Build cache is disabled
Skipping AarTransform: ~/.gradle/caches/transforms-3/b0f6f3bf4ed4099b387a119d6361ee2c/transformed/coordinatorlayout-1.1.0 as it is up-to-date.
Caching disabled for AarTransform: ~/.gradle/caches/transforms-3/13c53372c38558e7012eae9655f785d8/transformed/viewpager-1.0.0 because:
  Build cache is disabled
Skipping AarTransform: ~/.gradle/caches/transforms-3/13c53372c38558e7012eae9655f785d8/transformed/viewpager-1.0.0 as it is up-to-date.
Transforming customview-1.0.0.aar (androidx.customview:customview:1.0.0) with JetifyTransform
Transforming customview-1.0.0.aar (androidx.customview:customview:1.0.0) with JetifyTransform
Transforming customview-1.0.0.aar (androidx.customview:customview:1.0.0) with ExtractAarTransform
Transforming customview-1.0.0.aar (androidx.customview:customview:1.0.0) with AarTransform
Transforming customview-1.0.0.aar (androidx.customview:customview:1.0.0) with ExtractAarTransform
Transforming customview-1.0.0.aar (androidx.customview:customview:1.0.0) with AarTransform
Caching disabled for AarTransform: ~/.gradle/caches/transforms-3/c9ac48e9f4f08ba22420df3489b43c0b/transformed/slidingpanelayout-1.0.0 because:
  Build cache is disabled
Skipping AarTransform: ~/.gradle/caches/transforms-3/c9ac48e9f4f08ba22420df3489b43c0b/transformed/slidingpanelayout-1.0.0 as it is up-to-date.
Transforming customview-1.0.0.aar (androidx.customview:customview:1.0.0) with JetifyTransform
Transforming customview-1.0.0.aar (androidx.customview:customview:1.0.0) with ExtractAarTransform
Caching disabled for AarTransform: ~/.gradle/caches/transforms-3/674afedd4adc863db6e27fb0dc6cd5f2/transformed/customview-1.0.0 because:
  Build cache is disabled
Skipping AarTransform: ~/.gradle/caches/transforms-3/674afedd4adc863db6e27fb0dc6cd5f2/transformed/customview-1.0.0 as it is up-to-date.
Transforming customview-1.0.0.aar (androidx.customview:customview:1.0.0) with JetifyTransform
Transforming customview-1.0.0.aar (androidx.customview:customview:1.0.0) with ExtractAarTransform
Transforming customview-1.0.0.aar (androidx.customview:customview:1.0.0) with AarTransform
Transforming customview-1.0.0.aar (androidx.customview:customview:1.0.0) with AarTransform
Transforming vectordrawable-1.1.0.aar (androidx.vectordrawable:vectordrawable:1.1.0) with JetifyTransform
Transforming vectordrawable-1.1.0.aar (androidx.vectordrawable:vectordrawable:1.1.0) with ExtractAarTransform
Transforming vectordrawable-1.1.0.aar (androidx.vectordrawable:vectordrawable:1.1.0) with AarTransform
Caching disabled for AarTransform: ~/.gradle/caches/transforms-3/9b5817c3a92d7366c3231b0a6adc6bdc/transformed/vectordrawable-1.1.0 because:
  Build cache is disabled
Skipping AarTransform: ~/.gradle/caches/transforms-3/9b5817c3a92d7366c3231b0a6adc6bdc/transformed/vectordrawable-1.1.0 as it is up-to-date.
Caching disabled for AarTransform: ~/.gradle/caches/transforms-3/118a0cae2c4b44cec6097a60cd253593/transformed/vectordrawable-animated-1.1.0 because:
  Build cache is disabled
Caching disabled for AarTransform: ~/.gradle/caches/transforms-3/7632eae8281301dfe881ac645ed5b016/transformed/transition-1.2.0 because:
  Build cache is disabled
Skipping AarTransform: ~/.gradle/caches/transforms-3/7632eae8281301dfe881ac645ed5b016/transformed/transition-1.2.0 as it is up-to-date.
Skipping AarTransform: ~/.gradle/caches/transforms-3/118a0cae2c4b44cec6097a60cd253593/transformed/vectordrawable-animated-1.1.0 as it is up-to-date.
Caching disabled for AarTransform: ~/.gradle/caches/transforms-3/580ae2a1aa1989b013eb39607617f57b/transformed/jetified-autofill-1.0.0 because:
  Build cache is disabled
Skipping AarTransform: ~/.gradle/caches/transforms-3/580ae2a1aa1989b013eb39607617f57b/transformed/jetified-autofill-1.0.0 as it is up-to-date.
Caching disabled for AarTransform: ~/.gradle/caches/transforms-3/c168bdfce0b852075277c25af448ff71/transformed/jetified-window-1.0.0 because:
  Build cache is disabled
Skipping AarTransform: ~/.gradle/caches/transforms-3/c168bdfce0b852075277c25af448ff71/transformed/jetified-window-1.0.0 as it is up-to-date.
Caching disabled for AarTransform: ~/.gradle/caches/transforms-3/12ad9292926686a6f009320535c38240/transformed/swiperefreshlayout-1.0.0 because:
  Build cache is disabled
Skipping AarTransform: ~/.gradle/caches/transforms-3/12ad9292926686a6f009320535c38240/transformed/swiperefreshlayout-1.0.0 as it is up-to-date.
Caching disabled for AarTransform: ~/.gradle/caches/transforms-3/c1abece61dae1a21d2f3592e715f7295/transformed/asynclayoutinflater-1.0.0 because:
  Build cache is disabled
Skipping AarTransform: ~/.gradle/caches/transforms-3/c1abece61dae1a21d2f3592e715f7295/transformed/asynclayoutinflater-1.0.0 as it is up-to-date.
Transforming core-1.12.0.aar (androidx.core:core:1.12.0) with JetifyTransform
Transforming core-1.12.0.aar (androidx.core:core:1.12.0) with ExtractAarTransform
Transforming core-1.12.0.aar (androidx.core:core:1.12.0) with AarTransform
Caching disabled for AarTransform: ~/.gradle/caches/transforms-3/12a83c271ec221d1737fdd040cc60012/transformed/jetified-customview-poolingcontainer-1.0.0 because:
  Build cache is disabled
Skipping AarTransform: ~/.gradle/caches/transforms-3/12a83c271ec221d1737fdd040cc60012/transformed/jetified-customview-poolingcontainer-1.0.0 as it is up-to-date.
Caching disabled for AarTransform: ~/.gradle/caches/transforms-3/949fc41410247092c134eb3bd94f32ce/transformed/jetified-core-ktx-1.12.0 because:
  Build cache is disabled
Transforming core-1.12.0.aar (androidx.core:core:1.12.0) with JetifyTransform
Transforming core-1.12.0.aar (androidx.core:core:1.12.0) with ExtractAarTransform
Transforming core-1.12.0.aar (androidx.core:core:1.12.0) with AarTransform
Skipping AarTransform: ~/.gradle/caches/transforms-3/949fc41410247092c134eb3bd94f32ce/transformed/jetified-core-ktx-1.12.0 as it is up-to-date.
Caching disabled for AarTransform: ~/.gradle/caches/transforms-3/cceb94d81e4d8c63d43b8cad4df517ed/transformed/core-1.12.0 because:
  Build cache is disabled
Skipping AarTransform: ~/.gradle/caches/transforms-3/cceb94d81e4d8c63d43b8cad4df517ed/transformed/core-1.12.0 as it is up-to-date.
Transforming core-1.12.0.aar (androidx.core:core:1.12.0) with JetifyTransform
Transforming core-1.12.0.aar (androidx.core:core:1.12.0) with ExtractAarTransform
Transforming core-1.12.0.aar (androidx.core:core:1.12.0) with AarTransform
Caching disabled for AarTransform: ~/.gradle/caches/transforms-3/b000c700754713dc8e2803f1edacb360/transformed/lifecycle-runtime-2.6.1 because:
  Build cache is disabled
Skipping AarTransform: ~/.gradle/caches/transforms-3/b000c700754713dc8e2803f1edacb360/transformed/lifecycle-runtime-2.6.1 as it is up-to-date.
Caching disabled for AarTransform: ~/.gradle/caches/transforms-3/eb7450c57b306cbb82121c0806cab720/transformed/jetified-lifecycle-viewmodel-compose-2.6.1 because:
  Build cache is disabled
Skipping AarTransform: ~/.gradle/caches/transforms-3/eb7450c57b306cbb82121c0806cab720/transformed/jetified-lifecycle-viewmodel-compose-2.6.1 as it is up-to-date.
Caching disabled for AarTransform: ~/.gradle/caches/transforms-3/e9713df1858b49ad0683e30339f1fcbf/transformed/jetified-lifecycle-viewmodel-ktx-2.6.1 because:
  Build cache is disabled
Skipping AarTransform: ~/.gradle/caches/transforms-3/e9713df1858b49ad0683e30339f1fcbf/transformed/jetified-lifecycle-viewmodel-ktx-2.6.1 as it is up-to-date.
Caching disabled for AarTransform: ~/.gradle/caches/transforms-3/a625bd74c274bd3cfbd1753b62cf8fd3/transformed/jetified-runtime-release because:
  Build cache is disabled
Caching disabled for AarTransform: ~/.gradle/caches/transforms-3/7f1e093fa79270458ef3640fc4e8a839/transformed/jetified-runtime-saveable-release because:
  Build cache is disabled
Skipping AarTransform: ~/.gradle/caches/transforms-3/7f1e093fa79270458ef3640fc4e8a839/transformed/jetified-runtime-saveable-release as it is up-to-date.
Caching disabled for AarTransform: ~/.gradle/caches/transforms-3/9b48c0ff091d6ce817371e99ad820b83/transformed/jetified-datastore-preferences-1.0.0 because:
  Build cache is disabled
Skipping AarTransform: ~/.gradle/caches/transforms-3/9b48c0ff091d6ce817371e99ad820b83/transformed/jetified-datastore-preferences-1.0.0 as it is up-to-date.
Skipping AarTransform: ~/.gradle/caches/transforms-3/a625bd74c274bd3cfbd1753b62cf8fd3/transformed/jetified-runtime-release as it is up-to-date.
Caching disabled for AarTransform: ~/.gradle/caches/transforms-3/de6a55e483f993ea7168e29fbd28f33c/transformed/jetified-datastore-1.0.0 because:
  Build cache is disabled
Skipping AarTransform: ~/.gradle/caches/transforms-3/de6a55e483f993ea7168e29fbd28f33c/transformed/jetified-datastore-1.0.0 as it is up-to-date.
Caching disabled for AarTransform: ~/.gradle/caches/transforms-3/b2a1521e4152e0b34a7680a2d8b07346/transformed/documentfile-1.0.1 because:
  Build cache is disabled
Skipping AarTransform: ~/.gradle/caches/transforms-3/b2a1521e4152e0b34a7680a2d8b07346/transformed/documentfile-1.0.1 as it is up-to-date.
Caching disabled for AarTransform: ~/.gradle/caches/transforms-3/56bd582384ccdc7202015da1d0cac46f/transformed/jetified-security-crypto-1.1.0-alpha03 because:
  Build cache is disabled
Caching disabled for AarTransform: ~/.gradle/caches/transforms-3/e20053a0a5aacac75533bfb9655cb504/transformed/room-runtime-2.5.0 because:
  Build cache is disabled
Skipping AarTransform: ~/.gradle/caches/transforms-3/56bd582384ccdc7202015da1d0cac46f/transformed/jetified-security-crypto-1.1.0-alpha03 as it is up-to-date.
Skipping AarTransform: ~/.gradle/caches/transforms-3/e20053a0a5aacac75533bfb9655cb504/transformed/room-runtime-2.5.0 as it is up-to-date.
Caching disabled for AarTransform: ~/.gradle/caches/transforms-3/12300820f0d60b288a19d7ebf5066de8/transformed/cursoradapter-1.0.0 because:
  Build cache is disabled
Skipping AarTransform: ~/.gradle/caches/transforms-3/12300820f0d60b288a19d7ebf5066de8/transformed/cursoradapter-1.0.0 as it is up-to-date.
Caching disabled for AarTransform: ~/.gradle/caches/transforms-3/137175b3ff397a3ca8c7f030a9dc1e4b/transformed/jetified-gifdecoder-4.11.0 because:
  Build cache is disabled
Transforming interpolator-1.0.0.aar (androidx.interpolator:interpolator:1.0.0) with JetifyTransform
Caching disabled for AarTransform: ~/.gradle/caches/transforms-3/dcc90df5e29beb76e837b70cfc8a1b3a/transformed/cardview-1.0.0 because:
  Build cache is disabled
Skipping AarTransform: ~/.gradle/caches/transforms-3/dcc90df5e29beb76e837b70cfc8a1b3a/transformed/cardview-1.0.0 as it is up-to-date.
Transforming interpolator-1.0.0.aar (androidx.interpolator:interpolator:1.0.0) with JetifyTransform
Transforming interpolator-1.0.0.aar (androidx.interpolator:interpolator:1.0.0) with ExtractAarTransform
Transforming interpolator-1.0.0.aar (androidx.interpolator:interpolator:1.0.0) with AarTransform
Skipping AarTransform: ~/.gradle/caches/transforms-3/137175b3ff397a3ca8c7f030a9dc1e4b/transformed/jetified-gifdecoder-4.11.0 as it is up-to-date.
Transforming interpolator-1.0.0.aar (androidx.interpolator:interpolator:1.0.0) with JetifyTransform
Transforming interpolator-1.0.0.aar (androidx.interpolator:interpolator:1.0.0) with ExtractAarTransform
Transforming interpolator-1.0.0.aar (androidx.interpolator:interpolator:1.0.0) with AarTransform
Transforming interpolator-1.0.0.aar (androidx.interpolator:interpolator:1.0.0) with ExtractAarTransform
Transforming interpolator-1.0.0.aar (androidx.interpolator:interpolator:1.0.0) with AarTransform
Caching disabled for AarTransform: ~/.gradle/caches/transforms-3/d41826fca4fd43026506b6eedd8999db/transformed/interpolator-1.0.0 because:
  Build cache is disabled
Skipping AarTransform: ~/.gradle/caches/transforms-3/d41826fca4fd43026506b6eedd8999db/transformed/interpolator-1.0.0 as it is up-to-date.
Caching disabled for AarTransform: ~/.gradle/caches/transforms-3/42d42e9fdc10b3a8efed0d75b71fafe6/transformed/core-runtime-2.2.0 because:
  Build cache is disabled
Skipping AarTransform: ~/.gradle/caches/transforms-3/42d42e9fdc10b3a8efed0d75b71fafe6/transformed/core-runtime-2.2.0 as it is up-to-date.
Caching disabled for AarTransform: ~/.gradle/caches/transforms-3/6121addbf7f66609874aebfb23638732/transformed/jetified-profileinstaller-1.3.0 because:
  Build cache is disabled
Skipping AarTransform: ~/.gradle/caches/transforms-3/6121addbf7f66609874aebfb23638732/transformed/jetified-profileinstaller-1.3.0 as it is up-to-date.
Caching disabled for AarTransform: ~/.gradle/caches/transforms-3/6b41cd243c6fb9e77bc51f77916faca1/transformed/sqlite-framework-2.3.0 because:
  Build cache is disabled
Skipping AarTransform: ~/.gradle/caches/transforms-3/6b41cd243c6fb9e77bc51f77916faca1/transformed/sqlite-framework-2.3.0 as it is up-to-date.
Caching disabled for AarTransform: ~/.gradle/caches/transforms-3/03f7efd144c869dc5e7d802beb82fc16/transformed/versionedparcelable-1.1.1 because:
  Build cache is disabled
Skipping AarTransform: ~/.gradle/caches/transforms-3/03f7efd144c869dc5e7d802beb82fc16/transformed/versionedparcelable-1.1.1 as it is up-to-date.
Caching disabled for AarTransform: ~/.gradle/caches/transforms-3/155663d16d0a0a2fe7a7ba743223ac03/transformed/jetified-startup-runtime-1.1.1 because:
  Build cache is disabled
Skipping AarTransform: ~/.gradle/caches/transforms-3/155663d16d0a0a2fe7a7ba743223ac03/transformed/jetified-startup-runtime-1.1.1 as it is up-to-date.
Caching disabled for AarTransform: ~/.gradle/caches/transforms-3/72dad178ce6ab4f7001753075b0e37f5/transformed/sqlite-2.3.0 because:
  Build cache is disabled
Skipping AarTransform: ~/.gradle/caches/transforms-3/72dad178ce6ab4f7001753075b0e37f5/transformed/sqlite-2.3.0 as it is up-to-date.
Caching disabled for AarTransform: ~/.gradle/caches/transforms-3/48ceb8176866b80a099305b2f41fd291/transformed/exifinterface-1.3.3 because:
  Build cache is disabled
Skipping AarTransform: ~/.gradle/caches/transforms-3/48ceb8176866b80a099305b2f41fd291/transformed/exifinterface-1.3.3 as it is up-to-date.
Caching disabled for AarTransform: ~/.gradle/caches/transforms-3/3bc6d5d8ff448b4e13035810680677de/transformed/jetified-tracing-1.0.0 because:
  Build cache is disabled
Skipping AarTransform: ~/.gradle/caches/transforms-3/3bc6d5d8ff448b4e13035810680677de/transformed/jetified-tracing-1.0.0 as it is up-to-date.
Caching disabled for AarTransform: ~/.gradle/caches/transforms-3/b60f11540f0a45297b86659eb77708d8/transformed/localbroadcastmanager-1.0.0 because:
  Build cache is disabled
Skipping AarTransform: ~/.gradle/caches/transforms-3/b60f11540f0a45297b86659eb77708d8/transformed/localbroadcastmanager-1.0.0 as it is up-to-date.
Caching disabled for AarTransform: ~/.gradle/caches/transforms-3/07890a703d0cf6d7a86bcc92f59f3175/transformed/print-1.0.0 because:
  Build cache is disabled
Skipping AarTransform: ~/.gradle/caches/transforms-3/07890a703d0cf6d7a86bcc92f59f3175/transformed/print-1.0.0 as it is up-to-date.
Caching disabled for AarTransform: ~/.gradle/caches/transforms-3/bba89aa6501c852a9ecaced807b153b4/transformed/jetified-annotation-experimental-1.4.0 because:
  Build cache is disabled
Transforming play-services-basement-18.2.0.aar (com.google.android.gms:play-services-basement:18.2.0) with JetifyTransform
Skipping AarTransform: ~/.gradle/caches/transforms-3/bba89aa6501c852a9ecaced807b153b4/transformed/jetified-annotation-experimental-1.4.0 as it is up-to-date.
Transforming play-services-basement-18.2.0.aar (com.google.android.gms:play-services-basement:18.2.0) with ExtractAarTransform
Transforming play-services-basement-18.2.0.aar (com.google.android.gms:play-services-basement:18.2.0) with AarTransform
Caching disabled for AarTransform: ~/.gradle/caches/transforms-3/8afce72244a911c0605c3d6d7e95dc8c/transformed/jetified-android-2.5.0 because:
  Build cache is disabled
Skipping AarTransform: ~/.gradle/caches/transforms-3/8afce72244a911c0605c3d6d7e95dc8c/transformed/jetified-android-2.5.0 as it is up-to-date.
Transforming play-services-basement-18.2.0.aar (com.google.android.gms:play-services-basement:18.2.0) with JetifyTransform
Transforming play-services-basement-18.2.0.aar (com.google.android.gms:play-services-basement:18.2.0) with ExtractAarTransform
Transforming play-services-basement-18.2.0.aar (com.google.android.gms:play-services-basement:18.2.0) with AarTransform
Caching disabled for AarTransform: ~/.gradle/caches/transforms-3/e05b1ce225b2f306a2f1bcaa6cc4bb82/transformed/appcompat-1.6.1 because:
  Build cache is disabled
Skipping AarTransform: ~/.gradle/caches/transforms-3/e05b1ce225b2f306a2f1bcaa6cc4bb82/transformed/appcompat-1.6.1 as it is up-to-date.
Transforming play-services-basement-18.2.0.aar (com.google.android.gms:play-services-basement:18.2.0) with JetifyTransform
Transforming play-services-basement-18.2.0.aar (com.google.android.gms:play-services-basement:18.2.0) with ExtractAarTransform
Transforming play-services-basement-18.2.0.aar (com.google.android.gms:play-services-basement:18.2.0) with AarTransform
Caching disabled for AarTransform: ~/.gradle/caches/transforms-3/fae7f0a32fa0484295f94dfaf9206b70/transformed/jetified-play-services-basement-18.2.0 because:
  Build cache is disabled
Skipping AarTransform: ~/.gradle/caches/transforms-3/fae7f0a32fa0484295f94dfaf9206b70/transformed/jetified-play-services-basement-18.2.0 as it is up-to-date.
Transforming play-services-base-18.0.1.aar (com.google.android.gms:play-services-base:18.0.1) with JetifyTransform
Transforming play-services-base-18.0.1.aar (com.google.android.gms:play-services-base:18.0.1) with ExtractAarTransform
Transforming play-services-base-18.0.1.aar (com.google.android.gms:play-services-base:18.0.1) with AarTransform
Caching disabled for AarTransform: ~/.gradle/caches/transforms-3/a7ad36f58a6749e591d88a51cd5b7b5c/transformed/jetified-play-services-base-18.0.1 because:
  Build cache is disabled
Skipping AarTransform: ~/.gradle/caches/transforms-3/a7ad36f58a6749e591d88a51cd5b7b5c/transformed/jetified-play-services-base-18.0.1 as it is up-to-date.
Caching disabled for AarTransform: ~/.gradle/caches/transforms-3/9d078f321e9c9b40b737fbfeda2c24d6/transformed/constraintlayout-2.1.3 because:
  Build cache is disabled
Skipping AarTransform: ~/.gradle/caches/transforms-3/9d078f321e9c9b40b737fbfeda2c24d6/transformed/constraintlayout-2.1.3 as it is up-to-date.
Caching disabled for AarTransform: ~/.gradle/caches/transforms-3/66a760f6e63c09010c25a975f2158b0f/transformed/navigation-runtime-ktx-2.7.0 because:
  Build cache is disabled
Skipping AarTransform: ~/.gradle/caches/transforms-3/66a760f6e63c09010c25a975f2158b0f/transformed/navigation-runtime-ktx-2.7.0 as it is up-to-date.
Caching disabled for AarTransform: ~/.gradle/caches/transforms-3/2255a581edd9e694cdd5fc201e351b32/transformed/jetified-navigation-compose-2.7.0 because:
  Build cache is disabled
Skipping AarTransform: ~/.gradle/caches/transforms-3/2255a581edd9e694cdd5fc201e351b32/transformed/jetified-navigation-compose-2.7.0 as it is up-to-date.
Caching disabled for AarTransform: ~/.gradle/caches/transforms-3/66f77465e979a17d511311b5910b38ae/transformed/jetified-play-services-auth-20.7.0 because:
  Build cache is disabled
Caching disabled for AarTransform: ~/.gradle/caches/transforms-3/b6095f41f72e5a29b902f1ef21484dd1/transformed/jetified-material3-window-size-class-release because:
  Build cache is disabled
Skipping AarTransform: ~/.gradle/caches/transforms-3/b6095f41f72e5a29b902f1ef21484dd1/transformed/jetified-material3-window-size-class-release as it is up-to-date.
Skipping AarTransform: ~/.gradle/caches/transforms-3/66f77465e979a17d511311b5910b38ae/transformed/jetified-play-services-auth-20.7.0 as it is up-to-date.
Caching disabled for AarTransform: ~/.gradle/caches/transforms-3/5395aa0a6ecb13ad0c511d3a340478af/transformed/jetified-msal-6.2.0 because:
  Build cache is disabled
Skipping AarTransform: ~/.gradle/caches/transforms-3/5395aa0a6ecb13ad0c511d3a340478af/transformed/jetified-msal-6.2.0 as it is up-to-date.
Caching disabled for AarTransform: ~/.gradle/caches/transforms-3/93778559c8409c7dbf0caaa1b2d252ac/transformed/jetified-coil-2.0.0 because:
  Build cache is disabled
Skipping AarTransform: ~/.gradle/caches/transforms-3/93778559c8409c7dbf0caaa1b2d252ac/transformed/jetified-coil-2.0.0 as it is up-to-date.
Caching disabled for AarTransform: ~/.gradle/caches/transforms-3/eaf4160b542b0499b6b73f7db65252d7/transformed/jetified-coil-compose-base-2.0.0 because:
  Build cache is disabled
Skipping AarTransform: ~/.gradle/caches/transforms-3/eaf4160b542b0499b6b73f7db65252d7/transformed/jetified-coil-compose-base-2.0.0 as it is up-to-date.
Caching disabled for AarTransform: ~/.gradle/caches/transforms-3/28b8a30e393fe518d9ae0aee025282fd/transformed/jetified-coil-base-2.0.0 because:
  Build cache is disabled
Skipping AarTransform: ~/.gradle/caches/transforms-3/28b8a30e393fe518d9ae0aee025282fd/transformed/jetified-coil-base-2.0.0 as it is up-to-date.
Caching disabled for AarTransform: ~/.gradle/caches/transforms-3/691e2ddca74f0afe60043bb1a3af1d8c/transformed/jetified-common-21.4.0 because:
  Build cache is disabled
Skipping AarTransform: ~/.gradle/caches/transforms-3/691e2ddca74f0afe60043bb1a3af1d8c/transformed/jetified-common-21.4.0 as it is up-to-date.
Caching disabled for AarTransform: ~/.gradle/caches/transforms-3/8feeef3945a1f3bf72a7656b99debed4/transformed/jetified-glide-4.11.0 because:
  Build cache is disabled
Skipping AarTransform: ~/.gradle/caches/transforms-3/8feeef3945a1f3bf72a7656b99debed4/transformed/jetified-glide-4.11.0 as it is up-to-date.
Caching disabled for AarTransform: ~/.gradle/caches/transforms-3/7ff85eb923829d3039e7d6a37994c2be/transformed/jetified-credentials-play-services-auth-1.2.2 because:
  Build cache is disabled
Caching disabled for AarTransform: ~/.gradle/caches/transforms-3/5713208a47eec23b954ae0ca2083427b/transformed/jetified-credentials-1.2.2 because:
  Build cache is disabled
Caching disabled for AarTransform: ~/.gradle/caches/transforms-3/2cfbf6603ea66c174c7ccb8429cf167e/transformed/navigation-common-ktx-2.7.0 because:
  Build cache is disabled
Skipping AarTransform: ~/.gradle/caches/transforms-3/2cfbf6603ea66c174c7ccb8429cf167e/transformed/navigation-common-ktx-2.7.0 as it is up-to-date.
Skipping AarTransform: ~/.gradle/caches/transforms-3/7ff85eb923829d3039e7d6a37994c2be/transformed/jetified-credentials-play-services-auth-1.2.2 as it is up-to-date.
Skipping AarTransform: ~/.gradle/caches/transforms-3/5713208a47eec23b954ae0ca2083427b/transformed/jetified-credentials-1.2.2 as it is up-to-date.
Transforming play-services-fido-20.1.0.aar (com.google.android.gms:play-services-fido:20.1.0) with JetifyTransform
Transforming play-services-fido-20.1.0.aar (com.google.android.gms:play-services-fido:20.1.0) with ExtractAarTransform
Transforming play-services-fido-20.1.0.aar (com.google.android.gms:play-services-fido:20.1.0) with AarTransform
Caching disabled for AarTransform: ~/.gradle/caches/transforms-3/061a33163253ca2b20f29868a72c12dc/transformed/jetified-material3-release because:
  Build cache is disabled
Skipping AarTransform: ~/.gradle/caches/transforms-3/061a33163253ca2b20f29868a72c12dc/transformed/jetified-material3-release as it is up-to-date.
Caching disabled for AarTransform: ~/.gradle/caches/transforms-3/3c5a8b745dd1c9841f3eb1e5f8227414/transformed/jetified-play-services-fido-20.1.0 because:
  Build cache is disabled
Caching disabled for AarTransform: ~/.gradle/caches/transforms-3/db0a4a75452c37002f2b2876252588df/transformed/navigation-common-2.7.0 because:
  Build cache is disabled
Caching disabled for AarTransform: ~/.gradle/caches/transforms-3/9e19dd4eddf1526c596bfc7fac48dace/transformed/material-1.2.0 because:
  Build cache is disabled
Skipping AarTransform: ~/.gradle/caches/transforms-3/db0a4a75452c37002f2b2876252588df/transformed/navigation-common-2.7.0 as it is up-to-date.
Skipping AarTransform: ~/.gradle/caches/transforms-3/9e19dd4eddf1526c596bfc7fac48dace/transformed/material-1.2.0 as it is up-to-date.
Skipping AarTransform: ~/.gradle/caches/transforms-3/3c5a8b745dd1c9841f3eb1e5f8227414/transformed/jetified-play-services-fido-20.1.0 as it is up-to-date.
Caching disabled for AarTransform: ~/.gradle/caches/transforms-3/6ba5227b30be8ace71f45008339a7641/transformed/jetified-accompanist-drawablepainter-0.23.1 because:
  Build cache is disabled
Skipping AarTransform: ~/.gradle/caches/transforms-3/6ba5227b30be8ace71f45008339a7641/transformed/jetified-accompanist-drawablepainter-0.23.1 as it is up-to-date.
Caching disabled for AarTransform: ~/.gradle/caches/transforms-3/9b17bc7c93fbf09b155b618530a901a6/transformed/jetified-viewpager2-1.0.0 because:
  Build cache is disabled
Skipping AarTransform: ~/.gradle/caches/transforms-3/9b17bc7c93fbf09b155b618530a901a6/transformed/jetified-viewpager2-1.0.0 as it is up-to-date.
Watching 8 directories to track changes
Watching 23 directories to track changes
Caching disabled for task ':app:mergeDebugResources' because:
  Build cache is disabled
Task ':app:mergeDebugResources' is not up-to-date because:
  Class path of task ':app:mergeDebugResources' has changed from 19511a89c2c60142f14e5c42d287bce4 to 884dfe0e653a3a2295bb6c56821b1ca5.
The input changes require a full rebuild for incremental task ':app:mergeDebugResources'.
Watching 23 directories to track changes
Watching 23 directories to track changes
Watching 23 directories to track changes
Watching 23 directories to track changes
Watching 22 directories to track changes
[MergeResources] Inputs are non-incremental full task action.

Resolve mutations for :app:generateDebugBuildConfig (Thread[Execution worker Thread 3,5,main]) started.
Resolve mutations for :app:generateDebugBuildConfig (Thread[Execution worker Thread 3,5,main]) completed. Took 0.001 secs.
:app:generateDebugBuildConfig (Thread[Execution worker Thread 3,5,main]) started.

> Task :app:mergeDebugResources
Compiling XML table ~/android/studio/Projects/Photo.Gallery/app/build/intermediates/incremental/debug/mergeDebugResources/merged.dir/values/values.xml to ~/android/studio/Projects/Photo.Gallery/app/build/intermediates/merged_res/debug/values_values.arsc.flat
Compiling XML table ~/android/studio/Projects/Photo.Gallery/app/build/intermediates/incremental/debug/mergeDebugResources/merged.dir/values-hi/values-hi.xml to ~/android/studio/Projects/Photo.Gallery/app/build/intermediates/merged_res/debug/values-hi_values-hi.arsc.flat
Compiling XML table ~/android/studio/Projects/Photo.Gallery/app/build/intermediates/incremental/debug/mergeDebugResources/merged.dir/values-pt/values-pt.xml to ~/android/studio/Projects/Photo.Gallery/app/build/intermediates/merged_res/debug/values-pt_values-pt.arsc.flat

> Task :app:generateDebugBuildConfig
Watching 23 directories to track changes
Caching disabled for task ':app:generateDebugBuildConfig' because:
  Build cache is disabled
Task ':app:generateDebugBuildConfig' is not up-to-date because:
  Class path of task ':app:generateDebugBuildConfig' has changed from 19511a89c2c60142f14e5c42d287bce4 to 884dfe0e653a3a2295bb6c56821b1ca5.
Watching 22 directories to track changes
Watching 26 directories to track changes
:app:generateDebugBuildConfig (Thread[Execution worker Thread 3,5,main]) completed. Took 0.071 secs.
Resolve mutations for :app:checkDebugAarMetadata (Thread[Execution worker Thread 3,5,main]) started.
Resolve mutations for :app:checkDebugAarMetadata (Thread[Execution worker Thread 3,5,main]) completed. Took 0.004 secs.
:app:checkDebugAarMetadata (Thread[Execution worker Thread 3,5,main]) started.

> Task :app:mergeDebugResources
Compiling XML table ~/android/studio/Projects/Photo.Gallery/app/build/intermediates/incremental/debug/mergeDebugResources/merged.dir/values-hu/values-hu.xml to ~/android/studio/Projects/Photo.Gallery/app/build/intermediates/merged_res/debug/values-hu_values-hu.arsc.flat
Compiling XML table ~/android/studio/Projects/Photo.Gallery/app/build/intermediates/incremental/debug/mergeDebugResources/merged.dir/values-hr/values-hr.xml to ~/android/studio/Projects/Photo.Gallery/app/build/intermediates/merged_res/debug/values-hr_values-hr.arsc.flat
Compiling XML table ~/android/studio/Projects/Photo.Gallery/app/build/intermediates/incremental/debug/mergeDebugResources/merged.dir/values-v17/values-v17.xml to ~/android/studio/Projects/Photo.Gallery/app/build/intermediates/merged_res/debug/values-v17_values-v17.arsc.flat
Compiling XML table ~/android/studio/Projects/Photo.Gallery/app/build/intermediates/incremental/debug/mergeDebugResources/merged.dir/values-v18/values-v18.xml to ~/android/studio/Projects/Photo.Gallery/app/build/intermediates/merged_res/debug/values-v18_values-v18.arsc.flat
Compiling XML table ~/android/studio/Projects/Photo.Gallery/app/build/intermediates/incremental/debug/mergeDebugResources/merged.dir/values-af/values-af.xml to ~/android/studio/Projects/Photo.Gallery/app/build/intermediates/merged_res/debug/values-af_values-af.arsc.flat
Compiling XML table ~/android/studio/Projects/Photo.Gallery/app/build/intermediates/incremental/debug/mergeDebugResources/merged.dir/values-watch-v21/values-watch-v21.xml to ~/android/studio/Projects/Photo.Gallery/app/build/intermediates/merged_res/debug/values-watch-v21_values-watch-v21.arsc.flat
Compiling XML table ~/android/studio/Projects/Photo.Gallery/app/build/intermediates/incremental/debug/mergeDebugResources/merged.dir/values-it/values-it.xml to ~/android/studio/Projects/Photo.Gallery/app/build/intermediates/merged_res/debug/values-it_values-it.arsc.flat
Compiling XML table ~/android/studio/Projects/Photo.Gallery/app/build/intermediates/incremental/debug/mergeDebugResources/merged.dir/values-hy/values-hy.xml to ~/android/studio/Projects/Photo.Gallery/app/build/intermediates/merged_res/debug/values-hy_values-hy.arsc.flat
Compiling XML table ~/android/studio/Projects/Photo.Gallery/app/build/intermediates/incremental/debug/mergeDebugResources/merged.dir/values-in/values-in.xml to ~/android/studio/Projects/Photo.Gallery/app/build/intermediates/merged_res/debug/values-in_values-in.arsc.flat
Compiling XML table ~/android/studio/Projects/Photo.Gallery/app/build/intermediates/incremental/debug/mergeDebugResources/merged.dir/values-ldltr-v21/values-ldltr-v21.xml to ~/android/studio/Projects/Photo.Gallery/app/build/intermediates/merged_res/debug/values-ldltr-v21_values-ldltr-v21.arsc.flat
Compiling XML table ~/android/studio/Projects/Photo.Gallery/app/build/intermediates/incremental/debug/mergeDebugResources/merged.dir/values-zh-rHK/values-zh-rHK.xml to ~/android/studio/Projects/Photo.Gallery/app/build/intermediates/merged_res/debug/values-zh-rHK_values-zh-rHK.arsc.flat
Compiling XML table ~/android/studio/Projects/Photo.Gallery/app/build/intermediates/incremental/debug/mergeDebugResources/merged.dir/values-ar/values-ar.xml to ~/android/studio/Projects/Photo.Gallery/app/build/intermediates/merged_res/debug/values-ar_values-ar.arsc.flat
Compiling XML table ~/android/studio/Projects/Photo.Gallery/app/build/intermediates/incremental/debug/mergeDebugResources/merged.dir/values-am/values-am.xml to ~/android/studio/Projects/Photo.Gallery/app/build/intermediates/merged_res/debug/values-am_values-am.arsc.flat
Compiling XML table ~/android/studio/Projects/Photo.Gallery/app/build/intermediates/incremental/debug/mergeDebugResources/merged.dir/values-iw/values-iw.xml to ~/android/studio/Projects/Photo.Gallery/app/build/intermediates/merged_res/debug/values-iw_values-iw.arsc.flat
Compiling XML table ~/android/studio/Projects/Photo.Gallery/app/build/intermediates/incremental/debug/mergeDebugResources/merged.dir/values-as/values-as.xml to ~/android/studio/Projects/Photo.Gallery/app/build/intermediates/merged_res/debug/values-as_values-as.arsc.flat
Compiling XML table ~/android/studio/Projects/Photo.Gallery/app/build/intermediates/incremental/debug/mergeDebugResources/merged.dir/values-v23/values-v23.xml to ~/android/studio/Projects/Photo.Gallery/app/build/intermediates/merged_res/debug/values-v23_values-v23.arsc.flat
Compiling XML table ~/android/studio/Projects/Photo.Gallery/app/build/intermediates/incremental/debug/mergeDebugResources/merged.dir/values-v21/values-v21.xml to ~/android/studio/Projects/Photo.Gallery/app/build/intermediates/merged_res/debug/values-v21_values-v21.arsc.flat
Compiling XML table ~/android/studio/Projects/Photo.Gallery/app/build/intermediates/incremental/debug/mergeDebugResources/merged.dir/values-az/values-az.xml to ~/android/studio/Projects/Photo.Gallery/app/build/intermediates/merged_res/debug/values-az_values-az.arsc.flat
Compiling XML table ~/android/studio/Projects/Photo.Gallery/app/build/intermediates/incremental/debug/mergeDebugResources/merged.dir/values-ja/values-ja.xml to ~/android/studio/Projects/Photo.Gallery/app/build/intermediates/merged_res/debug/values-ja_values-ja.arsc.flat
Compiling XML table ~/android/studio/Projects/Photo.Gallery/app/build/intermediates/incremental/debug/mergeDebugResources/merged.dir/values-zu/values-zu.xml to ~/android/studio/Projects/Photo.Gallery/app/build/intermediates/merged_res/debug/values-zu_values-zu.arsc.flat
Compiling XML table ~/android/studio/Projects/Photo.Gallery/app/build/intermediates/incremental/debug/mergeDebugResources/merged.dir/values-h360dp-land-v13/values-h360dp-land-v13.xml to ~/android/studio/Projects/Photo.Gallery/app/build/intermediates/merged_res/debug/values-h360dp-land-v13_values-h360dp-land-v13.arsc.flat
Compiling XML table ~/android/studio/Projects/Photo.Gallery/app/build/intermediates/incremental/debug/mergeDebugResources/merged.dir/values-v26/values-v26.xml to ~/android/studio/Projects/Photo.Gallery/app/build/intermediates/merged_res/debug/values-v26_values-v26.arsc.flat
Compiling XML table ~/android/studio/Projects/Photo.Gallery/app/build/intermediates/incremental/debug/mergeDebugResources/merged.dir/values-sw600dp-v13/values-sw600dp-v13.xml to ~/android/studio/Projects/Photo.Gallery/app/build/intermediates/merged_res/debug/values-sw600dp-v13_values-sw600dp-v13.arsc.flat
Compiling XML table ~/android/studio/Projects/Photo.Gallery/app/build/intermediates/incremental/debug/mergeDebugResources/merged.dir/values-bn/values-bn.xml to ~/android/studio/Projects/Photo.Gallery/app/build/intermediates/merged_res/debug/values-bn_values-bn.arsc.flat
Compiling XML table ~/android/studio/Projects/Photo.Gallery/app/build/intermediates/incremental/debug/mergeDebugResources/merged.dir/values-v28/values-v28.xml to ~/android/studio/Projects/Photo.Gallery/app/build/intermediates/merged_res/debug/values-v28_values-v28.arsc.flat
Compiling XML table ~/android/studio/Projects/Photo.Gallery/app/build/intermediates/incremental/debug/mergeDebugResources/merged.dir/values-bg/values-bg.xml to ~/android/studio/Projects/Photo.Gallery/app/build/intermediates/merged_res/debug/values-bg_values-bg.arsc.flat
Compiling XML table ~/android/studio/Projects/Photo.Gallery/app/build/intermediates/incremental/debug/mergeDebugResources/merged.dir/values-v22/values-v22.xml to ~/android/studio/Projects/Photo.Gallery/app/build/intermediates/merged_res/debug/values-v22_values-v22.arsc.flat
Compiling XML table ~/android/studio/Projects/Photo.Gallery/app/build/intermediates/incremental/debug/mergeDebugResources/merged.dir/values-v24/values-v24.xml to ~/android/studio/Projects/Photo.Gallery/app/build/intermediates/merged_res/debug/values-v24_values-v24.arsc.flat
Compiling XML table ~/android/studio/Projects/Photo.Gallery/app/build/intermediates/incremental/debug/mergeDebugResources/merged.dir/values-si/values-si.xml to ~/android/studio/Projects/Photo.Gallery/app/build/intermediates/merged_res/debug/values-si_values-si.arsc.flat
Compiling XML table ~/android/studio/Projects/Photo.Gallery/app/build/intermediates/incremental/debug/mergeDebugResources/merged.dir/values-h480dp-land-v13/values-h480dp-land-v13.xml to ~/android/studio/Projects/Photo.Gallery/app/build/intermediates/merged_res/debug/values-h480dp-land-v13_values-h480dp-land-v13.arsc.flat
Compiling XML table ~/android/studio/Projects/Photo.Gallery/app/build/intermediates/incremental/debug/mergeDebugResources/merged.dir/values-be/values-be.xml to ~/android/studio/Projects/Photo.Gallery/app/build/intermediates/merged_res/debug/values-be_values-be.arsc.flat
Compiling XML table ~/android/studio/Projects/Photo.Gallery/app/build/intermediates/incremental/debug/mergeDebugResources/merged.dir/values-ca/values-ca.xml to ~/android/studio/Projects/Photo.Gallery/app/build/intermediates/merged_res/debug/values-ca_values-ca.arsc.flat
Compiling XML table ~/android/studio/Projects/Photo.Gallery/app/build/intermediates/incremental/debug/mergeDebugResources/merged.dir/values-en-rCA/values-en-rCA.xml to ~/android/studio/Projects/Photo.Gallery/app/build/intermediates/merged_res/debug/values-en-rCA_values-en-rCA.arsc.flat
Compiling XML table ~/android/studio/Projects/Photo.Gallery/app/build/intermediates/incremental/debug/mergeDebugResources/merged.dir/values-ka/values-ka.xml to ~/android/studio/Projects/Photo.Gallery/app/build/intermediates/merged_res/debug/values-ka_values-ka.arsc.flat
Compiling XML table ~/android/studio/Projects/Photo.Gallery/app/build/intermediates/incremental/debug/mergeDebugResources/merged.dir/values-sk/values-sk.xml to ~/android/studio/Projects/Photo.Gallery/app/build/intermediates/merged_res/debug/values-sk_values-sk.arsc.flat
Compiling XML table ~/android/studio/Projects/Photo.Gallery/app/build/intermediates/incremental/debug/mergeDebugResources/merged.dir/values-sv/values-sv.xml to ~/android/studio/Projects/Photo.Gallery/app/build/intermediates/merged_res/debug/values-sv_values-sv.arsc.flat
Compiling XML table ~/android/studio/Projects/Photo.Gallery/app/build/intermediates/incremental/debug/mergeDebugResources/merged.dir/values-sq/values-sq.xml to ~/android/studio/Projects/Photo.Gallery/app/build/intermediates/merged_res/debug/values-sq_values-sq.arsc.flat
Compiling XML table ~/android/studio/Projects/Photo.Gallery/app/build/intermediates/incremental/debug/mergeDebugResources/merged.dir/values-sr/values-sr.xml to ~/android/studio/Projects/Photo.Gallery/app/build/intermediates/merged_res/debug/values-sr_values-sr.arsc.flat
Compiling XML table ~/android/studio/Projects/Photo.Gallery/app/build/intermediates/incremental/debug/mergeDebugResources/merged.dir/values-ta/values-ta.xml to ~/android/studio/Projects/Photo.Gallery/app/build/intermediates/merged_res/debug/values-ta_values-ta.arsc.flat
Compiling XML table ~/android/studio/Projects/Photo.Gallery/app/build/intermediates/incremental/debug/mergeDebugResources/merged.dir/values-km/values-km.xml to ~/android/studio/Projects/Photo.Gallery/app/build/intermediates/merged_res/debug/values-km_values-km.arsc.flat
Compiling XML table ~/android/studio/Projects/Photo.Gallery/app/build/intermediates/incremental/debug/mergeDebugResources/merged.dir/values-sw/values-sw.xml to ~/android/studio/Projects/Photo.Gallery/app/build/intermediates/merged_res/debug/values-sw_values-sw.arsc.flat
Compiling XML table ~/android/studio/Projects/Photo.Gallery/app/build/intermediates/incremental/debug/mergeDebugResources/merged.dir/values-h720dp-v13/values-h720dp-v13.xml to ~/android/studio/Projects/Photo.Gallery/app/build/intermediates/merged_res/debug/values-h720dp-v13_values-h720dp-v13.arsc.flat
Compiling XML table ~/android/studio/Projects/Photo.Gallery/app/build/intermediates/incremental/debug/mergeDebugResources/merged.dir/values-xlarge-v4/values-xlarge-v4.xml to ~/android/studio/Projects/Photo.Gallery/app/build/intermediates/merged_res/debug/values-xlarge-v4_values-xlarge-v4.arsc.flat
Compiling XML table ~/android/studio/Projects/Photo.Gallery/app/build/intermediates/incremental/debug/mergeDebugResources/merged.dir/values-cs/values-cs.xml to ~/android/studio/Projects/Photo.Gallery/app/build/intermediates/merged_res/debug/values-cs_values-cs.arsc.flat
Compiling XML table ~/android/studio/Projects/Photo.Gallery/app/build/intermediates/incremental/debug/mergeDebugResources/merged.dir/values-kn/values-kn.xml to ~/android/studio/Projects/Photo.Gallery/app/build/intermediates/merged_res/debug/values-kn_values-kn.arsc.flat
Compiling XML table ~/android/studio/Projects/Photo.Gallery/app/build/intermediates/incremental/debug/mergeDebugResources/merged.dir/values-de/values-de.xml to ~/android/studio/Projects/Photo.Gallery/app/build/intermediates/merged_res/debug/values-de_values-de.arsc.flat
Compiling XML table ~/android/studio/Projects/Photo.Gallery/app/build/intermediates/incremental/debug/mergeDebugResources/merged.dir/values-tl/values-tl.xml to ~/android/studio/Projects/Photo.Gallery/app/build/intermediates/merged_res/debug/values-tl_values-tl.arsc.flat
Compiling XML table ~/android/studio/Projects/Photo.Gallery/app/build/intermediates/incremental/debug/mergeDebugResources/merged.dir/values-ky/values-ky.xml to ~/android/studio/Projects/Photo.Gallery/app/build/intermediates/merged_res/debug/values-ky_values-ky.arsc.flat
Compiling XML table ~/android/studio/Projects/Photo.Gallery/app/build/intermediates/incremental/debug/mergeDebugResources/merged.dir/values-en-rIN/values-en-rIN.xml to ~/android/studio/Projects/Photo.Gallery/app/build/intermediates/merged_res/debug/values-en-rIN_values-en-rIN.arsc.flat
Compiling XML table ~/android/studio/Projects/Photo.Gallery/app/build/intermediates/incremental/debug/mergeDebugResources/merged.dir/values-en-rAU/values-en-rAU.xml to ~/android/studio/Projects/Photo.Gallery/app/build/intermediates/merged_res/debug/values-en-rAU_values-en-rAU.arsc.flat
Compiling XML table ~/android/studio/Projects/Photo.Gallery/app/build/intermediates/incremental/debug/mergeDebugResources/merged.dir/values-ml/values-ml.xml to ~/android/studio/Projects/Photo.Gallery/app/build/intermediates/merged_res/debug/values-ml_values-ml.arsc.flat
Compiling XML table ~/android/studio/Projects/Photo.Gallery/app/build/intermediates/incremental/debug/mergeDebugResources/merged.dir/values-te/values-te.xml to ~/android/studio/Projects/Photo.Gallery/app/build/intermediates/merged_res/debug/values-te_values-te.arsc.flat
Compiling XML table ~/android/studio/Projects/Photo.Gallery/app/build/intermediates/incremental/debug/mergeDebugResources/merged.dir/values-lv/values-lv.xml to ~/android/studio/Projects/Photo.Gallery/app/build/intermediates/merged_res/debug/values-lv_values-lv.arsc.flat
Compiling XML table ~/android/studio/Projects/Photo.Gallery/app/build/intermediates/incremental/debug/mergeDebugResources/merged.dir/values-mk/values-mk.xml to ~/android/studio/Projects/Photo.Gallery/app/build/intermediates/merged_res/debug/values-mk_values-mk.arsc.flat
Compiling XML table ~/android/studio/Projects/Photo.Gallery/app/build/intermediates/incremental/debug/mergeDebugResources/merged.dir/values-da/values-da.xml to ~/android/studio/Projects/Photo.Gallery/app/build/intermediates/merged_res/debug/values-da_values-da.arsc.flat
Compiling XML table ~/android/studio/Projects/Photo.Gallery/app/build/intermediates/incremental/debug/mergeDebugResources/merged.dir/values-fr-rCA/values-fr-rCA.xml to ~/android/studio/Projects/Photo.Gallery/app/build/intermediates/merged_res/debug/values-fr-rCA_values-fr-rCA.arsc.flat
Compiling XML table ~/android/studio/Projects/Photo.Gallery/app/build/intermediates/incremental/debug/mergeDebugResources/merged.dir/values-zh-rTW/values-zh-rTW.xml to ~/android/studio/Projects/Photo.Gallery/app/build/intermediates/merged_res/debug/values-zh-rTW_values-zh-rTW.arsc.flat
Compiling XML table ~/android/studio/Projects/Photo.Gallery/app/build/intermediates/incremental/debug/mergeDebugResources/merged.dir/values-uz/values-uz.xml to ~/android/studio/Projects/Photo.Gallery/app/build/intermediates/merged_res/debug/values-uz_values-uz.arsc.flat
Compiling XML table ~/android/studio/Projects/Photo.Gallery/app/build/intermediates/incremental/debug/mergeDebugResources/merged.dir/values-lo/values-lo.xml to ~/android/studio/Projects/Photo.Gallery/app/build/intermediates/merged_res/debug/values-lo_values-lo.arsc.flat
Compiling XML table ~/android/studio/Projects/Photo.Gallery/app/build/intermediates/incremental/debug/mergeDebugResources/merged.dir/values-el/values-el.xml to ~/android/studio/Projects/Photo.Gallery/app/build/intermediates/merged_res/debug/values-el_values-el.arsc.flat
Compiling XML table ~/android/studio/Projects/Photo.Gallery/app/build/intermediates/incremental/debug/mergeDebugResources/merged.dir/values-uk/values-uk.xml to ~/android/studio/Projects/Photo.Gallery/app/build/intermediates/merged_res/debug/values-uk_values-uk.arsc.flat
Compiling XML table ~/android/studio/Projects/Photo.Gallery/app/build/intermediates/incremental/debug/mergeDebugResources/merged.dir/values-eu/values-eu.xml to ~/android/studio/Projects/Photo.Gallery/app/build/intermediates/merged_res/debug/values-eu_values-eu.arsc.flat
Compiling XML table ~/android/studio/Projects/Photo.Gallery/app/build/intermediates/incremental/debug/mergeDebugResources/merged.dir/values-et/values-et.xml to ~/android/studio/Projects/Photo.Gallery/app/build/intermediates/merged_res/debug/values-et_values-et.arsc.flat
Compiling XML table ~/android/studio/Projects/Photo.Gallery/app/build/intermediates/incremental/debug/mergeDebugResources/merged.dir/values-mn/values-mn.xml to ~/android/studio/Projects/Photo.Gallery/app/build/intermediates/merged_res/debug/values-mn_values-mn.arsc.flat
Compiling XML table ~/android/studio/Projects/Photo.Gallery/app/build/intermediates/incremental/debug/mergeDebugResources/merged.dir/values-night-v8/values-night-v8.xml to ~/android/studio/Projects/Photo.Gallery/app/build/intermediates/merged_res/debug/values-night-v8_values-night-v8.arsc.flat
Compiling XML table ~/android/studio/Projects/Photo.Gallery/app/build/intermediates/incremental/debug/mergeDebugResources/merged.dir/values-zh-rCN/values-zh-rCN.xml to ~/android/studio/Projects/Photo.Gallery/app/build/intermediates/merged_res/debug/values-zh-rCN_values-zh-rCN.arsc.flat
Compiling XML table ~/android/studio/Projects/Photo.Gallery/app/build/intermediates/incremental/debug/mergeDebugResources/merged.dir/values-port/values-port.xml to ~/android/studio/Projects/Photo.Gallery/app/build/intermediates/merged_res/debug/values-port_values-port.arsc.flat
Compiling XML table ~/android/studio/Projects/Photo.Gallery/app/build/intermediates/incremental/debug/mergeDebugResources/merged.dir/values-mr/values-mr.xml to ~/android/studio/Projects/Photo.Gallery/app/build/intermediates/merged_res/debug/values-mr_values-mr.arsc.flat
Compiling XML table ~/android/studio/Projects/Photo.Gallery/app/build/intermediates/incremental/debug/mergeDebugResources/merged.dir/values-nl/values-nl.xml to ~/android/studio/Projects/Photo.Gallery/app/build/intermediates/merged_res/debug/values-nl_values-nl.arsc.flat
Compiling XML table ~/android/studio/Projects/Photo.Gallery/app/build/intermediates/incremental/debug/mergeDebugResources/merged.dir/values-large-v4/values-large-v4.xml to ~/android/studio/Projects/Photo.Gallery/app/build/intermediates/merged_res/debug/values-large-v4_values-large-v4.arsc.flat
Compiling XML table ~/android/studio/Projects/Photo.Gallery/app/build/intermediates/incremental/debug/mergeDebugResources/merged.dir/values-my/values-my.xml to ~/android/studio/Projects/Photo.Gallery/app/build/intermediates/merged_res/debug/values-my_values-my.arsc.flat
Compiling XML table ~/android/studio/Projects/Photo.Gallery/app/build/intermediates/incremental/debug/mergeDebugResources/merged.dir/values-small-v4/values-small-v4.xml to ~/android/studio/Projects/Photo.Gallery/app/build/intermediates/merged_res/debug/values-small-v4_values-small-v4.arsc.flat
Compiling XML table ~/android/studio/Projects/Photo.Gallery/app/build/intermediates/incremental/debug/mergeDebugResources/merged.dir/values-pa/values-pa.xml to ~/android/studio/Projects/Photo.Gallery/app/build/intermediates/merged_res/debug/values-pa_values-pa.arsc.flat
Compiling XML table ~/android/studio/Projects/Photo.Gallery/app/build/intermediates/incremental/debug/mergeDebugResources/merged.dir/values-fr/values-fr.xml to ~/android/studio/Projects/Photo.Gallery/app/build/intermediates/merged_res/debug/values-fr_values-fr.arsc.flat
Compiling xml file ~/android/studio/Projects/Photo.Gallery/app/build/intermediates/incremental/debug/mergeDebugResources/stripped.dir/layout/activity_main.xml to ~/android/studio/Projects/Photo.Gallery/app/build/intermediates/merged_res/debug/layout_activity_main.xml.flat
Compiling XML table ~/android/studio/Projects/Photo.Gallery/app/build/intermediates/incremental/debug/mergeDebugResources/merged.dir/values-vi/values-vi.xml to ~/android/studio/Projects/Photo.Gallery/app/build/intermediates/merged_res/debug/values-vi_values-vi.arsc.flat
Compiling XML table ~/android/studio/Projects/Photo.Gallery/app/build/intermediates/incremental/debug/mergeDebugResources/merged.dir/values-land/values-land.xml to ~/android/studio/Projects/Photo.Gallery/app/build/intermediates/merged_res/debug/values-land_values-land.arsc.flat
Compiling XML table ~/android/studio/Projects/Photo.Gallery/app/build/intermediates/incremental/debug/mergeDebugResources/merged.dir/values-gu/values-gu.xml to ~/android/studio/Projects/Photo.Gallery/app/build/intermediates/merged_res/debug/values-gu_values-gu.arsc.flat
Compiling XML table ~/android/studio/Projects/Photo.Gallery/app/build/intermediates/incremental/debug/mergeDebugResources/merged.dir/values-ne/values-ne.xml to ~/android/studio/Projects/Photo.Gallery/app/build/intermediates/merged_res/debug/values-ne_values-ne.arsc.flat
Compiling file ~/android/studio/Projects/Photo.Gallery/app/src/main/res/mipmap-mdpi/ic_launcher.webp to ~/android/studio/Projects/Photo.Gallery/app/build/intermediates/merged_res/debug/mipmap-mdpi_ic_launcher.webp.flat
Compiling XML table ~/android/studio/Projects/Photo.Gallery/app/build/intermediates/incremental/debug/mergeDebugResources/merged.dir/values-fi/values-fi.xml to ~/android/studio/Projects/Photo.Gallery/app/build/intermediates/merged_res/debug/values-fi_values-fi.arsc.flat
Compiling file ~/android/studio/Projects/Photo.Gallery/app/src/main/res/mipmap-mdpi/ic_launcher_round.webp to ~/android/studio/Projects/Photo.Gallery/app/build/intermediates/merged_res/debug/mipmap-mdpi_ic_launcher_round.webp.flat
Compiling xml file ~/android/studio/Projects/Photo.Gallery/app/src/main/res/mipmap-anydpi-v26/ic_launcher_round.xml to ~/android/studio/Projects/Photo.Gallery/app/build/intermediates/merged_res/debug/mipmap-anydpi-v26_ic_launcher_round.xml.flat
Compiling file ~/android/studio/Projects/Photo.Gallery/app/src/main/res/raw/auth_config.json to ~/android/studio/Projects/Photo.Gallery/app/build/intermediates/merged_res/debug/raw_auth_config.json.flat
Compiling xml file ~/android/studio/Projects/Photo.Gallery/app/src/main/res/xml/file_paths.xml to ~/android/studio/Projects/Photo.Gallery/app/build/intermediates/merged_res/debug/xml_file_paths.xml.flat
Compiling xml file ~/android/studio/Projects/Photo.Gallery/app/build/intermediates/incremental/debug/mergeDebugResources/stripped.dir/layout/fragment_backup.xml to ~/android/studio/Projects/Photo.Gallery/app/build/intermediates/merged_res/debug/layout_fragment_backup.xml.flat
Compiling xml file ~/android/studio/Projects/Photo.Gallery/app/build/intermediates/incremental/debug/mergeDebugResources/stripped.dir/layout/item_media.xml to ~/android/studio/Projects/Photo.Gallery/app/build/intermediates/merged_res/debug/layout_item_media.xml.flat
Compiling file ~/android/studio/Projects/Photo.Gallery/app/src/main/res/mipmap-hdpi/ic_launcher_round.webp to ~/android/studio/Projects/Photo.Gallery/app/build/intermediates/merged_res/debug/mipmap-hdpi_ic_launcher_round.webp.flat
Compiling xml file ~/android/studio/Projects/Photo.Gallery/app/build/intermediates/incremental/debug/mergeDebugResources/stripped.dir/layout/fragment_folder_selection.xml to ~/android/studio/Projects/Photo.Gallery/app/build/intermediates/merged_res/debug/layout_fragment_folder_selection.xml.flat
Compiling xml file ~/android/studio/Projects/Photo.Gallery/app/build/intermediates/incremental/debug/mergeDebugResources/stripped.dir/layout/fragment_gallery.xml to ~/android/studio/Projects/Photo.Gallery/app/build/intermediates/merged_res/debug/layout_fragment_gallery.xml.flat
Compiling XML table ~/android/studio/Projects/Photo.Gallery/app/build/intermediates/incremental/debug/mergeDebugResources/merged.dir/values-hdpi-v4/values-hdpi-v4.xml to ~/android/studio/Projects/Photo.Gallery/app/build/intermediates/merged_res/debug/values-hdpi-v4_values-hdpi-v4.arsc.flat
Compiling XML table ~/android/studio/Projects/Photo.Gallery/app/build/intermediates/incremental/debug/mergeDebugResources/merged.dir/values-or/values-or.xml to ~/android/studio/Projects/Photo.Gallery/app/build/intermediates/merged_res/debug/values-or_values-or.arsc.flat
Compiling xml file ~/android/studio/Projects/Photo.Gallery/app/src/main/res/xml/backup_rules.xml to ~/android/studio/Projects/Photo.Gallery/app/build/intermediates/merged_res/debug/xml_backup_rules.xml.flat
Compiling xml file ~/android/studio/Projects/Photo.Gallery/app/build/intermediates/incremental/debug/mergeDebugResources/stripped.dir/layout/item_folder.xml to ~/android/studio/Projects/Photo.Gallery/app/build/intermediates/merged_res/debug/layout_item_folder.xml.flat
Compiling xml file ~/android/studio/Projects/Photo.Gallery/app/src/main/res/drawable-v24/ic_launcher_foreground.xml to ~/android/studio/Projects/Photo.Gallery/app/build/intermediates/merged_res/debug/drawable-v24_ic_launcher_foreground.xml.flat
Compiling file ~/android/studio/Projects/Photo.Gallery/app/src/main/res/mipmap-xxxhdpi/ic_launcher_round.webp to ~/android/studio/Projects/Photo.Gallery/app/build/intermediates/merged_res/debug/mipmap-xxxhdpi_ic_launcher_round.webp.flat
Compiling XML table ~/android/studio/Projects/Photo.Gallery/app/build/intermediates/incremental/debug/mergeDebugResources/merged.dir/values-pl/values-pl.xml to ~/android/studio/Projects/Photo.Gallery/app/build/intermediates/merged_res/debug/values-pl_values-pl.arsc.flat
Compiling xml file ~/android/studio/Projects/Photo.Gallery/app/src/main/res/drawable/ic_launcher_background.xml to ~/android/studio/Projects/Photo.Gallery/app/build/intermediates/merged_res/debug/drawable_ic_launcher_background.xml.flat
Compiling file ~/android/studio/Projects/Photo.Gallery/app/src/main/res/mipmap-xxxhdpi/ic_launcher.webp to ~/android/studio/Projects/Photo.Gallery/app/build/intermediates/merged_res/debug/mipmap-xxxhdpi_ic_launcher.webp.flat
Compiling xml file ~/android/studio/Projects/Photo.Gallery/app/src/main/res/mipmap-anydpi-v26/ic_launcher.xml to ~/android/studio/Projects/Photo.Gallery/app/build/intermediates/merged_res/debug/mipmap-anydpi-v26_ic_launcher.xml.flat

Resolve mutations for :app:mapDebugSourceSetPaths (Thread[included builds,5,main]) started.
Resolve mutations for :app:mapDebugSourceSetPaths (Thread[included builds,5,main]) completed. Took 0.0 secs.
:app:mapDebugSourceSetPaths (Thread[included builds,5,main]) started.

> Task :app:checkDebugAarMetadata
Watching 27 directories to track changes
Transforming viewbinding-7.4.2.aar (androidx.databinding:viewbinding:7.4.2) with JetifyTransform
Transforming viewbinding-7.4.2.aar (androidx.databinding:viewbinding:7.4.2) with ExtractAarTransform
Transforming viewbinding-7.4.2.aar (androidx.databinding:viewbinding:7.4.2) with AarTransform
Transforming accompanist-systemuicontroller-0.23.0.aar (com.google.accompanist:accompanist-systemuicontroller:0.23.0) with JetifyTransform
Transforming accompanist-systemuicontroller-0.23.0.aar (com.google.accompanist:accompanist-systemuicontroller:0.23.0) with ExtractAarTransform
Transforming accompanist-systemuicontroller-0.23.0.aar (com.google.accompanist:accompanist-systemuicontroller:0.23.0) with AarTransform
Transforming coil-compose-2.0.0.aar (io.coil-kt:coil-compose:2.0.0) with JetifyTransform
Transforming coil-compose-2.0.0.aar (io.coil-kt:coil-compose:2.0.0) with ExtractAarTransform
Transforming coil-compose-2.0.0.aar (io.coil-kt:coil-compose:2.0.0) with AarTransform
Transforming coil-compose-base-2.0.0.aar (io.coil-kt:coil-compose-base:2.0.0) with JetifyTransform
Transforming coil-compose-base-2.0.0.aar (io.coil-kt:coil-compose-base:2.0.0) with ExtractAarTransform
Transforming coil-compose-base-2.0.0.aar (io.coil-kt:coil-compose-base:2.0.0) with AarTransform
Transforming coil-2.0.0.aar (io.coil-kt:coil:2.0.0) with JetifyTransform
Transforming coil-2.0.0.aar (io.coil-kt:coil:2.0.0) with ExtractAarTransform
Transforming coil-2.0.0.aar (io.coil-kt:coil:2.0.0) with AarTransform
Transforming coil-base-2.0.0.aar (io.coil-kt:coil-base:2.0.0) with JetifyTransform
Transforming coil-base-2.0.0.aar (io.coil-kt:coil-base:2.0.0) with ExtractAarTransform
Transforming coil-base-2.0.0.aar (io.coil-kt:coil-base:2.0.0) with AarTransform
Transforming msal-6.2.0.aar (com.microsoft.identity.client:msal:6.2.0) with JetifyTransform
Transforming msal-6.2.0.aar (com.microsoft.identity.client:msal:6.2.0) with ExtractAarTransform
Transforming msal-6.2.0.aar (com.microsoft.identity.client:msal:6.2.0) with AarTransform
Transforming common-21.4.0.aar (com.microsoft.identity:common:21.4.0) with JetifyTransform
Transforming common-21.4.0.aar (com.microsoft.identity:common:21.4.0) with ExtractAarTransform
Transforming common-21.4.0.aar (com.microsoft.identity:common:21.4.0) with AarTransform
Transforming accompanist-drawablepainter-0.23.1.aar (com.google.accompanist:accompanist-drawablepainter:0.23.1) with JetifyTransform
Transforming accompanist-drawablepainter-0.23.1.aar (com.google.accompanist:accompanist-drawablepainter:0.23.1) with ExtractAarTransform
Transforming accompanist-drawablepainter-0.23.1.aar (com.google.accompanist:accompanist-drawablepainter:0.23.1) with AarTransform
Transforming credentials-1.2.2.aar (androidx.credentials:credentials:1.2.2) with JetifyTransform
Transforming credentials-1.2.2.aar (androidx.credentials:credentials:1.2.2) with ExtractAarTransform
Transforming credentials-1.2.2.aar (androidx.credentials:credentials:1.2.2) with AarTransform
Transforming credentials-1.2.2.aar (androidx.credentials:credentials:1.2.2) with JetifyTransform
Transforming credentials-1.2.2.aar (androidx.credentials:credentials:1.2.2) with ExtractAarTransform
Transforming credentials-1.2.2.aar (androidx.credentials:credentials:1.2.2) with AarTransform
Transforming credentials-play-services-auth-1.2.2.aar (androidx.credentials:credentials-play-services-auth:1.2.2) with JetifyTransform
Transforming credentials-play-services-auth-1.2.2.aar (androidx.credentials:credentials-play-services-auth:1.2.2) with ExtractAarTransform
Transforming credentials-play-services-auth-1.2.2.aar (androidx.credentials:credentials-play-services-auth:1.2.2) with AarTransform
Transforming googleid-1.1.0.aar (com.google.android.libraries.identity.googleid:googleid:1.1.0) with JetifyTransform
Transforming googleid-1.1.0.aar (com.google.android.libraries.identity.googleid:googleid:1.1.0) with ExtractAarTransform
Transforming googleid-1.1.0.aar (com.google.android.libraries.identity.googleid:googleid:1.1.0) with AarTransform
Transforming work-runtime-ktx-2.8.1.aar (androidx.work:work-runtime-ktx:2.8.1) with JetifyTransform
Transforming work-runtime-ktx-2.8.1.aar (androidx.work:work-runtime-ktx:2.8.1) with ExtractAarTransform
Transforming work-runtime-ktx-2.8.1.aar (androidx.work:work-runtime-ktx:2.8.1) with AarTransform
Transforming navigation-common-2.7.0.aar (androidx.navigation:navigation-common:2.7.0) with JetifyTransform
Transforming navigation-common-2.7.0.aar (androidx.navigation:navigation-common:2.7.0) with ExtractAarTransform
Transforming navigation-common-2.7.0.aar (androidx.navigation:navigation-common:2.7.0) with AarTransform
Transforming navigation-runtime-2.7.0.aar (androidx.navigation:navigation-runtime:2.7.0) with JetifyTransform
Transforming navigation-runtime-2.7.0.aar (androidx.navigation:navigation-runtime:2.7.0) with ExtractAarTransform
Transforming navigation-runtime-2.7.0.aar (androidx.navigation:navigation-runtime:2.7.0) with AarTransform
Transforming navigation-common-ktx-2.7.0.aar (androidx.navigation:navigation-common-ktx:2.7.0) with JetifyTransform
Transforming navigation-common-ktx-2.7.0.aar (androidx.navigation:navigation-common-ktx:2.7.0) with ExtractAarTransform
Transforming navigation-common-ktx-2.7.0.aar (androidx.navigation:navigation-common-ktx:2.7.0) with AarTransform
Transforming navigation-runtime-ktx-2.7.0.aar (androidx.navigation:navigation-runtime-ktx:2.7.0) with JetifyTransform
Transforming navigation-runtime-ktx-2.7.0.aar (androidx.navigation:navigation-runtime-ktx:2.7.0) with ExtractAarTransform
Transforming navigation-runtime-ktx-2.7.0.aar (androidx.navigation:navigation-runtime-ktx:2.7.0) with AarTransform
Transforming navigation-compose-2.7.0.aar (androidx.navigation:navigation-compose:2.7.0) with JetifyTransform
Transforming navigation-compose-2.7.0.aar (androidx.navigation:navigation-compose:2.7.0) with ExtractAarTransform
Transforming navigation-compose-2.7.0.aar (androidx.navigation:navigation-compose:2.7.0) with AarTransform
Transforming constraintlayout-2.1.3.aar (androidx.constraintlayout:constraintlayout:2.1.3) with JetifyTransform
Transforming constraintlayout-2.1.3.aar (androidx.constraintlayout:constraintlayout:2.1.3) with ExtractAarTransform
Transforming constraintlayout-2.1.3.aar (androidx.constraintlayout:constraintlayout:2.1.3) with AarTransform
Transforming material-1.2.0.aar (com.google.android.material:material:1.2.0) with JetifyTransform
Transforming material-1.2.0.aar (com.google.android.material:material:1.2.0) with ExtractAarTransform
Transforming material-1.2.0.aar (com.google.android.material:material:1.2.0) with AarTransform
Transforming appcompat-resources-1.6.1.aar (androidx.appcompat:appcompat-resources:1.6.1) with JetifyTransform
Transforming appcompat-resources-1.6.1.aar (androidx.appcompat:appcompat-resources:1.6.1) with ExtractAarTransform
Transforming appcompat-resources-1.6.1.aar (androidx.appcompat:appcompat-resources:1.6.1) with AarTransform
Transforming appcompat-1.6.1.aar (androidx.appcompat:appcompat:1.6.1) with JetifyTransform
Transforming appcompat-1.6.1.aar (androidx.appcompat:appcompat:1.6.1) with ExtractAarTransform
Transforming appcompat-1.6.1.aar (androidx.appcompat:appcompat:1.6.1) with AarTransform
Transforming material3-window-size-class-release.aar (androidx.compose.material3:material3-window-size-class-android:1.2.0) with JetifyTransform
Transforming material3-window-size-class-release.aar (androidx.compose.material3:material3-window-size-class-android:1.2.0) with ExtractAarTransform
Transforming material3-window-size-class-release.aar (androidx.compose.material3:material3-window-size-class-android:1.2.0) with AarTransform
Transforming material3-release.aar (androidx.compose.material3:material3-android:1.2.0) with JetifyTransform
Transforming material3-release.aar (androidx.compose.material3:material3-android:1.2.0) with ExtractAarTransform
Transforming material3-release.aar (androidx.compose.material3:material3-android:1.2.0) with AarTransform
Transforming glide-4.11.0.aar (com.github.bumptech.glide:glide:4.11.0) with JetifyTransform
Transforming glide-4.11.0.aar (com.github.bumptech.glide:glide:4.11.0) with ExtractAarTransform
Transforming glide-4.11.0.aar (com.github.bumptech.glide:glide:4.11.0) with AarTransform
Transforming viewpager2-1.0.0.aar (androidx.viewpager2:viewpager2:1.0.0) with JetifyTransform
Transforming viewpager2-1.0.0.aar (androidx.viewpager2:viewpager2:1.0.0) with ExtractAarTransform
Transforming viewpager2-1.0.0.aar (androidx.viewpager2:viewpager2:1.0.0) with AarTransform
Transforming play-services-auth-20.7.0.aar (com.google.android.gms:play-services-auth:20.7.0) with JetifyTransform
Transforming play-services-auth-20.7.0.aar (com.google.android.gms:play-services-auth:20.7.0) with ExtractAarTransform
Transforming play-services-auth-20.7.0.aar (com.google.android.gms:play-services-auth:20.7.0) with AarTransform
Transforming play-services-fido-20.1.0.aar (com.google.android.gms:play-services-fido:20.1.0) with JetifyTransform
Transforming play-services-fido-20.1.0.aar (com.google.android.gms:play-services-fido:20.1.0) with ExtractAarTransform
Transforming play-services-fido-20.1.0.aar (com.google.android.gms:play-services-fido:20.1.0) with AarTransform
Transforming play-services-fido-20.1.0.aar (com.google.android.gms:play-services-fido:20.1.0) with JetifyTransform
Transforming play-services-fido-20.1.0.aar (com.google.android.gms:play-services-fido:20.1.0) with ExtractAarTransform
Transforming play-services-fido-20.1.0.aar (com.google.android.gms:play-services-fido:20.1.0) with AarTransform
Transforming play-services-auth-api-phone-18.0.1.aar (com.google.android.gms:play-services-auth-api-phone:18.0.1) with JetifyTransform
Transforming play-services-auth-api-phone-18.0.1.aar (com.google.android.gms:play-services-auth-api-phone:18.0.1) with ExtractAarTransform
Transforming play-services-auth-api-phone-18.0.1.aar (com.google.android.gms:play-services-auth-api-phone:18.0.1) with AarTransform
Transforming play-services-auth-base-18.0.4.aar (com.google.android.gms:play-services-auth-base:18.0.4) with JetifyTransform
Transforming play-services-auth-base-18.0.4.aar (com.google.android.gms:play-services-auth-base:18.0.4) with ExtractAarTransform
Transforming play-services-auth-base-18.0.4.aar (com.google.android.gms:play-services-auth-base:18.0.4) with AarTransform
Transforming play-services-base-18.0.1.aar (com.google.android.gms:play-services-base:18.0.1) with JetifyTransform
Transforming play-services-base-18.0.1.aar (com.google.android.gms:play-services-base:18.0.1) with ExtractAarTransform
Transforming play-services-base-18.0.1.aar (com.google.android.gms:play-services-base:18.0.1) with AarTransform
Transforming play-services-base-18.0.1.aar (com.google.android.gms:play-services-base:18.0.1) with JetifyTransform
Transforming play-services-base-18.0.1.aar (com.google.android.gms:play-services-base:18.0.1) with ExtractAarTransform
Transforming play-services-base-18.0.1.aar (com.google.android.gms:play-services-base:18.0.1) with AarTransform
Transforming play-services-base-18.0.1.aar (com.google.android.gms:play-services-base:18.0.1) with JetifyTransform
Transforming play-services-base-18.0.1.aar (com.google.android.gms:play-services-base:18.0.1) with ExtractAarTransform
Transforming play-services-base-18.0.1.aar (com.google.android.gms:play-services-base:18.0.1) with AarTransform
Transforming play-services-base-18.0.1.aar (com.google.android.gms:play-services-base:18.0.1) with JetifyTransform
Transforming play-services-base-18.0.1.aar (com.google.android.gms:play-services-base:18.0.1) with ExtractAarTransform
Transforming play-services-base-18.0.1.aar (com.google.android.gms:play-services-base:18.0.1) with AarTransform
Transforming play-services-tasks-18.0.1.aar (com.google.android.gms:play-services-tasks:18.0.1) with JetifyTransform
Transforming play-services-tasks-18.0.1.aar (com.google.android.gms:play-services-tasks:18.0.1) with ExtractAarTransform
Transforming play-services-tasks-18.0.1.aar (com.google.android.gms:play-services-tasks:18.0.1) with AarTransform
Transforming play-services-tasks-18.0.1.aar (com.google.android.gms:play-services-tasks:18.0.1) with JetifyTransform
Transforming play-services-tasks-18.0.1.aar (com.google.android.gms:play-services-tasks:18.0.1) with ExtractAarTransform
Transforming play-services-tasks-18.0.1.aar (com.google.android.gms:play-services-tasks:18.0.1) with AarTransform
Transforming play-services-tasks-18.0.1.aar (com.google.android.gms:play-services-tasks:18.0.1) with JetifyTransform
Transforming play-services-tasks-18.0.1.aar (com.google.android.gms:play-services-tasks:18.0.1) with ExtractAarTransform
Transforming play-services-tasks-18.0.1.aar (com.google.android.gms:play-services-tasks:18.0.1) with AarTransform
Transforming play-services-tasks-18.0.1.aar (com.google.android.gms:play-services-tasks:18.0.1) with JetifyTransform
Transforming play-services-tasks-18.0.1.aar (com.google.android.gms:play-services-tasks:18.0.1) with ExtractAarTransform
Transforming play-services-tasks-18.0.1.aar (com.google.android.gms:play-services-tasks:18.0.1) with AarTransform
Transforming play-services-tasks-18.0.1.aar (com.google.android.gms:play-services-tasks:18.0.1) with JetifyTransform
Transforming play-services-tasks-18.0.1.aar (com.google.android.gms:play-services-tasks:18.0.1) with ExtractAarTransform
Transforming play-services-tasks-18.0.1.aar (com.google.android.gms:play-services-tasks:18.0.1) with AarTransform
Transforming play-services-basement-18.2.0.aar (com.google.android.gms:play-services-basement:18.2.0) with JetifyTransform
Transforming play-services-basement-18.2.0.aar (com.google.android.gms:play-services-basement:18.2.0) with ExtractAarTransform
Transforming play-services-basement-18.2.0.aar (com.google.android.gms:play-services-basement:18.2.0) with AarTransform
Transforming play-services-basement-18.2.0.aar (com.google.android.gms:play-services-basement:18.2.0) with JetifyTransform
Transforming play-services-basement-18.2.0.aar (com.google.android.gms:play-services-basement:18.2.0) with ExtractAarTransform
Transforming play-services-basement-18.2.0.aar (com.google.android.gms:play-services-basement:18.2.0) with AarTransform
Transforming play-services-basement-18.2.0.aar (com.google.android.gms:play-services-basement:18.2.0) with JetifyTransform
Transforming play-services-basement-18.2.0.aar (com.google.android.gms:play-services-basement:18.2.0) with ExtractAarTransform
Transforming play-services-basement-18.2.0.aar (com.google.android.gms:play-services-basement:18.2.0) with AarTransform
Transforming play-services-basement-18.2.0.aar (com.google.android.gms:play-services-basement:18.2.0) with JetifyTransform
Transforming play-services-basement-18.2.0.aar (com.google.android.gms:play-services-basement:18.2.0) with ExtractAarTransform
Transforming play-services-basement-18.2.0.aar (com.google.android.gms:play-services-basement:18.2.0) with AarTransform
Transforming play-services-basement-18.2.0.aar (com.google.android.gms:play-services-basement:18.2.0) with JetifyTransform
Transforming play-services-basement-18.2.0.aar (com.google.android.gms:play-services-basement:18.2.0) with ExtractAarTransform
Transforming play-services-basement-18.2.0.aar (com.google.android.gms:play-services-basement:18.2.0) with AarTransform
Transforming play-services-basement-18.2.0.aar (com.google.android.gms:play-services-basement:18.2.0) with JetifyTransform
Transforming play-services-basement-18.2.0.aar (com.google.android.gms:play-services-basement:18.2.0) with ExtractAarTransform
Transforming play-services-basement-18.2.0.aar (com.google.android.gms:play-services-basement:18.2.0) with AarTransform
Transforming fragment-1.3.6.aar (androidx.fragment:fragment:1.3.6) with JetifyTransform
Transforming fragment-1.3.6.aar (androidx.fragment:fragment:1.3.6) with ExtractAarTransform
Transforming fragment-1.3.6.aar (androidx.fragment:fragment:1.3.6) with AarTransform
Transforming fragment-1.3.6.aar (androidx.fragment:fragment:1.3.6) with JetifyTransform
Transforming fragment-1.3.6.aar (androidx.fragment:fragment:1.3.6) with ExtractAarTransform
Transforming fragment-1.3.6.aar (androidx.fragment:fragment:1.3.6) with AarTransform
Transforming fragment-1.3.6.aar (androidx.fragment:fragment:1.3.6) with JetifyTransform
Transforming fragment-1.3.6.aar (androidx.fragment:fragment:1.3.6) with ExtractAarTransform
Transforming fragment-1.3.6.aar (androidx.fragment:fragment:1.3.6) with AarTransform
Transforming fragment-1.3.6.aar (androidx.fragment:fragment:1.3.6) with JetifyTransform
Transforming fragment-1.3.6.aar (androidx.fragment:fragment:1.3.6) with ExtractAarTransform
Transforming fragment-1.3.6.aar (androidx.fragment:fragment:1.3.6) with AarTransform
Transforming fragment-1.3.6.aar (androidx.fragment:fragment:1.3.6) with JetifyTransform
Transforming fragment-1.3.6.aar (androidx.fragment:fragment:1.3.6) with ExtractAarTransform
Transforming fragment-1.3.6.aar (androidx.fragment:fragment:1.3.6) with AarTransform
Transforming browser-1.0.0.aar (androidx.browser:browser:1.0.0) with JetifyTransform
Transforming browser-1.0.0.aar (androidx.browser:browser:1.0.0) with ExtractAarTransform
Transforming browser-1.0.0.aar (androidx.browser:browser:1.0.0) with AarTransform
Transforming legacy-support-core-ui-1.0.0.aar (androidx.legacy:legacy-support-core-ui:1.0.0) with JetifyTransform
Transforming legacy-support-core-ui-1.0.0.aar (androidx.legacy:legacy-support-core-ui:1.0.0) with ExtractAarTransform
Transforming legacy-support-core-ui-1.0.0.aar (androidx.legacy:legacy-support-core-ui:1.0.0) with AarTransform
Transforming legacy-support-core-utils-1.0.0.aar (androidx.legacy:legacy-support-core-utils:1.0.0) with JetifyTransform
Transforming legacy-support-core-utils-1.0.0.aar (androidx.legacy:legacy-support-core-utils:1.0.0) with ExtractAarTransform
Transforming legacy-support-core-utils-1.0.0.aar (androidx.legacy:legacy-support-core-utils:1.0.0) with AarTransform
Transforming loader-1.0.0.aar (androidx.loader:loader:1.0.0) with JetifyTransform
Transforming loader-1.0.0.aar (androidx.loader:loader:1.0.0) with ExtractAarTransform
Transforming loader-1.0.0.aar (androidx.loader:loader:1.0.0) with AarTransform
Transforming loader-1.0.0.aar (androidx.loader:loader:1.0.0) with JetifyTransform
Transforming loader-1.0.0.aar (androidx.loader:loader:1.0.0) with ExtractAarTransform
Transforming loader-1.0.0.aar (androidx.loader:loader:1.0.0) with AarTransform
Transforming loader-1.0.0.aar (androidx.loader:loader:1.0.0) with JetifyTransform
Transforming loader-1.0.0.aar (androidx.loader:loader:1.0.0) with ExtractAarTransform
Transforming loader-1.0.0.aar (androidx.loader:loader:1.0.0) with AarTransform
Transforming material-release.aar (androidx.compose.material:material-android:1.6.1) with JetifyTransform
Transforming material-release.aar (androidx.compose.material:material-android:1.6.1) with ExtractAarTransform
Transforming material-release.aar (androidx.compose.material:material-android:1.6.1) with AarTransform
Transforming material-icons-core-release.aar (androidx.compose.material:material-icons-core-android:1.6.1) with JetifyTransform
Transforming material-icons-core-release.aar (androidx.compose.material:material-icons-core-android:1.6.1) with ExtractAarTransform
Transforming material-icons-core-release.aar (androidx.compose.material:material-icons-core-android:1.6.1) with AarTransform
Transforming material-ripple-release.aar (androidx.compose.material:material-ripple-android:1.6.1) with JetifyTransform
Transforming material-ripple-release.aar (androidx.compose.material:material-ripple-android:1.6.1) with ExtractAarTransform
Transforming material-ripple-release.aar (androidx.compose.material:material-ripple-android:1.6.1) with AarTransform
Transforming foundation-release.aar (androidx.compose.foundation:foundation-android:1.6.1) with JetifyTransform
Transforming foundation-release.aar (androidx.compose.foundation:foundation-android:1.6.1) with ExtractAarTransform
Transforming foundation-release.aar (androidx.compose.foundation:foundation-android:1.6.1) with AarTransform
Transforming foundation-layout-release.aar (androidx.compose.foundation:foundation-layout-android:1.6.1) with JetifyTransform
Transforming foundation-layout-release.aar (androidx.compose.foundation:foundation-layout-android:1.6.1) with ExtractAarTransform
Transforming foundation-layout-release.aar (androidx.compose.foundation:foundation-layout-android:1.6.1) with AarTransform
Transforming animation-core-release.aar (androidx.compose.animation:animation-core-android:1.6.1) with JetifyTransform
Transforming animation-core-release.aar (androidx.compose.animation:animation-core-android:1.6.1) with ExtractAarTransform
Transforming animation-core-release.aar (androidx.compose.animation:animation-core-android:1.6.1) with AarTransform
Transforming animation-release.aar (androidx.compose.animation:animation-android:1.6.1) with JetifyTransform
Transforming animation-release.aar (androidx.compose.animation:animation-android:1.6.1) with ExtractAarTransform
Transforming animation-release.aar (androidx.compose.animation:animation-android:1.6.1) with AarTransform
Transforming ui-tooling-data-release.aar (androidx.compose.ui:ui-tooling-data-android:1.6.1) with JetifyTransform
Transforming ui-tooling-data-release.aar (androidx.compose.ui:ui-tooling-data-android:1.6.1) with ExtractAarTransform
Transforming ui-tooling-data-release.aar (androidx.compose.ui:ui-tooling-data-android:1.6.1) with AarTransform
Transforming ui-geometry-release.aar (androidx.compose.ui:ui-geometry-android:1.6.1) with JetifyTransform
Transforming ui-geometry-release.aar (androidx.compose.ui:ui-geometry-android:1.6.1) with ExtractAarTransform
Transforming ui-geometry-release.aar (androidx.compose.ui:ui-geometry-android:1.6.1) with AarTransform
Transforming ui-unit-release.aar (androidx.compose.ui:ui-unit-android:1.6.1) with JetifyTransform
Transforming ui-unit-release.aar (androidx.compose.ui:ui-unit-android:1.6.1) with ExtractAarTransform
Transforming ui-unit-release.aar (androidx.compose.ui:ui-unit-android:1.6.1) with AarTransform
Transforming ui-util-release.aar (androidx.compose.ui:ui-util-android:1.6.1) with JetifyTransform
Transforming ui-util-release.aar (androidx.compose.ui:ui-util-android:1.6.1) with ExtractAarTransform
Transforming ui-util-release.aar (androidx.compose.ui:ui-util-android:1.6.1) with AarTransform
Transforming ui-text-release.aar (androidx.compose.ui:ui-text-android:1.6.1) with JetifyTransform
Transforming ui-text-release.aar (androidx.compose.ui:ui-text-android:1.6.1) with ExtractAarTransform
Transforming ui-text-release.aar (androidx.compose.ui:ui-text-android:1.6.1) with AarTransform
Transforming ui-graphics-release.aar (androidx.compose.ui:ui-graphics-android:1.6.1) with JetifyTransform
Transforming ui-graphics-release.aar (androidx.compose.ui:ui-graphics-android:1.6.1) with ExtractAarTransform
Transforming ui-graphics-release.aar (androidx.compose.ui:ui-graphics-android:1.6.1) with AarTransform
Transforming ui-tooling-preview-release.aar (androidx.compose.ui:ui-tooling-preview-android:1.6.1) with JetifyTransform
Transforming ui-tooling-preview-release.aar (androidx.compose.ui:ui-tooling-preview-android:1.6.1) with ExtractAarTransform
Transforming ui-tooling-preview-release.aar (androidx.compose.ui:ui-tooling-preview-android:1.6.1) with AarTransform
Transforming ui-tooling-release.aar (androidx.compose.ui:ui-tooling-android:1.6.1) with JetifyTransform
Transforming ui-tooling-release.aar (androidx.compose.ui:ui-tooling-android:1.6.1) with ExtractAarTransform
Transforming ui-tooling-release.aar (androidx.compose.ui:ui-tooling-android:1.6.1) with AarTransform
Transforming ui-test-manifest-1.6.1.aar (androidx.compose.ui:ui-test-manifest:1.6.1) with JetifyTransform
Transforming ui-test-manifest-1.6.1.aar (androidx.compose.ui:ui-test-manifest:1.6.1) with ExtractAarTransform
Transforming ui-test-manifest-1.6.1.aar (androidx.compose.ui:ui-test-manifest:1.6.1) with AarTransform
Transforming activity-1.7.1.aar (androidx.activity:activity:1.7.1) with JetifyTransform
Transforming activity-1.7.1.aar (androidx.activity:activity:1.7.1) with ExtractAarTransform
Transforming activity-1.7.1.aar (androidx.activity:activity:1.7.1) with AarTransform
Transforming activity-ktx-1.7.1.aar (androidx.activity:activity-ktx:1.7.1) with JetifyTransform
Transforming activity-ktx-1.7.1.aar (androidx.activity:activity-ktx:1.7.1) with ExtractAarTransform
Transforming activity-ktx-1.7.1.aar (androidx.activity:activity-ktx:1.7.1) with AarTransform
Transforming activity-compose-1.7.1.aar (androidx.activity:activity-compose:1.7.1) with JetifyTransform
Transforming activity-compose-1.7.1.aar (androidx.activity:activity-compose:1.7.1) with ExtractAarTransform
Transforming activity-compose-1.7.1.aar (androidx.activity:activity-compose:1.7.1) with AarTransform
Transforming ui-release.aar (androidx.compose.ui:ui-android:1.6.1) with JetifyTransform
Transforming ui-release.aar (androidx.compose.ui:ui-android:1.6.1) with ExtractAarTransform
Transforming ui-release.aar (androidx.compose.ui:ui-android:1.6.1) with AarTransform
Transforming savedstate-ktx-1.2.1.aar (androidx.savedstate:savedstate-ktx:1.2.1) with JetifyTransform
Transforming savedstate-ktx-1.2.1.aar (androidx.savedstate:savedstate-ktx:1.2.1) with ExtractAarTransform
Transforming savedstate-ktx-1.2.1.aar (androidx.savedstate:savedstate-ktx:1.2.1) with AarTransform
Transforming savedstate-1.2.1.aar (androidx.savedstate:savedstate:1.2.1) with JetifyTransform
Transforming savedstate-1.2.1.aar (androidx.savedstate:savedstate:1.2.1) with ExtractAarTransform
Transforming savedstate-1.2.1.aar (androidx.savedstate:savedstate:1.2.1) with AarTransform
Transforming work-runtime-2.8.1.aar (androidx.work:work-runtime:2.8.1) with JetifyTransform
Transforming work-runtime-2.8.1.aar (androidx.work:work-runtime:2.8.1) with ExtractAarTransform
Transforming work-runtime-2.8.1.aar (androidx.work:work-runtime:2.8.1) with AarTransform
Transforming emoji2-views-helper-1.3.0.aar (androidx.emoji2:emoji2-views-helper:1.3.0) with JetifyTransform
Transforming emoji2-views-helper-1.3.0.aar (androidx.emoji2:emoji2-views-helper:1.3.0) with ExtractAarTransform
Transforming emoji2-views-helper-1.3.0.aar (androidx.emoji2:emoji2-views-helper:1.3.0) with AarTransform
Transforming emoji2-1.3.0.aar (androidx.emoji2:emoji2:1.3.0) with JetifyTransform
Transforming emoji2-1.3.0.aar (androidx.emoji2:emoji2:1.3.0) with ExtractAarTransform
Transforming emoji2-1.3.0.aar (androidx.emoji2:emoji2:1.3.0) with AarTransform
Transforming lifecycle-process-2.6.1.aar (androidx.lifecycle:lifecycle-process:2.6.1) with JetifyTransform
Transforming lifecycle-process-2.6.1.aar (androidx.lifecycle:lifecycle-process:2.6.1) with ExtractAarTransform
Transforming lifecycle-process-2.6.1.aar (androidx.lifecycle:lifecycle-process:2.6.1) with AarTransform
Transforming lifecycle-service-2.6.1.aar (androidx.lifecycle:lifecycle-service:2.6.1) with JetifyTransform
Transforming lifecycle-service-2.6.1.aar (androidx.lifecycle:lifecycle-service:2.6.1) with ExtractAarTransform
Transforming lifecycle-service-2.6.1.aar (androidx.lifecycle:lifecycle-service:2.6.1) with AarTransform
Transforming lifecycle-livedata-2.6.1.aar (androidx.lifecycle:lifecycle-livedata:2.6.1) with JetifyTransform
Transforming lifecycle-livedata-2.6.1.aar (androidx.lifecycle:lifecycle-livedata:2.6.1) with ExtractAarTransform
Transforming lifecycle-livedata-2.6.1.aar (androidx.lifecycle:lifecycle-livedata:2.6.1) with AarTransform
Transforming lifecycle-livedata-2.6.1.aar (androidx.lifecycle:lifecycle-livedata:2.6.1) with JetifyTransform
Transforming lifecycle-livedata-2.6.1.aar (androidx.lifecycle:lifecycle-livedata:2.6.1) with ExtractAarTransform
Transforming lifecycle-livedata-2.6.1.aar (androidx.lifecycle:lifecycle-livedata:2.6.1) with AarTransform
Transforming lifecycle-livedata-core-2.6.1.aar (androidx.lifecycle:lifecycle-livedata-core:2.6.1) with JetifyTransform
Transforming lifecycle-livedata-core-2.6.1.aar (androidx.lifecycle:lifecycle-livedata-core:2.6.1) with ExtractAarTransform
Transforming lifecycle-livedata-core-2.6.1.aar (androidx.lifecycle:lifecycle-livedata-core:2.6.1) with AarTransform
Transforming lifecycle-viewmodel-2.6.1.aar (androidx.lifecycle:lifecycle-viewmodel:2.6.1) with JetifyTransform
Transforming lifecycle-viewmodel-2.6.1.aar (androidx.lifecycle:lifecycle-viewmodel:2.6.1) with ExtractAarTransform
Transforming lifecycle-viewmodel-2.6.1.aar (androidx.lifecycle:lifecycle-viewmodel:2.6.1) with AarTransform
Transforming lifecycle-viewmodel-2.6.1.aar (androidx.lifecycle:lifecycle-viewmodel:2.6.1) with JetifyTransform
Transforming lifecycle-viewmodel-2.6.1.aar (androidx.lifecycle:lifecycle-viewmodel:2.6.1) with ExtractAarTransform
Transforming lifecycle-viewmodel-2.6.1.aar (androidx.lifecycle:lifecycle-viewmodel:2.6.1) with AarTransform
Transforming lifecycle-viewmodel-savedstate-2.6.1.aar (androidx.lifecycle:lifecycle-viewmodel-savedstate:2.6.1) with JetifyTransform
Transforming lifecycle-viewmodel-savedstate-2.6.1.aar (androidx.lifecycle:lifecycle-viewmodel-savedstate:2.6.1) with ExtractAarTransform
Transforming lifecycle-viewmodel-savedstate-2.6.1.aar (androidx.lifecycle:lifecycle-viewmodel-savedstate:2.6.1) with AarTransform
Transforming lifecycle-runtime-ktx-2.6.1.aar (androidx.lifecycle:lifecycle-runtime-ktx:2.6.1) with JetifyTransform
Transforming lifecycle-runtime-ktx-2.6.1.aar (androidx.lifecycle:lifecycle-runtime-ktx:2.6.1) with ExtractAarTransform
Transforming lifecycle-runtime-ktx-2.6.1.aar (androidx.lifecycle:lifecycle-runtime-ktx:2.6.1) with AarTransform
Transforming recyclerview-1.3.0.aar (androidx.recyclerview:recyclerview:1.3.0) with JetifyTransform
Transforming recyclerview-1.3.0.aar (androidx.recyclerview:recyclerview:1.3.0) with ExtractAarTransform
Transforming recyclerview-1.3.0.aar (androidx.recyclerview:recyclerview:1.3.0) with AarTransform
Transforming recyclerview-1.3.0.aar (androidx.recyclerview:recyclerview:1.3.0) with JetifyTransform
Transforming recyclerview-1.3.0.aar (androidx.recyclerview:recyclerview:1.3.0) with ExtractAarTransform
Transforming recyclerview-1.3.0.aar (androidx.recyclerview:recyclerview:1.3.0) with AarTransform
Transforming drawerlayout-1.0.0.aar (androidx.drawerlayout:drawerlayout:1.0.0) with JetifyTransform
Transforming drawerlayout-1.0.0.aar (androidx.drawerlayout:drawerlayout:1.0.0) with ExtractAarTransform
Transforming drawerlayout-1.0.0.aar (androidx.drawerlayout:drawerlayout:1.0.0) with AarTransform
Transforming drawerlayout-1.0.0.aar (androidx.drawerlayout:drawerlayout:1.0.0) with JetifyTransform
Transforming drawerlayout-1.0.0.aar (androidx.drawerlayout:drawerlayout:1.0.0) with ExtractAarTransform
Transforming drawerlayout-1.0.0.aar (androidx.drawerlayout:drawerlayout:1.0.0) with AarTransform
Transforming coordinatorlayout-1.1.0.aar (androidx.coordinatorlayout:coordinatorlayout:1.1.0) with JetifyTransform
Transforming coordinatorlayout-1.1.0.aar (androidx.coordinatorlayout:coordinatorlayout:1.1.0) with ExtractAarTransform
Transforming coordinatorlayout-1.1.0.aar (androidx.coordinatorlayout:coordinatorlayout:1.1.0) with AarTransform
Transforming coordinatorlayout-1.1.0.aar (androidx.coordinatorlayout:coordinatorlayout:1.1.0) with JetifyTransform
Transforming coordinatorlayout-1.1.0.aar (androidx.coordinatorlayout:coordinatorlayout:1.1.0) with ExtractAarTransform
Transforming coordinatorlayout-1.1.0.aar (androidx.coordinatorlayout:coordinatorlayout:1.1.0) with AarTransform
Transforming viewpager-1.0.0.aar (androidx.viewpager:viewpager:1.0.0) with JetifyTransform
Transforming viewpager-1.0.0.aar (androidx.viewpager:viewpager:1.0.0) with ExtractAarTransform
Transforming viewpager-1.0.0.aar (androidx.viewpager:viewpager:1.0.0) with AarTransform
Transforming viewpager-1.0.0.aar (androidx.viewpager:viewpager:1.0.0) with JetifyTransform
Transforming viewpager-1.0.0.aar (androidx.viewpager:viewpager:1.0.0) with ExtractAarTransform
Transforming viewpager-1.0.0.aar (androidx.viewpager:viewpager:1.0.0) with AarTransform
Transforming slidingpanelayout-1.0.0.aar (androidx.slidingpanelayout:slidingpanelayout:1.0.0) with JetifyTransform
Transforming slidingpanelayout-1.0.0.aar (androidx.slidingpanelayout:slidingpanelayout:1.0.0) with ExtractAarTransform
Transforming slidingpanelayout-1.0.0.aar (androidx.slidingpanelayout:slidingpanelayout:1.0.0) with AarTransform
Transforming customview-1.0.0.aar (androidx.customview:customview:1.0.0) with JetifyTransform
Transforming customview-1.0.0.aar (androidx.customview:customview:1.0.0) with ExtractAarTransform
Transforming customview-1.0.0.aar (androidx.customview:customview:1.0.0) with AarTransform
Transforming customview-1.0.0.aar (androidx.customview:customview:1.0.0) with JetifyTransform
Transforming customview-1.0.0.aar (androidx.customview:customview:1.0.0) with ExtractAarTransform
Transforming customview-1.0.0.aar (androidx.customview:customview:1.0.0) with AarTransform
Transforming customview-1.0.0.aar (androidx.customview:customview:1.0.0) with JetifyTransform
Transforming customview-1.0.0.aar (androidx.customview:customview:1.0.0) with ExtractAarTransform
Transforming customview-1.0.0.aar (androidx.customview:customview:1.0.0) with AarTransform
Transforming customview-1.0.0.aar (androidx.customview:customview:1.0.0) with JetifyTransform
Transforming customview-1.0.0.aar (androidx.customview:customview:1.0.0) with ExtractAarTransform
Transforming customview-1.0.0.aar (androidx.customview:customview:1.0.0) with AarTransform
Transforming customview-1.0.0.aar (androidx.customview:customview:1.0.0) with JetifyTransform
Transforming customview-1.0.0.aar (androidx.customview:customview:1.0.0) with ExtractAarTransform
Transforming customview-1.0.0.aar (androidx.customview:customview:1.0.0) with AarTransform
Transforming customview-1.0.0.aar (androidx.customview:customview:1.0.0) with JetifyTransform
Transforming customview-1.0.0.aar (androidx.customview:customview:1.0.0) with ExtractAarTransform
Transforming customview-1.0.0.aar (androidx.customview:customview:1.0.0) with AarTransform
Transforming transition-1.2.0.aar (androidx.transition:transition:1.2.0) with JetifyTransform
Transforming transition-1.2.0.aar (androidx.transition:transition:1.2.0) with ExtractAarTransform
Transforming transition-1.2.0.aar (androidx.transition:transition:1.2.0) with AarTransform
Transforming vectordrawable-animated-1.1.0.aar (androidx.vectordrawable:vectordrawable-animated:1.1.0) with JetifyTransform
Transforming vectordrawable-animated-1.1.0.aar (androidx.vectordrawable:vectordrawable-animated:1.1.0) with ExtractAarTransform
Transforming vectordrawable-animated-1.1.0.aar (androidx.vectordrawable:vectordrawable-animated:1.1.0) with AarTransform
Transforming vectordrawable-1.1.0.aar (androidx.vectordrawable:vectordrawable:1.1.0) with JetifyTransform
Transforming vectordrawable-1.1.0.aar (androidx.vectordrawable:vectordrawable:1.1.0) with ExtractAarTransform
Transforming vectordrawable-1.1.0.aar (androidx.vectordrawable:vectordrawable:1.1.0) with AarTransform
Transforming vectordrawable-1.1.0.aar (androidx.vectordrawable:vectordrawable:1.1.0) with JetifyTransform
Transforming vectordrawable-1.1.0.aar (androidx.vectordrawable:vectordrawable:1.1.0) with ExtractAarTransform
Transforming vectordrawable-1.1.0.aar (androidx.vectordrawable:vectordrawable:1.1.0) with AarTransform
Transforming window-1.0.0.aar (androidx.window:window:1.0.0) with JetifyTransform
Transforming window-1.0.0.aar (androidx.window:window:1.0.0) with ExtractAarTransform
Transforming window-1.0.0.aar (androidx.window:window:1.0.0) with AarTransform
Transforming autofill-1.0.0.aar (androidx.autofill:autofill:1.0.0) with JetifyTransform
Transforming autofill-1.0.0.aar (androidx.autofill:autofill:1.0.0) with ExtractAarTransform
Transforming autofill-1.0.0.aar (androidx.autofill:autofill:1.0.0) with AarTransform
Transforming swiperefreshlayout-1.0.0.aar (androidx.swiperefreshlayout:swiperefreshlayout:1.0.0) with JetifyTransform
Transforming swiperefreshlayout-1.0.0.aar (androidx.swiperefreshlayout:swiperefreshlayout:1.0.0) with ExtractAarTransform
Transforming swiperefreshlayout-1.0.0.aar (androidx.swiperefreshlayout:swiperefreshlayout:1.0.0) with AarTransform
Transforming asynclayoutinflater-1.0.0.aar (androidx.asynclayoutinflater:asynclayoutinflater:1.0.0) with JetifyTransform
Transforming asynclayoutinflater-1.0.0.aar (androidx.asynclayoutinflater:asynclayoutinflater:1.0.0) with ExtractAarTransform
Transforming asynclayoutinflater-1.0.0.aar (androidx.asynclayoutinflater:asynclayoutinflater:1.0.0) with AarTransform
Transforming customview-poolingcontainer-1.0.0.aar (androidx.customview:customview-poolingcontainer:1.0.0) with JetifyTransform
Transforming customview-poolingcontainer-1.0.0.aar (androidx.customview:customview-poolingcontainer:1.0.0) with ExtractAarTransform
Transforming customview-poolingcontainer-1.0.0.aar (androidx.customview:customview-poolingcontainer:1.0.0) with AarTransform
Transforming core-ktx-1.12.0.aar (androidx.core:core-ktx:1.12.0) with JetifyTransform
Transforming core-ktx-1.12.0.aar (androidx.core:core-ktx:1.12.0) with ExtractAarTransform
Transforming core-ktx-1.12.0.aar (androidx.core:core-ktx:1.12.0) with AarTransform
Transforming core-1.12.0.aar (androidx.core:core:1.12.0) with JetifyTransform
Transforming core-1.12.0.aar (androidx.core:core:1.12.0) with ExtractAarTransform
Transforming core-1.12.0.aar (androidx.core:core:1.12.0) with AarTransform
Transforming core-1.12.0.aar (androidx.core:core:1.12.0) with JetifyTransform
Transforming core-1.12.0.aar (androidx.core:core:1.12.0) with ExtractAarTransform
Transforming core-1.12.0.aar (androidx.core:core:1.12.0) with AarTransform
Transforming core-1.12.0.aar (androidx.core:core:1.12.0) with JetifyTransform
Transforming core-1.12.0.aar (androidx.core:core:1.12.0) with ExtractAarTransform
Transforming core-1.12.0.aar (androidx.core:core:1.12.0) with AarTransform
Transforming core-1.12.0.aar (androidx.core:core:1.12.0) with JetifyTransform
Transforming core-1.12.0.aar (androidx.core:core:1.12.0) with ExtractAarTransform
Transforming core-1.12.0.aar (androidx.core:core:1.12.0) with AarTransform
Transforming core-1.12.0.aar (androidx.core:core:1.12.0) with JetifyTransform
Transforming core-1.12.0.aar (androidx.core:core:1.12.0) with ExtractAarTransform
Transforming core-1.12.0.aar (androidx.core:core:1.12.0) with AarTransform
Transforming core-1.12.0.aar (androidx.core:core:1.12.0) with JetifyTransform
Transforming core-1.12.0.aar (androidx.core:core:1.12.0) with ExtractAarTransform
Transforming core-1.12.0.aar (androidx.core:core:1.12.0) with AarTransform
Transforming core-1.12.0.aar (androidx.core:core:1.12.0) with JetifyTransform
Transforming core-1.12.0.aar (androidx.core:core:1.12.0) with ExtractAarTransform
Transforming core-1.12.0.aar (androidx.core:core:1.12.0) with AarTransform
Transforming core-1.12.0.aar (androidx.core:core:1.12.0) with JetifyTransform
Transforming core-1.12.0.aar (androidx.core:core:1.12.0) with ExtractAarTransform
Transforming core-1.12.0.aar (androidx.core:core:1.12.0) with AarTransform
Transforming core-1.12.0.aar (androidx.core:core:1.12.0) with JetifyTransform
Transforming core-1.12.0.aar (androidx.core:core:1.12.0) with ExtractAarTransform
Transforming core-1.12.0.aar (androidx.core:core:1.12.0) with AarTransform
Transforming core-1.12.0.aar (androidx.core:core:1.12.0) with JetifyTransform
Transforming core-1.12.0.aar (androidx.core:core:1.12.0) with ExtractAarTransform
Transforming core-1.12.0.aar (androidx.core:core:1.12.0) with AarTransform
Transforming core-1.12.0.aar (androidx.core:core:1.12.0) with JetifyTransform
Transforming core-1.12.0.aar (androidx.core:core:1.12.0) with ExtractAarTransform
Transforming core-1.12.0.aar (androidx.core:core:1.12.0) with AarTransform
Transforming core-1.12.0.aar (androidx.core:core:1.12.0) with JetifyTransform
Transforming core-1.12.0.aar (androidx.core:core:1.12.0) with ExtractAarTransform
Transforming core-1.12.0.aar (androidx.core:core:1.12.0) with AarTransform
Transforming core-1.12.0.aar (androidx.core:core:1.12.0) with JetifyTransform
Transforming core-1.12.0.aar (androidx.core:core:1.12.0) with ExtractAarTransform
Transforming core-1.12.0.aar (androidx.core:core:1.12.0) with AarTransform
Transforming core-1.12.0.aar (androidx.core:core:1.12.0) with JetifyTransform
Transforming core-1.12.0.aar (androidx.core:core:1.12.0) with ExtractAarTransform
Transforming core-1.12.0.aar (androidx.core:core:1.12.0) with AarTransform
Transforming core-1.12.0.aar (androidx.core:core:1.12.0) with JetifyTransform
Transforming core-1.12.0.aar (androidx.core:core:1.12.0) with ExtractAarTransform
Transforming core-1.12.0.aar (androidx.core:core:1.12.0) with AarTransform
Transforming core-1.12.0.aar (androidx.core:core:1.12.0) with JetifyTransform
Transforming core-1.12.0.aar (androidx.core:core:1.12.0) with ExtractAarTransform
Transforming core-1.12.0.aar (androidx.core:core:1.12.0) with AarTransform
Transforming core-1.12.0.aar (androidx.core:core:1.12.0) with JetifyTransform
Transforming core-1.12.0.aar (androidx.core:core:1.12.0) with ExtractAarTransform
Transforming core-1.12.0.aar (androidx.core:core:1.12.0) with AarTransform
Transforming core-1.12.0.aar (androidx.core:core:1.12.0) with JetifyTransform
Transforming core-1.12.0.aar (androidx.core:core:1.12.0) with ExtractAarTransform
Transforming core-1.12.0.aar (androidx.core:core:1.12.0) with AarTransform
Transforming lifecycle-runtime-2.6.1.aar (androidx.lifecycle:lifecycle-runtime:2.6.1) with JetifyTransform
Transforming lifecycle-runtime-2.6.1.aar (androidx.lifecycle:lifecycle-runtime:2.6.1) with ExtractAarTransform
Transforming lifecycle-runtime-2.6.1.aar (androidx.lifecycle:lifecycle-runtime:2.6.1) with AarTransform
Transforming lifecycle-viewmodel-compose-2.6.1.aar (androidx.lifecycle:lifecycle-viewmodel-compose:2.6.1) with JetifyTransform
Transforming lifecycle-viewmodel-compose-2.6.1.aar (androidx.lifecycle:lifecycle-viewmodel-compose:2.6.1) with ExtractAarTransform
Transforming lifecycle-viewmodel-compose-2.6.1.aar (androidx.lifecycle:lifecycle-viewmodel-compose:2.6.1) with AarTransform
Transforming lifecycle-viewmodel-ktx-2.6.1.aar (androidx.lifecycle:lifecycle-viewmodel-ktx:2.6.1) with JetifyTransform
Transforming lifecycle-viewmodel-ktx-2.6.1.aar (androidx.lifecycle:lifecycle-viewmodel-ktx:2.6.1) with ExtractAarTransform
Transforming lifecycle-viewmodel-ktx-2.6.1.aar (androidx.lifecycle:lifecycle-viewmodel-ktx:2.6.1) with AarTransform
Transforming runtime-saveable-release.aar (androidx.compose.runtime:runtime-saveable-android:1.6.1) with JetifyTransform
Transforming runtime-saveable-release.aar (androidx.compose.runtime:runtime-saveable-android:1.6.1) with ExtractAarTransform
Transforming runtime-saveable-release.aar (androidx.compose.runtime:runtime-saveable-android:1.6.1) with AarTransform
Transforming runtime-release.aar (androidx.compose.runtime:runtime-android:1.6.1) with JetifyTransform
Transforming runtime-release.aar (androidx.compose.runtime:runtime-android:1.6.1) with ExtractAarTransform
Transforming runtime-release.aar (androidx.compose.runtime:runtime-android:1.6.1) with AarTransform
Transforming datastore-preferences-1.0.0.aar (androidx.datastore:datastore-preferences:1.0.0) with JetifyTransform
Transforming datastore-preferences-1.0.0.aar (androidx.datastore:datastore-preferences:1.0.0) with ExtractAarTransform
Transforming datastore-preferences-1.0.0.aar (androidx.datastore:datastore-preferences:1.0.0) with AarTransform
Transforming datastore-1.0.0.aar (androidx.datastore:datastore:1.0.0) with JetifyTransform
Transforming datastore-1.0.0.aar (androidx.datastore:datastore:1.0.0) with ExtractAarTransform
Transforming datastore-1.0.0.aar (androidx.datastore:datastore:1.0.0) with AarTransform
Transforming room-runtime-2.5.0.aar (androidx.room:room-runtime:2.5.0) with JetifyTransform
Transforming room-runtime-2.5.0.aar (androidx.room:room-runtime:2.5.0) with ExtractAarTransform
Transforming room-runtime-2.5.0.aar (androidx.room:room-runtime:2.5.0) with AarTransform
Transforming documentfile-1.0.1.aar (androidx.documentfile:documentfile:1.0.1) with JetifyTransform
Transforming documentfile-1.0.1.aar (androidx.documentfile:documentfile:1.0.1) with ExtractAarTransform
Transforming documentfile-1.0.1.aar (androidx.documentfile:documentfile:1.0.1) with AarTransform
Transforming documentfile-1.0.1.aar (androidx.documentfile:documentfile:1.0.1) with JetifyTransform
Transforming documentfile-1.0.1.aar (androidx.documentfile:documentfile:1.0.1) with ExtractAarTransform
Transforming documentfile-1.0.1.aar (androidx.documentfile:documentfile:1.0.1) with AarTransform
Transforming security-crypto-1.1.0-alpha03.aar (androidx.security:security-crypto:1.1.0-alpha03) with JetifyTransform
Transforming security-crypto-1.1.0-alpha03.aar (androidx.security:security-crypto:1.1.0-alpha03) with ExtractAarTransform
Transforming security-crypto-1.1.0-alpha03.aar (androidx.security:security-crypto:1.1.0-alpha03) with AarTransform
Transforming cursoradapter-1.0.0.aar (androidx.cursoradapter:cursoradapter:1.0.0) with JetifyTransform
Transforming cursoradapter-1.0.0.aar (androidx.cursoradapter:cursoradapter:1.0.0) with ExtractAarTransform
Transforming cursoradapter-1.0.0.aar (androidx.cursoradapter:cursoradapter:1.0.0) with AarTransform
Transforming cursoradapter-1.0.0.aar (androidx.cursoradapter:cursoradapter:1.0.0) with JetifyTransform
Transforming cursoradapter-1.0.0.aar (androidx.cursoradapter:cursoradapter:1.0.0) with ExtractAarTransform
Transforming cursoradapter-1.0.0.aar (androidx.cursoradapter:cursoradapter:1.0.0) with AarTransform
Transforming cardview-1.0.0.aar (androidx.cardview:cardview:1.0.0) with JetifyTransform
Transforming cardview-1.0.0.aar (androidx.cardview:cardview:1.0.0) with ExtractAarTransform
Transforming cardview-1.0.0.aar (androidx.cardview:cardview:1.0.0) with AarTransform
Transforming gifdecoder-4.11.0.aar (com.github.bumptech.glide:gifdecoder:4.11.0) with JetifyTransform
Transforming gifdecoder-4.11.0.aar (com.github.bumptech.glide:gifdecoder:4.11.0) with ExtractAarTransform
Transforming gifdecoder-4.11.0.aar (com.github.bumptech.glide:gifdecoder:4.11.0) with AarTransform
Transforming interpolator-1.0.0.aar (androidx.interpolator:interpolator:1.0.0) with JetifyTransform
Transforming interpolator-1.0.0.aar (androidx.interpolator:interpolator:1.0.0) with ExtractAarTransform
Transforming interpolator-1.0.0.aar (androidx.interpolator:interpolator:1.0.0) with AarTransform
Transforming interpolator-1.0.0.aar (androidx.interpolator:interpolator:1.0.0) with JetifyTransform
Transforming interpolator-1.0.0.aar (androidx.interpolator:interpolator:1.0.0) with ExtractAarTransform
Transforming interpolator-1.0.0.aar (androidx.interpolator:interpolator:1.0.0) with AarTransform
Transforming interpolator-1.0.0.aar (androidx.interpolator:interpolator:1.0.0) with JetifyTransform
Transforming interpolator-1.0.0.aar (androidx.interpolator:interpolator:1.0.0) with ExtractAarTransform
Transforming interpolator-1.0.0.aar (androidx.interpolator:interpolator:1.0.0) with AarTransform
Transforming interpolator-1.0.0.aar (androidx.interpolator:interpolator:1.0.0) with JetifyTransform
Transforming interpolator-1.0.0.aar (androidx.interpolator:interpolator:1.0.0) with ExtractAarTransform
Transforming interpolator-1.0.0.aar (androidx.interpolator:interpolator:1.0.0) with AarTransform
Transforming interpolator-1.0.0.aar (androidx.interpolator:interpolator:1.0.0) with JetifyTransform
Transforming interpolator-1.0.0.aar (androidx.interpolator:interpolator:1.0.0) with ExtractAarTransform
Transforming interpolator-1.0.0.aar (androidx.interpolator:interpolator:1.0.0) with AarTransform
Transforming core-runtime-2.2.0.aar (androidx.arch.core:core-runtime:2.2.0) with JetifyTransform
Transforming core-runtime-2.2.0.aar (androidx.arch.core:core-runtime:2.2.0) with ExtractAarTransform
Transforming core-runtime-2.2.0.aar (androidx.arch.core:core-runtime:2.2.0) with AarTransform
Transforming profileinstaller-1.3.0.aar (androidx.profileinstaller:profileinstaller:1.3.0) with JetifyTransform
Transforming profileinstaller-1.3.0.aar (androidx.profileinstaller:profileinstaller:1.3.0) with ExtractAarTransform
Transforming profileinstaller-1.3.0.aar (androidx.profileinstaller:profileinstaller:1.3.0) with AarTransform
Transforming sqlite-framework-2.3.0.aar (androidx.sqlite:sqlite-framework:2.3.0) with JetifyTransform
Transforming sqlite-framework-2.3.0.aar (androidx.sqlite:sqlite-framework:2.3.0) with ExtractAarTransform
Transforming sqlite-framework-2.3.0.aar (androidx.sqlite:sqlite-framework:2.3.0) with AarTransform
Transforming versionedparcelable-1.1.1.aar (androidx.versionedparcelable:versionedparcelable:1.1.1) with JetifyTransform
Transforming versionedparcelable-1.1.1.aar (androidx.versionedparcelable:versionedparcelable:1.1.1) with ExtractAarTransform
Transforming versionedparcelable-1.1.1.aar (androidx.versionedparcelable:versionedparcelable:1.1.1) with AarTransform
Transforming startup-runtime-1.1.1.aar (androidx.startup:startup-runtime:1.1.1) with JetifyTransform
Transforming startup-runtime-1.1.1.aar (androidx.startup:startup-runtime:1.1.1) with ExtractAarTransform
Transforming startup-runtime-1.1.1.aar (androidx.startup:startup-runtime:1.1.1) with AarTransform
Transforming exifinterface-1.3.3.aar (androidx.exifinterface:exifinterface:1.3.3) with JetifyTransform
Transforming exifinterface-1.3.3.aar (androidx.exifinterface:exifinterface:1.3.3) with ExtractAarTransform
Transforming exifinterface-1.3.3.aar (androidx.exifinterface:exifinterface:1.3.3) with AarTransform
Transforming sqlite-2.3.0.aar (androidx.sqlite:sqlite:2.3.0) with JetifyTransform
Transforming sqlite-2.3.0.aar (androidx.sqlite:sqlite:2.3.0) with ExtractAarTransform
Transforming sqlite-2.3.0.aar (androidx.sqlite:sqlite:2.3.0) with AarTransform
Transforming tracing-1.0.0.aar (androidx.tracing:tracing:1.0.0) with JetifyTransform
Transforming tracing-1.0.0.aar (androidx.tracing:tracing:1.0.0) with ExtractAarTransform
Transforming tracing-1.0.0.aar (androidx.tracing:tracing:1.0.0) with AarTransform
Transforming localbroadcastmanager-1.0.0.aar (androidx.localbroadcastmanager:localbroadcastmanager:1.0.0) with JetifyTransform
Transforming localbroadcastmanager-1.0.0.aar (androidx.localbroadcastmanager:localbroadcastmanager:1.0.0) with ExtractAarTransform
Transforming localbroadcastmanager-1.0.0.aar (androidx.localbroadcastmanager:localbroadcastmanager:1.0.0) with AarTransform
Transforming print-1.0.0.aar (androidx.print:print:1.0.0) with JetifyTransform
Transforming print-1.0.0.aar (androidx.print:print:1.0.0) with ExtractAarTransform
Transforming print-1.0.0.aar (androidx.print:print:1.0.0) with AarTransform
Transforming annotation-experimental-1.4.0.aar (androidx.annotation:annotation-experimental:1.4.0) with JetifyTransform
Transforming annotation-experimental-1.4.0.aar (androidx.annotation:annotation-experimental:1.4.0) with ExtractAarTransform
Transforming annotation-experimental-1.4.0.aar (androidx.annotation:annotation-experimental:1.4.0) with AarTransform
Transforming android-2.5.0.aar (com.yubico.yubikit:android:2.5.0) with JetifyTransform
Transforming android-2.5.0.aar (com.yubico.yubikit:android:2.5.0) with ExtractAarTransform
Transforming android-2.5.0.aar (com.yubico.yubikit:android:2.5.0) with AarTransform
Caching disabled for AarTransform: ~/.gradle/caches/transforms-3/f2c612e0fb1a97a99a863e39f5508a21/transformed/jetified-play-services-tasks-18.0.1 because:
  Build cache is disabled
Skipping AarTransform: ~/.gradle/caches/transforms-3/f2c612e0fb1a97a99a863e39f5508a21/transformed/jetified-play-services-tasks-18.0.1 as it is up-to-date.
Caching disabled for AarTransform: ~/.gradle/caches/transforms-3/fae7f0a32fa0484295f94dfaf9206b70/transformed/jetified-play-services-basement-18.2.0 because:
  Build cache is disabled
Skipping AarTransform: ~/.gradle/caches/transforms-3/fae7f0a32fa0484295f94dfaf9206b70/transformed/jetified-play-services-basement-18.2.0 as it is up-to-date.
Caching disabled for AarTransform: ~/.gradle/caches/transforms-3/400dd26017d2e15e0dbda5406f9ef695/transformed/fragment-1.3.6 because:
  Build cache is disabled
Skipping AarTransform: ~/.gradle/caches/transforms-3/400dd26017d2e15e0dbda5406f9ef695/transformed/fragment-1.3.6 as it is up-to-date.
Caching disabled for AarTransform: ~/.gradle/caches/transforms-3/902593fa1e00ea876e13c003ec91b9af/transformed/browser-1.0.0 because:
  Build cache is disabled
Skipping AarTransform: ~/.gradle/caches/transforms-3/902593fa1e00ea876e13c003ec91b9af/transformed/browser-1.0.0 as it is up-to-date.
Caching disabled for AarTransform: ~/.gradle/caches/transforms-3/66b0378c33ede1b033228e49dad9524a/transformed/legacy-support-core-ui-1.0.0 because:
  Build cache is disabled
Skipping AarTransform: ~/.gradle/caches/transforms-3/66b0378c33ede1b033228e49dad9524a/transformed/legacy-support-core-ui-1.0.0 as it is up-to-date.
Caching disabled for AarTransform: ~/.gradle/caches/transforms-3/0db2e5da926973a8cb8c4b07fbcec83d/transformed/legacy-support-core-utils-1.0.0 because:
  Build cache is disabled
Skipping AarTransform: ~/.gradle/caches/transforms-3/0db2e5da926973a8cb8c4b07fbcec83d/transformed/legacy-support-core-utils-1.0.0 as it is up-to-date.
Caching disabled for AarTransform: ~/.gradle/caches/transforms-3/5fbf3876ecb0a88b7dcccdd061affe0a/transformed/loader-1.0.0 because:
  Build cache is disabled
Skipping AarTransform: ~/.gradle/caches/transforms-3/5fbf3876ecb0a88b7dcccdd061affe0a/transformed/loader-1.0.0 as it is up-to-date.
Caching disabled for AarTransform: ~/.gradle/caches/transforms-3/83c2e7af98f64845bfb9325dbf1c5a1c/transformed/jetified-material-release because:
  Build cache is disabled
Skipping AarTransform: ~/.gradle/caches/transforms-3/83c2e7af98f64845bfb9325dbf1c5a1c/transformed/jetified-material-release as it is up-to-date.
Caching disabled for AarTransform: ~/.gradle/caches/transforms-3/6ca85b9e3b0b19038192d28e3fe8d0ab/transformed/jetified-material-icons-core-release because:
  Build cache is disabled
Skipping AarTransform: ~/.gradle/caches/transforms-3/6ca85b9e3b0b19038192d28e3fe8d0ab/transformed/jetified-material-icons-core-release as it is up-to-date.
Caching disabled for AarTransform: ~/.gradle/caches/transforms-3/86c6b512118f207b0af6c1bfd4dea297/transformed/jetified-material-ripple-release because:
  Build cache is disabled
Skipping AarTransform: ~/.gradle/caches/transforms-3/86c6b512118f207b0af6c1bfd4dea297/transformed/jetified-material-ripple-release as it is up-to-date.
Caching disabled for AarTransform: ~/.gradle/caches/transforms-3/b6c9f045fb2c75106aeba0d2cee3e5af/transformed/jetified-foundation-release because:
  Build cache is disabled
Skipping AarTransform: ~/.gradle/caches/transforms-3/b6c9f045fb2c75106aeba0d2cee3e5af/transformed/jetified-foundation-release as it is up-to-date.
Caching disabled for AarTransform: ~/.gradle/caches/transforms-3/cbf35b172e63244a7cdfbe0558057126/transformed/jetified-foundation-layout-release because:
  Build cache is disabled
Skipping AarTransform: ~/.gradle/caches/transforms-3/cbf35b172e63244a7cdfbe0558057126/transformed/jetified-foundation-layout-release as it is up-to-date.
Caching disabled for AarTransform: ~/.gradle/caches/transforms-3/e2595fb66819c09fd65ae4a9e519b50b/transformed/jetified-animation-core-release because:
  Build cache is disabled
Skipping AarTransform: ~/.gradle/caches/transforms-3/e2595fb66819c09fd65ae4a9e519b50b/transformed/jetified-animation-core-release as it is up-to-date.
Caching disabled for AarTransform: ~/.gradle/caches/transforms-3/b05fc11c0ba16ff3b6e03ce6d681b90d/transformed/jetified-animation-release because:
  Build cache is disabled
Skipping AarTransform: ~/.gradle/caches/transforms-3/b05fc11c0ba16ff3b6e03ce6d681b90d/transformed/jetified-animation-release as it is up-to-date.
Caching disabled for AarTransform: ~/.gradle/caches/transforms-3/1fb601fda73f4f605e8cd860ab2c7dff/transformed/jetified-ui-tooling-data-release because:
  Build cache is disabled
Skipping AarTransform: ~/.gradle/caches/transforms-3/1fb601fda73f4f605e8cd860ab2c7dff/transformed/jetified-ui-tooling-data-release as it is up-to-date.
Caching disabled for AarTransform: ~/.gradle/caches/transforms-3/9842a4d437c4539be4001127dcd9b65f/transformed/jetified-ui-geometry-release because:
  Build cache is disabled
Skipping AarTransform: ~/.gradle/caches/transforms-3/9842a4d437c4539be4001127dcd9b65f/transformed/jetified-ui-geometry-release as it is up-to-date.
Caching disabled for AarTransform: ~/.gradle/caches/transforms-3/d46d9e20913b2943a41edfbee6c3fc7b/transformed/jetified-ui-unit-release because:
  Build cache is disabled
Skipping AarTransform: ~/.gradle/caches/transforms-3/d46d9e20913b2943a41edfbee6c3fc7b/transformed/jetified-ui-unit-release as it is up-to-date.
Caching disabled for AarTransform: ~/.gradle/caches/transforms-3/3521de6b8848f9a8e2e8bf5a2173f78b/transformed/jetified-ui-util-release because:
  Build cache is disabled
Skipping AarTransform: ~/.gradle/caches/transforms-3/3521de6b8848f9a8e2e8bf5a2173f78b/transformed/jetified-ui-util-release as it is up-to-date.
Caching disabled for AarTransform: ~/.gradle/caches/transforms-3/84c5ee758d54ed8d39985183b5170d2f/transformed/jetified-ui-text-release because:
  Build cache is disabled
Skipping AarTransform: ~/.gradle/caches/transforms-3/84c5ee758d54ed8d39985183b5170d2f/transformed/jetified-ui-text-release as it is up-to-date.
Caching disabled for AarTransform: ~/.gradle/caches/transforms-3/7b45d49ace10fab82120de3e53646a9a/transformed/jetified-ui-graphics-release because:
  Build cache is disabled
Skipping AarTransform: ~/.gradle/caches/transforms-3/7b45d49ace10fab82120de3e53646a9a/transformed/jetified-ui-graphics-release as it is up-to-date.
Caching disabled for AarTransform: ~/.gradle/caches/transforms-3/7d4c28caa7e0fb3fe005a676364c2608/transformed/jetified-ui-tooling-preview-release because:
  Build cache is disabled
Skipping AarTransform: ~/.gradle/caches/transforms-3/7d4c28caa7e0fb3fe005a676364c2608/transformed/jetified-ui-tooling-preview-release as it is up-to-date.
Caching disabled for AarTransform: ~/.gradle/caches/transforms-3/732bf3fcca27485691548d213a69ce32/transformed/jetified-ui-tooling-release because:
  Build cache is disabled
Skipping AarTransform: ~/.gradle/caches/transforms-3/732bf3fcca27485691548d213a69ce32/transformed/jetified-ui-tooling-release as it is up-to-date.
Caching disabled for AarTransform: ~/.gradle/caches/transforms-3/042e3e457431c3578cc10e80ca0e5c92/transformed/jetified-ui-test-manifest-1.6.1 because:
  Build cache is disabled
Skipping AarTransform: ~/.gradle/caches/transforms-3/042e3e457431c3578cc10e80ca0e5c92/transformed/jetified-ui-test-manifest-1.6.1 as it is up-to-date.
Caching disabled for AarTransform: ~/.gradle/caches/transforms-3/c2b1766b366bff151ea9bc1ce65f2b1b/transformed/jetified-activity-1.7.1 because:
  Build cache is disabled
Skipping AarTransform: ~/.gradle/caches/transforms-3/c2b1766b366bff151ea9bc1ce65f2b1b/transformed/jetified-activity-1.7.1 as it is up-to-date.
Caching disabled for AarTransform: ~/.gradle/caches/transforms-3/f729480fa7330d4bf857441478e9cd70/transformed/jetified-activity-ktx-1.7.1 because:
  Build cache is disabled
Skipping AarTransform: ~/.gradle/caches/transforms-3/f729480fa7330d4bf857441478e9cd70/transformed/jetified-activity-ktx-1.7.1 as it is up-to-date.
Caching disabled for AarTransform: ~/.gradle/caches/transforms-3/ab0296bff53da0f4182c704c11538309/transformed/jetified-activity-compose-1.7.1 because:
  Build cache is disabled
Skipping AarTransform: ~/.gradle/caches/transforms-3/ab0296bff53da0f4182c704c11538309/transformed/jetified-activity-compose-1.7.1 as it is up-to-date.
Caching disabled for AarTransform: ~/.gradle/caches/transforms-3/5a6f203f5e7fed813839d1d9e35f7205/transformed/jetified-ui-release because:
  Build cache is disabled
Skipping AarTransform: ~/.gradle/caches/transforms-3/5a6f203f5e7fed813839d1d9e35f7205/transformed/jetified-ui-release as it is up-to-date.
Caching disabled for AarTransform: ~/.gradle/caches/transforms-3/5fd0882d1d7d05fb40249dc663fa1f47/transformed/jetified-savedstate-ktx-1.2.1 because:
  Build cache is disabled
Skipping AarTransform: ~/.gradle/caches/transforms-3/5fd0882d1d7d05fb40249dc663fa1f47/transformed/jetified-savedstate-ktx-1.2.1 as it is up-to-date.
Caching disabled for AarTransform: ~/.gradle/caches/transforms-3/2e6e16267dc010e44b77ac72a21bd80d/transformed/jetified-savedstate-1.2.1 because:
  Build cache is disabled
Skipping AarTransform: ~/.gradle/caches/transforms-3/2e6e16267dc010e44b77ac72a21bd80d/transformed/jetified-savedstate-1.2.1 as it is up-to-date.
Caching disabled for AarTransform: ~/.gradle/caches/transforms-3/52104321998f44c84e9432a9e863a757/transformed/work-runtime-2.8.1 because:
  Build cache is disabled
Skipping AarTransform: ~/.gradle/caches/transforms-3/52104321998f44c84e9432a9e863a757/transformed/work-runtime-2.8.1 as it is up-to-date.
Caching disabled for AarTransform: ~/.gradle/caches/transforms-3/7d4a3ead9931ebc23018330c682f58e1/transformed/jetified-emoji2-views-helper-1.3.0 because:
  Build cache is disabled
Skipping AarTransform: ~/.gradle/caches/transforms-3/7d4a3ead9931ebc23018330c682f58e1/transformed/jetified-emoji2-views-helper-1.3.0 as it is up-to-date.
Caching disabled for AarTransform: ~/.gradle/caches/transforms-3/cbe3b41e5ddfed288a93ecb397f38d58/transformed/jetified-emoji2-1.3.0 because:
  Build cache is disabled
Skipping AarTransform: ~/.gradle/caches/transforms-3/cbe3b41e5ddfed288a93ecb397f38d58/transformed/jetified-emoji2-1.3.0 as it is up-to-date.
Caching disabled for AarTransform: ~/.gradle/caches/transforms-3/1a1c4affc70b8f7d95ddcadfbd2a35e3/transformed/jetified-lifecycle-process-2.6.1 because:
  Build cache is disabled
Skipping AarTransform: ~/.gradle/caches/transforms-3/1a1c4affc70b8f7d95ddcadfbd2a35e3/transformed/jetified-lifecycle-process-2.6.1 as it is up-to-date.
Caching disabled for AarTransform: ~/.gradle/caches/transforms-3/5f61254bc809342fde7e4d99b9dc0bd6/transformed/jetified-lifecycle-service-2.6.1 because:
  Build cache is disabled
Skipping AarTransform: ~/.gradle/caches/transforms-3/5f61254bc809342fde7e4d99b9dc0bd6/transformed/jetified-lifecycle-service-2.6.1 as it is up-to-date.
Caching disabled for AarTransform: ~/.gradle/caches/transforms-3/4cdb49b0d47ca31fbe8f7e71a27210c2/transformed/lifecycle-livedata-2.6.1 because:
  Build cache is disabled
Skipping AarTransform: ~/.gradle/caches/transforms-3/4cdb49b0d47ca31fbe8f7e71a27210c2/transformed/lifecycle-livedata-2.6.1 as it is up-to-date.
Caching disabled for AarTransform: ~/.gradle/caches/transforms-3/98b62496db80c5f7334c63c8ef1594c6/transformed/lifecycle-livedata-core-2.6.1 because:
  Build cache is disabled
Skipping AarTransform: ~/.gradle/caches/transforms-3/98b62496db80c5f7334c63c8ef1594c6/transformed/lifecycle-livedata-core-2.6.1 as it is up-to-date.
Caching disabled for AarTransform: ~/.gradle/caches/transforms-3/6e6fcd315d2914af4ad2cbb4faca5a8d/transformed/lifecycle-viewmodel-2.6.1 because:
  Build cache is disabled
Skipping AarTransform: ~/.gradle/caches/transforms-3/6e6fcd315d2914af4ad2cbb4faca5a8d/transformed/lifecycle-viewmodel-2.6.1 as it is up-to-date.
Caching disabled for AarTransform: ~/.gradle/caches/transforms-3/b1c2f00c35df7bf87ac640531525b7b2/transformed/jetified-lifecycle-viewmodel-savedstate-2.6.1 because:
  Build cache is disabled
Skipping AarTransform: ~/.gradle/caches/transforms-3/b1c2f00c35df7bf87ac640531525b7b2/transformed/jetified-lifecycle-viewmodel-savedstate-2.6.1 as it is up-to-date.
Caching disabled for AarTransform: ~/.gradle/caches/transforms-3/ea37f1cdfe70b530b14333d13f4dfefd/transformed/jetified-lifecycle-runtime-ktx-2.6.1 because:
  Build cache is disabled
Skipping AarTransform: ~/.gradle/caches/transforms-3/ea37f1cdfe70b530b14333d13f4dfefd/transformed/jetified-lifecycle-runtime-ktx-2.6.1 as it is up-to-date.
Caching disabled for AarTransform: ~/.gradle/caches/transforms-3/2b5b59ece6552c208019a847c09011bf/transformed/recyclerview-1.3.0 because:
  Build cache is disabled
Skipping AarTransform: ~/.gradle/caches/transforms-3/2b5b59ece6552c208019a847c09011bf/transformed/recyclerview-1.3.0 as it is up-to-date.
Caching disabled for AarTransform: ~/.gradle/caches/transforms-3/4091ae1981d7ed60785fe07ae06dd610/transformed/drawerlayout-1.0.0 because:
  Build cache is disabled
Skipping AarTransform: ~/.gradle/caches/transforms-3/4091ae1981d7ed60785fe07ae06dd610/transformed/drawerlayout-1.0.0 as it is up-to-date.
Caching disabled for AarTransform: ~/.gradle/caches/transforms-3/b0f6f3bf4ed4099b387a119d6361ee2c/transformed/coordinatorlayout-1.1.0 because:
  Build cache is disabled
Skipping AarTransform: ~/.gradle/caches/transforms-3/b0f6f3bf4ed4099b387a119d6361ee2c/transformed/coordinatorlayout-1.1.0 as it is up-to-date.
Caching disabled for AarTransform: ~/.gradle/caches/transforms-3/13c53372c38558e7012eae9655f785d8/transformed/viewpager-1.0.0 because:
  Build cache is disabled
Skipping AarTransform: ~/.gradle/caches/transforms-3/13c53372c38558e7012eae9655f785d8/transformed/viewpager-1.0.0 as it is up-to-date.
Caching disabled for AarTransform: ~/.gradle/caches/transforms-3/c9ac48e9f4f08ba22420df3489b43c0b/transformed/slidingpanelayout-1.0.0 because:
  Build cache is disabled
Skipping AarTransform: ~/.gradle/caches/transforms-3/c9ac48e9f4f08ba22420df3489b43c0b/transformed/slidingpanelayout-1.0.0 as it is up-to-date.
Caching disabled for AarTransform: ~/.gradle/caches/transforms-3/674afedd4adc863db6e27fb0dc6cd5f2/transformed/customview-1.0.0 because:
  Build cache is disabled
Skipping AarTransform: ~/.gradle/caches/transforms-3/674afedd4adc863db6e27fb0dc6cd5f2/transformed/customview-1.0.0 as it is up-to-date.
Caching disabled for AarTransform: ~/.gradle/caches/transforms-3/7632eae8281301dfe881ac645ed5b016/transformed/transition-1.2.0 because:
  Build cache is disabled
Skipping AarTransform: ~/.gradle/caches/transforms-3/7632eae8281301dfe881ac645ed5b016/transformed/transition-1.2.0 as it is up-to-date.
Caching disabled for AarTransform: ~/.gradle/caches/transforms-3/118a0cae2c4b44cec6097a60cd253593/transformed/vectordrawable-animated-1.1.0 because:
  Build cache is disabled
Skipping AarTransform: ~/.gradle/caches/transforms-3/118a0cae2c4b44cec6097a60cd253593/transformed/vectordrawable-animated-1.1.0 as it is up-to-date.
Caching disabled for AarTransform: ~/.gradle/caches/transforms-3/9b5817c3a92d7366c3231b0a6adc6bdc/transformed/vectordrawable-1.1.0 because:
  Build cache is disabled
Skipping AarTransform: ~/.gradle/caches/transforms-3/9b5817c3a92d7366c3231b0a6adc6bdc/transformed/vectordrawable-1.1.0 as it is up-to-date.
Caching disabled for AarTransform: ~/.gradle/caches/transforms-3/c168bdfce0b852075277c25af448ff71/transformed/jetified-window-1.0.0 because:
  Build cache is disabled
Skipping AarTransform: ~/.gradle/caches/transforms-3/c168bdfce0b852075277c25af448ff71/transformed/jetified-window-1.0.0 as it is up-to-date.
Caching disabled for AarTransform: ~/.gradle/caches/transforms-3/580ae2a1aa1989b013eb39607617f57b/transformed/jetified-autofill-1.0.0 because:
  Build cache is disabled
Skipping AarTransform: ~/.gradle/caches/transforms-3/580ae2a1aa1989b013eb39607617f57b/transformed/jetified-autofill-1.0.0 as it is up-to-date.
Caching disabled for AarTransform: ~/.gradle/caches/transforms-3/12ad9292926686a6f009320535c38240/transformed/swiperefreshlayout-1.0.0 because:
  Build cache is disabled
Skipping AarTransform: ~/.gradle/caches/transforms-3/12ad9292926686a6f009320535c38240/transformed/swiperefreshlayout-1.0.0 as it is up-to-date.
Caching disabled for AarTransform: ~/.gradle/caches/transforms-3/c1abece61dae1a21d2f3592e715f7295/transformed/asynclayoutinflater-1.0.0 because:
  Build cache is disabled
Skipping AarTransform: ~/.gradle/caches/transforms-3/c1abece61dae1a21d2f3592e715f7295/transformed/asynclayoutinflater-1.0.0 as it is up-to-date.
Caching disabled for AarTransform: ~/.gradle/caches/transforms-3/12a83c271ec221d1737fdd040cc60012/transformed/jetified-customview-poolingcontainer-1.0.0 because:
  Build cache is disabled
Skipping AarTransform: ~/.gradle/caches/transforms-3/12a83c271ec221d1737fdd040cc60012/transformed/jetified-customview-poolingcontainer-1.0.0 as it is up-to-date.
Caching disabled for AarTransform: ~/.gradle/caches/transforms-3/949fc41410247092c134eb3bd94f32ce/transformed/jetified-core-ktx-1.12.0 because:
  Build cache is disabled
Skipping AarTransform: ~/.gradle/caches/transforms-3/949fc41410247092c134eb3bd94f32ce/transformed/jetified-core-ktx-1.12.0 as it is up-to-date.
Caching disabled for AarTransform: ~/.gradle/caches/transforms-3/cceb94d81e4d8c63d43b8cad4df517ed/transformed/core-1.12.0 because:
  Build cache is disabled
Skipping AarTransform: ~/.gradle/caches/transforms-3/cceb94d81e4d8c63d43b8cad4df517ed/transformed/core-1.12.0 as it is up-to-date.
Caching disabled for AarTransform: ~/.gradle/caches/transforms-3/b000c700754713dc8e2803f1edacb360/transformed/lifecycle-runtime-2.6.1 because:
  Build cache is disabled
Skipping AarTransform: ~/.gradle/caches/transforms-3/b000c700754713dc8e2803f1edacb360/transformed/lifecycle-runtime-2.6.1 as it is up-to-date.
Caching disabled for AarTransform: ~/.gradle/caches/transforms-3/eb7450c57b306cbb82121c0806cab720/transformed/jetified-lifecycle-viewmodel-compose-2.6.1 because:
  Build cache is disabled
Skipping AarTransform: ~/.gradle/caches/transforms-3/eb7450c57b306cbb82121c0806cab720/transformed/jetified-lifecycle-viewmodel-compose-2.6.1 as it is up-to-date.
Caching disabled for AarTransform: ~/.gradle/caches/transforms-3/e9713df1858b49ad0683e30339f1fcbf/transformed/jetified-lifecycle-viewmodel-ktx-2.6.1 because:
  Build cache is disabled
Skipping AarTransform: ~/.gradle/caches/transforms-3/e9713df1858b49ad0683e30339f1fcbf/transformed/jetified-lifecycle-viewmodel-ktx-2.6.1 as it is up-to-date.
Caching disabled for AarTransform: ~/.gradle/caches/transforms-3/7f1e093fa79270458ef3640fc4e8a839/transformed/jetified-runtime-saveable-release because:
  Build cache is disabled
Skipping AarTransform: ~/.gradle/caches/transforms-3/7f1e093fa79270458ef3640fc4e8a839/transformed/jetified-runtime-saveable-release as it is up-to-date.
Caching disabled for AarTransform: ~/.gradle/caches/transforms-3/a625bd74c274bd3cfbd1753b62cf8fd3/transformed/jetified-runtime-release because:
  Build cache is disabled
Skipping AarTransform: ~/.gradle/caches/transforms-3/a625bd74c274bd3cfbd1753b62cf8fd3/transformed/jetified-runtime-release as it is up-to-date.
Caching disabled for AarTransform: ~/.gradle/caches/transforms-3/9b48c0ff091d6ce817371e99ad820b83/transformed/jetified-datastore-preferences-1.0.0 because:
  Build cache is disabled
Skipping AarTransform: ~/.gradle/caches/transforms-3/9b48c0ff091d6ce817371e99ad820b83/transformed/jetified-datastore-preferences-1.0.0 as it is up-to-date.
Caching disabled for AarTransform: ~/.gradle/caches/transforms-3/de6a55e483f993ea7168e29fbd28f33c/transformed/jetified-datastore-1.0.0 because:
  Build cache is disabled
Skipping AarTransform: ~/.gradle/caches/transforms-3/de6a55e483f993ea7168e29fbd28f33c/transformed/jetified-datastore-1.0.0 as it is up-to-date.
Caching disabled for AarTransform: ~/.gradle/caches/transforms-3/e20053a0a5aacac75533bfb9655cb504/transformed/room-runtime-2.5.0 because:
  Build cache is disabled
Skipping AarTransform: ~/.gradle/caches/transforms-3/e20053a0a5aacac75533bfb9655cb504/transformed/room-runtime-2.5.0 as it is up-to-date.
Caching disabled for AarTransform: ~/.gradle/caches/transforms-3/b2a1521e4152e0b34a7680a2d8b07346/transformed/documentfile-1.0.1 because:
  Build cache is disabled
Skipping AarTransform: ~/.gradle/caches/transforms-3/b2a1521e4152e0b34a7680a2d8b07346/transformed/documentfile-1.0.1 as it is up-to-date.
Caching disabled for AarTransform: ~/.gradle/caches/transforms-3/56bd582384ccdc7202015da1d0cac46f/transformed/jetified-security-crypto-1.1.0-alpha03 because:
  Build cache is disabled
Skipping AarTransform: ~/.gradle/caches/transforms-3/56bd582384ccdc7202015da1d0cac46f/transformed/jetified-security-crypto-1.1.0-alpha03 as it is up-to-date.
Caching disabled for AarTransform: ~/.gradle/caches/transforms-3/12300820f0d60b288a19d7ebf5066de8/transformed/cursoradapter-1.0.0 because:
  Build cache is disabled
Skipping AarTransform: ~/.gradle/caches/transforms-3/12300820f0d60b288a19d7ebf5066de8/transformed/cursoradapter-1.0.0 as it is up-to-date.
Caching disabled for AarTransform: ~/.gradle/caches/transforms-3/dcc90df5e29beb76e837b70cfc8a1b3a/transformed/cardview-1.0.0 because:
  Build cache is disabled
Skipping AarTransform: ~/.gradle/caches/transforms-3/dcc90df5e29beb76e837b70cfc8a1b3a/transformed/cardview-1.0.0 as it is up-to-date.
Caching disabled for AarTransform: ~/.gradle/caches/transforms-3/137175b3ff397a3ca8c7f030a9dc1e4b/transformed/jetified-gifdecoder-4.11.0 because:
  Build cache is disabled
Skipping AarTransform: ~/.gradle/caches/transforms-3/137175b3ff397a3ca8c7f030a9dc1e4b/transformed/jetified-gifdecoder-4.11.0 as it is up-to-date.
Caching disabled for AarTransform: ~/.gradle/caches/transforms-3/d41826fca4fd43026506b6eedd8999db/transformed/interpolator-1.0.0 because:
  Build cache is disabled
Skipping AarTransform: ~/.gradle/caches/transforms-3/d41826fca4fd43026506b6eedd8999db/transformed/interpolator-1.0.0 as it is up-to-date.
Caching disabled for AarTransform: ~/.gradle/caches/transforms-3/42d42e9fdc10b3a8efed0d75b71fafe6/transformed/core-runtime-2.2.0 because:
  Build cache is disabled
Skipping AarTransform: ~/.gradle/caches/transforms-3/42d42e9fdc10b3a8efed0d75b71fafe6/transformed/core-runtime-2.2.0 as it is up-to-date.
Caching disabled for AarTransform: ~/.gradle/caches/transforms-3/6121addbf7f66609874aebfb23638732/transformed/jetified-profileinstaller-1.3.0 because:
  Build cache is disabled
Skipping AarTransform: ~/.gradle/caches/transforms-3/6121addbf7f66609874aebfb23638732/transformed/jetified-profileinstaller-1.3.0 as it is up-to-date.
Caching disabled for AarTransform: ~/.gradle/caches/transforms-3/6b41cd243c6fb9e77bc51f77916faca1/transformed/sqlite-framework-2.3.0 because:
  Build cache is disabled
Skipping AarTransform: ~/.gradle/caches/transforms-3/6b41cd243c6fb9e77bc51f77916faca1/transformed/sqlite-framework-2.3.0 as it is up-to-date.
Caching disabled for AarTransform: ~/.gradle/caches/transforms-3/03f7efd144c869dc5e7d802beb82fc16/transformed/versionedparcelable-1.1.1 because:
  Build cache is disabled
Skipping AarTransform: ~/.gradle/caches/transforms-3/03f7efd144c869dc5e7d802beb82fc16/transformed/versionedparcelable-1.1.1 as it is up-to-date.
Caching disabled for AarTransform: ~/.gradle/caches/transforms-3/155663d16d0a0a2fe7a7ba743223ac03/transformed/jetified-startup-runtime-1.1.1 because:
  Build cache is disabled
Skipping AarTransform: ~/.gradle/caches/transforms-3/155663d16d0a0a2fe7a7ba743223ac03/transformed/jetified-startup-runtime-1.1.1 as it is up-to-date.
Caching disabled for AarTransform: ~/.gradle/caches/transforms-3/48ceb8176866b80a099305b2f41fd291/transformed/exifinterface-1.3.3 because:
  Build cache is disabled
Skipping AarTransform: ~/.gradle/caches/transforms-3/48ceb8176866b80a099305b2f41fd291/transformed/exifinterface-1.3.3 as it is up-to-date.
Caching disabled for AarTransform: ~/.gradle/caches/transforms-3/72dad178ce6ab4f7001753075b0e37f5/transformed/sqlite-2.3.0 because:
  Build cache is disabled
Skipping AarTransform: ~/.gradle/caches/transforms-3/72dad178ce6ab4f7001753075b0e37f5/transformed/sqlite-2.3.0 as it is up-to-date.
Caching disabled for AarTransform: ~/.gradle/caches/transforms-3/3bc6d5d8ff448b4e13035810680677de/transformed/jetified-tracing-1.0.0 because:
  Build cache is disabled
Skipping AarTransform: ~/.gradle/caches/transforms-3/3bc6d5d8ff448b4e13035810680677de/transformed/jetified-tracing-1.0.0 as it is up-to-date.
Caching disabled for AarTransform: ~/.gradle/caches/transforms-3/b60f11540f0a45297b86659eb77708d8/transformed/localbroadcastmanager-1.0.0 because:
  Build cache is disabled
Skipping AarTransform: ~/.gradle/caches/transforms-3/b60f11540f0a45297b86659eb77708d8/transformed/localbroadcastmanager-1.0.0 as it is up-to-date.
Caching disabled for AarTransform: ~/.gradle/caches/transforms-3/07890a703d0cf6d7a86bcc92f59f3175/transformed/print-1.0.0 because:
  Build cache is disabled
Skipping AarTransform: ~/.gradle/caches/transforms-3/07890a703d0cf6d7a86bcc92f59f3175/transformed/print-1.0.0 as it is up-to-date.
Caching disabled for AarTransform: ~/.gradle/caches/transforms-3/bba89aa6501c852a9ecaced807b153b4/transformed/jetified-annotation-experimental-1.4.0 because:
  Build cache is disabled
Skipping AarTransform: ~/.gradle/caches/transforms-3/bba89aa6501c852a9ecaced807b153b4/transformed/jetified-annotation-experimental-1.4.0 as it is up-to-date.
Caching disabled for AarTransform: ~/.gradle/caches/transforms-3/8afce72244a911c0605c3d6d7e95dc8c/transformed/jetified-android-2.5.0 because:
  Build cache is disabled
Skipping AarTransform: ~/.gradle/caches/transforms-3/8afce72244a911c0605c3d6d7e95dc8c/transformed/jetified-android-2.5.0 as it is up-to-date.
Caching disabled for AarTransform: ~/.gradle/caches/transforms-3/a7ad36f58a6749e591d88a51cd5b7b5c/transformed/jetified-play-services-base-18.0.1 because:
  Build cache is disabled
Skipping AarTransform: ~/.gradle/caches/transforms-3/a7ad36f58a6749e591d88a51cd5b7b5c/transformed/jetified-play-services-base-18.0.1 as it is up-to-date.
Caching disabled for AarTransform: ~/.gradle/caches/transforms-3/7ff85eb923829d3039e7d6a37994c2be/transformed/jetified-credentials-play-services-auth-1.2.2 because:
  Build cache is disabled
Skipping AarTransform: ~/.gradle/caches/transforms-3/7ff85eb923829d3039e7d6a37994c2be/transformed/jetified-credentials-play-services-auth-1.2.2 as it is up-to-date.
Caching disabled for AarTransform: ~/.gradle/caches/transforms-3/5713208a47eec23b954ae0ca2083427b/transformed/jetified-credentials-1.2.2 because:
  Build cache is disabled
Skipping AarTransform: ~/.gradle/caches/transforms-3/5713208a47eec23b954ae0ca2083427b/transformed/jetified-credentials-1.2.2 as it is up-to-date.
Caching disabled for AarTransform: ~/.gradle/caches/transforms-3/e05b1ce225b2f306a2f1bcaa6cc4bb82/transformed/appcompat-1.6.1 because:
  Build cache is disabled
Skipping AarTransform: ~/.gradle/caches/transforms-3/e05b1ce225b2f306a2f1bcaa6cc4bb82/transformed/appcompat-1.6.1 as it is up-to-date.
Caching disabled for AarTransform: ~/.gradle/caches/transforms-3/a4a989285698a7d4539c76e75f39e9fb/transformed/jetified-appcompat-resources-1.6.1 because:
  Build cache is disabled
Skipping AarTransform: ~/.gradle/caches/transforms-3/a4a989285698a7d4539c76e75f39e9fb/transformed/jetified-appcompat-resources-1.6.1 as it is up-to-date.
Caching disabled for AarTransform: ~/.gradle/caches/transforms-3/bf8e33f871994f40a9487e20a975ed66/transformed/jetified-accompanist-systemuicontroller-0.23.0 because:
  Build cache is disabled
Skipping AarTransform: ~/.gradle/caches/transforms-3/bf8e33f871994f40a9487e20a975ed66/transformed/jetified-accompanist-systemuicontroller-0.23.0 as it is up-to-date.
Caching disabled for AarTransform: ~/.gradle/caches/transforms-3/90ed19349c73e3a702f875e3ee32cf3e/transformed/jetified-play-services-auth-api-phone-18.0.1 because:
  Build cache is disabled
Skipping AarTransform: ~/.gradle/caches/transforms-3/90ed19349c73e3a702f875e3ee32cf3e/transformed/jetified-play-services-auth-api-phone-18.0.1 as it is up-to-date.
Caching disabled for AarTransform: ~/.gradle/caches/transforms-3/eaf4160b542b0499b6b73f7db65252d7/transformed/jetified-coil-compose-base-2.0.0 because:
  Build cache is disabled
Skipping AarTransform: ~/.gradle/caches/transforms-3/eaf4160b542b0499b6b73f7db65252d7/transformed/jetified-coil-compose-base-2.0.0 as it is up-to-date.
Caching disabled for AarTransform: ~/.gradle/caches/transforms-3/3c5a8b745dd1c9841f3eb1e5f8227414/transformed/jetified-play-services-fido-20.1.0 because:
  Build cache is disabled
Skipping AarTransform: ~/.gradle/caches/transforms-3/3c5a8b745dd1c9841f3eb1e5f8227414/transformed/jetified-play-services-fido-20.1.0 as it is up-to-date.
Caching disabled for AarTransform: ~/.gradle/caches/transforms-3/9e19dd4eddf1526c596bfc7fac48dace/transformed/material-1.2.0 because:
  Build cache is disabled
Skipping AarTransform: ~/.gradle/caches/transforms-3/9e19dd4eddf1526c596bfc7fac48dace/transformed/material-1.2.0 as it is up-to-date.
Caching disabled for AarTransform: ~/.gradle/caches/transforms-3/66f77465e979a17d511311b5910b38ae/transformed/jetified-play-services-auth-20.7.0 because:
  Build cache is disabled
Skipping AarTransform: ~/.gradle/caches/transforms-3/66f77465e979a17d511311b5910b38ae/transformed/jetified-play-services-auth-20.7.0 as it is up-to-date.
Caching disabled for AarTransform: ~/.gradle/caches/transforms-3/9d078f321e9c9b40b737fbfeda2c24d6/transformed/constraintlayout-2.1.3 because:
  Build cache is disabled
Skipping AarTransform: ~/.gradle/caches/transforms-3/9d078f321e9c9b40b737fbfeda2c24d6/transformed/constraintlayout-2.1.3 as it is up-to-date.
Caching disabled for AarTransform: ~/.gradle/caches/transforms-3/2255a581edd9e694cdd5fc201e351b32/transformed/jetified-navigation-compose-2.7.0 because:
  Build cache is disabled
Skipping AarTransform: ~/.gradle/caches/transforms-3/2255a581edd9e694cdd5fc201e351b32/transformed/jetified-navigation-compose-2.7.0 as it is up-to-date.
Caching disabled for AarTransform: ~/.gradle/caches/transforms-3/92c29c4b255532babecd42314d8fdc89/transformed/jetified-play-services-auth-base-18.0.4 because:
  Build cache is disabled
Skipping AarTransform: ~/.gradle/caches/transforms-3/92c29c4b255532babecd42314d8fdc89/transformed/jetified-play-services-auth-base-18.0.4 as it is up-to-date.
Caching disabled for AarTransform: ~/.gradle/caches/transforms-3/66a760f6e63c09010c25a975f2158b0f/transformed/navigation-runtime-ktx-2.7.0 because:
  Build cache is disabled
Skipping AarTransform: ~/.gradle/caches/transforms-3/66a760f6e63c09010c25a975f2158b0f/transformed/navigation-runtime-ktx-2.7.0 as it is up-to-date.
Caching disabled for AarTransform: ~/.gradle/caches/transforms-3/8feeef3945a1f3bf72a7656b99debed4/transformed/jetified-glide-4.11.0 because:
  Build cache is disabled
Skipping AarTransform: ~/.gradle/caches/transforms-3/8feeef3945a1f3bf72a7656b99debed4/transformed/jetified-glide-4.11.0 as it is up-to-date.
Caching disabled for AarTransform: ~/.gradle/caches/transforms-3/bf1a1f31d3fd291141350a5f95f71ac2/transformed/navigation-runtime-2.7.0 because:
  Build cache is disabled
Skipping AarTransform: ~/.gradle/caches/transforms-3/bf1a1f31d3fd291141350a5f95f71ac2/transformed/navigation-runtime-2.7.0 as it is up-to-date.
Caching disabled for AarTransform: ~/.gradle/caches/transforms-3/061a33163253ca2b20f29868a72c12dc/transformed/jetified-material3-release because:
  Build cache is disabled
Skipping AarTransform: ~/.gradle/caches/transforms-3/061a33163253ca2b20f29868a72c12dc/transformed/jetified-material3-release as it is up-to-date.
Caching disabled for AarTransform: ~/.gradle/caches/transforms-3/b6095f41f72e5a29b902f1ef21484dd1/transformed/jetified-material3-window-size-class-release because:
  Build cache is disabled
Skipping AarTransform: ~/.gradle/caches/transforms-3/b6095f41f72e5a29b902f1ef21484dd1/transformed/jetified-material3-window-size-class-release as it is up-to-date.
Caching disabled for AarTransform: ~/.gradle/caches/transforms-3/1cae99ea7ffe8d6629ea2bcf1aca546c/transformed/work-runtime-ktx-2.8.1 because:
  Build cache is disabled
Skipping AarTransform: ~/.gradle/caches/transforms-3/1cae99ea7ffe8d6629ea2bcf1aca546c/transformed/work-runtime-ktx-2.8.1 as it is up-to-date.
Caching disabled for AarTransform: ~/.gradle/caches/transforms-3/4a16392ea9d502c6cfaf958d501f7b5c/transformed/jetified-coil-compose-2.0.0 because:
  Build cache is disabled
Skipping AarTransform: ~/.gradle/caches/transforms-3/4a16392ea9d502c6cfaf958d501f7b5c/transformed/jetified-coil-compose-2.0.0 as it is up-to-date.
Caching disabled for AarTransform: ~/.gradle/caches/transforms-3/9b17bc7c93fbf09b155b618530a901a6/transformed/jetified-viewpager2-1.0.0 because:
  Build cache is disabled
Skipping AarTransform: ~/.gradle/caches/transforms-3/9b17bc7c93fbf09b155b618530a901a6/transformed/jetified-viewpager2-1.0.0 as it is up-to-date.
Caching disabled for AarTransform: ~/.gradle/caches/transforms-3/5395aa0a6ecb13ad0c511d3a340478af/transformed/jetified-msal-6.2.0 because:
  Build cache is disabled
Skipping AarTransform: ~/.gradle/caches/transforms-3/5395aa0a6ecb13ad0c511d3a340478af/transformed/jetified-msal-6.2.0 as it is up-to-date.
Caching disabled for AarTransform: ~/.gradle/caches/transforms-3/2cfbf6603ea66c174c7ccb8429cf167e/transformed/navigation-common-ktx-2.7.0 because:
  Build cache is disabled
Skipping AarTransform: ~/.gradle/caches/transforms-3/2cfbf6603ea66c174c7ccb8429cf167e/transformed/navigation-common-ktx-2.7.0 as it is up-to-date.
Caching disabled for AarTransform: ~/.gradle/caches/transforms-3/691e2ddca74f0afe60043bb1a3af1d8c/transformed/jetified-common-21.4.0 because:
  Build cache is disabled
Skipping AarTransform: ~/.gradle/caches/transforms-3/691e2ddca74f0afe60043bb1a3af1d8c/transformed/jetified-common-21.4.0 as it is up-to-date.
Caching disabled for AarTransform: ~/.gradle/caches/transforms-3/6ba5227b30be8ace71f45008339a7641/transformed/jetified-accompanist-drawablepainter-0.23.1 because:
  Build cache is disabled
Skipping AarTransform: ~/.gradle/caches/transforms-3/6ba5227b30be8ace71f45008339a7641/transformed/jetified-accompanist-drawablepainter-0.23.1 as it is up-to-date.
Caching disabled for AarTransform: ~/.gradle/caches/transforms-3/94cab073bb099116bcdf05d4c23f20c8/transformed/jetified-viewbinding-7.4.2 because:
  Build cache is disabled
Skipping AarTransform: ~/.gradle/caches/transforms-3/94cab073bb099116bcdf05d4c23f20c8/transformed/jetified-viewbinding-7.4.2 as it is up-to-date.
Caching disabled for AarTransform: ~/.gradle/caches/transforms-3/1d16f4d928f2f2d491888191b97517fc/transformed/jetified-googleid-1.1.0 because:
  Build cache is disabled
Skipping AarTransform: ~/.gradle/caches/transforms-3/1d16f4d928f2f2d491888191b97517fc/transformed/jetified-googleid-1.1.0 as it is up-to-date.
Caching disabled for AarTransform: ~/.gradle/caches/transforms-3/db0a4a75452c37002f2b2876252588df/transformed/navigation-common-2.7.0 because:
  Build cache is disabled
Skipping AarTransform: ~/.gradle/caches/transforms-3/db0a4a75452c37002f2b2876252588df/transformed/navigation-common-2.7.0 as it is up-to-date.
Caching disabled for AarTransform: ~/.gradle/caches/transforms-3/28b8a30e393fe518d9ae0aee025282fd/transformed/jetified-coil-base-2.0.0 because:
  Build cache is disabled
Skipping AarTransform: ~/.gradle/caches/transforms-3/28b8a30e393fe518d9ae0aee025282fd/transformed/jetified-coil-base-2.0.0 as it is up-to-date.
Caching disabled for AarTransform: ~/.gradle/caches/transforms-3/93778559c8409c7dbf0caaa1b2d252ac/transformed/jetified-coil-2.0.0 because:
  Build cache is disabled
Skipping AarTransform: ~/.gradle/caches/transforms-3/93778559c8409c7dbf0caaa1b2d252ac/transformed/jetified-coil-2.0.0 as it is up-to-date.
Caching disabled for task ':app:checkDebugAarMetadata' because:
  Build cache is disabled
Task ':app:checkDebugAarMetadata' is not up-to-date because:
  Class path of task ':app:checkDebugAarMetadata' has changed from 19511a89c2c60142f14e5c42d287bce4 to 884dfe0e653a3a2295bb6c56821b1ca5.
Watching 26 directories to track changes
Watching 28 directories to track changes
:app:checkDebugAarMetadata (Thread[Execution worker Thread 3,5,main]) completed. Took 2.713 secs.

> Task :app:mapDebugSourceSetPaths
Watching 27 directories to track changes
Caching disabled for task ':app:mapDebugSourceSetPaths' because:
  Build cache is disabled
Task ':app:mapDebugSourceSetPaths' is not up-to-date because:
  Class path of task ':app:mapDebugSourceSetPaths' has changed from 19511a89c2c60142f14e5c42d287bce4 to 884dfe0e653a3a2295bb6c56821b1ca5.
Watching 27 directories to track changes
Watching 28 directories to track changes
:app:mapDebugSourceSetPaths (Thread[included builds,5,main]) completed. Took 0.151 secs.
Resolve mutations for :app:createDebugCompatibleScreenManifests (Thread[included builds,5,main]) started.
Resolve mutations for :app:createDebugCompatibleScreenManifests (Thread[included builds,5,main]) completed. Took 0.0 secs.
:app:createDebugCompatibleScreenManifests (Thread[included builds,5,main]) started.

> Task :app:createDebugCompatibleScreenManifests
Watching 29 directories to track changes
Caching disabled for task ':app:createDebugCompatibleScreenManifests' because:
  Build cache is disabled
Task ':app:createDebugCompatibleScreenManifests' is not up-to-date because:
  Class path of task ':app:createDebugCompatibleScreenManifests' has changed from 19511a89c2c60142f14e5c42d287bce4 to 884dfe0e653a3a2295bb6c56821b1ca5.
Watching 28 directories to track changes
Watching 29 directories to track changes
:app:createDebugCompatibleScreenManifests (Thread[included builds,5,main]) completed. Took 0.213 secs.
Resolve mutations for :app:extractDeepLinksDebug (Thread[Execution worker Thread 2,5,main]) started.
Resolve mutations for :app:extractDeepLinksDebug (Thread[Execution worker Thread 2,5,main]) completed. Took 0.0 secs.
:app:extractDeepLinksDebug (Thread[Execution worker Thread 3,5,main]) started.

> Task :app:extractDeepLinksDebug
Watching 30 directories to track changes
Caching disabled for task ':app:extractDeepLinksDebug' because:
  Build cache is disabled
Task ':app:extractDeepLinksDebug' is not up-to-date because:
  Class path of task ':app:extractDeepLinksDebug' has changed from 19511a89c2c60142f14e5c42d287bce4 to 884dfe0e653a3a2295bb6c56821b1ca5.
Watching 29 directories to track changes
Watching 30 directories to track changes
Resolve mutations for :app:processDebugMainManifest (Thread[Execution worker Thread 2,5,main]) started.
Resolve mutations for :app:processDebugMainManifest (Thread[Execution worker Thread 2,5,main]) completed. Took 0.001 secs.
:app:extractDeepLinksDebug (Thread[Execution worker Thread 3,5,main]) completed. Took 0.019 secs.
:app:processDebugMainManifest (Thread[Execution worker Thread 2,5,main]) started.

> Task :app:mergeDebugResources
Compiling file ~/android/studio/Projects/Photo.Gallery/app/src/main/res/mipmap-xhdpi/ic_launcher.webp to ~/android/studio/Projects/Photo.Gallery/app/build/intermediates/merged_res/debug/mipmap-xhdpi_ic_launcher.webp.flat
Compiling xml file ~/android/studio/Projects/Photo.Gallery/app/build/intermediates/incremental/debug/mergeDebugResources/stripped.dir/layout/item_theme_option.xml to ~/android/studio/Projects/Photo.Gallery/app/build/intermediates/merged_res/debug/layout_item_theme_option.xml.flat
Compiling xml file ~/android/studio/Projects/Photo.Gallery/app/build/intermediates/incremental/debug/mergeDebugResources/stripped.dir/layout/activity_settings.xml to ~/android/studio/Projects/Photo.Gallery/app/build/intermediates/merged_res/debug/layout_activity_settings.xml.flat
Compiling xml file ~/android/studio/Projects/Photo.Gallery/app/build/intermediates/incremental/debug/mergeDebugResources/stripped.dir/layout/fragment_vault.xml to ~/android/studio/Projects/Photo.Gallery/app/build/intermediates/merged_res/debug/layout_fragment_vault.xml.flat
Compiling XML table ~/android/studio/Projects/Photo.Gallery/app/build/intermediates/incremental/debug/mergeDebugResources/merged.dir/values-watch-v20/values-watch-v20.xml to ~/android/studio/Projects/Photo.Gallery/app/build/intermediates/merged_res/debug/values-watch-v20_values-watch-v20.arsc.flat
Compiling XML table ~/android/studio/Projects/Photo.Gallery/app/build/intermediates/incremental/debug/mergeDebugResources/merged.dir/values-v16/values-v16.xml to ~/android/studio/Projects/Photo.Gallery/app/build/intermediates/merged_res/debug/values-v16_values-v16.arsc.flat
Compiling XML table ~/android/studio/Projects/Photo.Gallery/app/build/intermediates/incremental/debug/mergeDebugResources/merged.dir/values-w360dp-port-v13/values-w360dp-port-v13.xml to ~/android/studio/Projects/Photo.Gallery/app/build/intermediates/merged_res/debug/values-w360dp-port-v13_values-w360dp-port-v13.arsc.flat
Compiling XML table ~/android/studio/Projects/Photo.Gallery/app/build/intermediates/incremental/debug/mergeDebugResources/merged.dir/values-is/values-is.xml to ~/android/studio/Projects/Photo.Gallery/app/build/intermediates/merged_res/debug/values-is_values-is.arsc.flat
Compiling XML table ~/android/studio/Projects/Photo.Gallery/app/build/intermediates/incremental/debug/mergeDebugResources/merged.dir/values-b+sr+Latn/values-b+sr+Latn.xml to ~/android/studio/Projects/Photo.Gallery/app/build/intermediates/merged_res/debug/values-b+sr+Latn_values-b+sr+Latn.arsc.flat
Compiling XML table ~/android/studio/Projects/Photo.Gallery/app/build/intermediates/incremental/debug/mergeDebugResources/merged.dir/values-es-rUS/values-es-rUS.xml to ~/android/studio/Projects/Photo.Gallery/app/build/intermediates/merged_res/debug/values-es-rUS_values-es-rUS.arsc.flat
Compiling XML table ~/android/studio/Projects/Photo.Gallery/app/build/intermediates/incremental/debug/mergeDebugResources/merged.dir/values-v25/values-v25.xml to ~/android/studio/Projects/Photo.Gallery/app/build/intermediates/merged_res/debug/values-v25_values-v25.arsc.flat
Compiling XML table ~/android/studio/Projects/Photo.Gallery/app/build/intermediates/incremental/debug/mergeDebugResources/merged.dir/values-pt-rPT/values-pt-rPT.xml to ~/android/studio/Projects/Photo.Gallery/app/build/intermediates/merged_res/debug/values-pt-rPT_values-pt-rPT.arsc.flat
Compiling XML table ~/android/studio/Projects/Photo.Gallery/app/build/intermediates/incremental/debug/mergeDebugResources/merged.dir/values-ro/values-ro.xml to ~/android/studio/Projects/Photo.Gallery/app/build/intermediates/merged_res/debug/values-ro_values-ro.arsc.flat
Compiling XML table ~/android/studio/Projects/Photo.Gallery/app/build/intermediates/incremental/debug/mergeDebugResources/merged.dir/values-ru/values-ru.xml to ~/android/studio/Projects/Photo.Gallery/app/build/intermediates/merged_res/debug/values-ru_values-ru.arsc.flat
Compiling XML table ~/android/studio/Projects/Photo.Gallery/app/build/intermediates/incremental/debug/mergeDebugResources/merged.dir/values-bs/values-bs.xml to ~/android/studio/Projects/Photo.Gallery/app/build/intermediates/merged_res/debug/values-bs_values-bs.arsc.flat
Compiling XML table ~/android/studio/Projects/Photo.Gallery/app/build/intermediates/incremental/debug/mergeDebugResources/merged.dir/values-sl/values-sl.xml to ~/android/studio/Projects/Photo.Gallery/app/build/intermediates/merged_res/debug/values-sl_values-sl.arsc.flat
Compiling XML table ~/android/studio/Projects/Photo.Gallery/app/build/intermediates/incremental/debug/mergeDebugResources/merged.dir/values-kk/values-kk.xml to ~/android/studio/Projects/Photo.Gallery/app/build/intermediates/merged_res/debug/values-kk_values-kk.arsc.flat
Compiling XML table ~/android/studio/Projects/Photo.Gallery/app/build/intermediates/incremental/debug/mergeDebugResources/merged.dir/values-ko/values-ko.xml to ~/android/studio/Projects/Photo.Gallery/app/build/intermediates/merged_res/debug/values-ko_values-ko.arsc.flat
Compiling XML table ~/android/studio/Projects/Photo.Gallery/app/build/intermediates/incremental/debug/mergeDebugResources/merged.dir/values-pt-rBR/values-pt-rBR.xml to ~/android/studio/Projects/Photo.Gallery/app/build/intermediates/merged_res/debug/values-pt-rBR_values-pt-rBR.arsc.flat
Compiling XML table ~/android/studio/Projects/Photo.Gallery/app/build/intermediates/incremental/debug/mergeDebugResources/merged.dir/values-th/values-th.xml to ~/android/studio/Projects/Photo.Gallery/app/build/intermediates/merged_res/debug/values-th_values-th.arsc.flat
Compiling XML table ~/android/studio/Projects/Photo.Gallery/app/build/intermediates/incremental/debug/mergeDebugResources/merged.dir/values-tr/values-tr.xml to ~/android/studio/Projects/Photo.Gallery/app/build/intermediates/merged_res/debug/values-tr_values-tr.arsc.flat
Compiling XML table ~/android/studio/Projects/Photo.Gallery/app/build/intermediates/incremental/debug/mergeDebugResources/merged.dir/values-lt/values-lt.xml to ~/android/studio/Projects/Photo.Gallery/app/build/intermediates/merged_res/debug/values-lt_values-lt.arsc.flat
Compiling XML table ~/android/studio/Projects/Photo.Gallery/app/build/intermediates/incremental/debug/mergeDebugResources/merged.dir/values-ur/values-ur.xml to ~/android/studio/Projects/Photo.Gallery/app/build/intermediates/merged_res/debug/values-ur_values-ur.arsc.flat
Compiling XML table ~/android/studio/Projects/Photo.Gallery/app/build/intermediates/incremental/debug/mergeDebugResources/merged.dir/values-w480dp-port-v13/values-w480dp-port-v13.xml to ~/android/studio/Projects/Photo.Gallery/app/build/intermediates/merged_res/debug/values-w480dp-port-v13_values-w480dp-port-v13.arsc.flat
Compiling XML table ~/android/studio/Projects/Photo.Gallery/app/build/intermediates/incremental/debug/mergeDebugResources/merged.dir/values-ms/values-ms.xml to ~/android/studio/Projects/Photo.Gallery/app/build/intermediates/merged_res/debug/values-ms_values-ms.arsc.flat
Compiling XML table ~/android/studio/Projects/Photo.Gallery/app/build/intermediates/incremental/debug/mergeDebugResources/merged.dir/values-es/values-es.xml to ~/android/studio/Projects/Photo.Gallery/app/build/intermediates/merged_res/debug/values-es_values-es.arsc.flat
Compiling XML table ~/android/studio/Projects/Photo.Gallery/app/build/intermediates/incremental/debug/mergeDebugResources/merged.dir/values-nb/values-nb.xml to ~/android/studio/Projects/Photo.Gallery/app/build/intermediates/merged_res/debug/values-nb_values-nb.arsc.flat
Compiling XML table ~/android/studio/Projects/Photo.Gallery/app/build/intermediates/incremental/debug/mergeDebugResources/merged.dir/values-fa/values-fa.xml to ~/android/studio/Projects/Photo.Gallery/app/build/intermediates/merged_res/debug/values-fa_values-fa.arsc.flat
Compiling XML table ~/android/studio/Projects/Photo.Gallery/app/build/intermediates/incremental/debug/mergeDebugResources/merged.dir/values-en-rXC/values-en-rXC.xml to ~/android/studio/Projects/Photo.Gallery/app/build/intermediates/merged_res/debug/values-en-rXC_values-en-rXC.arsc.flat
Compiling XML table ~/android/studio/Projects/Photo.Gallery/app/build/intermediates/incremental/debug/mergeDebugResources/merged.dir/values-en-rGB/values-en-rGB.xml to ~/android/studio/Projects/Photo.Gallery/app/build/intermediates/merged_res/debug/values-en-rGB_values-en-rGB.arsc.flat
Compiling XML table ~/android/studio/Projects/Photo.Gallery/app/build/intermediates/incremental/debug/mergeDebugResources/merged.dir/values-gl/values-gl.xml to ~/android/studio/Projects/Photo.Gallery/app/build/intermediates/merged_res/debug/values-gl_values-gl.arsc.flat
Compiling XML table ~/android/studio/Projects/Photo.Gallery/app/build/intermediates/incremental/debug/mergeDebugResources/merged.dir/values-he/values-he.xml to ~/android/studio/Projects/Photo.Gallery/app/build/intermediates/merged_res/debug/values-he_values-he.arsc.flat
Compiling file ~/android/studio/Projects/Photo.Gallery/app/src/main/res/mipmap-xxhdpi/ic_launcher.webp to ~/android/studio/Projects/Photo.Gallery/app/build/intermediates/merged_res/debug/mipmap-xxhdpi_ic_launcher.webp.flat
Compiling xml file ~/android/studio/Projects/Photo.Gallery/app/src/main/res/xml/data_extraction_rules.xml to ~/android/studio/Projects/Photo.Gallery/app/build/intermediates/merged_res/debug/xml_data_extraction_rules.xml.flat
Compiling file ~/android/studio/Projects/Photo.Gallery/app/src/main/res/mipmap-xhdpi/ic_launcher_round.webp to ~/android/studio/Projects/Photo.Gallery/app/build/intermediates/merged_res/debug/mipmap-xhdpi_ic_launcher_round.webp.flat
Compiling xml file ~/android/studio/Projects/Photo.Gallery/app/build/intermediates/incremental/debug/mergeDebugResources/stripped.dir/layout/fragment_settings.xml to ~/android/studio/Projects/Photo.Gallery/app/build/intermediates/merged_res/debug/layout_fragment_settings.xml.flat
Compiling file ~/android/studio/Projects/Photo.Gallery/app/src/main/res/mipmap-hdpi/ic_launcher.webp to ~/android/studio/Projects/Photo.Gallery/app/build/intermediates/merged_res/debug/mipmap-hdpi_ic_launcher.webp.flat
Compiling xml file ~/android/studio/Projects/Photo.Gallery/app/src/main/res/mipmap-anydpi-v33/ic_launcher.xml to ~/android/studio/Projects/Photo.Gallery/app/build/intermediates/merged_res/debug/mipmap-anydpi-v33_ic_launcher.xml.flat
Compiling file ~/android/studio/Projects/Photo.Gallery/app/src/main/res/mipmap-xxhdpi/ic_launcher_round.webp to ~/android/studio/Projects/Photo.Gallery/app/build/intermediates/merged_res/debug/mipmap-xxhdpi_ic_launcher_round.webp.flat
Watching 35 directories to track changes
Watching 36 directories to track changes
Watching 37 directories to track changes
Watching 154 directories to track changes
Watching 155 directories to track changes
:app:mergeDebugResources (Thread[Execution worker,5,main]) completed. Took 12.552 secs.

> Task :app:processDebugMainManifest
Watching 31 directories to track changes
Watching 31 directories to track changes
Watching 32 directories to track changes
Watching 32 directories to track changes
Transforming viewbinding-7.4.2.aar (androidx.databinding:viewbinding:7.4.2) with JetifyTransform
Transforming viewbinding-7.4.2.aar (androidx.databinding:viewbinding:7.4.2) with ExtractAarTransform
Transforming viewbinding-7.4.2.aar (androidx.databinding:viewbinding:7.4.2) with AarTransform
Transforming accompanist-systemuicontroller-0.23.0.aar (com.google.accompanist:accompanist-systemuicontroller:0.23.0) with JetifyTransform
Transforming accompanist-systemuicontroller-0.23.0.aar (com.google.accompanist:accompanist-systemuicontroller:0.23.0) with ExtractAarTransform
Transforming accompanist-systemuicontroller-0.23.0.aar (com.google.accompanist:accompanist-systemuicontroller:0.23.0) with AarTransform
Transforming coil-compose-2.0.0.aar (io.coil-kt:coil-compose:2.0.0) with JetifyTransform
Transforming coil-compose-2.0.0.aar (io.coil-kt:coil-compose:2.0.0) with ExtractAarTransform
Transforming coil-compose-2.0.0.aar (io.coil-kt:coil-compose:2.0.0) with AarTransform
Transforming coil-compose-base-2.0.0.aar (io.coil-kt:coil-compose-base:2.0.0) with JetifyTransform
Transforming coil-compose-base-2.0.0.aar (io.coil-kt:coil-compose-base:2.0.0) with ExtractAarTransform
Transforming coil-compose-base-2.0.0.aar (io.coil-kt:coil-compose-base:2.0.0) with AarTransform
Transforming coil-2.0.0.aar (io.coil-kt:coil:2.0.0) with JetifyTransform
Transforming coil-2.0.0.aar (io.coil-kt:coil:2.0.0) with ExtractAarTransform
Transforming coil-2.0.0.aar (io.coil-kt:coil:2.0.0) with AarTransform
Transforming coil-base-2.0.0.aar (io.coil-kt:coil-base:2.0.0) with JetifyTransform
Transforming coil-base-2.0.0.aar (io.coil-kt:coil-base:2.0.0) with ExtractAarTransform
Transforming coil-base-2.0.0.aar (io.coil-kt:coil-base:2.0.0) with AarTransform
Transforming msal-6.2.0.aar (com.microsoft.identity.client:msal:6.2.0) with JetifyTransform
Transforming msal-6.2.0.aar (com.microsoft.identity.client:msal:6.2.0) with ExtractAarTransform
Transforming msal-6.2.0.aar (com.microsoft.identity.client:msal:6.2.0) with AarTransform
Transforming common-21.4.0.aar (com.microsoft.identity:common:21.4.0) with JetifyTransform
Transforming common-21.4.0.aar (com.microsoft.identity:common:21.4.0) with ExtractAarTransform
Transforming common-21.4.0.aar (com.microsoft.identity:common:21.4.0) with AarTransform
Transforming accompanist-drawablepainter-0.23.1.aar (com.google.accompanist:accompanist-drawablepainter:0.23.1) with JetifyTransform
Transforming accompanist-drawablepainter-0.23.1.aar (com.google.accompanist:accompanist-drawablepainter:0.23.1) with ExtractAarTransform
Transforming accompanist-drawablepainter-0.23.1.aar (com.google.accompanist:accompanist-drawablepainter:0.23.1) with AarTransform
Transforming credentials-1.2.2.aar (androidx.credentials:credentials:1.2.2) with JetifyTransform
Transforming credentials-1.2.2.aar (androidx.credentials:credentials:1.2.2) with ExtractAarTransform
Transforming credentials-1.2.2.aar (androidx.credentials:credentials:1.2.2) with AarTransform
Transforming credentials-1.2.2.aar (androidx.credentials:credentials:1.2.2) with JetifyTransform
Transforming credentials-1.2.2.aar (androidx.credentials:credentials:1.2.2) with ExtractAarTransform
Transforming credentials-1.2.2.aar (androidx.credentials:credentials:1.2.2) with AarTransform
Transforming credentials-play-services-auth-1.2.2.aar (androidx.credentials:credentials-play-services-auth:1.2.2) with JetifyTransform
Transforming credentials-play-services-auth-1.2.2.aar (androidx.credentials:credentials-play-services-auth:1.2.2) with ExtractAarTransform
Transforming credentials-play-services-auth-1.2.2.aar (androidx.credentials:credentials-play-services-auth:1.2.2) with AarTransform
Transforming googleid-1.1.0.aar (com.google.android.libraries.identity.googleid:googleid:1.1.0) with JetifyTransform
Transforming googleid-1.1.0.aar (com.google.android.libraries.identity.googleid:googleid:1.1.0) with ExtractAarTransform
Transforming googleid-1.1.0.aar (com.google.android.libraries.identity.googleid:googleid:1.1.0) with AarTransform
Transforming work-runtime-ktx-2.8.1.aar (androidx.work:work-runtime-ktx:2.8.1) with JetifyTransform
Transforming work-runtime-ktx-2.8.1.aar (androidx.work:work-runtime-ktx:2.8.1) with ExtractAarTransform
Transforming work-runtime-ktx-2.8.1.aar (androidx.work:work-runtime-ktx:2.8.1) with AarTransform
Transforming navigation-common-2.7.0.aar (androidx.navigation:navigation-common:2.7.0) with JetifyTransform
Transforming navigation-common-2.7.0.aar (androidx.navigation:navigation-common:2.7.0) with ExtractAarTransform
Transforming navigation-common-2.7.0.aar (androidx.navigation:navigation-common:2.7.0) with AarTransform
Caching disabled for AarTransform: ~/.gradle/caches/transforms-3/94cab073bb099116bcdf05d4c23f20c8/transformed/jetified-viewbinding-7.4.2 because:
  Build cache is disabled
Transforming navigation-runtime-2.7.0.aar (androidx.navigation:navigation-runtime:2.7.0) with JetifyTransform
Transforming navigation-runtime-2.7.0.aar (androidx.navigation:navigation-runtime:2.7.0) with ExtractAarTransform
Skipping AarTransform: ~/.gradle/caches/transforms-3/94cab073bb099116bcdf05d4c23f20c8/transformed/jetified-viewbinding-7.4.2 as it is up-to-date.
Transforming navigation-runtime-2.7.0.aar (androidx.navigation:navigation-runtime:2.7.0) with AarTransform
Transforming navigation-common-ktx-2.7.0.aar (androidx.navigation:navigation-common-ktx:2.7.0) with JetifyTransform
Transforming navigation-common-ktx-2.7.0.aar (androidx.navigation:navigation-common-ktx:2.7.0) with ExtractAarTransform
Transforming navigation-common-ktx-2.7.0.aar (androidx.navigation:navigation-common-ktx:2.7.0) with AarTransform
Transforming navigation-runtime-ktx-2.7.0.aar (androidx.navigation:navigation-runtime-ktx:2.7.0) with JetifyTransform
Transforming navigation-runtime-ktx-2.7.0.aar (androidx.navigation:navigation-runtime-ktx:2.7.0) with ExtractAarTransform
Transforming navigation-runtime-ktx-2.7.0.aar (androidx.navigation:navigation-runtime-ktx:2.7.0) with AarTransform
Transforming navigation-compose-2.7.0.aar (androidx.navigation:navigation-compose:2.7.0) with JetifyTransform
Transforming navigation-compose-2.7.0.aar (androidx.navigation:navigation-compose:2.7.0) with ExtractAarTransform
Transforming navigation-compose-2.7.0.aar (androidx.navigation:navigation-compose:2.7.0) with AarTransform
Transforming constraintlayout-2.1.3.aar (androidx.constraintlayout:constraintlayout:2.1.3) with JetifyTransform
Transforming constraintlayout-2.1.3.aar (androidx.constraintlayout:constraintlayout:2.1.3) with ExtractAarTransform
Transforming constraintlayout-2.1.3.aar (androidx.constraintlayout:constraintlayout:2.1.3) with AarTransform
Transforming material-1.2.0.aar (com.google.android.material:material:1.2.0) with JetifyTransform
Transforming material-1.2.0.aar (com.google.android.material:material:1.2.0) with ExtractAarTransform
Transforming material-1.2.0.aar (com.google.android.material:material:1.2.0) with AarTransform
Caching disabled for AarTransform: ~/.gradle/caches/transforms-3/bf8e33f871994f40a9487e20a975ed66/transformed/jetified-accompanist-systemuicontroller-0.23.0 because:
  Build cache is disabled
Transforming appcompat-resources-1.6.1.aar (androidx.appcompat:appcompat-resources:1.6.1) with JetifyTransform
Transforming appcompat-resources-1.6.1.aar (androidx.appcompat:appcompat-resources:1.6.1) with ExtractAarTransform
Skipping AarTransform: ~/.gradle/caches/transforms-3/bf8e33f871994f40a9487e20a975ed66/transformed/jetified-accompanist-systemuicontroller-0.23.0 as it is up-to-date.
Transforming appcompat-resources-1.6.1.aar (androidx.appcompat:appcompat-resources:1.6.1) with AarTransform
Transforming appcompat-1.6.1.aar (androidx.appcompat:appcompat:1.6.1) with JetifyTransform
Transforming appcompat-1.6.1.aar (androidx.appcompat:appcompat:1.6.1) with ExtractAarTransform
Transforming appcompat-1.6.1.aar (androidx.appcompat:appcompat:1.6.1) with AarTransform
Transforming material3-window-size-class-release.aar (androidx.compose.material3:material3-window-size-class-android:1.2.0) with JetifyTransform
Transforming material3-window-size-class-release.aar (androidx.compose.material3:material3-window-size-class-android:1.2.0) with ExtractAarTransform
Transforming material3-window-size-class-release.aar (androidx.compose.material3:material3-window-size-class-android:1.2.0) with AarTransform
Transforming material3-release.aar (androidx.compose.material3:material3-android:1.2.0) with JetifyTransform
Transforming material3-release.aar (androidx.compose.material3:material3-android:1.2.0) with ExtractAarTransform
Transforming material3-release.aar (androidx.compose.material3:material3-android:1.2.0) with AarTransform
Transforming glide-4.11.0.aar (com.github.bumptech.glide:glide:4.11.0) with JetifyTransform
Transforming glide-4.11.0.aar (com.github.bumptech.glide:glide:4.11.0) with ExtractAarTransform
Transforming glide-4.11.0.aar (com.github.bumptech.glide:glide:4.11.0) with AarTransform
Transforming viewpager2-1.0.0.aar (androidx.viewpager2:viewpager2:1.0.0) with JetifyTransform
Transforming viewpager2-1.0.0.aar (androidx.viewpager2:viewpager2:1.0.0) with ExtractAarTransform
Transforming viewpager2-1.0.0.aar (androidx.viewpager2:viewpager2:1.0.0) with AarTransform
Transforming play-services-auth-20.7.0.aar (com.google.android.gms:play-services-auth:20.7.0) with JetifyTransform
Transforming play-services-auth-20.7.0.aar (com.google.android.gms:play-services-auth:20.7.0) with ExtractAarTransform
Transforming play-services-auth-20.7.0.aar (com.google.android.gms:play-services-auth:20.7.0) with AarTransform
Transforming play-services-fido-20.1.0.aar (com.google.android.gms:play-services-fido:20.1.0) with JetifyTransform
Transforming play-services-fido-20.1.0.aar (com.google.android.gms:play-services-fido:20.1.0) with ExtractAarTransform
Transforming play-services-fido-20.1.0.aar (com.google.android.gms:play-services-fido:20.1.0) with AarTransform
Transforming play-services-fido-20.1.0.aar (com.google.android.gms:play-services-fido:20.1.0) with JetifyTransform
Transforming play-services-fido-20.1.0.aar (com.google.android.gms:play-services-fido:20.1.0) with ExtractAarTransform
Transforming play-services-fido-20.1.0.aar (com.google.android.gms:play-services-fido:20.1.0) with AarTransform
Caching disabled for AarTransform: ~/.gradle/caches/transforms-3/6ba5227b30be8ace71f45008339a7641/transformed/jetified-accompanist-drawablepainter-0.23.1 because:
  Build cache is disabled
Skipping AarTransform: ~/.gradle/caches/transforms-3/6ba5227b30be8ace71f45008339a7641/transformed/jetified-accompanist-drawablepainter-0.23.1 as it is up-to-date.
Caching disabled for AarTransform: ~/.gradle/caches/transforms-3/691e2ddca74f0afe60043bb1a3af1d8c/transformed/jetified-common-21.4.0 because:
  Build cache is disabled
Skipping AarTransform: ~/.gradle/caches/transforms-3/691e2ddca74f0afe60043bb1a3af1d8c/transformed/jetified-common-21.4.0 as it is up-to-date.
Transforming play-services-auth-api-phone-18.0.1.aar (com.google.android.gms:play-services-auth-api-phone:18.0.1) with JetifyTransform
Transforming play-services-auth-api-phone-18.0.1.aar (com.google.android.gms:play-services-auth-api-phone:18.0.1) with ExtractAarTransform
Transforming play-services-auth-api-phone-18.0.1.aar (com.google.android.gms:play-services-auth-api-phone:18.0.1) with AarTransform
Transforming play-services-auth-base-18.0.4.aar (com.google.android.gms:play-services-auth-base:18.0.4) with JetifyTransform
Transforming play-services-auth-base-18.0.4.aar (com.google.android.gms:play-services-auth-base:18.0.4) with ExtractAarTransform
Transforming play-services-auth-base-18.0.4.aar (com.google.android.gms:play-services-auth-base:18.0.4) with AarTransform
Transforming play-services-base-18.0.1.aar (com.google.android.gms:play-services-base:18.0.1) with JetifyTransform
Transforming play-services-base-18.0.1.aar (com.google.android.gms:play-services-base:18.0.1) with ExtractAarTransform
Transforming play-services-base-18.0.1.aar (com.google.android.gms:play-services-base:18.0.1) with AarTransform
Transforming play-services-base-18.0.1.aar (com.google.android.gms:play-services-base:18.0.1) with JetifyTransform
Transforming play-services-base-18.0.1.aar (com.google.android.gms:play-services-base:18.0.1) with ExtractAarTransform
Transforming play-services-base-18.0.1.aar (com.google.android.gms:play-services-base:18.0.1) with AarTransform
Transforming play-services-base-18.0.1.aar (com.google.android.gms:play-services-base:18.0.1) with JetifyTransform
Transforming play-services-base-18.0.1.aar (com.google.android.gms:play-services-base:18.0.1) with ExtractAarTransform
Transforming play-services-base-18.0.1.aar (com.google.android.gms:play-services-base:18.0.1) with AarTransform
Transforming play-services-base-18.0.1.aar (com.google.android.gms:play-services-base:18.0.1) with JetifyTransform
Transforming play-services-base-18.0.1.aar (com.google.android.gms:play-services-base:18.0.1) with ExtractAarTransform
Transforming play-services-base-18.0.1.aar (com.google.android.gms:play-services-base:18.0.1) with AarTransform
Transforming play-services-tasks-18.0.1.aar (com.google.android.gms:play-services-tasks:18.0.1) with JetifyTransform
Transforming play-services-tasks-18.0.1.aar (com.google.android.gms:play-services-tasks:18.0.1) with ExtractAarTransform
Transforming play-services-tasks-18.0.1.aar (com.google.android.gms:play-services-tasks:18.0.1) with AarTransform
Transforming play-services-tasks-18.0.1.aar (com.google.android.gms:play-services-tasks:18.0.1) with JetifyTransform
Transforming play-services-tasks-18.0.1.aar (com.google.android.gms:play-services-tasks:18.0.1) with ExtractAarTransform
Transforming play-services-tasks-18.0.1.aar (com.google.android.gms:play-services-tasks:18.0.1) with AarTransform
Transforming play-services-tasks-18.0.1.aar (com.google.android.gms:play-services-tasks:18.0.1) with JetifyTransform
Transforming play-services-tasks-18.0.1.aar (com.google.android.gms:play-services-tasks:18.0.1) with ExtractAarTransform
Transforming play-services-tasks-18.0.1.aar (com.google.android.gms:play-services-tasks:18.0.1) with AarTransform
Transforming play-services-tasks-18.0.1.aar (com.google.android.gms:play-services-tasks:18.0.1) with JetifyTransform
Transforming play-services-tasks-18.0.1.aar (com.google.android.gms:play-services-tasks:18.0.1) with ExtractAarTransform
Transforming play-services-tasks-18.0.1.aar (com.google.android.gms:play-services-tasks:18.0.1) with AarTransform
Transforming play-services-tasks-18.0.1.aar (com.google.android.gms:play-services-tasks:18.0.1) with JetifyTransform
Transforming play-services-tasks-18.0.1.aar (com.google.android.gms:play-services-tasks:18.0.1) with ExtractAarTransform
Transforming play-services-tasks-18.0.1.aar (com.google.android.gms:play-services-tasks:18.0.1) with AarTransform
Caching disabled for AarTransform: ~/.gradle/caches/transforms-3/3c5a8b745dd1c9841f3eb1e5f8227414/transformed/jetified-play-services-fido-20.1.0 because:
  Build cache is disabled
Skipping AarTransform: ~/.gradle/caches/transforms-3/3c5a8b745dd1c9841f3eb1e5f8227414/transformed/jetified-play-services-fido-20.1.0 as it is up-to-date.
Transforming play-services-basement-18.2.0.aar (com.google.android.gms:play-services-basement:18.2.0) with JetifyTransform
Transforming play-services-basement-18.2.0.aar (com.google.android.gms:play-services-basement:18.2.0) with ExtractAarTransform
Transforming play-services-basement-18.2.0.aar (com.google.android.gms:play-services-basement:18.2.0) with AarTransform
Transforming play-services-basement-18.2.0.aar (com.google.android.gms:play-services-basement:18.2.0) with JetifyTransform
Transforming play-services-basement-18.2.0.aar (com.google.android.gms:play-services-basement:18.2.0) with ExtractAarTransform
Transforming play-services-basement-18.2.0.aar (com.google.android.gms:play-services-basement:18.2.0) with AarTransform
Transforming play-services-basement-18.2.0.aar (com.google.android.gms:play-services-basement:18.2.0) with JetifyTransform
Transforming play-services-basement-18.2.0.aar (com.google.android.gms:play-services-basement:18.2.0) with ExtractAarTransform
Transforming play-services-basement-18.2.0.aar (com.google.android.gms:play-services-basement:18.2.0) with AarTransform
Transforming play-services-basement-18.2.0.aar (com.google.android.gms:play-services-basement:18.2.0) with JetifyTransform
Transforming play-services-basement-18.2.0.aar (com.google.android.gms:play-services-basement:18.2.0) with ExtractAarTransform
Transforming play-services-basement-18.2.0.aar (com.google.android.gms:play-services-basement:18.2.0) with AarTransform
Transforming play-services-basement-18.2.0.aar (com.google.android.gms:play-services-basement:18.2.0) with JetifyTransform
Transforming play-services-basement-18.2.0.aar (com.google.android.gms:play-services-basement:18.2.0) with ExtractAarTransform
Transforming play-services-basement-18.2.0.aar (com.google.android.gms:play-services-basement:18.2.0) with AarTransform
Transforming play-services-basement-18.2.0.aar (com.google.android.gms:play-services-basement:18.2.0) with JetifyTransform
Transforming play-services-basement-18.2.0.aar (com.google.android.gms:play-services-basement:18.2.0) with ExtractAarTransform
Transforming play-services-basement-18.2.0.aar (com.google.android.gms:play-services-basement:18.2.0) with AarTransform
Transforming fragment-1.3.6.aar (androidx.fragment:fragment:1.3.6) with JetifyTransform
Transforming fragment-1.3.6.aar (androidx.fragment:fragment:1.3.6) with ExtractAarTransform
Transforming fragment-1.3.6.aar (androidx.fragment:fragment:1.3.6) with AarTransform
Transforming fragment-1.3.6.aar (androidx.fragment:fragment:1.3.6) with JetifyTransform
Transforming fragment-1.3.6.aar (androidx.fragment:fragment:1.3.6) with ExtractAarTransform
Transforming fragment-1.3.6.aar (androidx.fragment:fragment:1.3.6) with AarTransform
Transforming fragment-1.3.6.aar (androidx.fragment:fragment:1.3.6) with JetifyTransform
Transforming fragment-1.3.6.aar (androidx.fragment:fragment:1.3.6) with ExtractAarTransform
Transforming fragment-1.3.6.aar (androidx.fragment:fragment:1.3.6) with AarTransform
Transforming fragment-1.3.6.aar (androidx.fragment:fragment:1.3.6) with JetifyTransform
Transforming fragment-1.3.6.aar (androidx.fragment:fragment:1.3.6) with ExtractAarTransform
Transforming fragment-1.3.6.aar (androidx.fragment:fragment:1.3.6) with AarTransform
Transforming fragment-1.3.6.aar (androidx.fragment:fragment:1.3.6) with JetifyTransform
Transforming fragment-1.3.6.aar (androidx.fragment:fragment:1.3.6) with ExtractAarTransform
Transforming fragment-1.3.6.aar (androidx.fragment:fragment:1.3.6) with AarTransform
Transforming browser-1.0.0.aar (androidx.browser:browser:1.0.0) with JetifyTransform
Caching disabled for AarTransform: ~/.gradle/caches/transforms-3/f2c612e0fb1a97a99a863e39f5508a21/transformed/jetified-play-services-tasks-18.0.1 because:
  Build cache is disabled
Skipping AarTransform: ~/.gradle/caches/transforms-3/f2c612e0fb1a97a99a863e39f5508a21/transformed/jetified-play-services-tasks-18.0.1 as it is up-to-date.
Transforming browser-1.0.0.aar (androidx.browser:browser:1.0.0) with ExtractAarTransform
Transforming browser-1.0.0.aar (androidx.browser:browser:1.0.0) with AarTransform
Transforming legacy-support-core-ui-1.0.0.aar (androidx.legacy:legacy-support-core-ui:1.0.0) with JetifyTransform
Transforming legacy-support-core-ui-1.0.0.aar (androidx.legacy:legacy-support-core-ui:1.0.0) with ExtractAarTransform
Transforming legacy-support-core-ui-1.0.0.aar (androidx.legacy:legacy-support-core-ui:1.0.0) with AarTransform
Transforming legacy-support-core-utils-1.0.0.aar (androidx.legacy:legacy-support-core-utils:1.0.0) with JetifyTransform
Transforming legacy-support-core-utils-1.0.0.aar (androidx.legacy:legacy-support-core-utils:1.0.0) with ExtractAarTransform
Transforming legacy-support-core-utils-1.0.0.aar (androidx.legacy:legacy-support-core-utils:1.0.0) with AarTransform
Transforming loader-1.0.0.aar (androidx.loader:loader:1.0.0) with JetifyTransform
Transforming loader-1.0.0.aar (androidx.loader:loader:1.0.0) with ExtractAarTransform
Transforming loader-1.0.0.aar (androidx.loader:loader:1.0.0) with AarTransform
Transforming loader-1.0.0.aar (androidx.loader:loader:1.0.0) with JetifyTransform
Transforming loader-1.0.0.aar (androidx.loader:loader:1.0.0) with ExtractAarTransform
Transforming loader-1.0.0.aar (androidx.loader:loader:1.0.0) with AarTransform
Transforming loader-1.0.0.aar (androidx.loader:loader:1.0.0) with JetifyTransform
Transforming loader-1.0.0.aar (androidx.loader:loader:1.0.0) with ExtractAarTransform
Transforming loader-1.0.0.aar (androidx.loader:loader:1.0.0) with AarTransform
Caching disabled for AarTransform: ~/.gradle/caches/transforms-3/fae7f0a32fa0484295f94dfaf9206b70/transformed/jetified-play-services-basement-18.2.0 because:
  Build cache is disabled
Skipping AarTransform: ~/.gradle/caches/transforms-3/fae7f0a32fa0484295f94dfaf9206b70/transformed/jetified-play-services-basement-18.2.0 as it is up-to-date.
Transforming material-release.aar (androidx.compose.material:material-android:1.6.1) with JetifyTransform
Transforming material-release.aar (androidx.compose.material:material-android:1.6.1) with ExtractAarTransform
Transforming material-release.aar (androidx.compose.material:material-android:1.6.1) with AarTransform
Transforming material-icons-core-release.aar (androidx.compose.material:material-icons-core-android:1.6.1) with JetifyTransform
Transforming material-icons-core-release.aar (androidx.compose.material:material-icons-core-android:1.6.1) with ExtractAarTransform
Transforming material-icons-core-release.aar (androidx.compose.material:material-icons-core-android:1.6.1) with AarTransform
Transforming material-ripple-release.aar (androidx.compose.material:material-ripple-android:1.6.1) with JetifyTransform
Transforming material-ripple-release.aar (androidx.compose.material:material-ripple-android:1.6.1) with ExtractAarTransform
Transforming material-ripple-release.aar (androidx.compose.material:material-ripple-android:1.6.1) with AarTransform
Transforming foundation-release.aar (androidx.compose.foundation:foundation-android:1.6.1) with JetifyTransform
Transforming foundation-release.aar (androidx.compose.foundation:foundation-android:1.6.1) with ExtractAarTransform
Transforming foundation-release.aar (androidx.compose.foundation:foundation-android:1.6.1) with AarTransform
Transforming foundation-layout-release.aar (androidx.compose.foundation:foundation-layout-android:1.6.1) with JetifyTransform
Transforming foundation-layout-release.aar (androidx.compose.foundation:foundation-layout-android:1.6.1) with ExtractAarTransform
Transforming foundation-layout-release.aar (androidx.compose.foundation:foundation-layout-android:1.6.1) with AarTransform
Transforming animation-core-release.aar (androidx.compose.animation:animation-core-android:1.6.1) with JetifyTransform
Transforming animation-core-release.aar (androidx.compose.animation:animation-core-android:1.6.1) with ExtractAarTransform
Transforming animation-core-release.aar (androidx.compose.animation:animation-core-android:1.6.1) with AarTransform
Transforming animation-release.aar (androidx.compose.animation:animation-android:1.6.1) with JetifyTransform
Transforming animation-release.aar (androidx.compose.animation:animation-android:1.6.1) with ExtractAarTransform
Caching disabled for AarTransform: ~/.gradle/caches/transforms-3/400dd26017d2e15e0dbda5406f9ef695/transformed/fragment-1.3.6 because:
  Build cache is disabled
Skipping AarTransform: ~/.gradle/caches/transforms-3/400dd26017d2e15e0dbda5406f9ef695/transformed/fragment-1.3.6 as it is up-to-date.
Transforming animation-release.aar (androidx.compose.animation:animation-android:1.6.1) with AarTransform
Transforming ui-tooling-data-release.aar (androidx.compose.ui:ui-tooling-data-android:1.6.1) with JetifyTransform
Transforming ui-tooling-data-release.aar (androidx.compose.ui:ui-tooling-data-android:1.6.1) with ExtractAarTransform
Transforming ui-tooling-data-release.aar (androidx.compose.ui:ui-tooling-data-android:1.6.1) with AarTransform
Transforming ui-geometry-release.aar (androidx.compose.ui:ui-geometry-android:1.6.1) with JetifyTransform
Transforming ui-geometry-release.aar (androidx.compose.ui:ui-geometry-android:1.6.1) with ExtractAarTransform
Transforming ui-geometry-release.aar (androidx.compose.ui:ui-geometry-android:1.6.1) with AarTransform
Transforming ui-unit-release.aar (androidx.compose.ui:ui-unit-android:1.6.1) with JetifyTransform
Transforming ui-unit-release.aar (androidx.compose.ui:ui-unit-android:1.6.1) with ExtractAarTransform
Transforming ui-unit-release.aar (androidx.compose.ui:ui-unit-android:1.6.1) with AarTransform
Transforming ui-util-release.aar (androidx.compose.ui:ui-util-android:1.6.1) with JetifyTransform
Transforming ui-util-release.aar (androidx.compose.ui:ui-util-android:1.6.1) with ExtractAarTransform
Transforming ui-util-release.aar (androidx.compose.ui:ui-util-android:1.6.1) with AarTransform
Transforming ui-text-release.aar (androidx.compose.ui:ui-text-android:1.6.1) with JetifyTransform
Transforming ui-text-release.aar (androidx.compose.ui:ui-text-android:1.6.1) with ExtractAarTransform
Transforming ui-text-release.aar (androidx.compose.ui:ui-text-android:1.6.1) with AarTransform
Transforming ui-graphics-release.aar (androidx.compose.ui:ui-graphics-android:1.6.1) with JetifyTransform
Transforming ui-graphics-release.aar (androidx.compose.ui:ui-graphics-android:1.6.1) with ExtractAarTransform
Transforming ui-graphics-release.aar (androidx.compose.ui:ui-graphics-android:1.6.1) with AarTransform
Transforming ui-tooling-preview-release.aar (androidx.compose.ui:ui-tooling-preview-android:1.6.1) with JetifyTransform
Transforming ui-tooling-preview-release.aar (androidx.compose.ui:ui-tooling-preview-android:1.6.1) with ExtractAarTransform
Transforming ui-tooling-preview-release.aar (androidx.compose.ui:ui-tooling-preview-android:1.6.1) with AarTransform
Transforming ui-tooling-release.aar (androidx.compose.ui:ui-tooling-android:1.6.1) with JetifyTransform
Transforming ui-tooling-release.aar (androidx.compose.ui:ui-tooling-android:1.6.1) with ExtractAarTransform
Transforming ui-tooling-release.aar (androidx.compose.ui:ui-tooling-android:1.6.1) with AarTransform
Transforming ui-test-manifest-1.6.1.aar (androidx.compose.ui:ui-test-manifest:1.6.1) with JetifyTransform
Transforming ui-test-manifest-1.6.1.aar (androidx.compose.ui:ui-test-manifest:1.6.1) with ExtractAarTransform
Transforming ui-test-manifest-1.6.1.aar (androidx.compose.ui:ui-test-manifest:1.6.1) with AarTransform
Transforming activity-1.7.1.aar (androidx.activity:activity:1.7.1) with JetifyTransform
Transforming activity-1.7.1.aar (androidx.activity:activity:1.7.1) with ExtractAarTransform
Transforming activity-1.7.1.aar (androidx.activity:activity:1.7.1) with AarTransform
Transforming activity-ktx-1.7.1.aar (androidx.activity:activity-ktx:1.7.1) with JetifyTransform
Transforming activity-ktx-1.7.1.aar (androidx.activity:activity-ktx:1.7.1) with ExtractAarTransform
Transforming activity-ktx-1.7.1.aar (androidx.activity:activity-ktx:1.7.1) with AarTransform
Transforming activity-compose-1.7.1.aar (androidx.activity:activity-compose:1.7.1) with JetifyTransform
Transforming activity-compose-1.7.1.aar (androidx.activity:activity-compose:1.7.1) with ExtractAarTransform
Transforming activity-compose-1.7.1.aar (androidx.activity:activity-compose:1.7.1) with AarTransform
Transforming ui-release.aar (androidx.compose.ui:ui-android:1.6.1) with JetifyTransform
Caching disabled for AarTransform: ~/.gradle/caches/transforms-3/902593fa1e00ea876e13c003ec91b9af/transformed/browser-1.0.0 because:
  Build cache is disabled
Caching disabled for AarTransform: ~/.gradle/caches/transforms-3/66b0378c33ede1b033228e49dad9524a/transformed/legacy-support-core-ui-1.0.0 because:
  Build cache is disabled
Skipping AarTransform: ~/.gradle/caches/transforms-3/66b0378c33ede1b033228e49dad9524a/transformed/legacy-support-core-ui-1.0.0 as it is up-to-date.
Transforming ui-release.aar (androidx.compose.ui:ui-android:1.6.1) with ExtractAarTransform
Transforming ui-release.aar (androidx.compose.ui:ui-android:1.6.1) with AarTransform
Transforming savedstate-ktx-1.2.1.aar (androidx.savedstate:savedstate-ktx:1.2.1) with JetifyTransform
Transforming savedstate-ktx-1.2.1.aar (androidx.savedstate:savedstate-ktx:1.2.1) with ExtractAarTransform
Transforming savedstate-ktx-1.2.1.aar (androidx.savedstate:savedstate-ktx:1.2.1) with AarTransform
Transforming savedstate-1.2.1.aar (androidx.savedstate:savedstate:1.2.1) with JetifyTransform
Skipping AarTransform: ~/.gradle/caches/transforms-3/902593fa1e00ea876e13c003ec91b9af/transformed/browser-1.0.0 as it is up-to-date.
Transforming savedstate-1.2.1.aar (androidx.savedstate:savedstate:1.2.1) with ExtractAarTransform
Transforming savedstate-1.2.1.aar (androidx.savedstate:savedstate:1.2.1) with AarTransform
Transforming work-runtime-2.8.1.aar (androidx.work:work-runtime:2.8.1) with JetifyTransform
Transforming work-runtime-2.8.1.aar (androidx.work:work-runtime:2.8.1) with ExtractAarTransform
Transforming work-runtime-2.8.1.aar (androidx.work:work-runtime:2.8.1) with AarTransform
Transforming emoji2-views-helper-1.3.0.aar (androidx.emoji2:emoji2-views-helper:1.3.0) with JetifyTransform
Transforming emoji2-views-helper-1.3.0.aar (androidx.emoji2:emoji2-views-helper:1.3.0) with ExtractAarTransform
Transforming emoji2-views-helper-1.3.0.aar (androidx.emoji2:emoji2-views-helper:1.3.0) with AarTransform
Transforming emoji2-1.3.0.aar (androidx.emoji2:emoji2:1.3.0) with JetifyTransform
Transforming emoji2-1.3.0.aar (androidx.emoji2:emoji2:1.3.0) with ExtractAarTransform
Transforming emoji2-1.3.0.aar (androidx.emoji2:emoji2:1.3.0) with AarTransform
Transforming lifecycle-process-2.6.1.aar (androidx.lifecycle:lifecycle-process:2.6.1) with JetifyTransform
Caching disabled for AarTransform: ~/.gradle/caches/transforms-3/0db2e5da926973a8cb8c4b07fbcec83d/transformed/legacy-support-core-utils-1.0.0 because:
  Build cache is disabled
Skipping AarTransform: ~/.gradle/caches/transforms-3/0db2e5da926973a8cb8c4b07fbcec83d/transformed/legacy-support-core-utils-1.0.0 as it is up-to-date.
Transforming lifecycle-process-2.6.1.aar (androidx.lifecycle:lifecycle-process:2.6.1) with ExtractAarTransform
Transforming lifecycle-process-2.6.1.aar (androidx.lifecycle:lifecycle-process:2.6.1) with AarTransform
Transforming lifecycle-service-2.6.1.aar (androidx.lifecycle:lifecycle-service:2.6.1) with JetifyTransform
Transforming lifecycle-service-2.6.1.aar (androidx.lifecycle:lifecycle-service:2.6.1) with ExtractAarTransform
Transforming lifecycle-service-2.6.1.aar (androidx.lifecycle:lifecycle-service:2.6.1) with AarTransform
Transforming lifecycle-livedata-2.6.1.aar (androidx.lifecycle:lifecycle-livedata:2.6.1) with JetifyTransform
Transforming lifecycle-livedata-2.6.1.aar (androidx.lifecycle:lifecycle-livedata:2.6.1) with ExtractAarTransform
Transforming lifecycle-livedata-2.6.1.aar (androidx.lifecycle:lifecycle-livedata:2.6.1) with AarTransform
Transforming lifecycle-livedata-2.6.1.aar (androidx.lifecycle:lifecycle-livedata:2.6.1) with JetifyTransform
Transforming lifecycle-livedata-2.6.1.aar (androidx.lifecycle:lifecycle-livedata:2.6.1) with ExtractAarTransform
Transforming lifecycle-livedata-2.6.1.aar (androidx.lifecycle:lifecycle-livedata:2.6.1) with AarTransform
Transforming lifecycle-livedata-core-2.6.1.aar (androidx.lifecycle:lifecycle-livedata-core:2.6.1) with JetifyTransform
Transforming lifecycle-livedata-core-2.6.1.aar (androidx.lifecycle:lifecycle-livedata-core:2.6.1) with ExtractAarTransform
Transforming lifecycle-livedata-core-2.6.1.aar (androidx.lifecycle:lifecycle-livedata-core:2.6.1) with AarTransform
Transforming lifecycle-viewmodel-2.6.1.aar (androidx.lifecycle:lifecycle-viewmodel:2.6.1) with JetifyTransform
Transforming lifecycle-viewmodel-2.6.1.aar (androidx.lifecycle:lifecycle-viewmodel:2.6.1) with ExtractAarTransform
Transforming lifecycle-viewmodel-2.6.1.aar (androidx.lifecycle:lifecycle-viewmodel:2.6.1) with AarTransform
Transforming lifecycle-viewmodel-2.6.1.aar (androidx.lifecycle:lifecycle-viewmodel:2.6.1) with JetifyTransform
Caching disabled for AarTransform: ~/.gradle/caches/transforms-3/5fbf3876ecb0a88b7dcccdd061affe0a/transformed/loader-1.0.0 because:
  Build cache is disabled
Skipping AarTransform: ~/.gradle/caches/transforms-3/5fbf3876ecb0a88b7dcccdd061affe0a/transformed/loader-1.0.0 as it is up-to-date.
Transforming lifecycle-viewmodel-2.6.1.aar (androidx.lifecycle:lifecycle-viewmodel:2.6.1) with ExtractAarTransform
Transforming lifecycle-viewmodel-2.6.1.aar (androidx.lifecycle:lifecycle-viewmodel:2.6.1) with AarTransform
Transforming lifecycle-viewmodel-savedstate-2.6.1.aar (androidx.lifecycle:lifecycle-viewmodel-savedstate:2.6.1) with JetifyTransform
Transforming lifecycle-viewmodel-savedstate-2.6.1.aar (androidx.lifecycle:lifecycle-viewmodel-savedstate:2.6.1) with ExtractAarTransform
Transforming lifecycle-viewmodel-savedstate-2.6.1.aar (androidx.lifecycle:lifecycle-viewmodel-savedstate:2.6.1) with AarTransform
Transforming lifecycle-runtime-ktx-2.6.1.aar (androidx.lifecycle:lifecycle-runtime-ktx:2.6.1) with JetifyTransform
Transforming lifecycle-runtime-ktx-2.6.1.aar (androidx.lifecycle:lifecycle-runtime-ktx:2.6.1) with ExtractAarTransform
Transforming lifecycle-runtime-ktx-2.6.1.aar (androidx.lifecycle:lifecycle-runtime-ktx:2.6.1) with AarTransform
Transforming recyclerview-1.3.0.aar (androidx.recyclerview:recyclerview:1.3.0) with JetifyTransform
Transforming recyclerview-1.3.0.aar (androidx.recyclerview:recyclerview:1.3.0) with ExtractAarTransform
Transforming recyclerview-1.3.0.aar (androidx.recyclerview:recyclerview:1.3.0) with AarTransform
Transforming recyclerview-1.3.0.aar (androidx.recyclerview:recyclerview:1.3.0) with JetifyTransform
Transforming recyclerview-1.3.0.aar (androidx.recyclerview:recyclerview:1.3.0) with ExtractAarTransform
Transforming recyclerview-1.3.0.aar (androidx.recyclerview:recyclerview:1.3.0) with AarTransform
Transforming drawerlayout-1.0.0.aar (androidx.drawerlayout:drawerlayout:1.0.0) with JetifyTransform
Caching disabled for AarTransform: ~/.gradle/caches/transforms-3/6ca85b9e3b0b19038192d28e3fe8d0ab/transformed/jetified-material-icons-core-release because:
  Build cache is disabled
Skipping AarTransform: ~/.gradle/caches/transforms-3/6ca85b9e3b0b19038192d28e3fe8d0ab/transformed/jetified-material-icons-core-release as it is up-to-date.
Transforming drawerlayout-1.0.0.aar (androidx.drawerlayout:drawerlayout:1.0.0) with ExtractAarTransform
Transforming drawerlayout-1.0.0.aar (androidx.drawerlayout:drawerlayout:1.0.0) with AarTransform
Transforming drawerlayout-1.0.0.aar (androidx.drawerlayout:drawerlayout:1.0.0) with JetifyTransform
Transforming drawerlayout-1.0.0.aar (androidx.drawerlayout:drawerlayout:1.0.0) with ExtractAarTransform
Transforming drawerlayout-1.0.0.aar (androidx.drawerlayout:drawerlayout:1.0.0) with AarTransform
Transforming coordinatorlayout-1.1.0.aar (androidx.coordinatorlayout:coordinatorlayout:1.1.0) with JetifyTransform
Transforming coordinatorlayout-1.1.0.aar (androidx.coordinatorlayout:coordinatorlayout:1.1.0) with ExtractAarTransform
Transforming coordinatorlayout-1.1.0.aar (androidx.coordinatorlayout:coordinatorlayout:1.1.0) with AarTransform
Transforming coordinatorlayout-1.1.0.aar (androidx.coordinatorlayout:coordinatorlayout:1.1.0) with JetifyTransform
Transforming coordinatorlayout-1.1.0.aar (androidx.coordinatorlayout:coordinatorlayout:1.1.0) with ExtractAarTransform
Transforming coordinatorlayout-1.1.0.aar (androidx.coordinatorlayout:coordinatorlayout:1.1.0) with AarTransform
Transforming viewpager-1.0.0.aar (androidx.viewpager:viewpager:1.0.0) with JetifyTransform
Transforming viewpager-1.0.0.aar (androidx.viewpager:viewpager:1.0.0) with ExtractAarTransform
Transforming viewpager-1.0.0.aar (androidx.viewpager:viewpager:1.0.0) with AarTransform
Transforming viewpager-1.0.0.aar (androidx.viewpager:viewpager:1.0.0) with JetifyTransform
Transforming viewpager-1.0.0.aar (androidx.viewpager:viewpager:1.0.0) with ExtractAarTransform
Transforming viewpager-1.0.0.aar (androidx.viewpager:viewpager:1.0.0) with AarTransform
Transforming slidingpanelayout-1.0.0.aar (androidx.slidingpanelayout:slidingpanelayout:1.0.0) with JetifyTransform
Caching disabled for AarTransform: ~/.gradle/caches/transforms-3/83c2e7af98f64845bfb9325dbf1c5a1c/transformed/jetified-material-release because:
  Build cache is disabled
Skipping AarTransform: ~/.gradle/caches/transforms-3/83c2e7af98f64845bfb9325dbf1c5a1c/transformed/jetified-material-release as it is up-to-date.
Transforming slidingpanelayout-1.0.0.aar (androidx.slidingpanelayout:slidingpanelayout:1.0.0) with ExtractAarTransform
Transforming slidingpanelayout-1.0.0.aar (androidx.slidingpanelayout:slidingpanelayout:1.0.0) with AarTransform
Transforming customview-1.0.0.aar (androidx.customview:customview:1.0.0) with JetifyTransform
Transforming customview-1.0.0.aar (androidx.customview:customview:1.0.0) with ExtractAarTransform
Transforming customview-1.0.0.aar (androidx.customview:customview:1.0.0) with AarTransform
Transforming customview-1.0.0.aar (androidx.customview:customview:1.0.0) with JetifyTransform
Transforming customview-1.0.0.aar (androidx.customview:customview:1.0.0) with ExtractAarTransform
Transforming customview-1.0.0.aar (androidx.customview:customview:1.0.0) with AarTransform
Transforming customview-1.0.0.aar (androidx.customview:customview:1.0.0) with JetifyTransform
Transforming customview-1.0.0.aar (androidx.customview:customview:1.0.0) with ExtractAarTransform
Transforming customview-1.0.0.aar (androidx.customview:customview:1.0.0) with AarTransform
Transforming customview-1.0.0.aar (androidx.customview:customview:1.0.0) with JetifyTransform
Transforming customview-1.0.0.aar (androidx.customview:customview:1.0.0) with ExtractAarTransform
Transforming customview-1.0.0.aar (androidx.customview:customview:1.0.0) with AarTransform
Caching disabled for AarTransform: ~/.gradle/caches/transforms-3/86c6b512118f207b0af6c1bfd4dea297/transformed/jetified-material-ripple-release because:
  Build cache is disabled
Skipping AarTransform: ~/.gradle/caches/transforms-3/86c6b512118f207b0af6c1bfd4dea297/transformed/jetified-material-ripple-release as it is up-to-date.
Transforming customview-1.0.0.aar (androidx.customview:customview:1.0.0) with JetifyTransform
Transforming customview-1.0.0.aar (androidx.customview:customview:1.0.0) with ExtractAarTransform
Transforming customview-1.0.0.aar (androidx.customview:customview:1.0.0) with AarTransform
Transforming customview-1.0.0.aar (androidx.customview:customview:1.0.0) with JetifyTransform
Transforming customview-1.0.0.aar (androidx.customview:customview:1.0.0) with ExtractAarTransform
Transforming customview-1.0.0.aar (androidx.customview:customview:1.0.0) with AarTransform
Transforming transition-1.2.0.aar (androidx.transition:transition:1.2.0) with JetifyTransform
Transforming transition-1.2.0.aar (androidx.transition:transition:1.2.0) with ExtractAarTransform
Transforming transition-1.2.0.aar (androidx.transition:transition:1.2.0) with AarTransform
Transforming vectordrawable-animated-1.1.0.aar (androidx.vectordrawable:vectordrawable-animated:1.1.0) with JetifyTransform
Caching disabled for AarTransform: ~/.gradle/caches/transforms-3/b6c9f045fb2c75106aeba0d2cee3e5af/transformed/jetified-foundation-release because:
  Build cache is disabled
Skipping AarTransform: ~/.gradle/caches/transforms-3/b6c9f045fb2c75106aeba0d2cee3e5af/transformed/jetified-foundation-release as it is up-to-date.
Transforming vectordrawable-animated-1.1.0.aar (androidx.vectordrawable:vectordrawable-animated:1.1.0) with ExtractAarTransform
Transforming vectordrawable-animated-1.1.0.aar (androidx.vectordrawable:vectordrawable-animated:1.1.0) with AarTransform
Transforming vectordrawable-1.1.0.aar (androidx.vectordrawable:vectordrawable:1.1.0) with JetifyTransform
Transforming vectordrawable-1.1.0.aar (androidx.vectordrawable:vectordrawable:1.1.0) with ExtractAarTransform
Transforming vectordrawable-1.1.0.aar (androidx.vectordrawable:vectordrawable:1.1.0) with AarTransform
Transforming vectordrawable-1.1.0.aar (androidx.vectordrawable:vectordrawable:1.1.0) with JetifyTransform
Transforming vectordrawable-1.1.0.aar (androidx.vectordrawable:vectordrawable:1.1.0) with ExtractAarTransform
Transforming vectordrawable-1.1.0.aar (androidx.vectordrawable:vectordrawable:1.1.0) with AarTransform
Transforming window-1.0.0.aar (androidx.window:window:1.0.0) with JetifyTransform
Caching disabled for AarTransform: ~/.gradle/caches/transforms-3/cbf35b172e63244a7cdfbe0558057126/transformed/jetified-foundation-layout-release because:
  Build cache is disabled
Skipping AarTransform: ~/.gradle/caches/transforms-3/cbf35b172e63244a7cdfbe0558057126/transformed/jetified-foundation-layout-release as it is up-to-date.
Transforming window-1.0.0.aar (androidx.window:window:1.0.0) with ExtractAarTransform
Transforming window-1.0.0.aar (androidx.window:window:1.0.0) with AarTransform
Transforming autofill-1.0.0.aar (androidx.autofill:autofill:1.0.0) with JetifyTransform
Transforming autofill-1.0.0.aar (androidx.autofill:autofill:1.0.0) with ExtractAarTransform
Transforming autofill-1.0.0.aar (androidx.autofill:autofill:1.0.0) with AarTransform
Transforming swiperefreshlayout-1.0.0.aar (androidx.swiperefreshlayout:swiperefreshlayout:1.0.0) with JetifyTransform
Transforming swiperefreshlayout-1.0.0.aar (androidx.swiperefreshlayout:swiperefreshlayout:1.0.0) with ExtractAarTransform
Transforming swiperefreshlayout-1.0.0.aar (androidx.swiperefreshlayout:swiperefreshlayout:1.0.0) with AarTransform
Transforming asynclayoutinflater-1.0.0.aar (androidx.asynclayoutinflater:asynclayoutinflater:1.0.0) with JetifyTransform
Transforming asynclayoutinflater-1.0.0.aar (androidx.asynclayoutinflater:asynclayoutinflater:1.0.0) with ExtractAarTransform
Transforming asynclayoutinflater-1.0.0.aar (androidx.asynclayoutinflater:asynclayoutinflater:1.0.0) with AarTransform
Transforming customview-poolingcontainer-1.0.0.aar (androidx.customview:customview-poolingcontainer:1.0.0) with JetifyTransform
Transforming customview-poolingcontainer-1.0.0.aar (androidx.customview:customview-poolingcontainer:1.0.0) with ExtractAarTransform
Transforming customview-poolingcontainer-1.0.0.aar (androidx.customview:customview-poolingcontainer:1.0.0) with AarTransform
Transforming core-ktx-1.12.0.aar (androidx.core:core-ktx:1.12.0) with JetifyTransform
Transforming core-ktx-1.12.0.aar (androidx.core:core-ktx:1.12.0) with ExtractAarTransform
Caching disabled for AarTransform: ~/.gradle/caches/transforms-3/e2595fb66819c09fd65ae4a9e519b50b/transformed/jetified-animation-core-release because:
  Build cache is disabled
Skipping AarTransform: ~/.gradle/caches/transforms-3/e2595fb66819c09fd65ae4a9e519b50b/transformed/jetified-animation-core-release as it is up-to-date.
Transforming core-ktx-1.12.0.aar (androidx.core:core-ktx:1.12.0) with AarTransform
Transforming core-1.12.0.aar (androidx.core:core:1.12.0) with JetifyTransform
Transforming core-1.12.0.aar (androidx.core:core:1.12.0) with ExtractAarTransform
Transforming core-1.12.0.aar (androidx.core:core:1.12.0) with AarTransform
Transforming core-1.12.0.aar (androidx.core:core:1.12.0) with JetifyTransform
Transforming core-1.12.0.aar (androidx.core:core:1.12.0) with ExtractAarTransform
Transforming core-1.12.0.aar (androidx.core:core:1.12.0) with AarTransform
Transforming core-1.12.0.aar (androidx.core:core:1.12.0) with JetifyTransform
Transforming core-1.12.0.aar (androidx.core:core:1.12.0) with ExtractAarTransform
Transforming core-1.12.0.aar (androidx.core:core:1.12.0) with AarTransform
Transforming core-1.12.0.aar (androidx.core:core:1.12.0) with JetifyTransform
Transforming core-1.12.0.aar (androidx.core:core:1.12.0) with ExtractAarTransform
Transforming core-1.12.0.aar (androidx.core:core:1.12.0) with AarTransform
Transforming core-1.12.0.aar (androidx.core:core:1.12.0) with JetifyTransform
Transforming core-1.12.0.aar (androidx.core:core:1.12.0) with ExtractAarTransform
Transforming core-1.12.0.aar (androidx.core:core:1.12.0) with AarTransform
Transforming core-1.12.0.aar (androidx.core:core:1.12.0) with JetifyTransform
Transforming core-1.12.0.aar (androidx.core:core:1.12.0) with ExtractAarTransform
Transforming core-1.12.0.aar (androidx.core:core:1.12.0) with AarTransform
Transforming core-1.12.0.aar (androidx.core:core:1.12.0) with JetifyTransform
Transforming core-1.12.0.aar (androidx.core:core:1.12.0) with ExtractAarTransform
Transforming core-1.12.0.aar (androidx.core:core:1.12.0) with AarTransform
Transforming core-1.12.0.aar (androidx.core:core:1.12.0) with JetifyTransform
Transforming core-1.12.0.aar (androidx.core:core:1.12.0) with ExtractAarTransform
Transforming core-1.12.0.aar (androidx.core:core:1.12.0) with AarTransform
Transforming core-1.12.0.aar (androidx.core:core:1.12.0) with JetifyTransform
Transforming core-1.12.0.aar (androidx.core:core:1.12.0) with ExtractAarTransform
Caching disabled for AarTransform: ~/.gradle/caches/transforms-3/b05fc11c0ba16ff3b6e03ce6d681b90d/transformed/jetified-animation-release because:
  Build cache is disabled
Skipping AarTransform: ~/.gradle/caches/transforms-3/b05fc11c0ba16ff3b6e03ce6d681b90d/transformed/jetified-animation-release as it is up-to-date.
Caching disabled for AarTransform: ~/.gradle/caches/transforms-3/1fb601fda73f4f605e8cd860ab2c7dff/transformed/jetified-ui-tooling-data-release because:
  Build cache is disabled
Skipping AarTransform: ~/.gradle/caches/transforms-3/1fb601fda73f4f605e8cd860ab2c7dff/transformed/jetified-ui-tooling-data-release as it is up-to-date.
Transforming core-1.12.0.aar (androidx.core:core:1.12.0) with AarTransform
Transforming core-1.12.0.aar (androidx.core:core:1.12.0) with JetifyTransform
Transforming core-1.12.0.aar (androidx.core:core:1.12.0) with ExtractAarTransform
Transforming core-1.12.0.aar (androidx.core:core:1.12.0) with AarTransform
Transforming core-1.12.0.aar (androidx.core:core:1.12.0) with JetifyTransform
Transforming core-1.12.0.aar (androidx.core:core:1.12.0) with ExtractAarTransform
Transforming core-1.12.0.aar (androidx.core:core:1.12.0) with AarTransform
Transforming core-1.12.0.aar (androidx.core:core:1.12.0) with JetifyTransform
Transforming core-1.12.0.aar (androidx.core:core:1.12.0) with ExtractAarTransform
Transforming core-1.12.0.aar (androidx.core:core:1.12.0) with AarTransform
Transforming core-1.12.0.aar (androidx.core:core:1.12.0) with JetifyTransform
Transforming core-1.12.0.aar (androidx.core:core:1.12.0) with ExtractAarTransform
Transforming core-1.12.0.aar (androidx.core:core:1.12.0) with AarTransform
Transforming core-1.12.0.aar (androidx.core:core:1.12.0) with JetifyTransform
Transforming core-1.12.0.aar (androidx.core:core:1.12.0) with ExtractAarTransform
Transforming core-1.12.0.aar (androidx.core:core:1.12.0) with AarTransform
Transforming core-1.12.0.aar (androidx.core:core:1.12.0) with JetifyTransform
Transforming core-1.12.0.aar (androidx.core:core:1.12.0) with ExtractAarTransform
Transforming core-1.12.0.aar (androidx.core:core:1.12.0) with AarTransform
Transforming core-1.12.0.aar (androidx.core:core:1.12.0) with JetifyTransform
Transforming core-1.12.0.aar (androidx.core:core:1.12.0) with ExtractAarTransform
Transforming core-1.12.0.aar (androidx.core:core:1.12.0) with AarTransform
Transforming core-1.12.0.aar (androidx.core:core:1.12.0) with JetifyTransform
Transforming core-1.12.0.aar (androidx.core:core:1.12.0) with ExtractAarTransform
Transforming core-1.12.0.aar (androidx.core:core:1.12.0) with AarTransform
Transforming core-1.12.0.aar (androidx.core:core:1.12.0) with JetifyTransform
Transforming core-1.12.0.aar (androidx.core:core:1.12.0) with ExtractAarTransform
Transforming core-1.12.0.aar (androidx.core:core:1.12.0) with AarTransform
Transforming lifecycle-runtime-2.6.1.aar (androidx.lifecycle:lifecycle-runtime:2.6.1) with JetifyTransform
Transforming lifecycle-runtime-2.6.1.aar (androidx.lifecycle:lifecycle-runtime:2.6.1) with ExtractAarTransform
Transforming lifecycle-runtime-2.6.1.aar (androidx.lifecycle:lifecycle-runtime:2.6.1) with AarTransform
Transforming lifecycle-viewmodel-compose-2.6.1.aar (androidx.lifecycle:lifecycle-viewmodel-compose:2.6.1) with JetifyTransform
Transforming lifecycle-viewmodel-compose-2.6.1.aar (androidx.lifecycle:lifecycle-viewmodel-compose:2.6.1) with ExtractAarTransform
Transforming lifecycle-viewmodel-compose-2.6.1.aar (androidx.lifecycle:lifecycle-viewmodel-compose:2.6.1) with AarTransform
Transforming lifecycle-viewmodel-ktx-2.6.1.aar (androidx.lifecycle:lifecycle-viewmodel-ktx:2.6.1) with JetifyTransform
Transforming lifecycle-viewmodel-ktx-2.6.1.aar (androidx.lifecycle:lifecycle-viewmodel-ktx:2.6.1) with ExtractAarTransform
Transforming lifecycle-viewmodel-ktx-2.6.1.aar (androidx.lifecycle:lifecycle-viewmodel-ktx:2.6.1) with AarTransform
Caching disabled for AarTransform: ~/.gradle/caches/transforms-3/9842a4d437c4539be4001127dcd9b65f/transformed/jetified-ui-geometry-release because:
  Build cache is disabled
Transforming runtime-saveable-release.aar (androidx.compose.runtime:runtime-saveable-android:1.6.1) with JetifyTransform
Transforming runtime-saveable-release.aar (androidx.compose.runtime:runtime-saveable-android:1.6.1) with ExtractAarTransform
Transforming runtime-saveable-release.aar (androidx.compose.runtime:runtime-saveable-android:1.6.1) with AarTransform
Transforming runtime-release.aar (androidx.compose.runtime:runtime-android:1.6.1) with JetifyTransform
Transforming runtime-release.aar (androidx.compose.runtime:runtime-android:1.6.1) with ExtractAarTransform
Transforming runtime-release.aar (androidx.compose.runtime:runtime-android:1.6.1) with AarTransform
Transforming datastore-preferences-1.0.0.aar (androidx.datastore:datastore-preferences:1.0.0) with JetifyTransform
Skipping AarTransform: ~/.gradle/caches/transforms-3/9842a4d437c4539be4001127dcd9b65f/transformed/jetified-ui-geometry-release as it is up-to-date.
Transforming datastore-preferences-1.0.0.aar (androidx.datastore:datastore-preferences:1.0.0) with ExtractAarTransform
Transforming datastore-preferences-1.0.0.aar (androidx.datastore:datastore-preferences:1.0.0) with AarTransform
Transforming datastore-1.0.0.aar (androidx.datastore:datastore:1.0.0) with JetifyTransform
Transforming datastore-1.0.0.aar (androidx.datastore:datastore:1.0.0) with ExtractAarTransform
Transforming datastore-1.0.0.aar (androidx.datastore:datastore:1.0.0) with AarTransform
Transforming room-runtime-2.5.0.aar (androidx.room:room-runtime:2.5.0) with JetifyTransform
Caching disabled for AarTransform: ~/.gradle/caches/transforms-3/d46d9e20913b2943a41edfbee6c3fc7b/transformed/jetified-ui-unit-release because:
  Build cache is disabled
Skipping AarTransform: ~/.gradle/caches/transforms-3/d46d9e20913b2943a41edfbee6c3fc7b/transformed/jetified-ui-unit-release as it is up-to-date.
Transforming room-runtime-2.5.0.aar (androidx.room:room-runtime:2.5.0) with ExtractAarTransform
Transforming room-runtime-2.5.0.aar (androidx.room:room-runtime:2.5.0) with AarTransform
Transforming documentfile-1.0.1.aar (androidx.documentfile:documentfile:1.0.1) with JetifyTransform
Transforming documentfile-1.0.1.aar (androidx.documentfile:documentfile:1.0.1) with ExtractAarTransform
Transforming documentfile-1.0.1.aar (androidx.documentfile:documentfile:1.0.1) with AarTransform
Transforming documentfile-1.0.1.aar (androidx.documentfile:documentfile:1.0.1) with JetifyTransform
Transforming documentfile-1.0.1.aar (androidx.documentfile:documentfile:1.0.1) with ExtractAarTransform
Transforming documentfile-1.0.1.aar (androidx.documentfile:documentfile:1.0.1) with AarTransform
Transforming security-crypto-1.1.0-alpha03.aar (androidx.security:security-crypto:1.1.0-alpha03) with JetifyTransform
Transforming security-crypto-1.1.0-alpha03.aar (androidx.security:security-crypto:1.1.0-alpha03) with ExtractAarTransform
Transforming security-crypto-1.1.0-alpha03.aar (androidx.security:security-crypto:1.1.0-alpha03) with AarTransform
Transforming cursoradapter-1.0.0.aar (androidx.cursoradapter:cursoradapter:1.0.0) with JetifyTransform
Transforming cursoradapter-1.0.0.aar (androidx.cursoradapter:cursoradapter:1.0.0) with ExtractAarTransform
Transforming cursoradapter-1.0.0.aar (androidx.cursoradapter:cursoradapter:1.0.0) with AarTransform
Transforming cursoradapter-1.0.0.aar (androidx.cursoradapter:cursoradapter:1.0.0) with JetifyTransform
Transforming cursoradapter-1.0.0.aar (androidx.cursoradapter:cursoradapter:1.0.0) with ExtractAarTransform
Transforming cursoradapter-1.0.0.aar (androidx.cursoradapter:cursoradapter:1.0.0) with AarTransform
Transforming cardview-1.0.0.aar (androidx.cardview:cardview:1.0.0) with JetifyTransform
Transforming cardview-1.0.0.aar (androidx.cardview:cardview:1.0.0) with ExtractAarTransform
Transforming cardview-1.0.0.aar (androidx.cardview:cardview:1.0.0) with AarTransform
Transforming gifdecoder-4.11.0.aar (com.github.bumptech.glide:gifdecoder:4.11.0) with JetifyTransform
Transforming gifdecoder-4.11.0.aar (com.github.bumptech.glide:gifdecoder:4.11.0) with ExtractAarTransform
Transforming gifdecoder-4.11.0.aar (com.github.bumptech.glide:gifdecoder:4.11.0) with AarTransform
Transforming interpolator-1.0.0.aar (androidx.interpolator:interpolator:1.0.0) with JetifyTransform
Transforming interpolator-1.0.0.aar (androidx.interpolator:interpolator:1.0.0) with ExtractAarTransform
Transforming interpolator-1.0.0.aar (androidx.interpolator:interpolator:1.0.0) with AarTransform
Transforming interpolator-1.0.0.aar (androidx.interpolator:interpolator:1.0.0) with JetifyTransform
Transforming interpolator-1.0.0.aar (androidx.interpolator:interpolator:1.0.0) with ExtractAarTransform
Transforming interpolator-1.0.0.aar (androidx.interpolator:interpolator:1.0.0) with AarTransform
Transforming interpolator-1.0.0.aar (androidx.interpolator:interpolator:1.0.0) with JetifyTransform
Transforming interpolator-1.0.0.aar (androidx.interpolator:interpolator:1.0.0) with ExtractAarTransform
Transforming interpolator-1.0.0.aar (androidx.interpolator:interpolator:1.0.0) with AarTransform
Transforming interpolator-1.0.0.aar (androidx.interpolator:interpolator:1.0.0) with JetifyTransform
Transforming interpolator-1.0.0.aar (androidx.interpolator:interpolator:1.0.0) with ExtractAarTransform
Transforming interpolator-1.0.0.aar (androidx.interpolator:interpolator:1.0.0) with AarTransform
Transforming interpolator-1.0.0.aar (androidx.interpolator:interpolator:1.0.0) with JetifyTransform
Caching disabled for AarTransform: ~/.gradle/caches/transforms-3/3521de6b8848f9a8e2e8bf5a2173f78b/transformed/jetified-ui-util-release because:
  Build cache is disabled
Skipping AarTransform: ~/.gradle/caches/transforms-3/3521de6b8848f9a8e2e8bf5a2173f78b/transformed/jetified-ui-util-release as it is up-to-date.
Caching disabled for AarTransform: ~/.gradle/caches/transforms-3/84c5ee758d54ed8d39985183b5170d2f/transformed/jetified-ui-text-release because:
  Build cache is disabled
Transforming interpolator-1.0.0.aar (androidx.interpolator:interpolator:1.0.0) with ExtractAarTransform
Skipping AarTransform: ~/.gradle/caches/transforms-3/84c5ee758d54ed8d39985183b5170d2f/transformed/jetified-ui-text-release as it is up-to-date.
Transforming interpolator-1.0.0.aar (androidx.interpolator:interpolator:1.0.0) with AarTransform
Transforming core-runtime-2.2.0.aar (androidx.arch.core:core-runtime:2.2.0) with JetifyTransform
Transforming core-runtime-2.2.0.aar (androidx.arch.core:core-runtime:2.2.0) with ExtractAarTransform
Transforming core-runtime-2.2.0.aar (androidx.arch.core:core-runtime:2.2.0) with AarTransform
Transforming profileinstaller-1.3.0.aar (androidx.profileinstaller:profileinstaller:1.3.0) with JetifyTransform
Transforming profileinstaller-1.3.0.aar (androidx.profileinstaller:profileinstaller:1.3.0) with ExtractAarTransform
Transforming profileinstaller-1.3.0.aar (androidx.profileinstaller:profileinstaller:1.3.0) with AarTransform
Transforming sqlite-framework-2.3.0.aar (androidx.sqlite:sqlite-framework:2.3.0) with JetifyTransform
Transforming sqlite-framework-2.3.0.aar (androidx.sqlite:sqlite-framework:2.3.0) with ExtractAarTransform
Transforming sqlite-framework-2.3.0.aar (androidx.sqlite:sqlite-framework:2.3.0) with AarTransform
Transforming versionedparcelable-1.1.1.aar (androidx.versionedparcelable:versionedparcelable:1.1.1) with JetifyTransform
Transforming versionedparcelable-1.1.1.aar (androidx.versionedparcelable:versionedparcelable:1.1.1) with ExtractAarTransform
Transforming versionedparcelable-1.1.1.aar (androidx.versionedparcelable:versionedparcelable:1.1.1) with AarTransform
Transforming startup-runtime-1.1.1.aar (androidx.startup:startup-runtime:1.1.1) with JetifyTransform
Transforming startup-runtime-1.1.1.aar (androidx.startup:startup-runtime:1.1.1) with ExtractAarTransform
Transforming startup-runtime-1.1.1.aar (androidx.startup:startup-runtime:1.1.1) with AarTransform
Transforming exifinterface-1.3.3.aar (androidx.exifinterface:exifinterface:1.3.3) with JetifyTransform
Transforming exifinterface-1.3.3.aar (androidx.exifinterface:exifinterface:1.3.3) with ExtractAarTransform
Transforming exifinterface-1.3.3.aar (androidx.exifinterface:exifinterface:1.3.3) with AarTransform
Transforming sqlite-2.3.0.aar (androidx.sqlite:sqlite:2.3.0) with JetifyTransform
Transforming sqlite-2.3.0.aar (androidx.sqlite:sqlite:2.3.0) with ExtractAarTransform
Transforming sqlite-2.3.0.aar (androidx.sqlite:sqlite:2.3.0) with AarTransform
Transforming tracing-1.0.0.aar (androidx.tracing:tracing:1.0.0) with JetifyTransform
Transforming tracing-1.0.0.aar (androidx.tracing:tracing:1.0.0) with ExtractAarTransform
Transforming tracing-1.0.0.aar (androidx.tracing:tracing:1.0.0) with AarTransform
Transforming localbroadcastmanager-1.0.0.aar (androidx.localbroadcastmanager:localbroadcastmanager:1.0.0) with JetifyTransform
Transforming localbroadcastmanager-1.0.0.aar (androidx.localbroadcastmanager:localbroadcastmanager:1.0.0) with ExtractAarTransform
Transforming localbroadcastmanager-1.0.0.aar (androidx.localbroadcastmanager:localbroadcastmanager:1.0.0) with AarTransform
Transforming print-1.0.0.aar (androidx.print:print:1.0.0) with JetifyTransform
Transforming print-1.0.0.aar (androidx.print:print:1.0.0) with ExtractAarTransform
Transforming print-1.0.0.aar (androidx.print:print:1.0.0) with AarTransform
Transforming annotation-experimental-1.4.0.aar (androidx.annotation:annotation-experimental:1.4.0) with JetifyTransform
Transforming annotation-experimental-1.4.0.aar (androidx.annotation:annotation-experimental:1.4.0) with ExtractAarTransform
Transforming annotation-experimental-1.4.0.aar (androidx.annotation:annotation-experimental:1.4.0) with AarTransform
Transforming android-2.5.0.aar (com.yubico.yubikit:android:2.5.0) with JetifyTransform
Transforming android-2.5.0.aar (com.yubico.yubikit:android:2.5.0) with ExtractAarTransform
Transforming android-2.5.0.aar (com.yubico.yubikit:android:2.5.0) with AarTransform
Caching disabled for AarTransform: ~/.gradle/caches/transforms-3/7b45d49ace10fab82120de3e53646a9a/transformed/jetified-ui-graphics-release because:
  Build cache is disabled
Skipping AarTransform: ~/.gradle/caches/transforms-3/7b45d49ace10fab82120de3e53646a9a/transformed/jetified-ui-graphics-release as it is up-to-date.
Caching disabled for AarTransform: ~/.gradle/caches/transforms-3/7d4c28caa7e0fb3fe005a676364c2608/transformed/jetified-ui-tooling-preview-release because:
  Build cache is disabled
Skipping AarTransform: ~/.gradle/caches/transforms-3/7d4c28caa7e0fb3fe005a676364c2608/transformed/jetified-ui-tooling-preview-release as it is up-to-date.
Caching disabled for AarTransform: ~/.gradle/caches/transforms-3/732bf3fcca27485691548d213a69ce32/transformed/jetified-ui-tooling-release because:
  Build cache is disabled
Skipping AarTransform: ~/.gradle/caches/transforms-3/732bf3fcca27485691548d213a69ce32/transformed/jetified-ui-tooling-release as it is up-to-date.
Caching disabled for AarTransform: ~/.gradle/caches/transforms-3/042e3e457431c3578cc10e80ca0e5c92/transformed/jetified-ui-test-manifest-1.6.1 because:
  Build cache is disabled
Skipping AarTransform: ~/.gradle/caches/transforms-3/042e3e457431c3578cc10e80ca0e5c92/transformed/jetified-ui-test-manifest-1.6.1 as it is up-to-date.
Caching disabled for AarTransform: ~/.gradle/caches/transforms-3/f729480fa7330d4bf857441478e9cd70/transformed/jetified-activity-ktx-1.7.1 because:
  Build cache is disabled
Skipping AarTransform: ~/.gradle/caches/transforms-3/f729480fa7330d4bf857441478e9cd70/transformed/jetified-activity-ktx-1.7.1 as it is up-to-date.
Caching disabled for AarTransform: ~/.gradle/caches/transforms-3/ab0296bff53da0f4182c704c11538309/transformed/jetified-activity-compose-1.7.1 because:
  Build cache is disabled
Skipping AarTransform: ~/.gradle/caches/transforms-3/ab0296bff53da0f4182c704c11538309/transformed/jetified-activity-compose-1.7.1 as it is up-to-date.
Caching disabled for AarTransform: ~/.gradle/caches/transforms-3/c2b1766b366bff151ea9bc1ce65f2b1b/transformed/jetified-activity-1.7.1 because:
  Build cache is disabled
Skipping AarTransform: ~/.gradle/caches/transforms-3/c2b1766b366bff151ea9bc1ce65f2b1b/transformed/jetified-activity-1.7.1 as it is up-to-date.
Caching disabled for AarTransform: ~/.gradle/caches/transforms-3/5fd0882d1d7d05fb40249dc663fa1f47/transformed/jetified-savedstate-ktx-1.2.1 because:
  Build cache is disabled
Skipping AarTransform: ~/.gradle/caches/transforms-3/5fd0882d1d7d05fb40249dc663fa1f47/transformed/jetified-savedstate-ktx-1.2.1 as it is up-to-date.
Caching disabled for AarTransform: ~/.gradle/caches/transforms-3/52104321998f44c84e9432a9e863a757/transformed/work-runtime-2.8.1 because:
  Build cache is disabled
Skipping AarTransform: ~/.gradle/caches/transforms-3/52104321998f44c84e9432a9e863a757/transformed/work-runtime-2.8.1 as it is up-to-date.
Caching disabled for AarTransform: ~/.gradle/caches/transforms-3/5a6f203f5e7fed813839d1d9e35f7205/transformed/jetified-ui-release because:
  Build cache is disabled
Skipping AarTransform: ~/.gradle/caches/transforms-3/5a6f203f5e7fed813839d1d9e35f7205/transformed/jetified-ui-release as it is up-to-date.
Caching disabled for AarTransform: ~/.gradle/caches/transforms-3/2e6e16267dc010e44b77ac72a21bd80d/transformed/jetified-savedstate-1.2.1 because:
  Build cache is disabled
Skipping AarTransform: ~/.gradle/caches/transforms-3/2e6e16267dc010e44b77ac72a21bd80d/transformed/jetified-savedstate-1.2.1 as it is up-to-date.
Caching disabled for AarTransform: ~/.gradle/caches/transforms-3/7d4a3ead9931ebc23018330c682f58e1/transformed/jetified-emoji2-views-helper-1.3.0 because:
  Build cache is disabled
Caching disabled for AarTransform: ~/.gradle/caches/transforms-3/cbe3b41e5ddfed288a93ecb397f38d58/transformed/jetified-emoji2-1.3.0 because:
  Build cache is disabled
Skipping AarTransform: ~/.gradle/caches/transforms-3/cbe3b41e5ddfed288a93ecb397f38d58/transformed/jetified-emoji2-1.3.0 as it is up-to-date.
Caching disabled for AarTransform: ~/.gradle/caches/transforms-3/1a1c4affc70b8f7d95ddcadfbd2a35e3/transformed/jetified-lifecycle-process-2.6.1 because:
  Build cache is disabled
Skipping AarTransform: ~/.gradle/caches/transforms-3/1a1c4affc70b8f7d95ddcadfbd2a35e3/transformed/jetified-lifecycle-process-2.6.1 as it is up-to-date.
Skipping AarTransform: ~/.gradle/caches/transforms-3/7d4a3ead9931ebc23018330c682f58e1/transformed/jetified-emoji2-views-helper-1.3.0 as it is up-to-date.
Caching disabled for AarTransform: ~/.gradle/caches/transforms-3/5f61254bc809342fde7e4d99b9dc0bd6/transformed/jetified-lifecycle-service-2.6.1 because:
  Build cache is disabled
Skipping AarTransform: ~/.gradle/caches/transforms-3/5f61254bc809342fde7e4d99b9dc0bd6/transformed/jetified-lifecycle-service-2.6.1 as it is up-to-date.
Caching disabled for AarTransform: ~/.gradle/caches/transforms-3/4cdb49b0d47ca31fbe8f7e71a27210c2/transformed/lifecycle-livedata-2.6.1 because:
  Build cache is disabled
Skipping AarTransform: ~/.gradle/caches/transforms-3/4cdb49b0d47ca31fbe8f7e71a27210c2/transformed/lifecycle-livedata-2.6.1 as it is up-to-date.
Caching disabled for AarTransform: ~/.gradle/caches/transforms-3/98b62496db80c5f7334c63c8ef1594c6/transformed/lifecycle-livedata-core-2.6.1 because:
  Build cache is disabled
Skipping AarTransform: ~/.gradle/caches/transforms-3/98b62496db80c5f7334c63c8ef1594c6/transformed/lifecycle-livedata-core-2.6.1 as it is up-to-date.
Caching disabled for AarTransform: ~/.gradle/caches/transforms-3/6e6fcd315d2914af4ad2cbb4faca5a8d/transformed/lifecycle-viewmodel-2.6.1 because:
  Build cache is disabled
Skipping AarTransform: ~/.gradle/caches/transforms-3/6e6fcd315d2914af4ad2cbb4faca5a8d/transformed/lifecycle-viewmodel-2.6.1 as it is up-to-date.
Caching disabled for AarTransform: ~/.gradle/caches/transforms-3/2b5b59ece6552c208019a847c09011bf/transformed/recyclerview-1.3.0 because:
  Build cache is disabled
Skipping AarTransform: ~/.gradle/caches/transforms-3/2b5b59ece6552c208019a847c09011bf/transformed/recyclerview-1.3.0 as it is up-to-date.
Caching disabled for AarTransform: ~/.gradle/caches/transforms-3/ea37f1cdfe70b530b14333d13f4dfefd/transformed/jetified-lifecycle-runtime-ktx-2.6.1 because:
  Build cache is disabled
Skipping AarTransform: ~/.gradle/caches/transforms-3/ea37f1cdfe70b530b14333d13f4dfefd/transformed/jetified-lifecycle-runtime-ktx-2.6.1 as it is up-to-date.
Caching disabled for AarTransform: ~/.gradle/caches/transforms-3/b1c2f00c35df7bf87ac640531525b7b2/transformed/jetified-lifecycle-viewmodel-savedstate-2.6.1 because:
  Build cache is disabled
Skipping AarTransform: ~/.gradle/caches/transforms-3/b1c2f00c35df7bf87ac640531525b7b2/transformed/jetified-lifecycle-viewmodel-savedstate-2.6.1 as it is up-to-date.
Caching disabled for AarTransform: ~/.gradle/caches/transforms-3/b0f6f3bf4ed4099b387a119d6361ee2c/transformed/coordinatorlayout-1.1.0 because:
  Build cache is disabled
Caching disabled for AarTransform: ~/.gradle/caches/transforms-3/4091ae1981d7ed60785fe07ae06dd610/transformed/drawerlayout-1.0.0 because:
  Build cache is disabled
Skipping AarTransform: ~/.gradle/caches/transforms-3/b0f6f3bf4ed4099b387a119d6361ee2c/transformed/coordinatorlayout-1.1.0 as it is up-to-date.
Skipping AarTransform: ~/.gradle/caches/transforms-3/4091ae1981d7ed60785fe07ae06dd610/transformed/drawerlayout-1.0.0 as it is up-to-date.
Caching disabled for AarTransform: ~/.gradle/caches/transforms-3/c9ac48e9f4f08ba22420df3489b43c0b/transformed/slidingpanelayout-1.0.0 because:
  Build cache is disabled
Skipping AarTransform: ~/.gradle/caches/transforms-3/c9ac48e9f4f08ba22420df3489b43c0b/transformed/slidingpanelayout-1.0.0 as it is up-to-date.
Caching disabled for AarTransform: ~/.gradle/caches/transforms-3/13c53372c38558e7012eae9655f785d8/transformed/viewpager-1.0.0 because:
  Build cache is disabled
Skipping AarTransform: ~/.gradle/caches/transforms-3/13c53372c38558e7012eae9655f785d8/transformed/viewpager-1.0.0 as it is up-to-date.
Caching disabled for AarTransform: ~/.gradle/caches/transforms-3/674afedd4adc863db6e27fb0dc6cd5f2/transformed/customview-1.0.0 because:
  Build cache is disabled
Skipping AarTransform: ~/.gradle/caches/transforms-3/674afedd4adc863db6e27fb0dc6cd5f2/transformed/customview-1.0.0 as it is up-to-date.
Caching disabled for AarTransform: ~/.gradle/caches/transforms-3/9b5817c3a92d7366c3231b0a6adc6bdc/transformed/vectordrawable-1.1.0 because:
  Build cache is disabled
Caching disabled for AarTransform: ~/.gradle/caches/transforms-3/7632eae8281301dfe881ac645ed5b016/transformed/transition-1.2.0 because:
  Build cache is disabled
Skipping AarTransform: ~/.gradle/caches/transforms-3/7632eae8281301dfe881ac645ed5b016/transformed/transition-1.2.0 as it is up-to-date.
Skipping AarTransform: ~/.gradle/caches/transforms-3/9b5817c3a92d7366c3231b0a6adc6bdc/transformed/vectordrawable-1.1.0 as it is up-to-date.
Caching disabled for AarTransform: ~/.gradle/caches/transforms-3/118a0cae2c4b44cec6097a60cd253593/transformed/vectordrawable-animated-1.1.0 because:
  Build cache is disabled
Caching disabled for AarTransform: ~/.gradle/caches/transforms-3/c168bdfce0b852075277c25af448ff71/transformed/jetified-window-1.0.0 because:
  Build cache is disabled
Skipping AarTransform: ~/.gradle/caches/transforms-3/118a0cae2c4b44cec6097a60cd253593/transformed/vectordrawable-animated-1.1.0 as it is up-to-date.
Skipping AarTransform: ~/.gradle/caches/transforms-3/c168bdfce0b852075277c25af448ff71/transformed/jetified-window-1.0.0 as it is up-to-date.
Caching disabled for AarTransform: ~/.gradle/caches/transforms-3/580ae2a1aa1989b013eb39607617f57b/transformed/jetified-autofill-1.0.0 because:
  Build cache is disabled
Skipping AarTransform: ~/.gradle/caches/transforms-3/580ae2a1aa1989b013eb39607617f57b/transformed/jetified-autofill-1.0.0 as it is up-to-date.
Caching disabled for AarTransform: ~/.gradle/caches/transforms-3/12ad9292926686a6f009320535c38240/transformed/swiperefreshlayout-1.0.0 because:
  Build cache is disabled
Skipping AarTransform: ~/.gradle/caches/transforms-3/12ad9292926686a6f009320535c38240/transformed/swiperefreshlayout-1.0.0 as it is up-to-date.
Caching disabled for AarTransform: ~/.gradle/caches/transforms-3/c1abece61dae1a21d2f3592e715f7295/transformed/asynclayoutinflater-1.0.0 because:
  Build cache is disabled
Skipping AarTransform: ~/.gradle/caches/transforms-3/c1abece61dae1a21d2f3592e715f7295/transformed/asynclayoutinflater-1.0.0 as it is up-to-date.
Caching disabled for AarTransform: ~/.gradle/caches/transforms-3/12a83c271ec221d1737fdd040cc60012/transformed/jetified-customview-poolingcontainer-1.0.0 because:
  Build cache is disabled
Skipping AarTransform: ~/.gradle/caches/transforms-3/12a83c271ec221d1737fdd040cc60012/transformed/jetified-customview-poolingcontainer-1.0.0 as it is up-to-date.
Caching disabled for AarTransform: ~/.gradle/caches/transforms-3/cceb94d81e4d8c63d43b8cad4df517ed/transformed/core-1.12.0 because:
  Build cache is disabled
Skipping AarTransform: ~/.gradle/caches/transforms-3/cceb94d81e4d8c63d43b8cad4df517ed/transformed/core-1.12.0 as it is up-to-date.
Caching disabled for AarTransform: ~/.gradle/caches/transforms-3/949fc41410247092c134eb3bd94f32ce/transformed/jetified-core-ktx-1.12.0 because:
  Build cache is disabled
Skipping AarTransform: ~/.gradle/caches/transforms-3/949fc41410247092c134eb3bd94f32ce/transformed/jetified-core-ktx-1.12.0 as it is up-to-date.
Caching disabled for AarTransform: ~/.gradle/caches/transforms-3/b000c700754713dc8e2803f1edacb360/transformed/lifecycle-runtime-2.6.1 because:
  Build cache is disabled
Skipping AarTransform: ~/.gradle/caches/transforms-3/b000c700754713dc8e2803f1edacb360/transformed/lifecycle-runtime-2.6.1 as it is up-to-date.
Caching disabled for AarTransform: ~/.gradle/caches/transforms-3/eb7450c57b306cbb82121c0806cab720/transformed/jetified-lifecycle-viewmodel-compose-2.6.1 because:
  Build cache is disabled
Skipping AarTransform: ~/.gradle/caches/transforms-3/eb7450c57b306cbb82121c0806cab720/transformed/jetified-lifecycle-viewmodel-compose-2.6.1 as it is up-to-date.
Caching disabled for AarTransform: ~/.gradle/caches/transforms-3/e9713df1858b49ad0683e30339f1fcbf/transformed/jetified-lifecycle-viewmodel-ktx-2.6.1 because:
  Build cache is disabled
Skipping AarTransform: ~/.gradle/caches/transforms-3/e9713df1858b49ad0683e30339f1fcbf/transformed/jetified-lifecycle-viewmodel-ktx-2.6.1 as it is up-to-date.
Caching disabled for AarTransform: ~/.gradle/caches/transforms-3/7f1e093fa79270458ef3640fc4e8a839/transformed/jetified-runtime-saveable-release because:
  Build cache is disabled
Skipping AarTransform: ~/.gradle/caches/transforms-3/7f1e093fa79270458ef3640fc4e8a839/transformed/jetified-runtime-saveable-release as it is up-to-date.
Caching disabled for AarTransform: ~/.gradle/caches/transforms-3/a625bd74c274bd3cfbd1753b62cf8fd3/transformed/jetified-runtime-release because:
  Build cache is disabled
Skipping AarTransform: ~/.gradle/caches/transforms-3/a625bd74c274bd3cfbd1753b62cf8fd3/transformed/jetified-runtime-release as it is up-to-date.
Caching disabled for AarTransform: ~/.gradle/caches/transforms-3/9b48c0ff091d6ce817371e99ad820b83/transformed/jetified-datastore-preferences-1.0.0 because:
  Build cache is disabled
Skipping AarTransform: ~/.gradle/caches/transforms-3/9b48c0ff091d6ce817371e99ad820b83/transformed/jetified-datastore-preferences-1.0.0 as it is up-to-date.
Caching disabled for AarTransform: ~/.gradle/caches/transforms-3/de6a55e483f993ea7168e29fbd28f33c/transformed/jetified-datastore-1.0.0 because:
  Build cache is disabled
Skipping AarTransform: ~/.gradle/caches/transforms-3/de6a55e483f993ea7168e29fbd28f33c/transformed/jetified-datastore-1.0.0 as it is up-to-date.
Caching disabled for AarTransform: ~/.gradle/caches/transforms-3/e20053a0a5aacac75533bfb9655cb504/transformed/room-runtime-2.5.0 because:
  Build cache is disabled
Skipping AarTransform: ~/.gradle/caches/transforms-3/e20053a0a5aacac75533bfb9655cb504/transformed/room-runtime-2.5.0 as it is up-to-date.
Caching disabled for AarTransform: ~/.gradle/caches/transforms-3/b2a1521e4152e0b34a7680a2d8b07346/transformed/documentfile-1.0.1 because:
  Build cache is disabled
Skipping AarTransform: ~/.gradle/caches/transforms-3/b2a1521e4152e0b34a7680a2d8b07346/transformed/documentfile-1.0.1 as it is up-to-date.
Caching disabled for AarTransform: ~/.gradle/caches/transforms-3/12300820f0d60b288a19d7ebf5066de8/transformed/cursoradapter-1.0.0 because:
  Build cache is disabled
Skipping AarTransform: ~/.gradle/caches/transforms-3/12300820f0d60b288a19d7ebf5066de8/transformed/cursoradapter-1.0.0 as it is up-to-date.
Caching disabled for AarTransform: ~/.gradle/caches/transforms-3/56bd582384ccdc7202015da1d0cac46f/transformed/jetified-security-crypto-1.1.0-alpha03 because:
  Build cache is disabled
Skipping AarTransform: ~/.gradle/caches/transforms-3/56bd582384ccdc7202015da1d0cac46f/transformed/jetified-security-crypto-1.1.0-alpha03 as it is up-to-date.
Caching disabled for AarTransform: ~/.gradle/caches/transforms-3/dcc90df5e29beb76e837b70cfc8a1b3a/transformed/cardview-1.0.0 because:
  Build cache is disabled
Skipping AarTransform: ~/.gradle/caches/transforms-3/dcc90df5e29beb76e837b70cfc8a1b3a/transformed/cardview-1.0.0 as it is up-to-date.
Caching disabled for AarTransform: ~/.gradle/caches/transforms-3/137175b3ff397a3ca8c7f030a9dc1e4b/transformed/jetified-gifdecoder-4.11.0 because:
  Build cache is disabled
Skipping AarTransform: ~/.gradle/caches/transforms-3/137175b3ff397a3ca8c7f030a9dc1e4b/transformed/jetified-gifdecoder-4.11.0 as it is up-to-date.
Caching disabled for AarTransform: ~/.gradle/caches/transforms-3/d41826fca4fd43026506b6eedd8999db/transformed/interpolator-1.0.0 because:
  Build cache is disabled
Skipping AarTransform: ~/.gradle/caches/transforms-3/d41826fca4fd43026506b6eedd8999db/transformed/interpolator-1.0.0 as it is up-to-date.
Caching disabled for AarTransform: ~/.gradle/caches/transforms-3/42d42e9fdc10b3a8efed0d75b71fafe6/transformed/core-runtime-2.2.0 because:
  Build cache is disabled
Caching disabled for AarTransform: ~/.gradle/caches/transforms-3/6121addbf7f66609874aebfb23638732/transformed/jetified-profileinstaller-1.3.0 because:
  Build cache is disabled
Skipping AarTransform: ~/.gradle/caches/transforms-3/6121addbf7f66609874aebfb23638732/transformed/jetified-profileinstaller-1.3.0 as it is up-to-date.
Skipping AarTransform: ~/.gradle/caches/transforms-3/42d42e9fdc10b3a8efed0d75b71fafe6/transformed/core-runtime-2.2.0 as it is up-to-date.
Caching disabled for AarTransform: ~/.gradle/caches/transforms-3/6b41cd243c6fb9e77bc51f77916faca1/transformed/sqlite-framework-2.3.0 because:
  Build cache is disabled
Skipping AarTransform: ~/.gradle/caches/transforms-3/6b41cd243c6fb9e77bc51f77916faca1/transformed/sqlite-framework-2.3.0 as it is up-to-date.
Caching disabled for AarTransform: ~/.gradle/caches/transforms-3/155663d16d0a0a2fe7a7ba743223ac03/transformed/jetified-startup-runtime-1.1.1 because:
  Build cache is disabled
Skipping AarTransform: ~/.gradle/caches/transforms-3/155663d16d0a0a2fe7a7ba743223ac03/transformed/jetified-startup-runtime-1.1.1 as it is up-to-date.
Caching disabled for AarTransform: ~/.gradle/caches/transforms-3/03f7efd144c869dc5e7d802beb82fc16/transformed/versionedparcelable-1.1.1 because:
  Build cache is disabled
Caching disabled for AarTransform: ~/.gradle/caches/transforms-3/48ceb8176866b80a099305b2f41fd291/transformed/exifinterface-1.3.3 because:
  Build cache is disabled
Skipping AarTransform: ~/.gradle/caches/transforms-3/03f7efd144c869dc5e7d802beb82fc16/transformed/versionedparcelable-1.1.1 as it is up-to-date.
Skipping AarTransform: ~/.gradle/caches/transforms-3/48ceb8176866b80a099305b2f41fd291/transformed/exifinterface-1.3.3 as it is up-to-date.
Caching disabled for AarTransform: ~/.gradle/caches/transforms-3/b60f11540f0a45297b86659eb77708d8/transformed/localbroadcastmanager-1.0.0 because:
  Build cache is disabled
Skipping AarTransform: ~/.gradle/caches/transforms-3/b60f11540f0a45297b86659eb77708d8/transformed/localbroadcastmanager-1.0.0 as it is up-to-date.
Caching disabled for AarTransform: ~/.gradle/caches/transforms-3/07890a703d0cf6d7a86bcc92f59f3175/transformed/print-1.0.0 because:
  Build cache is disabled
Skipping AarTransform: ~/.gradle/caches/transforms-3/07890a703d0cf6d7a86bcc92f59f3175/transformed/print-1.0.0 as it is up-to-date.
Caching disabled for AarTransform: ~/.gradle/caches/transforms-3/3bc6d5d8ff448b4e13035810680677de/transformed/jetified-tracing-1.0.0 because:
  Build cache is disabled
Caching disabled for AarTransform: ~/.gradle/caches/transforms-3/72dad178ce6ab4f7001753075b0e37f5/transformed/sqlite-2.3.0 because:
  Build cache is disabled
Skipping AarTransform: ~/.gradle/caches/transforms-3/72dad178ce6ab4f7001753075b0e37f5/transformed/sqlite-2.3.0 as it is up-to-date.
Skipping AarTransform: ~/.gradle/caches/transforms-3/3bc6d5d8ff448b4e13035810680677de/transformed/jetified-tracing-1.0.0 as it is up-to-date.
Caching disabled for AarTransform: ~/.gradle/caches/transforms-3/bba89aa6501c852a9ecaced807b153b4/transformed/jetified-annotation-experimental-1.4.0 because:
  Build cache is disabled
Skipping AarTransform: ~/.gradle/caches/transforms-3/bba89aa6501c852a9ecaced807b153b4/transformed/jetified-annotation-experimental-1.4.0 as it is up-to-date.
Caching disabled for AarTransform: ~/.gradle/caches/transforms-3/66f77465e979a17d511311b5910b38ae/transformed/jetified-play-services-auth-20.7.0 because:
  Build cache is disabled
Skipping AarTransform: ~/.gradle/caches/transforms-3/66f77465e979a17d511311b5910b38ae/transformed/jetified-play-services-auth-20.7.0 as it is up-to-date.
Caching disabled for AarTransform: ~/.gradle/caches/transforms-3/8afce72244a911c0605c3d6d7e95dc8c/transformed/jetified-android-2.5.0 because:
  Build cache is disabled
Skipping AarTransform: ~/.gradle/caches/transforms-3/8afce72244a911c0605c3d6d7e95dc8c/transformed/jetified-android-2.5.0 as it is up-to-date.
Caching disabled for AarTransform: ~/.gradle/caches/transforms-3/a7ad36f58a6749e591d88a51cd5b7b5c/transformed/jetified-play-services-base-18.0.1 because:
  Build cache is disabled
Skipping AarTransform: ~/.gradle/caches/transforms-3/a7ad36f58a6749e591d88a51cd5b7b5c/transformed/jetified-play-services-base-18.0.1 as it is up-to-date.
Caching disabled for AarTransform: ~/.gradle/caches/transforms-3/92c29c4b255532babecd42314d8fdc89/transformed/jetified-play-services-auth-base-18.0.4 because:
  Build cache is disabled
Skipping AarTransform: ~/.gradle/caches/transforms-3/92c29c4b255532babecd42314d8fdc89/transformed/jetified-play-services-auth-base-18.0.4 as it is up-to-date.
Caching disabled for AarTransform: ~/.gradle/caches/transforms-3/e05b1ce225b2f306a2f1bcaa6cc4bb82/transformed/appcompat-1.6.1 because:
  Build cache is disabled
Skipping AarTransform: ~/.gradle/caches/transforms-3/e05b1ce225b2f306a2f1bcaa6cc4bb82/transformed/appcompat-1.6.1 as it is up-to-date.
Caching disabled for AarTransform: ~/.gradle/caches/transforms-3/9b17bc7c93fbf09b155b618530a901a6/transformed/jetified-viewpager2-1.0.0 because:
  Build cache is disabled
Caching disabled for AarTransform: ~/.gradle/caches/transforms-3/90ed19349c73e3a702f875e3ee32cf3e/transformed/jetified-play-services-auth-api-phone-18.0.1 because:
  Build cache is disabled
Skipping AarTransform: ~/.gradle/caches/transforms-3/90ed19349c73e3a702f875e3ee32cf3e/transformed/jetified-play-services-auth-api-phone-18.0.1 as it is up-to-date.
Caching disabled for AarTransform: ~/.gradle/caches/transforms-3/1cae99ea7ffe8d6629ea2bcf1aca546c/transformed/work-runtime-ktx-2.8.1 because:
  Build cache is disabled
Skipping AarTransform: ~/.gradle/caches/transforms-3/1cae99ea7ffe8d6629ea2bcf1aca546c/transformed/work-runtime-ktx-2.8.1 as it is up-to-date.
Skipping AarTransform: ~/.gradle/caches/transforms-3/9b17bc7c93fbf09b155b618530a901a6/transformed/jetified-viewpager2-1.0.0 as it is up-to-date.
Caching disabled for AarTransform: ~/.gradle/caches/transforms-3/061a33163253ca2b20f29868a72c12dc/transformed/jetified-material3-release because:
  Build cache is disabled
Skipping AarTransform: ~/.gradle/caches/transforms-3/061a33163253ca2b20f29868a72c12dc/transformed/jetified-material3-release as it is up-to-date.
Caching disabled for AarTransform: ~/.gradle/caches/transforms-3/8feeef3945a1f3bf72a7656b99debed4/transformed/jetified-glide-4.11.0 because:
  Build cache is disabled
Skipping AarTransform: ~/.gradle/caches/transforms-3/8feeef3945a1f3bf72a7656b99debed4/transformed/jetified-glide-4.11.0 as it is up-to-date.
Caching disabled for AarTransform: ~/.gradle/caches/transforms-3/bf1a1f31d3fd291141350a5f95f71ac2/transformed/navigation-runtime-2.7.0 because:
  Build cache is disabled
Skipping AarTransform: ~/.gradle/caches/transforms-3/bf1a1f31d3fd291141350a5f95f71ac2/transformed/navigation-runtime-2.7.0 as it is up-to-date.
Caching disabled for AarTransform: ~/.gradle/caches/transforms-3/66a760f6e63c09010c25a975f2158b0f/transformed/navigation-runtime-ktx-2.7.0 because:
  Build cache is disabled
Skipping AarTransform: ~/.gradle/caches/transforms-3/66a760f6e63c09010c25a975f2158b0f/transformed/navigation-runtime-ktx-2.7.0 as it is up-to-date.
Caching disabled for AarTransform: ~/.gradle/caches/transforms-3/2255a581edd9e694cdd5fc201e351b32/transformed/jetified-navigation-compose-2.7.0 because:
  Build cache is disabled
Skipping AarTransform: ~/.gradle/caches/transforms-3/2255a581edd9e694cdd5fc201e351b32/transformed/jetified-navigation-compose-2.7.0 as it is up-to-date.
Caching disabled for AarTransform: ~/.gradle/caches/transforms-3/9e19dd4eddf1526c596bfc7fac48dace/transformed/material-1.2.0 because:
  Build cache is disabled
Skipping AarTransform: ~/.gradle/caches/transforms-3/9e19dd4eddf1526c596bfc7fac48dace/transformed/material-1.2.0 as it is up-to-date.
Caching disabled for AarTransform: ~/.gradle/caches/transforms-3/b6095f41f72e5a29b902f1ef21484dd1/transformed/jetified-material3-window-size-class-release because:
  Build cache is disabled
Skipping AarTransform: ~/.gradle/caches/transforms-3/b6095f41f72e5a29b902f1ef21484dd1/transformed/jetified-material3-window-size-class-release as it is up-to-date.
Caching disabled for AarTransform: ~/.gradle/caches/transforms-3/a4a989285698a7d4539c76e75f39e9fb/transformed/jetified-appcompat-resources-1.6.1 because:
  Build cache is disabled
Skipping AarTransform: ~/.gradle/caches/transforms-3/a4a989285698a7d4539c76e75f39e9fb/transformed/jetified-appcompat-resources-1.6.1 as it is up-to-date.
Caching disabled for AarTransform: ~/.gradle/caches/transforms-3/db0a4a75452c37002f2b2876252588df/transformed/navigation-common-2.7.0 because:
  Build cache is disabled
Skipping AarTransform: ~/.gradle/caches/transforms-3/db0a4a75452c37002f2b2876252588df/transformed/navigation-common-2.7.0 as it is up-to-date.
Caching disabled for AarTransform: ~/.gradle/caches/transforms-3/1d16f4d928f2f2d491888191b97517fc/transformed/jetified-googleid-1.1.0 because:
  Build cache is disabled
Skipping AarTransform: ~/.gradle/caches/transforms-3/1d16f4d928f2f2d491888191b97517fc/transformed/jetified-googleid-1.1.0 as it is up-to-date.
Caching disabled for AarTransform: ~/.gradle/caches/transforms-3/7ff85eb923829d3039e7d6a37994c2be/transformed/jetified-credentials-play-services-auth-1.2.2 because:
  Build cache is disabled
Skipping AarTransform: ~/.gradle/caches/transforms-3/7ff85eb923829d3039e7d6a37994c2be/transformed/jetified-credentials-play-services-auth-1.2.2 as it is up-to-date.
Caching disabled for AarTransform: ~/.gradle/caches/transforms-3/2cfbf6603ea66c174c7ccb8429cf167e/transformed/navigation-common-ktx-2.7.0 because:
  Build cache is disabled
Skipping AarTransform: ~/.gradle/caches/transforms-3/2cfbf6603ea66c174c7ccb8429cf167e/transformed/navigation-common-ktx-2.7.0 as it is up-to-date.
Caching disabled for AarTransform: ~/.gradle/caches/transforms-3/9d078f321e9c9b40b737fbfeda2c24d6/transformed/constraintlayout-2.1.3 because:
  Build cache is disabled
Skipping AarTransform: ~/.gradle/caches/transforms-3/9d078f321e9c9b40b737fbfeda2c24d6/transformed/constraintlayout-2.1.3 as it is up-to-date.
Caching disabled for AarTransform: ~/.gradle/caches/transforms-3/5713208a47eec23b954ae0ca2083427b/transformed/jetified-credentials-1.2.2 because:
  Build cache is disabled
Skipping AarTransform: ~/.gradle/caches/transforms-3/5713208a47eec23b954ae0ca2083427b/transformed/jetified-credentials-1.2.2 as it is up-to-date.
Caching disabled for AarTransform: ~/.gradle/caches/transforms-3/4a16392ea9d502c6cfaf958d501f7b5c/transformed/jetified-coil-compose-2.0.0 because:
  Build cache is disabled
Caching disabled for AarTransform: ~/.gradle/caches/transforms-3/eaf4160b542b0499b6b73f7db65252d7/transformed/jetified-coil-compose-base-2.0.0 because:
  Build cache is disabled
Skipping AarTransform: ~/.gradle/caches/transforms-3/4a16392ea9d502c6cfaf958d501f7b5c/transformed/jetified-coil-compose-2.0.0 as it is up-to-date.
Skipping AarTransform: ~/.gradle/caches/transforms-3/eaf4160b542b0499b6b73f7db65252d7/transformed/jetified-coil-compose-base-2.0.0 as it is up-to-date.
Caching disabled for AarTransform: ~/.gradle/caches/transforms-3/28b8a30e393fe518d9ae0aee025282fd/transformed/jetified-coil-base-2.0.0 because:
  Build cache is disabled
Skipping AarTransform: ~/.gradle/caches/transforms-3/28b8a30e393fe518d9ae0aee025282fd/transformed/jetified-coil-base-2.0.0 as it is up-to-date.
Caching disabled for AarTransform: ~/.gradle/caches/transforms-3/5395aa0a6ecb13ad0c511d3a340478af/transformed/jetified-msal-6.2.0 because:
  Build cache is disabled
Skipping AarTransform: ~/.gradle/caches/transforms-3/5395aa0a6ecb13ad0c511d3a340478af/transformed/jetified-msal-6.2.0 as it is up-to-date.
Caching disabled for AarTransform: ~/.gradle/caches/transforms-3/93778559c8409c7dbf0caaa1b2d252ac/transformed/jetified-coil-2.0.0 because:
  Build cache is disabled
Skipping AarTransform: ~/.gradle/caches/transforms-3/93778559c8409c7dbf0caaa1b2d252ac/transformed/jetified-coil-2.0.0 as it is up-to-date.
Transforming viewbinding-7.4.2.aar (androidx.databinding:viewbinding:7.4.2) with JetifyTransform
Transforming viewbinding-7.4.2.aar (androidx.databinding:viewbinding:7.4.2) with ExtractAarTransform
Transforming viewbinding-7.4.2.aar (androidx.databinding:viewbinding:7.4.2) with AarTransform
Transforming accompanist-systemuicontroller-0.23.0.aar (com.google.accompanist:accompanist-systemuicontroller:0.23.0) with JetifyTransform
Transforming accompanist-systemuicontroller-0.23.0.aar (com.google.accompanist:accompanist-systemuicontroller:0.23.0) with ExtractAarTransform
Transforming accompanist-systemuicontroller-0.23.0.aar (com.google.accompanist:accompanist-systemuicontroller:0.23.0) with AarTransform
Transforming coil-compose-2.0.0.aar (io.coil-kt:coil-compose:2.0.0) with JetifyTransform
Transforming coil-compose-2.0.0.aar (io.coil-kt:coil-compose:2.0.0) with ExtractAarTransform
Transforming coil-compose-2.0.0.aar (io.coil-kt:coil-compose:2.0.0) with AarTransform
Transforming coil-compose-base-2.0.0.aar (io.coil-kt:coil-compose-base:2.0.0) with JetifyTransform
Transforming coil-compose-base-2.0.0.aar (io.coil-kt:coil-compose-base:2.0.0) with ExtractAarTransform
Transforming coil-compose-base-2.0.0.aar (io.coil-kt:coil-compose-base:2.0.0) with AarTransform
Transforming coil-2.0.0.aar (io.coil-kt:coil:2.0.0) with JetifyTransform
Transforming coil-2.0.0.aar (io.coil-kt:coil:2.0.0) with ExtractAarTransform
Transforming coil-2.0.0.aar (io.coil-kt:coil:2.0.0) with AarTransform
Transforming coil-base-2.0.0.aar (io.coil-kt:coil-base:2.0.0) with JetifyTransform
Transforming coil-base-2.0.0.aar (io.coil-kt:coil-base:2.0.0) with ExtractAarTransform
Transforming coil-base-2.0.0.aar (io.coil-kt:coil-base:2.0.0) with AarTransform
Transforming msal-6.2.0.aar (com.microsoft.identity.client:msal:6.2.0) with JetifyTransform
Transforming msal-6.2.0.aar (com.microsoft.identity.client:msal:6.2.0) with ExtractAarTransform
Transforming msal-6.2.0.aar (com.microsoft.identity.client:msal:6.2.0) with AarTransform
Transforming common-21.4.0.aar (com.microsoft.identity:common:21.4.0) with JetifyTransform
Transforming common-21.4.0.aar (com.microsoft.identity:common:21.4.0) with ExtractAarTransform
Transforming common-21.4.0.aar (com.microsoft.identity:common:21.4.0) with AarTransform
Transforming accompanist-drawablepainter-0.23.1.aar (com.google.accompanist:accompanist-drawablepainter:0.23.1) with JetifyTransform
Transforming accompanist-drawablepainter-0.23.1.aar (com.google.accompanist:accompanist-drawablepainter:0.23.1) with ExtractAarTransform
Transforming accompanist-drawablepainter-0.23.1.aar (com.google.accompanist:accompanist-drawablepainter:0.23.1) with AarTransform
Transforming credentials-1.2.2.aar (androidx.credentials:credentials:1.2.2) with JetifyTransform
Transforming credentials-1.2.2.aar (androidx.credentials:credentials:1.2.2) with ExtractAarTransform
Transforming credentials-1.2.2.aar (androidx.credentials:credentials:1.2.2) with AarTransform
Transforming credentials-1.2.2.aar (androidx.credentials:credentials:1.2.2) with JetifyTransform
Transforming credentials-1.2.2.aar (androidx.credentials:credentials:1.2.2) with ExtractAarTransform
Transforming credentials-1.2.2.aar (androidx.credentials:credentials:1.2.2) with AarTransform
Transforming credentials-play-services-auth-1.2.2.aar (androidx.credentials:credentials-play-services-auth:1.2.2) with JetifyTransform
Transforming credentials-play-services-auth-1.2.2.aar (androidx.credentials:credentials-play-services-auth:1.2.2) with ExtractAarTransform
Transforming credentials-play-services-auth-1.2.2.aar (androidx.credentials:credentials-play-services-auth:1.2.2) with AarTransform
Transforming googleid-1.1.0.aar (com.google.android.libraries.identity.googleid:googleid:1.1.0) with JetifyTransform
Transforming googleid-1.1.0.aar (com.google.android.libraries.identity.googleid:googleid:1.1.0) with ExtractAarTransform
Caching disabled for AarTransform: ~/.gradle/caches/transforms-3/94cab073bb099116bcdf05d4c23f20c8/transformed/jetified-viewbinding-7.4.2 because:
  Build cache is disabled
Skipping AarTransform: ~/.gradle/caches/transforms-3/94cab073bb099116bcdf05d4c23f20c8/transformed/jetified-viewbinding-7.4.2 as it is up-to-date.
Transforming googleid-1.1.0.aar (com.google.android.libraries.identity.googleid:googleid:1.1.0) with AarTransform
Transforming work-runtime-ktx-2.8.1.aar (androidx.work:work-runtime-ktx:2.8.1) with JetifyTransform
Transforming work-runtime-ktx-2.8.1.aar (androidx.work:work-runtime-ktx:2.8.1) with ExtractAarTransform
Transforming work-runtime-ktx-2.8.1.aar (androidx.work:work-runtime-ktx:2.8.1) with AarTransform
Transforming navigation-common-2.7.0.aar (androidx.navigation:navigation-common:2.7.0) with JetifyTransform
Transforming navigation-common-2.7.0.aar (androidx.navigation:navigation-common:2.7.0) with ExtractAarTransform
Transforming navigation-common-2.7.0.aar (androidx.navigation:navigation-common:2.7.0) with AarTransform
Transforming navigation-runtime-2.7.0.aar (androidx.navigation:navigation-runtime:2.7.0) with JetifyTransform
Transforming navigation-runtime-2.7.0.aar (androidx.navigation:navigation-runtime:2.7.0) with ExtractAarTransform
Transforming navigation-runtime-2.7.0.aar (androidx.navigation:navigation-runtime:2.7.0) with AarTransform
Transforming navigation-common-ktx-2.7.0.aar (androidx.navigation:navigation-common-ktx:2.7.0) with JetifyTransform
Transforming navigation-common-ktx-2.7.0.aar (androidx.navigation:navigation-common-ktx:2.7.0) with ExtractAarTransform
Transforming navigation-common-ktx-2.7.0.aar (androidx.navigation:navigation-common-ktx:2.7.0) with AarTransform
Transforming navigation-runtime-ktx-2.7.0.aar (androidx.navigation:navigation-runtime-ktx:2.7.0) with JetifyTransform
Transforming navigation-runtime-ktx-2.7.0.aar (androidx.navigation:navigation-runtime-ktx:2.7.0) with ExtractAarTransform
Transforming navigation-runtime-ktx-2.7.0.aar (androidx.navigation:navigation-runtime-ktx:2.7.0) with AarTransform
Transforming navigation-compose-2.7.0.aar (androidx.navigation:navigation-compose:2.7.0) with JetifyTransform
Caching disabled for AarTransform: ~/.gradle/caches/transforms-3/4a16392ea9d502c6cfaf958d501f7b5c/transformed/jetified-coil-compose-2.0.0 because:
  Build cache is disabled
Skipping AarTransform: ~/.gradle/caches/transforms-3/4a16392ea9d502c6cfaf958d501f7b5c/transformed/jetified-coil-compose-2.0.0 as it is up-to-date.
Caching disabled for AarTransform: ~/.gradle/caches/transforms-3/bf8e33f871994f40a9487e20a975ed66/transformed/jetified-accompanist-systemuicontroller-0.23.0 because:
  Build cache is disabled
Skipping AarTransform: ~/.gradle/caches/transforms-3/bf8e33f871994f40a9487e20a975ed66/transformed/jetified-accompanist-systemuicontroller-0.23.0 as it is up-to-date.
Transforming navigation-compose-2.7.0.aar (androidx.navigation:navigation-compose:2.7.0) with ExtractAarTransform
Transforming navigation-compose-2.7.0.aar (androidx.navigation:navigation-compose:2.7.0) with AarTransform
Transforming constraintlayout-2.1.3.aar (androidx.constraintlayout:constraintlayout:2.1.3) with JetifyTransform
Transforming constraintlayout-2.1.3.aar (androidx.constraintlayout:constraintlayout:2.1.3) with ExtractAarTransform
Transforming constraintlayout-2.1.3.aar (androidx.constraintlayout:constraintlayout:2.1.3) with AarTransform
Transforming material-1.2.0.aar (com.google.android.material:material:1.2.0) with JetifyTransform
Transforming material-1.2.0.aar (com.google.android.material:material:1.2.0) with ExtractAarTransform
Transforming material-1.2.0.aar (com.google.android.material:material:1.2.0) with AarTransform
Transforming appcompat-resources-1.6.1.aar (androidx.appcompat:appcompat-resources:1.6.1) with JetifyTransform
Transforming appcompat-resources-1.6.1.aar (androidx.appcompat:appcompat-resources:1.6.1) with ExtractAarTransform
Transforming appcompat-resources-1.6.1.aar (androidx.appcompat:appcompat-resources:1.6.1) with AarTransform
Transforming appcompat-1.6.1.aar (androidx.appcompat:appcompat:1.6.1) with JetifyTransform
Transforming appcompat-1.6.1.aar (androidx.appcompat:appcompat:1.6.1) with ExtractAarTransform
Transforming appcompat-1.6.1.aar (androidx.appcompat:appcompat:1.6.1) with AarTransform
Transforming material3-window-size-class-release.aar (androidx.compose.material3:material3-window-size-class-android:1.2.0) with JetifyTransform
Caching disabled for AarTransform: ~/.gradle/caches/transforms-3/5713208a47eec23b954ae0ca2083427b/transformed/jetified-credentials-1.2.2 because:
  Build cache is disabled
Skipping AarTransform: ~/.gradle/caches/transforms-3/5713208a47eec23b954ae0ca2083427b/transformed/jetified-credentials-1.2.2 as it is up-to-date.
Transforming material3-window-size-class-release.aar (androidx.compose.material3:material3-window-size-class-android:1.2.0) with ExtractAarTransform
Transforming material3-window-size-class-release.aar (androidx.compose.material3:material3-window-size-class-android:1.2.0) with AarTransform
Transforming material3-release.aar (androidx.compose.material3:material3-android:1.2.0) with JetifyTransform
Transforming material3-release.aar (androidx.compose.material3:material3-android:1.2.0) with ExtractAarTransform
Transforming material3-release.aar (androidx.compose.material3:material3-android:1.2.0) with AarTransform
Transforming glide-4.11.0.aar (com.github.bumptech.glide:glide:4.11.0) with JetifyTransform
Transforming glide-4.11.0.aar (com.github.bumptech.glide:glide:4.11.0) with ExtractAarTransform
Transforming glide-4.11.0.aar (com.github.bumptech.glide:glide:4.11.0) with AarTransform
Caching disabled for AarTransform: ~/.gradle/caches/transforms-3/7ff85eb923829d3039e7d6a37994c2be/transformed/jetified-credentials-play-services-auth-1.2.2 because:
  Build cache is disabled
Skipping AarTransform: ~/.gradle/caches/transforms-3/7ff85eb923829d3039e7d6a37994c2be/transformed/jetified-credentials-play-services-auth-1.2.2 as it is up-to-date.
Transforming viewpager2-1.0.0.aar (androidx.viewpager2:viewpager2:1.0.0) with JetifyTransform
Transforming viewpager2-1.0.0.aar (androidx.viewpager2:viewpager2:1.0.0) with ExtractAarTransform
Transforming viewpager2-1.0.0.aar (androidx.viewpager2:viewpager2:1.0.0) with AarTransform
Transforming play-services-auth-20.7.0.aar (com.google.android.gms:play-services-auth:20.7.0) with JetifyTransform
Transforming play-services-auth-20.7.0.aar (com.google.android.gms:play-services-auth:20.7.0) with ExtractAarTransform
Transforming play-services-auth-20.7.0.aar (com.google.android.gms:play-services-auth:20.7.0) with AarTransform
Transforming play-services-fido-20.1.0.aar (com.google.android.gms:play-services-fido:20.1.0) with JetifyTransform
Transforming play-services-fido-20.1.0.aar (com.google.android.gms:play-services-fido:20.1.0) with ExtractAarTransform
Transforming play-services-fido-20.1.0.aar (com.google.android.gms:play-services-fido:20.1.0) with AarTransform
Transforming play-services-fido-20.1.0.aar (com.google.android.gms:play-services-fido:20.1.0) with JetifyTransform
Transforming play-services-fido-20.1.0.aar (com.google.android.gms:play-services-fido:20.1.0) with ExtractAarTransform
Transforming play-services-fido-20.1.0.aar (com.google.android.gms:play-services-fido:20.1.0) with AarTransform
Transforming play-services-auth-api-phone-18.0.1.aar (com.google.android.gms:play-services-auth-api-phone:18.0.1) with JetifyTransform
Transforming play-services-auth-api-phone-18.0.1.aar (com.google.android.gms:play-services-auth-api-phone:18.0.1) with ExtractAarTransform
Transforming play-services-auth-api-phone-18.0.1.aar (com.google.android.gms:play-services-auth-api-phone:18.0.1) with AarTransform
Transforming play-services-auth-base-18.0.4.aar (com.google.android.gms:play-services-auth-base:18.0.4) with JetifyTransform
Transforming play-services-auth-base-18.0.4.aar (com.google.android.gms:play-services-auth-base:18.0.4) with ExtractAarTransform
Transforming play-services-auth-base-18.0.4.aar (com.google.android.gms:play-services-auth-base:18.0.4) with AarTransform
Transforming play-services-base-18.0.1.aar (com.google.android.gms:play-services-base:18.0.1) with JetifyTransform
Transforming play-services-base-18.0.1.aar (com.google.android.gms:play-services-base:18.0.1) with ExtractAarTransform
Transforming play-services-base-18.0.1.aar (com.google.android.gms:play-services-base:18.0.1) with AarTransform
Transforming play-services-base-18.0.1.aar (com.google.android.gms:play-services-base:18.0.1) with JetifyTransform
Transforming play-services-base-18.0.1.aar (com.google.android.gms:play-services-base:18.0.1) with ExtractAarTransform
Transforming play-services-base-18.0.1.aar (com.google.android.gms:play-services-base:18.0.1) with AarTransform
Transforming play-services-base-18.0.1.aar (com.google.android.gms:play-services-base:18.0.1) with JetifyTransform
Transforming play-services-base-18.0.1.aar (com.google.android.gms:play-services-base:18.0.1) with ExtractAarTransform
Transforming play-services-base-18.0.1.aar (com.google.android.gms:play-services-base:18.0.1) with AarTransform
Transforming play-services-base-18.0.1.aar (com.google.android.gms:play-services-base:18.0.1) with JetifyTransform
Transforming play-services-base-18.0.1.aar (com.google.android.gms:play-services-base:18.0.1) with ExtractAarTransform
Transforming play-services-base-18.0.1.aar (com.google.android.gms:play-services-base:18.0.1) with AarTransform
Caching disabled for AarTransform: ~/.gradle/caches/transforms-3/e05b1ce225b2f306a2f1bcaa6cc4bb82/transformed/appcompat-1.6.1 because:
  Build cache is disabled
Skipping AarTransform: ~/.gradle/caches/transforms-3/e05b1ce225b2f306a2f1bcaa6cc4bb82/transformed/appcompat-1.6.1 as it is up-to-date.
Transforming play-services-tasks-18.0.1.aar (com.google.android.gms:play-services-tasks:18.0.1) with JetifyTransform
Transforming play-services-tasks-18.0.1.aar (com.google.android.gms:play-services-tasks:18.0.1) with ExtractAarTransform
Transforming play-services-tasks-18.0.1.aar (com.google.android.gms:play-services-tasks:18.0.1) with AarTransform
Transforming play-services-tasks-18.0.1.aar (com.google.android.gms:play-services-tasks:18.0.1) with JetifyTransform
Transforming play-services-tasks-18.0.1.aar (com.google.android.gms:play-services-tasks:18.0.1) with ExtractAarTransform
Transforming play-services-tasks-18.0.1.aar (com.google.android.gms:play-services-tasks:18.0.1) with AarTransform
Transforming play-services-tasks-18.0.1.aar (com.google.android.gms:play-services-tasks:18.0.1) with JetifyTransform
Transforming play-services-tasks-18.0.1.aar (com.google.android.gms:play-services-tasks:18.0.1) with ExtractAarTransform
Transforming play-services-tasks-18.0.1.aar (com.google.android.gms:play-services-tasks:18.0.1) with AarTransform
Transforming play-services-tasks-18.0.1.aar (com.google.android.gms:play-services-tasks:18.0.1) with JetifyTransform
Transforming play-services-tasks-18.0.1.aar (com.google.android.gms:play-services-tasks:18.0.1) with ExtractAarTransform
Transforming play-services-tasks-18.0.1.aar (com.google.android.gms:play-services-tasks:18.0.1) with AarTransform
Transforming play-services-tasks-18.0.1.aar (com.google.android.gms:play-services-tasks:18.0.1) with JetifyTransform
Transforming play-services-tasks-18.0.1.aar (com.google.android.gms:play-services-tasks:18.0.1) with ExtractAarTransform
Transforming play-services-tasks-18.0.1.aar (com.google.android.gms:play-services-tasks:18.0.1) with AarTransform
Transforming play-services-basement-18.2.0.aar (com.google.android.gms:play-services-basement:18.2.0) with JetifyTransform
Transforming play-services-basement-18.2.0.aar (com.google.android.gms:play-services-basement:18.2.0) with ExtractAarTransform
Transforming play-services-basement-18.2.0.aar (com.google.android.gms:play-services-basement:18.2.0) with AarTransform
Transforming play-services-basement-18.2.0.aar (com.google.android.gms:play-services-basement:18.2.0) with JetifyTransform
Transforming play-services-basement-18.2.0.aar (com.google.android.gms:play-services-basement:18.2.0) with ExtractAarTransform
Transforming play-services-basement-18.2.0.aar (com.google.android.gms:play-services-basement:18.2.0) with AarTransform
Transforming play-services-basement-18.2.0.aar (com.google.android.gms:play-services-basement:18.2.0) with JetifyTransform
Transforming play-services-basement-18.2.0.aar (com.google.android.gms:play-services-basement:18.2.0) with ExtractAarTransform
Transforming play-services-basement-18.2.0.aar (com.google.android.gms:play-services-basement:18.2.0) with AarTransform
Transforming play-services-basement-18.2.0.aar (com.google.android.gms:play-services-basement:18.2.0) with JetifyTransform
Transforming play-services-basement-18.2.0.aar (com.google.android.gms:play-services-basement:18.2.0) with ExtractAarTransform
Transforming play-services-basement-18.2.0.aar (com.google.android.gms:play-services-basement:18.2.0) with AarTransform
Transforming play-services-basement-18.2.0.aar (com.google.android.gms:play-services-basement:18.2.0) with JetifyTransform
Transforming play-services-basement-18.2.0.aar (com.google.android.gms:play-services-basement:18.2.0) with ExtractAarTransform
Transforming play-services-basement-18.2.0.aar (com.google.android.gms:play-services-basement:18.2.0) with AarTransform
Transforming play-services-basement-18.2.0.aar (com.google.android.gms:play-services-basement:18.2.0) with JetifyTransform
Transforming play-services-basement-18.2.0.aar (com.google.android.gms:play-services-basement:18.2.0) with ExtractAarTransform
Transforming play-services-basement-18.2.0.aar (com.google.android.gms:play-services-basement:18.2.0) with AarTransform
Transforming fragment-1.3.6.aar (androidx.fragment:fragment:1.3.6) with JetifyTransform
Transforming fragment-1.3.6.aar (androidx.fragment:fragment:1.3.6) with ExtractAarTransform
Transforming fragment-1.3.6.aar (androidx.fragment:fragment:1.3.6) with AarTransform
Transforming fragment-1.3.6.aar (androidx.fragment:fragment:1.3.6) with JetifyTransform
Transforming fragment-1.3.6.aar (androidx.fragment:fragment:1.3.6) with ExtractAarTransform
Transforming fragment-1.3.6.aar (androidx.fragment:fragment:1.3.6) with AarTransform
Transforming fragment-1.3.6.aar (androidx.fragment:fragment:1.3.6) with JetifyTransform
Transforming fragment-1.3.6.aar (androidx.fragment:fragment:1.3.6) with ExtractAarTransform
Caching disabled for AarTransform: ~/.gradle/caches/transforms-3/a7ad36f58a6749e591d88a51cd5b7b5c/transformed/jetified-play-services-base-18.0.1 because:
  Build cache is disabled
Skipping AarTransform: ~/.gradle/caches/transforms-3/a7ad36f58a6749e591d88a51cd5b7b5c/transformed/jetified-play-services-base-18.0.1 as it is up-to-date.
Transforming fragment-1.3.6.aar (androidx.fragment:fragment:1.3.6) with AarTransform
Transforming fragment-1.3.6.aar (androidx.fragment:fragment:1.3.6) with JetifyTransform
Transforming fragment-1.3.6.aar (androidx.fragment:fragment:1.3.6) with ExtractAarTransform
Transforming fragment-1.3.6.aar (androidx.fragment:fragment:1.3.6) with AarTransform
Transforming fragment-1.3.6.aar (androidx.fragment:fragment:1.3.6) with JetifyTransform
Transforming fragment-1.3.6.aar (androidx.fragment:fragment:1.3.6) with ExtractAarTransform
Transforming fragment-1.3.6.aar (androidx.fragment:fragment:1.3.6) with AarTransform
Transforming browser-1.0.0.aar (androidx.browser:browser:1.0.0) with JetifyTransform
Transforming browser-1.0.0.aar (androidx.browser:browser:1.0.0) with ExtractAarTransform
Transforming browser-1.0.0.aar (androidx.browser:browser:1.0.0) with AarTransform
Transforming legacy-support-core-ui-1.0.0.aar (androidx.legacy:legacy-support-core-ui:1.0.0) with JetifyTransform
Transforming legacy-support-core-ui-1.0.0.aar (androidx.legacy:legacy-support-core-ui:1.0.0) with ExtractAarTransform
Transforming legacy-support-core-ui-1.0.0.aar (androidx.legacy:legacy-support-core-ui:1.0.0) with AarTransform
Transforming legacy-support-core-utils-1.0.0.aar (androidx.legacy:legacy-support-core-utils:1.0.0) with JetifyTransform
Transforming legacy-support-core-utils-1.0.0.aar (androidx.legacy:legacy-support-core-utils:1.0.0) with ExtractAarTransform
Transforming legacy-support-core-utils-1.0.0.aar (androidx.legacy:legacy-support-core-utils:1.0.0) with AarTransform
Transforming loader-1.0.0.aar (androidx.loader:loader:1.0.0) with JetifyTransform
Transforming loader-1.0.0.aar (androidx.loader:loader:1.0.0) with ExtractAarTransform
Transforming loader-1.0.0.aar (androidx.loader:loader:1.0.0) with AarTransform
Transforming loader-1.0.0.aar (androidx.loader:loader:1.0.0) with JetifyTransform
Transforming loader-1.0.0.aar (androidx.loader:loader:1.0.0) with ExtractAarTransform
Caching disabled for AarTransform: ~/.gradle/caches/transforms-3/fae7f0a32fa0484295f94dfaf9206b70/transformed/jetified-play-services-basement-18.2.0 because:
  Build cache is disabled
Skipping AarTransform: ~/.gradle/caches/transforms-3/fae7f0a32fa0484295f94dfaf9206b70/transformed/jetified-play-services-basement-18.2.0 as it is up-to-date.
Transforming loader-1.0.0.aar (androidx.loader:loader:1.0.0) with AarTransform
Transforming loader-1.0.0.aar (androidx.loader:loader:1.0.0) with JetifyTransform
Transforming loader-1.0.0.aar (androidx.loader:loader:1.0.0) with ExtractAarTransform
Transforming loader-1.0.0.aar (androidx.loader:loader:1.0.0) with AarTransform
Transforming material-release.aar (androidx.compose.material:material-android:1.6.1) with JetifyTransform
Transforming material-release.aar (androidx.compose.material:material-android:1.6.1) with ExtractAarTransform
Transforming material-release.aar (androidx.compose.material:material-android:1.6.1) with AarTransform
Transforming material-icons-core-release.aar (androidx.compose.material:material-icons-core-android:1.6.1) with JetifyTransform
Transforming material-icons-core-release.aar (androidx.compose.material:material-icons-core-android:1.6.1) with ExtractAarTransform
Transforming material-icons-core-release.aar (androidx.compose.material:material-icons-core-android:1.6.1) with AarTransform
Transforming material-ripple-release.aar (androidx.compose.material:material-ripple-android:1.6.1) with JetifyTransform
Transforming material-ripple-release.aar (androidx.compose.material:material-ripple-android:1.6.1) with ExtractAarTransform
Transforming material-ripple-release.aar (androidx.compose.material:material-ripple-android:1.6.1) with AarTransform
Transforming foundation-release.aar (androidx.compose.foundation:foundation-android:1.6.1) with JetifyTransform
Transforming foundation-release.aar (androidx.compose.foundation:foundation-android:1.6.1) with ExtractAarTransform
Transforming foundation-release.aar (androidx.compose.foundation:foundation-android:1.6.1) with AarTransform
Transforming foundation-layout-release.aar (androidx.compose.foundation:foundation-layout-android:1.6.1) with JetifyTransform
Transforming foundation-layout-release.aar (androidx.compose.foundation:foundation-layout-android:1.6.1) with ExtractAarTransform
Transforming foundation-layout-release.aar (androidx.compose.foundation:foundation-layout-android:1.6.1) with AarTransform
Transforming animation-core-release.aar (androidx.compose.animation:animation-core-android:1.6.1) with JetifyTransform
Transforming animation-core-release.aar (androidx.compose.animation:animation-core-android:1.6.1) with ExtractAarTransform
Transforming animation-core-release.aar (androidx.compose.animation:animation-core-android:1.6.1) with AarTransform
Transforming animation-release.aar (androidx.compose.animation:animation-android:1.6.1) with JetifyTransform
Transforming animation-release.aar (androidx.compose.animation:animation-android:1.6.1) with ExtractAarTransform
Transforming animation-release.aar (androidx.compose.animation:animation-android:1.6.1) with AarTransform
Transforming ui-tooling-data-release.aar (androidx.compose.ui:ui-tooling-data-android:1.6.1) with JetifyTransform
Transforming ui-tooling-data-release.aar (androidx.compose.ui:ui-tooling-data-android:1.6.1) with ExtractAarTransform
Transforming ui-tooling-data-release.aar (androidx.compose.ui:ui-tooling-data-android:1.6.1) with AarTransform
Transforming ui-geometry-release.aar (androidx.compose.ui:ui-geometry-android:1.6.1) with JetifyTransform
Transforming ui-geometry-release.aar (androidx.compose.ui:ui-geometry-android:1.6.1) with ExtractAarTransform
Transforming ui-geometry-release.aar (androidx.compose.ui:ui-geometry-android:1.6.1) with AarTransform
Transforming ui-unit-release.aar (androidx.compose.ui:ui-unit-android:1.6.1) with JetifyTransform
Transforming ui-unit-release.aar (androidx.compose.ui:ui-unit-android:1.6.1) with ExtractAarTransform
Transforming ui-unit-release.aar (androidx.compose.ui:ui-unit-android:1.6.1) with AarTransform
Caching disabled for AarTransform: ~/.gradle/caches/transforms-3/400dd26017d2e15e0dbda5406f9ef695/transformed/fragment-1.3.6 because:
  Build cache is disabled
Skipping AarTransform: ~/.gradle/caches/transforms-3/400dd26017d2e15e0dbda5406f9ef695/transformed/fragment-1.3.6 as it is up-to-date.
Transforming ui-util-release.aar (androidx.compose.ui:ui-util-android:1.6.1) with JetifyTransform
Transforming ui-util-release.aar (androidx.compose.ui:ui-util-android:1.6.1) with ExtractAarTransform
Transforming ui-util-release.aar (androidx.compose.ui:ui-util-android:1.6.1) with AarTransform
Transforming ui-text-release.aar (androidx.compose.ui:ui-text-android:1.6.1) with JetifyTransform
Transforming ui-text-release.aar (androidx.compose.ui:ui-text-android:1.6.1) with ExtractAarTransform
Transforming ui-text-release.aar (androidx.compose.ui:ui-text-android:1.6.1) with AarTransform
Transforming ui-graphics-release.aar (androidx.compose.ui:ui-graphics-android:1.6.1) with JetifyTransform
Transforming ui-graphics-release.aar (androidx.compose.ui:ui-graphics-android:1.6.1) with ExtractAarTransform
Transforming ui-graphics-release.aar (androidx.compose.ui:ui-graphics-android:1.6.1) with AarTransform
Transforming ui-tooling-preview-release.aar (androidx.compose.ui:ui-tooling-preview-android:1.6.1) with JetifyTransform
Transforming ui-tooling-preview-release.aar (androidx.compose.ui:ui-tooling-preview-android:1.6.1) with ExtractAarTransform
Transforming ui-tooling-preview-release.aar (androidx.compose.ui:ui-tooling-preview-android:1.6.1) with AarTransform
Transforming ui-tooling-release.aar (androidx.compose.ui:ui-tooling-android:1.6.1) with JetifyTransform
Transforming ui-tooling-release.aar (androidx.compose.ui:ui-tooling-android:1.6.1) with ExtractAarTransform
Transforming ui-tooling-release.aar (androidx.compose.ui:ui-tooling-android:1.6.1) with AarTransform
Transforming ui-test-manifest-1.6.1.aar (androidx.compose.ui:ui-test-manifest:1.6.1) with JetifyTransform
Transforming ui-test-manifest-1.6.1.aar (androidx.compose.ui:ui-test-manifest:1.6.1) with ExtractAarTransform
Transforming ui-test-manifest-1.6.1.aar (androidx.compose.ui:ui-test-manifest:1.6.1) with AarTransform
Transforming activity-1.7.1.aar (androidx.activity:activity:1.7.1) with JetifyTransform
Transforming activity-1.7.1.aar (androidx.activity:activity:1.7.1) with ExtractAarTransform
Transforming activity-1.7.1.aar (androidx.activity:activity:1.7.1) with AarTransform
Transforming activity-ktx-1.7.1.aar (androidx.activity:activity-ktx:1.7.1) with JetifyTransform
Transforming activity-ktx-1.7.1.aar (androidx.activity:activity-ktx:1.7.1) with ExtractAarTransform
Transforming activity-ktx-1.7.1.aar (androidx.activity:activity-ktx:1.7.1) with AarTransform
Transforming activity-compose-1.7.1.aar (androidx.activity:activity-compose:1.7.1) with JetifyTransform
Transforming activity-compose-1.7.1.aar (androidx.activity:activity-compose:1.7.1) with ExtractAarTransform
Transforming activity-compose-1.7.1.aar (androidx.activity:activity-compose:1.7.1) with AarTransform
Transforming ui-release.aar (androidx.compose.ui:ui-android:1.6.1) with JetifyTransform
Transforming ui-release.aar (androidx.compose.ui:ui-android:1.6.1) with ExtractAarTransform
Transforming ui-release.aar (androidx.compose.ui:ui-android:1.6.1) with AarTransform
Transforming savedstate-ktx-1.2.1.aar (androidx.savedstate:savedstate-ktx:1.2.1) with JetifyTransform
Transforming savedstate-ktx-1.2.1.aar (androidx.savedstate:savedstate-ktx:1.2.1) with ExtractAarTransform
Transforming savedstate-ktx-1.2.1.aar (androidx.savedstate:savedstate-ktx:1.2.1) with AarTransform
Transforming savedstate-1.2.1.aar (androidx.savedstate:savedstate:1.2.1) with JetifyTransform
Transforming savedstate-1.2.1.aar (androidx.savedstate:savedstate:1.2.1) with ExtractAarTransform
Transforming savedstate-1.2.1.aar (androidx.savedstate:savedstate:1.2.1) with AarTransform
Transforming work-runtime-2.8.1.aar (androidx.work:work-runtime:2.8.1) with JetifyTransform
Transforming work-runtime-2.8.1.aar (androidx.work:work-runtime:2.8.1) with ExtractAarTransform
Transforming work-runtime-2.8.1.aar (androidx.work:work-runtime:2.8.1) with AarTransform
Transforming emoji2-views-helper-1.3.0.aar (androidx.emoji2:emoji2-views-helper:1.3.0) with JetifyTransform
Transforming emoji2-views-helper-1.3.0.aar (androidx.emoji2:emoji2-views-helper:1.3.0) with ExtractAarTransform
Transforming emoji2-views-helper-1.3.0.aar (androidx.emoji2:emoji2-views-helper:1.3.0) with AarTransform
Transforming emoji2-1.3.0.aar (androidx.emoji2:emoji2:1.3.0) with JetifyTransform
Transforming emoji2-1.3.0.aar (androidx.emoji2:emoji2:1.3.0) with ExtractAarTransform
Transforming emoji2-1.3.0.aar (androidx.emoji2:emoji2:1.3.0) with AarTransform
Transforming lifecycle-process-2.6.1.aar (androidx.lifecycle:lifecycle-process:2.6.1) with JetifyTransform
Transforming lifecycle-process-2.6.1.aar (androidx.lifecycle:lifecycle-process:2.6.1) with ExtractAarTransform
Transforming lifecycle-process-2.6.1.aar (androidx.lifecycle:lifecycle-process:2.6.1) with AarTransform
Transforming lifecycle-service-2.6.1.aar (androidx.lifecycle:lifecycle-service:2.6.1) with JetifyTransform
Transforming lifecycle-service-2.6.1.aar (androidx.lifecycle:lifecycle-service:2.6.1) with ExtractAarTransform
Transforming lifecycle-service-2.6.1.aar (androidx.lifecycle:lifecycle-service:2.6.1) with AarTransform
Transforming lifecycle-livedata-2.6.1.aar (androidx.lifecycle:lifecycle-livedata:2.6.1) with JetifyTransform
Transforming lifecycle-livedata-2.6.1.aar (androidx.lifecycle:lifecycle-livedata:2.6.1) with ExtractAarTransform
Transforming lifecycle-livedata-2.6.1.aar (androidx.lifecycle:lifecycle-livedata:2.6.1) with AarTransform
Transforming lifecycle-livedata-2.6.1.aar (androidx.lifecycle:lifecycle-livedata:2.6.1) with JetifyTransform
Transforming lifecycle-livedata-2.6.1.aar (androidx.lifecycle:lifecycle-livedata:2.6.1) with ExtractAarTransform
Transforming lifecycle-livedata-2.6.1.aar (androidx.lifecycle:lifecycle-livedata:2.6.1) with AarTransform
Transforming lifecycle-livedata-core-2.6.1.aar (androidx.lifecycle:lifecycle-livedata-core:2.6.1) with JetifyTransform
Transforming lifecycle-livedata-core-2.6.1.aar (androidx.lifecycle:lifecycle-livedata-core:2.6.1) with ExtractAarTransform
Transforming lifecycle-livedata-core-2.6.1.aar (androidx.lifecycle:lifecycle-livedata-core:2.6.1) with AarTransform
Transforming lifecycle-viewmodel-2.6.1.aar (androidx.lifecycle:lifecycle-viewmodel:2.6.1) with JetifyTransform
Transforming lifecycle-viewmodel-2.6.1.aar (androidx.lifecycle:lifecycle-viewmodel:2.6.1) with ExtractAarTransform
Transforming lifecycle-viewmodel-2.6.1.aar (androidx.lifecycle:lifecycle-viewmodel:2.6.1) with AarTransform
Transforming lifecycle-viewmodel-2.6.1.aar (androidx.lifecycle:lifecycle-viewmodel:2.6.1) with JetifyTransform
Transforming lifecycle-viewmodel-2.6.1.aar (androidx.lifecycle:lifecycle-viewmodel:2.6.1) with ExtractAarTransform
Transforming lifecycle-viewmodel-2.6.1.aar (androidx.lifecycle:lifecycle-viewmodel:2.6.1) with AarTransform
Transforming lifecycle-viewmodel-savedstate-2.6.1.aar (androidx.lifecycle:lifecycle-viewmodel-savedstate:2.6.1) with JetifyTransform
Transforming lifecycle-viewmodel-savedstate-2.6.1.aar (androidx.lifecycle:lifecycle-viewmodel-savedstate:2.6.1) with ExtractAarTransform
Transforming lifecycle-viewmodel-savedstate-2.6.1.aar (androidx.lifecycle:lifecycle-viewmodel-savedstate:2.6.1) with AarTransform
Transforming lifecycle-runtime-ktx-2.6.1.aar (androidx.lifecycle:lifecycle-runtime-ktx:2.6.1) with JetifyTransform
Transforming lifecycle-runtime-ktx-2.6.1.aar (androidx.lifecycle:lifecycle-runtime-ktx:2.6.1) with ExtractAarTransform
Transforming lifecycle-runtime-ktx-2.6.1.aar (androidx.lifecycle:lifecycle-runtime-ktx:2.6.1) with AarTransform
Transforming recyclerview-1.3.0.aar (androidx.recyclerview:recyclerview:1.3.0) with JetifyTransform
Transforming recyclerview-1.3.0.aar (androidx.recyclerview:recyclerview:1.3.0) with ExtractAarTransform
Transforming recyclerview-1.3.0.aar (androidx.recyclerview:recyclerview:1.3.0) with AarTransform
Transforming recyclerview-1.3.0.aar (androidx.recyclerview:recyclerview:1.3.0) with JetifyTransform
Transforming recyclerview-1.3.0.aar (androidx.recyclerview:recyclerview:1.3.0) with ExtractAarTransform
Transforming recyclerview-1.3.0.aar (androidx.recyclerview:recyclerview:1.3.0) with AarTransform
Transforming drawerlayout-1.0.0.aar (androidx.drawerlayout:drawerlayout:1.0.0) with JetifyTransform
Transforming drawerlayout-1.0.0.aar (androidx.drawerlayout:drawerlayout:1.0.0) with ExtractAarTransform
Transforming drawerlayout-1.0.0.aar (androidx.drawerlayout:drawerlayout:1.0.0) with AarTransform
Transforming drawerlayout-1.0.0.aar (androidx.drawerlayout:drawerlayout:1.0.0) with JetifyTransform
Transforming drawerlayout-1.0.0.aar (androidx.drawerlayout:drawerlayout:1.0.0) with ExtractAarTransform
Transforming drawerlayout-1.0.0.aar (androidx.drawerlayout:drawerlayout:1.0.0) with AarTransform
Transforming coordinatorlayout-1.1.0.aar (androidx.coordinatorlayout:coordinatorlayout:1.1.0) with JetifyTransform
Transforming coordinatorlayout-1.1.0.aar (androidx.coordinatorlayout:coordinatorlayout:1.1.0) with ExtractAarTransform
Transforming coordinatorlayout-1.1.0.aar (androidx.coordinatorlayout:coordinatorlayout:1.1.0) with AarTransform
Transforming coordinatorlayout-1.1.0.aar (androidx.coordinatorlayout:coordinatorlayout:1.1.0) with JetifyTransform
Transforming coordinatorlayout-1.1.0.aar (androidx.coordinatorlayout:coordinatorlayout:1.1.0) with ExtractAarTransform
Transforming coordinatorlayout-1.1.0.aar (androidx.coordinatorlayout:coordinatorlayout:1.1.0) with AarTransform
Transforming viewpager-1.0.0.aar (androidx.viewpager:viewpager:1.0.0) with JetifyTransform
Transforming viewpager-1.0.0.aar (androidx.viewpager:viewpager:1.0.0) with ExtractAarTransform
Transforming viewpager-1.0.0.aar (androidx.viewpager:viewpager:1.0.0) with AarTransform
Transforming viewpager-1.0.0.aar (androidx.viewpager:viewpager:1.0.0) with JetifyTransform
Transforming viewpager-1.0.0.aar (androidx.viewpager:viewpager:1.0.0) with ExtractAarTransform
Transforming viewpager-1.0.0.aar (androidx.viewpager:viewpager:1.0.0) with AarTransform
Transforming slidingpanelayout-1.0.0.aar (androidx.slidingpanelayout:slidingpanelayout:1.0.0) with JetifyTransform
Transforming slidingpanelayout-1.0.0.aar (androidx.slidingpanelayout:slidingpanelayout:1.0.0) with ExtractAarTransform
Transforming slidingpanelayout-1.0.0.aar (androidx.slidingpanelayout:slidingpanelayout:1.0.0) with AarTransform
Transforming customview-1.0.0.aar (androidx.customview:customview:1.0.0) with JetifyTransform
Transforming customview-1.0.0.aar (androidx.customview:customview:1.0.0) with ExtractAarTransform
Transforming customview-1.0.0.aar (androidx.customview:customview:1.0.0) with AarTransform
Transforming customview-1.0.0.aar (androidx.customview:customview:1.0.0) with JetifyTransform
Transforming customview-1.0.0.aar (androidx.customview:customview:1.0.0) with ExtractAarTransform
Transforming customview-1.0.0.aar (androidx.customview:customview:1.0.0) with AarTransform
Transforming customview-1.0.0.aar (androidx.customview:customview:1.0.0) with JetifyTransform
Transforming customview-1.0.0.aar (androidx.customview:customview:1.0.0) with ExtractAarTransform
Transforming customview-1.0.0.aar (androidx.customview:customview:1.0.0) with AarTransform
Transforming customview-1.0.0.aar (androidx.customview:customview:1.0.0) with JetifyTransform
Transforming customview-1.0.0.aar (androidx.customview:customview:1.0.0) with ExtractAarTransform
Transforming customview-1.0.0.aar (androidx.customview:customview:1.0.0) with AarTransform
Transforming customview-1.0.0.aar (androidx.customview:customview:1.0.0) with JetifyTransform
Transforming customview-1.0.0.aar (androidx.customview:customview:1.0.0) with ExtractAarTransform
Transforming customview-1.0.0.aar (androidx.customview:customview:1.0.0) with AarTransform
Transforming customview-1.0.0.aar (androidx.customview:customview:1.0.0) with JetifyTransform
Transforming customview-1.0.0.aar (androidx.customview:customview:1.0.0) with ExtractAarTransform
Transforming customview-1.0.0.aar (androidx.customview:customview:1.0.0) with AarTransform
Transforming transition-1.2.0.aar (androidx.transition:transition:1.2.0) with JetifyTransform
Transforming transition-1.2.0.aar (androidx.transition:transition:1.2.0) with ExtractAarTransform
Transforming transition-1.2.0.aar (androidx.transition:transition:1.2.0) with AarTransform
Transforming vectordrawable-animated-1.1.0.aar (androidx.vectordrawable:vectordrawable-animated:1.1.0) with JetifyTransform
Transforming vectordrawable-animated-1.1.0.aar (androidx.vectordrawable:vectordrawable-animated:1.1.0) with ExtractAarTransform
Transforming vectordrawable-animated-1.1.0.aar (androidx.vectordrawable:vectordrawable-animated:1.1.0) with AarTransform
Transforming vectordrawable-1.1.0.aar (androidx.vectordrawable:vectordrawable:1.1.0) with JetifyTransform
Transforming vectordrawable-1.1.0.aar (androidx.vectordrawable:vectordrawable:1.1.0) with ExtractAarTransform
Transforming vectordrawable-1.1.0.aar (androidx.vectordrawable:vectordrawable:1.1.0) with AarTransform
Transforming vectordrawable-1.1.0.aar (androidx.vectordrawable:vectordrawable:1.1.0) with JetifyTransform
Transforming vectordrawable-1.1.0.aar (androidx.vectordrawable:vectordrawable:1.1.0) with ExtractAarTransform
Transforming vectordrawable-1.1.0.aar (androidx.vectordrawable:vectordrawable:1.1.0) with AarTransform
Transforming window-1.0.0.aar (androidx.window:window:1.0.0) with JetifyTransform
Transforming window-1.0.0.aar (androidx.window:window:1.0.0) with ExtractAarTransform
Transforming window-1.0.0.aar (androidx.window:window:1.0.0) with AarTransform
Transforming autofill-1.0.0.aar (androidx.autofill:autofill:1.0.0) with JetifyTransform
Transforming autofill-1.0.0.aar (androidx.autofill:autofill:1.0.0) with ExtractAarTransform
Transforming autofill-1.0.0.aar (androidx.autofill:autofill:1.0.0) with AarTransform
Transforming swiperefreshlayout-1.0.0.aar (androidx.swiperefreshlayout:swiperefreshlayout:1.0.0) with JetifyTransform
Transforming swiperefreshlayout-1.0.0.aar (androidx.swiperefreshlayout:swiperefreshlayout:1.0.0) with ExtractAarTransform
Transforming swiperefreshlayout-1.0.0.aar (androidx.swiperefreshlayout:swiperefreshlayout:1.0.0) with AarTransform
Transforming asynclayoutinflater-1.0.0.aar (androidx.asynclayoutinflater:asynclayoutinflater:1.0.0) with JetifyTransform
Transforming asynclayoutinflater-1.0.0.aar (androidx.asynclayoutinflater:asynclayoutinflater:1.0.0) with ExtractAarTransform
Transforming asynclayoutinflater-1.0.0.aar (androidx.asynclayoutinflater:asynclayoutinflater:1.0.0) with AarTransform
Transforming customview-poolingcontainer-1.0.0.aar (androidx.customview:customview-poolingcontainer:1.0.0) with JetifyTransform
Transforming customview-poolingcontainer-1.0.0.aar (androidx.customview:customview-poolingcontainer:1.0.0) with ExtractAarTransform
Transforming customview-poolingcontainer-1.0.0.aar (androidx.customview:customview-poolingcontainer:1.0.0) with AarTransform
Transforming core-ktx-1.12.0.aar (androidx.core:core-ktx:1.12.0) with JetifyTransform
Transforming core-ktx-1.12.0.aar (androidx.core:core-ktx:1.12.0) with ExtractAarTransform
Transforming core-ktx-1.12.0.aar (androidx.core:core-ktx:1.12.0) with AarTransform
Transforming core-1.12.0.aar (androidx.core:core:1.12.0) with JetifyTransform
Transforming core-1.12.0.aar (androidx.core:core:1.12.0) with ExtractAarTransform
Transforming core-1.12.0.aar (androidx.core:core:1.12.0) with AarTransform
Transforming core-1.12.0.aar (androidx.core:core:1.12.0) with JetifyTransform
Transforming core-1.12.0.aar (androidx.core:core:1.12.0) with ExtractAarTransform
Transforming core-1.12.0.aar (androidx.core:core:1.12.0) with AarTransform
Transforming core-1.12.0.aar (androidx.core:core:1.12.0) with JetifyTransform
Transforming core-1.12.0.aar (androidx.core:core:1.12.0) with ExtractAarTransform
Transforming core-1.12.0.aar (androidx.core:core:1.12.0) with AarTransform
Transforming core-1.12.0.aar (androidx.core:core:1.12.0) with JetifyTransform
Transforming core-1.12.0.aar (androidx.core:core:1.12.0) with ExtractAarTransform
Transforming core-1.12.0.aar (androidx.core:core:1.12.0) with AarTransform
Transforming core-1.12.0.aar (androidx.core:core:1.12.0) with JetifyTransform
Transforming core-1.12.0.aar (androidx.core:core:1.12.0) with ExtractAarTransform
Transforming core-1.12.0.aar (androidx.core:core:1.12.0) with AarTransform
Transforming core-1.12.0.aar (androidx.core:core:1.12.0) with JetifyTransform
Transforming core-1.12.0.aar (androidx.core:core:1.12.0) with ExtractAarTransform
Transforming core-1.12.0.aar (androidx.core:core:1.12.0) with AarTransform
Transforming core-1.12.0.aar (androidx.core:core:1.12.0) with JetifyTransform
Transforming core-1.12.0.aar (androidx.core:core:1.12.0) with ExtractAarTransform
Transforming core-1.12.0.aar (androidx.core:core:1.12.0) with AarTransform
Transforming core-1.12.0.aar (androidx.core:core:1.12.0) with JetifyTransform
Transforming core-1.12.0.aar (androidx.core:core:1.12.0) with ExtractAarTransform
Transforming core-1.12.0.aar (androidx.core:core:1.12.0) with AarTransform
Transforming core-1.12.0.aar (androidx.core:core:1.12.0) with JetifyTransform
Transforming core-1.12.0.aar (androidx.core:core:1.12.0) with ExtractAarTransform
Transforming core-1.12.0.aar (androidx.core:core:1.12.0) with AarTransform
Transforming core-1.12.0.aar (androidx.core:core:1.12.0) with JetifyTransform
Transforming core-1.12.0.aar (androidx.core:core:1.12.0) with ExtractAarTransform
Transforming core-1.12.0.aar (androidx.core:core:1.12.0) with AarTransform
Transforming core-1.12.0.aar (androidx.core:core:1.12.0) with JetifyTransform
Transforming core-1.12.0.aar (androidx.core:core:1.12.0) with ExtractAarTransform
Transforming core-1.12.0.aar (androidx.core:core:1.12.0) with AarTransform
Transforming core-1.12.0.aar (androidx.core:core:1.12.0) with JetifyTransform
Transforming core-1.12.0.aar (androidx.core:core:1.12.0) with ExtractAarTransform
Transforming core-1.12.0.aar (androidx.core:core:1.12.0) with AarTransform
Transforming core-1.12.0.aar (androidx.core:core:1.12.0) with JetifyTransform
Transforming core-1.12.0.aar (androidx.core:core:1.12.0) with ExtractAarTransform
Transforming core-1.12.0.aar (androidx.core:core:1.12.0) with AarTransform
Transforming core-1.12.0.aar (androidx.core:core:1.12.0) with JetifyTransform
Transforming core-1.12.0.aar (androidx.core:core:1.12.0) with ExtractAarTransform
Transforming core-1.12.0.aar (androidx.core:core:1.12.0) with AarTransform
Transforming core-1.12.0.aar (androidx.core:core:1.12.0) with JetifyTransform
Transforming core-1.12.0.aar (androidx.core:core:1.12.0) with ExtractAarTransform
Transforming core-1.12.0.aar (androidx.core:core:1.12.0) with AarTransform
Transforming core-1.12.0.aar (androidx.core:core:1.12.0) with JetifyTransform
Transforming core-1.12.0.aar (androidx.core:core:1.12.0) with ExtractAarTransform
Transforming core-1.12.0.aar (androidx.core:core:1.12.0) with AarTransform
Transforming core-1.12.0.aar (androidx.core:core:1.12.0) with JetifyTransform
Transforming core-1.12.0.aar (androidx.core:core:1.12.0) with ExtractAarTransform
Transforming core-1.12.0.aar (androidx.core:core:1.12.0) with AarTransform
Transforming core-1.12.0.aar (androidx.core:core:1.12.0) with JetifyTransform
Transforming core-1.12.0.aar (androidx.core:core:1.12.0) with ExtractAarTransform
Transforming core-1.12.0.aar (androidx.core:core:1.12.0) with AarTransform
Transforming lifecycle-runtime-2.6.1.aar (androidx.lifecycle:lifecycle-runtime:2.6.1) with JetifyTransform
Transforming lifecycle-runtime-2.6.1.aar (androidx.lifecycle:lifecycle-runtime:2.6.1) with ExtractAarTransform
Transforming lifecycle-runtime-2.6.1.aar (androidx.lifecycle:lifecycle-runtime:2.6.1) with AarTransform
Transforming lifecycle-viewmodel-compose-2.6.1.aar (androidx.lifecycle:lifecycle-viewmodel-compose:2.6.1) with JetifyTransform
Transforming lifecycle-viewmodel-compose-2.6.1.aar (androidx.lifecycle:lifecycle-viewmodel-compose:2.6.1) with ExtractAarTransform
Transforming lifecycle-viewmodel-compose-2.6.1.aar (androidx.lifecycle:lifecycle-viewmodel-compose:2.6.1) with AarTransform
Transforming lifecycle-viewmodel-ktx-2.6.1.aar (androidx.lifecycle:lifecycle-viewmodel-ktx:2.6.1) with JetifyTransform
Transforming lifecycle-viewmodel-ktx-2.6.1.aar (androidx.lifecycle:lifecycle-viewmodel-ktx:2.6.1) with ExtractAarTransform
Transforming lifecycle-viewmodel-ktx-2.6.1.aar (androidx.lifecycle:lifecycle-viewmodel-ktx:2.6.1) with AarTransform
Transforming runtime-saveable-release.aar (androidx.compose.runtime:runtime-saveable-android:1.6.1) with JetifyTransform
Transforming runtime-saveable-release.aar (androidx.compose.runtime:runtime-saveable-android:1.6.1) with ExtractAarTransform
Transforming runtime-saveable-release.aar (androidx.compose.runtime:runtime-saveable-android:1.6.1) with AarTransform
Transforming runtime-release.aar (androidx.compose.runtime:runtime-android:1.6.1) with JetifyTransform
Transforming runtime-release.aar (androidx.compose.runtime:runtime-android:1.6.1) with ExtractAarTransform
Transforming runtime-release.aar (androidx.compose.runtime:runtime-android:1.6.1) with AarTransform
Transforming datastore-preferences-1.0.0.aar (androidx.datastore:datastore-preferences:1.0.0) with JetifyTransform
Transforming datastore-preferences-1.0.0.aar (androidx.datastore:datastore-preferences:1.0.0) with ExtractAarTransform
Transforming datastore-preferences-1.0.0.aar (androidx.datastore:datastore-preferences:1.0.0) with AarTransform
Transforming datastore-1.0.0.aar (androidx.datastore:datastore:1.0.0) with JetifyTransform
Transforming datastore-1.0.0.aar (androidx.datastore:datastore:1.0.0) with ExtractAarTransform
Transforming datastore-1.0.0.aar (androidx.datastore:datastore:1.0.0) with AarTransform
Transforming room-runtime-2.5.0.aar (androidx.room:room-runtime:2.5.0) with JetifyTransform
Transforming room-runtime-2.5.0.aar (androidx.room:room-runtime:2.5.0) with ExtractAarTransform
Transforming room-runtime-2.5.0.aar (androidx.room:room-runtime:2.5.0) with AarTransform
Transforming documentfile-1.0.1.aar (androidx.documentfile:documentfile:1.0.1) with JetifyTransform
Transforming documentfile-1.0.1.aar (androidx.documentfile:documentfile:1.0.1) with ExtractAarTransform
Transforming documentfile-1.0.1.aar (androidx.documentfile:documentfile:1.0.1) with AarTransform
Transforming documentfile-1.0.1.aar (androidx.documentfile:documentfile:1.0.1) with JetifyTransform
Transforming documentfile-1.0.1.aar (androidx.documentfile:documentfile:1.0.1) with ExtractAarTransform
Transforming documentfile-1.0.1.aar (androidx.documentfile:documentfile:1.0.1) with AarTransform
Transforming security-crypto-1.1.0-alpha03.aar (androidx.security:security-crypto:1.1.0-alpha03) with JetifyTransform
Transforming security-crypto-1.1.0-alpha03.aar (androidx.security:security-crypto:1.1.0-alpha03) with ExtractAarTransform
Transforming security-crypto-1.1.0-alpha03.aar (androidx.security:security-crypto:1.1.0-alpha03) with AarTransform
Transforming cursoradapter-1.0.0.aar (androidx.cursoradapter:cursoradapter:1.0.0) with JetifyTransform
Transforming cursoradapter-1.0.0.aar (androidx.cursoradapter:cursoradapter:1.0.0) with ExtractAarTransform
Transforming cursoradapter-1.0.0.aar (androidx.cursoradapter:cursoradapter:1.0.0) with AarTransform
Transforming cursoradapter-1.0.0.aar (androidx.cursoradapter:cursoradapter:1.0.0) with JetifyTransform
Transforming cursoradapter-1.0.0.aar (androidx.cursoradapter:cursoradapter:1.0.0) with ExtractAarTransform
Transforming cursoradapter-1.0.0.aar (androidx.cursoradapter:cursoradapter:1.0.0) with AarTransform
Transforming cardview-1.0.0.aar (androidx.cardview:cardview:1.0.0) with JetifyTransform
Transforming cardview-1.0.0.aar (androidx.cardview:cardview:1.0.0) with ExtractAarTransform
Transforming cardview-1.0.0.aar (androidx.cardview:cardview:1.0.0) with AarTransform
Transforming gifdecoder-4.11.0.aar (com.github.bumptech.glide:gifdecoder:4.11.0) with JetifyTransform
Transforming gifdecoder-4.11.0.aar (com.github.bumptech.glide:gifdecoder:4.11.0) with ExtractAarTransform
Transforming gifdecoder-4.11.0.aar (com.github.bumptech.glide:gifdecoder:4.11.0) with AarTransform
Transforming interpolator-1.0.0.aar (androidx.interpolator:interpolator:1.0.0) with JetifyTransform
Transforming interpolator-1.0.0.aar (androidx.interpolator:interpolator:1.0.0) with ExtractAarTransform
Transforming interpolator-1.0.0.aar (androidx.interpolator:interpolator:1.0.0) with AarTransform
Transforming interpolator-1.0.0.aar (androidx.interpolator:interpolator:1.0.0) with JetifyTransform
Transforming interpolator-1.0.0.aar (androidx.interpolator:interpolator:1.0.0) with ExtractAarTransform
Transforming interpolator-1.0.0.aar (androidx.interpolator:interpolator:1.0.0) with AarTransform
Transforming interpolator-1.0.0.aar (androidx.interpolator:interpolator:1.0.0) with JetifyTransform
Transforming interpolator-1.0.0.aar (androidx.interpolator:interpolator:1.0.0) with ExtractAarTransform
Transforming interpolator-1.0.0.aar (androidx.interpolator:interpolator:1.0.0) with AarTransform
Transforming interpolator-1.0.0.aar (androidx.interpolator:interpolator:1.0.0) with JetifyTransform
Transforming interpolator-1.0.0.aar (androidx.interpolator:interpolator:1.0.0) with ExtractAarTransform
Transforming interpolator-1.0.0.aar (androidx.interpolator:interpolator:1.0.0) with AarTransform
Transforming interpolator-1.0.0.aar (androidx.interpolator:interpolator:1.0.0) with JetifyTransform
Transforming interpolator-1.0.0.aar (androidx.interpolator:interpolator:1.0.0) with ExtractAarTransform
Transforming interpolator-1.0.0.aar (androidx.interpolator:interpolator:1.0.0) with AarTransform
Transforming core-runtime-2.2.0.aar (androidx.arch.core:core-runtime:2.2.0) with JetifyTransform
Transforming core-runtime-2.2.0.aar (androidx.arch.core:core-runtime:2.2.0) with ExtractAarTransform
Transforming core-runtime-2.2.0.aar (androidx.arch.core:core-runtime:2.2.0) with AarTransform
Transforming profileinstaller-1.3.0.aar (androidx.profileinstaller:profileinstaller:1.3.0) with JetifyTransform
Transforming profileinstaller-1.3.0.aar (androidx.profileinstaller:profileinstaller:1.3.0) with ExtractAarTransform
Transforming profileinstaller-1.3.0.aar (androidx.profileinstaller:profileinstaller:1.3.0) with AarTransform
Transforming sqlite-framework-2.3.0.aar (androidx.sqlite:sqlite-framework:2.3.0) with JetifyTransform
Transforming sqlite-framework-2.3.0.aar (androidx.sqlite:sqlite-framework:2.3.0) with ExtractAarTransform
Transforming sqlite-framework-2.3.0.aar (androidx.sqlite:sqlite-framework:2.3.0) with AarTransform
Transforming versionedparcelable-1.1.1.aar (androidx.versionedparcelable:versionedparcelable:1.1.1) with JetifyTransform
Transforming versionedparcelable-1.1.1.aar (androidx.versionedparcelable:versionedparcelable:1.1.1) with ExtractAarTransform
Transforming versionedparcelable-1.1.1.aar (androidx.versionedparcelable:versionedparcelable:1.1.1) with AarTransform
Transforming startup-runtime-1.1.1.aar (androidx.startup:startup-runtime:1.1.1) with JetifyTransform
Transforming startup-runtime-1.1.1.aar (androidx.startup:startup-runtime:1.1.1) with ExtractAarTransform
Transforming startup-runtime-1.1.1.aar (androidx.startup:startup-runtime:1.1.1) with AarTransform
Transforming exifinterface-1.3.3.aar (androidx.exifinterface:exifinterface:1.3.3) with JetifyTransform
Transforming exifinterface-1.3.3.aar (androidx.exifinterface:exifinterface:1.3.3) with ExtractAarTransform
Transforming exifinterface-1.3.3.aar (androidx.exifinterface:exifinterface:1.3.3) with AarTransform
Transforming sqlite-2.3.0.aar (androidx.sqlite:sqlite:2.3.0) with JetifyTransform
Transforming sqlite-2.3.0.aar (androidx.sqlite:sqlite:2.3.0) with ExtractAarTransform
Transforming sqlite-2.3.0.aar (androidx.sqlite:sqlite:2.3.0) with AarTransform
Transforming tracing-1.0.0.aar (androidx.tracing:tracing:1.0.0) with JetifyTransform
Transforming tracing-1.0.0.aar (androidx.tracing:tracing:1.0.0) with ExtractAarTransform
Transforming tracing-1.0.0.aar (androidx.tracing:tracing:1.0.0) with AarTransform
Transforming localbroadcastmanager-1.0.0.aar (androidx.localbroadcastmanager:localbroadcastmanager:1.0.0) with JetifyTransform
Transforming localbroadcastmanager-1.0.0.aar (androidx.localbroadcastmanager:localbroadcastmanager:1.0.0) with ExtractAarTransform
Transforming localbroadcastmanager-1.0.0.aar (androidx.localbroadcastmanager:localbroadcastmanager:1.0.0) with AarTransform
Transforming print-1.0.0.aar (androidx.print:print:1.0.0) with JetifyTransform
Transforming print-1.0.0.aar (androidx.print:print:1.0.0) with ExtractAarTransform
Transforming print-1.0.0.aar (androidx.print:print:1.0.0) with AarTransform
Transforming annotation-experimental-1.4.0.aar (androidx.annotation:annotation-experimental:1.4.0) with JetifyTransform
Transforming annotation-experimental-1.4.0.aar (androidx.annotation:annotation-experimental:1.4.0) with ExtractAarTransform
Transforming annotation-experimental-1.4.0.aar (androidx.annotation:annotation-experimental:1.4.0) with AarTransform
Transforming android-2.5.0.aar (com.yubico.yubikit:android:2.5.0) with JetifyTransform
Transforming android-2.5.0.aar (com.yubico.yubikit:android:2.5.0) with ExtractAarTransform
Transforming android-2.5.0.aar (com.yubico.yubikit:android:2.5.0) with AarTransform
Caching disabled for AarTransform: ~/.gradle/caches/transforms-3/66b0378c33ede1b033228e49dad9524a/transformed/legacy-support-core-ui-1.0.0 because:
  Build cache is disabled
Skipping AarTransform: ~/.gradle/caches/transforms-3/66b0378c33ede1b033228e49dad9524a/transformed/legacy-support-core-ui-1.0.0 as it is up-to-date.
Caching disabled for AarTransform: ~/.gradle/caches/transforms-3/0db2e5da926973a8cb8c4b07fbcec83d/transformed/legacy-support-core-utils-1.0.0 because:
  Build cache is disabled
Skipping AarTransform: ~/.gradle/caches/transforms-3/0db2e5da926973a8cb8c4b07fbcec83d/transformed/legacy-support-core-utils-1.0.0 as it is up-to-date.
Caching disabled for AarTransform: ~/.gradle/caches/transforms-3/5fbf3876ecb0a88b7dcccdd061affe0a/transformed/loader-1.0.0 because:
  Build cache is disabled
Skipping AarTransform: ~/.gradle/caches/transforms-3/5fbf3876ecb0a88b7dcccdd061affe0a/transformed/loader-1.0.0 as it is up-to-date.
Caching disabled for AarTransform: ~/.gradle/caches/transforms-3/83c2e7af98f64845bfb9325dbf1c5a1c/transformed/jetified-material-release because:
  Build cache is disabled
Skipping AarTransform: ~/.gradle/caches/transforms-3/83c2e7af98f64845bfb9325dbf1c5a1c/transformed/jetified-material-release as it is up-to-date.
Caching disabled for AarTransform: ~/.gradle/caches/transforms-3/902593fa1e00ea876e13c003ec91b9af/transformed/browser-1.0.0 because:
  Build cache is disabled
Caching disabled for AarTransform: ~/.gradle/caches/transforms-3/9d078f321e9c9b40b737fbfeda2c24d6/transformed/constraintlayout-2.1.3 because:
  Build cache is disabled
Skipping AarTransform: ~/.gradle/caches/transforms-3/902593fa1e00ea876e13c003ec91b9af/transformed/browser-1.0.0 as it is up-to-date.
Skipping AarTransform: ~/.gradle/caches/transforms-3/9d078f321e9c9b40b737fbfeda2c24d6/transformed/constraintlayout-2.1.3 as it is up-to-date.
Caching disabled for AarTransform: ~/.gradle/caches/transforms-3/6ca85b9e3b0b19038192d28e3fe8d0ab/transformed/jetified-material-icons-core-release because:
  Build cache is disabled
Skipping AarTransform: ~/.gradle/caches/transforms-3/6ca85b9e3b0b19038192d28e3fe8d0ab/transformed/jetified-material-icons-core-release as it is up-to-date.
Caching disabled for AarTransform: ~/.gradle/caches/transforms-3/86c6b512118f207b0af6c1bfd4dea297/transformed/jetified-material-ripple-release because:
  Build cache is disabled
Skipping AarTransform: ~/.gradle/caches/transforms-3/86c6b512118f207b0af6c1bfd4dea297/transformed/jetified-material-ripple-release as it is up-to-date.
Caching disabled for AarTransform: ~/.gradle/caches/transforms-3/b6c9f045fb2c75106aeba0d2cee3e5af/transformed/jetified-foundation-release because:
  Build cache is disabled
Skipping AarTransform: ~/.gradle/caches/transforms-3/b6c9f045fb2c75106aeba0d2cee3e5af/transformed/jetified-foundation-release as it is up-to-date.
Caching disabled for AarTransform: ~/.gradle/caches/transforms-3/cbf35b172e63244a7cdfbe0558057126/transformed/jetified-foundation-layout-release because:
  Build cache is disabled
Skipping AarTransform: ~/.gradle/caches/transforms-3/cbf35b172e63244a7cdfbe0558057126/transformed/jetified-foundation-layout-release as it is up-to-date.
Caching disabled for AarTransform: ~/.gradle/caches/transforms-3/e2595fb66819c09fd65ae4a9e519b50b/transformed/jetified-animation-core-release because:
  Build cache is disabled
Skipping AarTransform: ~/.gradle/caches/transforms-3/e2595fb66819c09fd65ae4a9e519b50b/transformed/jetified-animation-core-release as it is up-to-date.
Caching disabled for AarTransform: ~/.gradle/caches/transforms-3/b05fc11c0ba16ff3b6e03ce6d681b90d/transformed/jetified-animation-release because:
  Build cache is disabled
Skipping AarTransform: ~/.gradle/caches/transforms-3/b05fc11c0ba16ff3b6e03ce6d681b90d/transformed/jetified-animation-release as it is up-to-date.
Caching disabled for AarTransform: ~/.gradle/caches/transforms-3/d46d9e20913b2943a41edfbee6c3fc7b/transformed/jetified-ui-unit-release because:
  Build cache is disabled
Skipping AarTransform: ~/.gradle/caches/transforms-3/d46d9e20913b2943a41edfbee6c3fc7b/transformed/jetified-ui-unit-release as it is up-to-date.
Caching disabled for AarTransform: ~/.gradle/caches/transforms-3/1fb601fda73f4f605e8cd860ab2c7dff/transformed/jetified-ui-tooling-data-release because:
  Build cache is disabled
Skipping AarTransform: ~/.gradle/caches/transforms-3/1fb601fda73f4f605e8cd860ab2c7dff/transformed/jetified-ui-tooling-data-release as it is up-to-date.
Caching disabled for AarTransform: ~/.gradle/caches/transforms-3/9842a4d437c4539be4001127dcd9b65f/transformed/jetified-ui-geometry-release because:
  Build cache is disabled
Skipping AarTransform: ~/.gradle/caches/transforms-3/9842a4d437c4539be4001127dcd9b65f/transformed/jetified-ui-geometry-release as it is up-to-date.
Caching disabled for AarTransform: ~/.gradle/caches/transforms-3/84c5ee758d54ed8d39985183b5170d2f/transformed/jetified-ui-text-release because:
  Build cache is disabled
Skipping AarTransform: ~/.gradle/caches/transforms-3/84c5ee758d54ed8d39985183b5170d2f/transformed/jetified-ui-text-release as it is up-to-date.
Caching disabled for AarTransform: ~/.gradle/caches/transforms-3/7b45d49ace10fab82120de3e53646a9a/transformed/jetified-ui-graphics-release because:
  Build cache is disabled
Caching disabled for AarTransform: ~/.gradle/caches/transforms-3/7d4c28caa7e0fb3fe005a676364c2608/transformed/jetified-ui-tooling-preview-release because:
  Build cache is disabled
Skipping AarTransform: ~/.gradle/caches/transforms-3/7d4c28caa7e0fb3fe005a676364c2608/transformed/jetified-ui-tooling-preview-release as it is up-to-date.
Skipping AarTransform: ~/.gradle/caches/transforms-3/7b45d49ace10fab82120de3e53646a9a/transformed/jetified-ui-graphics-release as it is up-to-date.
Caching disabled for AarTransform: ~/.gradle/caches/transforms-3/042e3e457431c3578cc10e80ca0e5c92/transformed/jetified-ui-test-manifest-1.6.1 because:
  Build cache is disabled
Skipping AarTransform: ~/.gradle/caches/transforms-3/042e3e457431c3578cc10e80ca0e5c92/transformed/jetified-ui-test-manifest-1.6.1 as it is up-to-date.
Caching disabled for AarTransform: ~/.gradle/caches/transforms-3/732bf3fcca27485691548d213a69ce32/transformed/jetified-ui-tooling-release because:
  Build cache is disabled
Skipping AarTransform: ~/.gradle/caches/transforms-3/732bf3fcca27485691548d213a69ce32/transformed/jetified-ui-tooling-release as it is up-to-date.
Caching disabled for AarTransform: ~/.gradle/caches/transforms-3/c2b1766b366bff151ea9bc1ce65f2b1b/transformed/jetified-activity-1.7.1 because:
  Build cache is disabled
Skipping AarTransform: ~/.gradle/caches/transforms-3/c2b1766b366bff151ea9bc1ce65f2b1b/transformed/jetified-activity-1.7.1 as it is up-to-date.
Caching disabled for AarTransform: ~/.gradle/caches/transforms-3/f729480fa7330d4bf857441478e9cd70/transformed/jetified-activity-ktx-1.7.1 because:
  Build cache is disabled
Skipping AarTransform: ~/.gradle/caches/transforms-3/f729480fa7330d4bf857441478e9cd70/transformed/jetified-activity-ktx-1.7.1 as it is up-to-date.
Caching disabled for AarTransform: ~/.gradle/caches/transforms-3/ab0296bff53da0f4182c704c11538309/transformed/jetified-activity-compose-1.7.1 because:
  Build cache is disabled
Skipping AarTransform: ~/.gradle/caches/transforms-3/ab0296bff53da0f4182c704c11538309/transformed/jetified-activity-compose-1.7.1 as it is up-to-date.
Caching disabled for AarTransform: ~/.gradle/caches/transforms-3/5a6f203f5e7fed813839d1d9e35f7205/transformed/jetified-ui-release because:
  Build cache is disabled
Skipping AarTransform: ~/.gradle/caches/transforms-3/5a6f203f5e7fed813839d1d9e35f7205/transformed/jetified-ui-release as it is up-to-date.
Caching disabled for AarTransform: ~/.gradle/caches/transforms-3/5fd0882d1d7d05fb40249dc663fa1f47/transformed/jetified-savedstate-ktx-1.2.1 because:
  Build cache is disabled
Skipping AarTransform: ~/.gradle/caches/transforms-3/5fd0882d1d7d05fb40249dc663fa1f47/transformed/jetified-savedstate-ktx-1.2.1 as it is up-to-date.
Caching disabled for AarTransform: ~/.gradle/caches/transforms-3/2e6e16267dc010e44b77ac72a21bd80d/transformed/jetified-savedstate-1.2.1 because:
  Build cache is disabled
Skipping AarTransform: ~/.gradle/caches/transforms-3/2e6e16267dc010e44b77ac72a21bd80d/transformed/jetified-savedstate-1.2.1 as it is up-to-date.
Caching disabled for AarTransform: ~/.gradle/caches/transforms-3/52104321998f44c84e9432a9e863a757/transformed/work-runtime-2.8.1 because:
  Build cache is disabled
Skipping AarTransform: ~/.gradle/caches/transforms-3/52104321998f44c84e9432a9e863a757/transformed/work-runtime-2.8.1 as it is up-to-date.
Caching disabled for AarTransform: ~/.gradle/caches/transforms-3/7d4a3ead9931ebc23018330c682f58e1/transformed/jetified-emoji2-views-helper-1.3.0 because:
  Build cache is disabled
Skipping AarTransform: ~/.gradle/caches/transforms-3/7d4a3ead9931ebc23018330c682f58e1/transformed/jetified-emoji2-views-helper-1.3.0 as it is up-to-date.
Caching disabled for AarTransform: ~/.gradle/caches/transforms-3/1a1c4affc70b8f7d95ddcadfbd2a35e3/transformed/jetified-lifecycle-process-2.6.1 because:
  Build cache is disabled
Skipping AarTransform: ~/.gradle/caches/transforms-3/1a1c4affc70b8f7d95ddcadfbd2a35e3/transformed/jetified-lifecycle-process-2.6.1 as it is up-to-date.
Caching disabled for AarTransform: ~/.gradle/caches/transforms-3/5f61254bc809342fde7e4d99b9dc0bd6/transformed/jetified-lifecycle-service-2.6.1 because:
  Build cache is disabled
Skipping AarTransform: ~/.gradle/caches/transforms-3/5f61254bc809342fde7e4d99b9dc0bd6/transformed/jetified-lifecycle-service-2.6.1 as it is up-to-date.
Caching disabled for AarTransform: ~/.gradle/caches/transforms-3/4cdb49b0d47ca31fbe8f7e71a27210c2/transformed/lifecycle-livedata-2.6.1 because:
  Build cache is disabled
Skipping AarTransform: ~/.gradle/caches/transforms-3/4cdb49b0d47ca31fbe8f7e71a27210c2/transformed/lifecycle-livedata-2.6.1 as it is up-to-date.
Caching disabled for AarTransform: ~/.gradle/caches/transforms-3/98b62496db80c5f7334c63c8ef1594c6/transformed/lifecycle-livedata-core-2.6.1 because:
  Build cache is disabled
Skipping AarTransform: ~/.gradle/caches/transforms-3/98b62496db80c5f7334c63c8ef1594c6/transformed/lifecycle-livedata-core-2.6.1 as it is up-to-date.
Caching disabled for AarTransform: ~/.gradle/caches/transforms-3/6e6fcd315d2914af4ad2cbb4faca5a8d/transformed/lifecycle-viewmodel-2.6.1 because:
  Build cache is disabled
Skipping AarTransform: ~/.gradle/caches/transforms-3/6e6fcd315d2914af4ad2cbb4faca5a8d/transformed/lifecycle-viewmodel-2.6.1 as it is up-to-date.
Caching disabled for AarTransform: ~/.gradle/caches/transforms-3/b1c2f00c35df7bf87ac640531525b7b2/transformed/jetified-lifecycle-viewmodel-savedstate-2.6.1 because:
  Build cache is disabled
Skipping AarTransform: ~/.gradle/caches/transforms-3/b1c2f00c35df7bf87ac640531525b7b2/transformed/jetified-lifecycle-viewmodel-savedstate-2.6.1 as it is up-to-date.
Caching disabled for AarTransform: ~/.gradle/caches/transforms-3/ea37f1cdfe70b530b14333d13f4dfefd/transformed/jetified-lifecycle-runtime-ktx-2.6.1 because:
  Build cache is disabled
Skipping AarTransform: ~/.gradle/caches/transforms-3/ea37f1cdfe70b530b14333d13f4dfefd/transformed/jetified-lifecycle-runtime-ktx-2.6.1 as it is up-to-date.
Caching disabled for AarTransform: ~/.gradle/caches/transforms-3/2b5b59ece6552c208019a847c09011bf/transformed/recyclerview-1.3.0 because:
  Build cache is disabled
Skipping AarTransform: ~/.gradle/caches/transforms-3/2b5b59ece6552c208019a847c09011bf/transformed/recyclerview-1.3.0 as it is up-to-date.
Caching disabled for AarTransform: ~/.gradle/caches/transforms-3/4091ae1981d7ed60785fe07ae06dd610/transformed/drawerlayout-1.0.0 because:
  Build cache is disabled
Skipping AarTransform: ~/.gradle/caches/transforms-3/4091ae1981d7ed60785fe07ae06dd610/transformed/drawerlayout-1.0.0 as it is up-to-date.
Caching disabled for AarTransform: ~/.gradle/caches/transforms-3/b0f6f3bf4ed4099b387a119d6361ee2c/transformed/coordinatorlayout-1.1.0 because:
  Build cache is disabled
Skipping AarTransform: ~/.gradle/caches/transforms-3/b0f6f3bf4ed4099b387a119d6361ee2c/transformed/coordinatorlayout-1.1.0 as it is up-to-date.
Caching disabled for AarTransform: ~/.gradle/caches/transforms-3/13c53372c38558e7012eae9655f785d8/transformed/viewpager-1.0.0 because:
  Build cache is disabled
Skipping AarTransform: ~/.gradle/caches/transforms-3/13c53372c38558e7012eae9655f785d8/transformed/viewpager-1.0.0 as it is up-to-date.
Caching disabled for AarTransform: ~/.gradle/caches/transforms-3/c9ac48e9f4f08ba22420df3489b43c0b/transformed/slidingpanelayout-1.0.0 because:
  Build cache is disabled
Skipping AarTransform: ~/.gradle/caches/transforms-3/c9ac48e9f4f08ba22420df3489b43c0b/transformed/slidingpanelayout-1.0.0 as it is up-to-date.
Caching disabled for AarTransform: ~/.gradle/caches/transforms-3/674afedd4adc863db6e27fb0dc6cd5f2/transformed/customview-1.0.0 because:
  Build cache is disabled
Caching disabled for AarTransform: ~/.gradle/caches/transforms-3/3521de6b8848f9a8e2e8bf5a2173f78b/transformed/jetified-ui-util-release because:
  Build cache is disabled
Skipping AarTransform: ~/.gradle/caches/transforms-3/674afedd4adc863db6e27fb0dc6cd5f2/transformed/customview-1.0.0 as it is up-to-date.
Skipping AarTransform: ~/.gradle/caches/transforms-3/3521de6b8848f9a8e2e8bf5a2173f78b/transformed/jetified-ui-util-release as it is up-to-date.
Caching disabled for AarTransform: ~/.gradle/caches/transforms-3/cbe3b41e5ddfed288a93ecb397f38d58/transformed/jetified-emoji2-1.3.0 because:
  Build cache is disabled
Skipping AarTransform: ~/.gradle/caches/transforms-3/cbe3b41e5ddfed288a93ecb397f38d58/transformed/jetified-emoji2-1.3.0 as it is up-to-date.
Caching disabled for AarTransform: ~/.gradle/caches/transforms-3/118a0cae2c4b44cec6097a60cd253593/transformed/vectordrawable-animated-1.1.0 because:
  Build cache is disabled
Skipping AarTransform: ~/.gradle/caches/transforms-3/118a0cae2c4b44cec6097a60cd253593/transformed/vectordrawable-animated-1.1.0 as it is up-to-date.
Caching disabled for AarTransform: ~/.gradle/caches/transforms-3/9b5817c3a92d7366c3231b0a6adc6bdc/transformed/vectordrawable-1.1.0 because:
  Build cache is disabled
Skipping AarTransform: ~/.gradle/caches/transforms-3/9b5817c3a92d7366c3231b0a6adc6bdc/transformed/vectordrawable-1.1.0 as it is up-to-date.
Caching disabled for AarTransform: ~/.gradle/caches/transforms-3/7632eae8281301dfe881ac645ed5b016/transformed/transition-1.2.0 because:
  Build cache is disabled
Skipping AarTransform: ~/.gradle/caches/transforms-3/7632eae8281301dfe881ac645ed5b016/transformed/transition-1.2.0 as it is up-to-date.
Caching disabled for AarTransform: ~/.gradle/caches/transforms-3/c168bdfce0b852075277c25af448ff71/transformed/jetified-window-1.0.0 because:
  Build cache is disabled
Skipping AarTransform: ~/.gradle/caches/transforms-3/c168bdfce0b852075277c25af448ff71/transformed/jetified-window-1.0.0 as it is up-to-date.
Caching disabled for AarTransform: ~/.gradle/caches/transforms-3/580ae2a1aa1989b013eb39607617f57b/transformed/jetified-autofill-1.0.0 because:
  Build cache is disabled
Skipping AarTransform: ~/.gradle/caches/transforms-3/580ae2a1aa1989b013eb39607617f57b/transformed/jetified-autofill-1.0.0 as it is up-to-date.
Caching disabled for AarTransform: ~/.gradle/caches/transforms-3/12ad9292926686a6f009320535c38240/transformed/swiperefreshlayout-1.0.0 because:
  Build cache is disabled
Skipping AarTransform: ~/.gradle/caches/transforms-3/12ad9292926686a6f009320535c38240/transformed/swiperefreshlayout-1.0.0 as it is up-to-date.
Caching disabled for AarTransform: ~/.gradle/caches/transforms-3/c1abece61dae1a21d2f3592e715f7295/transformed/asynclayoutinflater-1.0.0 because:
  Build cache is disabled
Skipping AarTransform: ~/.gradle/caches/transforms-3/c1abece61dae1a21d2f3592e715f7295/transformed/asynclayoutinflater-1.0.0 as it is up-to-date.
Caching disabled for AarTransform: ~/.gradle/caches/transforms-3/cceb94d81e4d8c63d43b8cad4df517ed/transformed/core-1.12.0 because:
  Build cache is disabled
Caching disabled for AarTransform: ~/.gradle/caches/transforms-3/949fc41410247092c134eb3bd94f32ce/transformed/jetified-core-ktx-1.12.0 because:
  Build cache is disabled
Skipping AarTransform: ~/.gradle/caches/transforms-3/949fc41410247092c134eb3bd94f32ce/transformed/jetified-core-ktx-1.12.0 as it is up-to-date.
Skipping AarTransform: ~/.gradle/caches/transforms-3/cceb94d81e4d8c63d43b8cad4df517ed/transformed/core-1.12.0 as it is up-to-date.
Caching disabled for AarTransform: ~/.gradle/caches/transforms-3/12a83c271ec221d1737fdd040cc60012/transformed/jetified-customview-poolingcontainer-1.0.0 because:
  Build cache is disabled
Skipping AarTransform: ~/.gradle/caches/transforms-3/12a83c271ec221d1737fdd040cc60012/transformed/jetified-customview-poolingcontainer-1.0.0 as it is up-to-date.
Caching disabled for AarTransform: ~/.gradle/caches/transforms-3/7f1e093fa79270458ef3640fc4e8a839/transformed/jetified-runtime-saveable-release because:
  Build cache is disabled
Caching disabled for AarTransform: ~/.gradle/caches/transforms-3/b000c700754713dc8e2803f1edacb360/transformed/lifecycle-runtime-2.6.1 because:
  Build cache is disabled
Skipping AarTransform: ~/.gradle/caches/transforms-3/7f1e093fa79270458ef3640fc4e8a839/transformed/jetified-runtime-saveable-release as it is up-to-date.
Skipping AarTransform: ~/.gradle/caches/transforms-3/b000c700754713dc8e2803f1edacb360/transformed/lifecycle-runtime-2.6.1 as it is up-to-date.
Caching disabled for AarTransform: ~/.gradle/caches/transforms-3/eb7450c57b306cbb82121c0806cab720/transformed/jetified-lifecycle-viewmodel-compose-2.6.1 because:
  Build cache is disabled
Skipping AarTransform: ~/.gradle/caches/transforms-3/eb7450c57b306cbb82121c0806cab720/transformed/jetified-lifecycle-viewmodel-compose-2.6.1 as it is up-to-date.
Caching disabled for AarTransform: ~/.gradle/caches/transforms-3/9b48c0ff091d6ce817371e99ad820b83/transformed/jetified-datastore-preferences-1.0.0 because:
  Build cache is disabled
Skipping AarTransform: ~/.gradle/caches/transforms-3/9b48c0ff091d6ce817371e99ad820b83/transformed/jetified-datastore-preferences-1.0.0 as it is up-to-date.
Caching disabled for AarTransform: ~/.gradle/caches/transforms-3/e9713df1858b49ad0683e30339f1fcbf/transformed/jetified-lifecycle-viewmodel-ktx-2.6.1 because:
  Build cache is disabled
Skipping AarTransform: ~/.gradle/caches/transforms-3/e9713df1858b49ad0683e30339f1fcbf/transformed/jetified-lifecycle-viewmodel-ktx-2.6.1 as it is up-to-date.
Caching disabled for AarTransform: ~/.gradle/caches/transforms-3/de6a55e483f993ea7168e29fbd28f33c/transformed/jetified-datastore-1.0.0 because:
  Build cache is disabled
Skipping AarTransform: ~/.gradle/caches/transforms-3/de6a55e483f993ea7168e29fbd28f33c/transformed/jetified-datastore-1.0.0 as it is up-to-date.
Caching disabled for AarTransform: ~/.gradle/caches/transforms-3/b2a1521e4152e0b34a7680a2d8b07346/transformed/documentfile-1.0.1 because:
  Build cache is disabled
Skipping AarTransform: ~/.gradle/caches/transforms-3/b2a1521e4152e0b34a7680a2d8b07346/transformed/documentfile-1.0.1 as it is up-to-date.
Caching disabled for AarTransform: ~/.gradle/caches/transforms-3/a625bd74c274bd3cfbd1753b62cf8fd3/transformed/jetified-runtime-release because:
  Build cache is disabled
Skipping AarTransform: ~/.gradle/caches/transforms-3/a625bd74c274bd3cfbd1753b62cf8fd3/transformed/jetified-runtime-release as it is up-to-date.
Caching disabled for AarTransform: ~/.gradle/caches/transforms-3/e20053a0a5aacac75533bfb9655cb504/transformed/room-runtime-2.5.0 because:
  Build cache is disabled
Skipping AarTransform: ~/.gradle/caches/transforms-3/e20053a0a5aacac75533bfb9655cb504/transformed/room-runtime-2.5.0 as it is up-to-date.
Caching disabled for AarTransform: ~/.gradle/caches/transforms-3/12300820f0d60b288a19d7ebf5066de8/transformed/cursoradapter-1.0.0 because:
  Build cache is disabled
Skipping AarTransform: ~/.gradle/caches/transforms-3/12300820f0d60b288a19d7ebf5066de8/transformed/cursoradapter-1.0.0 as it is up-to-date.
Caching disabled for AarTransform: ~/.gradle/caches/transforms-3/dcc90df5e29beb76e837b70cfc8a1b3a/transformed/cardview-1.0.0 because:
  Build cache is disabled
Skipping AarTransform: ~/.gradle/caches/transforms-3/dcc90df5e29beb76e837b70cfc8a1b3a/transformed/cardview-1.0.0 as it is up-to-date.
Caching disabled for AarTransform: ~/.gradle/caches/transforms-3/56bd582384ccdc7202015da1d0cac46f/transformed/jetified-security-crypto-1.1.0-alpha03 because:
  Build cache is disabled
Caching disabled for AarTransform: ~/.gradle/caches/transforms-3/137175b3ff397a3ca8c7f030a9dc1e4b/transformed/jetified-gifdecoder-4.11.0 because:
  Build cache is disabled
Skipping AarTransform: ~/.gradle/caches/transforms-3/137175b3ff397a3ca8c7f030a9dc1e4b/transformed/jetified-gifdecoder-4.11.0 as it is up-to-date.
Skipping AarTransform: ~/.gradle/caches/transforms-3/56bd582384ccdc7202015da1d0cac46f/transformed/jetified-security-crypto-1.1.0-alpha03 as it is up-to-date.
Caching disabled for AarTransform: ~/.gradle/caches/transforms-3/d41826fca4fd43026506b6eedd8999db/transformed/interpolator-1.0.0 because:
  Build cache is disabled
Skipping AarTransform: ~/.gradle/caches/transforms-3/d41826fca4fd43026506b6eedd8999db/transformed/interpolator-1.0.0 as it is up-to-date.
Caching disabled for AarTransform: ~/.gradle/caches/transforms-3/6121addbf7f66609874aebfb23638732/transformed/jetified-profileinstaller-1.3.0 because:
  Build cache is disabled
Skipping AarTransform: ~/.gradle/caches/transforms-3/6121addbf7f66609874aebfb23638732/transformed/jetified-profileinstaller-1.3.0 as it is up-to-date.
Caching disabled for AarTransform: ~/.gradle/caches/transforms-3/03f7efd144c869dc5e7d802beb82fc16/transformed/versionedparcelable-1.1.1 because:
  Build cache is disabled
Skipping AarTransform: ~/.gradle/caches/transforms-3/03f7efd144c869dc5e7d802beb82fc16/transformed/versionedparcelable-1.1.1 as it is up-to-date.
Caching disabled for AarTransform: ~/.gradle/caches/transforms-3/42d42e9fdc10b3a8efed0d75b71fafe6/transformed/core-runtime-2.2.0 because:
  Build cache is disabled
Skipping AarTransform: ~/.gradle/caches/transforms-3/42d42e9fdc10b3a8efed0d75b71fafe6/transformed/core-runtime-2.2.0 as it is up-to-date.
Caching disabled for AarTransform: ~/.gradle/caches/transforms-3/6b41cd243c6fb9e77bc51f77916faca1/transformed/sqlite-framework-2.3.0 because:
  Build cache is disabled
Skipping AarTransform: ~/.gradle/caches/transforms-3/6b41cd243c6fb9e77bc51f77916faca1/transformed/sqlite-framework-2.3.0 as it is up-to-date.
Caching disabled for AarTransform: ~/.gradle/caches/transforms-3/48ceb8176866b80a099305b2f41fd291/transformed/exifinterface-1.3.3 because:
  Build cache is disabled
Skipping AarTransform: ~/.gradle/caches/transforms-3/48ceb8176866b80a099305b2f41fd291/transformed/exifinterface-1.3.3 as it is up-to-date.
Caching disabled for AarTransform: ~/.gradle/caches/transforms-3/155663d16d0a0a2fe7a7ba743223ac03/transformed/jetified-startup-runtime-1.1.1 because:
  Build cache is disabled
Skipping AarTransform: ~/.gradle/caches/transforms-3/155663d16d0a0a2fe7a7ba743223ac03/transformed/jetified-startup-runtime-1.1.1 as it is up-to-date.
Caching disabled for AarTransform: ~/.gradle/caches/transforms-3/3bc6d5d8ff448b4e13035810680677de/transformed/jetified-tracing-1.0.0 because:
  Build cache is disabled
Caching disabled for AarTransform: ~/.gradle/caches/transforms-3/72dad178ce6ab4f7001753075b0e37f5/transformed/sqlite-2.3.0 because:
  Build cache is disabled
Skipping AarTransform: ~/.gradle/caches/transforms-3/72dad178ce6ab4f7001753075b0e37f5/transformed/sqlite-2.3.0 as it is up-to-date.
Caching disabled for AarTransform: ~/.gradle/caches/transforms-3/b60f11540f0a45297b86659eb77708d8/transformed/localbroadcastmanager-1.0.0 because:
  Build cache is disabled
Skipping AarTransform: ~/.gradle/caches/transforms-3/b60f11540f0a45297b86659eb77708d8/transformed/localbroadcastmanager-1.0.0 as it is up-to-date.
Skipping AarTransform: ~/.gradle/caches/transforms-3/3bc6d5d8ff448b4e13035810680677de/transformed/jetified-tracing-1.0.0 as it is up-to-date.
Caching disabled for AarTransform: ~/.gradle/caches/transforms-3/07890a703d0cf6d7a86bcc92f59f3175/transformed/print-1.0.0 because:
  Build cache is disabled
Skipping AarTransform: ~/.gradle/caches/transforms-3/07890a703d0cf6d7a86bcc92f59f3175/transformed/print-1.0.0 as it is up-to-date.
Caching disabled for AarTransform: ~/.gradle/caches/transforms-3/bba89aa6501c852a9ecaced807b153b4/transformed/jetified-annotation-experimental-1.4.0 because:
  Build cache is disabled
Skipping AarTransform: ~/.gradle/caches/transforms-3/bba89aa6501c852a9ecaced807b153b4/transformed/jetified-annotation-experimental-1.4.0 as it is up-to-date.
Caching disabled for AarTransform: ~/.gradle/caches/transforms-3/92c29c4b255532babecd42314d8fdc89/transformed/jetified-play-services-auth-base-18.0.4 because:
  Build cache is disabled
Skipping AarTransform: ~/.gradle/caches/transforms-3/92c29c4b255532babecd42314d8fdc89/transformed/jetified-play-services-auth-base-18.0.4 as it is up-to-date.
Caching disabled for AarTransform: ~/.gradle/caches/transforms-3/90ed19349c73e3a702f875e3ee32cf3e/transformed/jetified-play-services-auth-api-phone-18.0.1 because:
  Build cache is disabled
Skipping AarTransform: ~/.gradle/caches/transforms-3/90ed19349c73e3a702f875e3ee32cf3e/transformed/jetified-play-services-auth-api-phone-18.0.1 as it is up-to-date.
Caching disabled for AarTransform: ~/.gradle/caches/transforms-3/8afce72244a911c0605c3d6d7e95dc8c/transformed/jetified-android-2.5.0 because:
  Build cache is disabled
Skipping AarTransform: ~/.gradle/caches/transforms-3/8afce72244a911c0605c3d6d7e95dc8c/transformed/jetified-android-2.5.0 as it is up-to-date.
Caching disabled for AarTransform: ~/.gradle/caches/transforms-3/3c5a8b745dd1c9841f3eb1e5f8227414/transformed/jetified-play-services-fido-20.1.0 because:
  Build cache is disabled
Skipping AarTransform: ~/.gradle/caches/transforms-3/3c5a8b745dd1c9841f3eb1e5f8227414/transformed/jetified-play-services-fido-20.1.0 as it is up-to-date.
Caching disabled for AarTransform: ~/.gradle/caches/transforms-3/28b8a30e393fe518d9ae0aee025282fd/transformed/jetified-coil-base-2.0.0 because:
  Build cache is disabled
Skipping AarTransform: ~/.gradle/caches/transforms-3/28b8a30e393fe518d9ae0aee025282fd/transformed/jetified-coil-base-2.0.0 as it is up-to-date.
Caching disabled for AarTransform: ~/.gradle/caches/transforms-3/93778559c8409c7dbf0caaa1b2d252ac/transformed/jetified-coil-2.0.0 because:
  Build cache is disabled
Skipping AarTransform: ~/.gradle/caches/transforms-3/93778559c8409c7dbf0caaa1b2d252ac/transformed/jetified-coil-2.0.0 as it is up-to-date.
Caching disabled for AarTransform: ~/.gradle/caches/transforms-3/5395aa0a6ecb13ad0c511d3a340478af/transformed/jetified-msal-6.2.0 because:
  Build cache is disabled
Skipping AarTransform: ~/.gradle/caches/transforms-3/5395aa0a6ecb13ad0c511d3a340478af/transformed/jetified-msal-6.2.0 as it is up-to-date.
Caching disabled for AarTransform: ~/.gradle/caches/transforms-3/f2c612e0fb1a97a99a863e39f5508a21/transformed/jetified-play-services-tasks-18.0.1 because:
  Build cache is disabled
Skipping AarTransform: ~/.gradle/caches/transforms-3/f2c612e0fb1a97a99a863e39f5508a21/transformed/jetified-play-services-tasks-18.0.1 as it is up-to-date.
Caching disabled for AarTransform: ~/.gradle/caches/transforms-3/66f77465e979a17d511311b5910b38ae/transformed/jetified-play-services-auth-20.7.0 because:
  Build cache is disabled
Caching disabled for AarTransform: ~/.gradle/caches/transforms-3/1d16f4d928f2f2d491888191b97517fc/transformed/jetified-googleid-1.1.0 because:
  Build cache is disabled
Skipping AarTransform: ~/.gradle/caches/transforms-3/66f77465e979a17d511311b5910b38ae/transformed/jetified-play-services-auth-20.7.0 as it is up-to-date.
Skipping AarTransform: ~/.gradle/caches/transforms-3/1d16f4d928f2f2d491888191b97517fc/transformed/jetified-googleid-1.1.0 as it is up-to-date.
Caching disabled for AarTransform: ~/.gradle/caches/transforms-3/9b17bc7c93fbf09b155b618530a901a6/transformed/jetified-viewpager2-1.0.0 because:
  Build cache is disabled
Skipping AarTransform: ~/.gradle/caches/transforms-3/9b17bc7c93fbf09b155b618530a901a6/transformed/jetified-viewpager2-1.0.0 as it is up-to-date.
Caching disabled for AarTransform: ~/.gradle/caches/transforms-3/eaf4160b542b0499b6b73f7db65252d7/transformed/jetified-coil-compose-base-2.0.0 because:
  Build cache is disabled
Caching disabled for AarTransform: ~/.gradle/caches/transforms-3/1cae99ea7ffe8d6629ea2bcf1aca546c/transformed/work-runtime-ktx-2.8.1 because:
  Build cache is disabled
Skipping AarTransform: ~/.gradle/caches/transforms-3/1cae99ea7ffe8d6629ea2bcf1aca546c/transformed/work-runtime-ktx-2.8.1 as it is up-to-date.
Caching disabled for AarTransform: ~/.gradle/caches/transforms-3/8feeef3945a1f3bf72a7656b99debed4/transformed/jetified-glide-4.11.0 because:
  Build cache is disabled
Skipping AarTransform: ~/.gradle/caches/transforms-3/8feeef3945a1f3bf72a7656b99debed4/transformed/jetified-glide-4.11.0 as it is up-to-date.
Skipping AarTransform: ~/.gradle/caches/transforms-3/eaf4160b542b0499b6b73f7db65252d7/transformed/jetified-coil-compose-base-2.0.0 as it is up-to-date.
Caching disabled for AarTransform: ~/.gradle/caches/transforms-3/6ba5227b30be8ace71f45008339a7641/transformed/jetified-accompanist-drawablepainter-0.23.1 because:
  Build cache is disabled
Skipping AarTransform: ~/.gradle/caches/transforms-3/6ba5227b30be8ace71f45008339a7641/transformed/jetified-accompanist-drawablepainter-0.23.1 as it is up-to-date.
Caching disabled for AarTransform: ~/.gradle/caches/transforms-3/691e2ddca74f0afe60043bb1a3af1d8c/transformed/jetified-common-21.4.0 because:
  Build cache is disabled
Skipping AarTransform: ~/.gradle/caches/transforms-3/691e2ddca74f0afe60043bb1a3af1d8c/transformed/jetified-common-21.4.0 as it is up-to-date.
Caching disabled for AarTransform: ~/.gradle/caches/transforms-3/b6095f41f72e5a29b902f1ef21484dd1/transformed/jetified-material3-window-size-class-release because:
  Build cache is disabled
Skipping AarTransform: ~/.gradle/caches/transforms-3/b6095f41f72e5a29b902f1ef21484dd1/transformed/jetified-material3-window-size-class-release as it is up-to-date.
Caching disabled for AarTransform: ~/.gradle/caches/transforms-3/2cfbf6603ea66c174c7ccb8429cf167e/transformed/navigation-common-ktx-2.7.0 because:
  Build cache is disabled
Skipping AarTransform: ~/.gradle/caches/transforms-3/2cfbf6603ea66c174c7ccb8429cf167e/transformed/navigation-common-ktx-2.7.0 as it is up-to-date.
Caching disabled for AarTransform: ~/.gradle/caches/transforms-3/061a33163253ca2b20f29868a72c12dc/transformed/jetified-material3-release because:
  Build cache is disabled
Skipping AarTransform: ~/.gradle/caches/transforms-3/061a33163253ca2b20f29868a72c12dc/transformed/jetified-material3-release as it is up-to-date.
Caching disabled for AarTransform: ~/.gradle/caches/transforms-3/bf1a1f31d3fd291141350a5f95f71ac2/transformed/navigation-runtime-2.7.0 because:
  Build cache is disabled
Skipping AarTransform: ~/.gradle/caches/transforms-3/bf1a1f31d3fd291141350a5f95f71ac2/transformed/navigation-runtime-2.7.0 as it is up-to-date.
Caching disabled for AarTransform: ~/.gradle/caches/transforms-3/a4a989285698a7d4539c76e75f39e9fb/transformed/jetified-appcompat-resources-1.6.1 because:
  Build cache is disabled
Skipping AarTransform: ~/.gradle/caches/transforms-3/a4a989285698a7d4539c76e75f39e9fb/transformed/jetified-appcompat-resources-1.6.1 as it is up-to-date.
Caching disabled for AarTransform: ~/.gradle/caches/transforms-3/2255a581edd9e694cdd5fc201e351b32/transformed/jetified-navigation-compose-2.7.0 because:
  Build cache is disabled
Skipping AarTransform: ~/.gradle/caches/transforms-3/2255a581edd9e694cdd5fc201e351b32/transformed/jetified-navigation-compose-2.7.0 as it is up-to-date.
Caching disabled for AarTransform: ~/.gradle/caches/transforms-3/db0a4a75452c37002f2b2876252588df/transformed/navigation-common-2.7.0 because:
  Build cache is disabled
Skipping AarTransform: ~/.gradle/caches/transforms-3/db0a4a75452c37002f2b2876252588df/transformed/navigation-common-2.7.0 as it is up-to-date.
Caching disabled for AarTransform: ~/.gradle/caches/transforms-3/66a760f6e63c09010c25a975f2158b0f/transformed/navigation-runtime-ktx-2.7.0 because:
  Build cache is disabled
Skipping AarTransform: ~/.gradle/caches/transforms-3/66a760f6e63c09010c25a975f2158b0f/transformed/navigation-runtime-ktx-2.7.0 as it is up-to-date.
Caching disabled for AarTransform: ~/.gradle/caches/transforms-3/9e19dd4eddf1526c596bfc7fac48dace/transformed/material-1.2.0 because:
  Build cache is disabled
Skipping AarTransform: ~/.gradle/caches/transforms-3/9e19dd4eddf1526c596bfc7fac48dace/transformed/material-1.2.0 as it is up-to-date.
Caching disabled for task ':app:processDebugMainManifest' because:
  Build cache is disabled
Task ':app:processDebugMainManifest' is not up-to-date because:
  Class path of task ':app:processDebugMainManifest' has changed from 19511a89c2c60142f14e5c42d287bce4 to 884dfe0e653a3a2295bb6c56821b1ca5.
Watching 155 directories to track changes
Watching 154 directories to track changes
Watching 153 directories to track changes
Loading library manifest ~/.gradle/caches/transforms-3/94cab073bb099116bcdf05d4c23f20c8/transformed/jetified-viewbinding-7.4.2/AndroidManifest.xml
Loading library manifest ~/.gradle/caches/transforms-3/bf8e33f871994f40a9487e20a975ed66/transformed/jetified-accompanist-systemuicontroller-0.23.0/AndroidManifest.xml
Loading library manifest ~/.gradle/caches/transforms-3/4a16392ea9d502c6cfaf958d501f7b5c/transformed/jetified-coil-compose-2.0.0/AndroidManifest.xml
Loading library manifest ~/.gradle/caches/transforms-3/eaf4160b542b0499b6b73f7db65252d7/transformed/jetified-coil-compose-base-2.0.0/AndroidManifest.xml
Loading library manifest ~/.gradle/caches/transforms-3/93778559c8409c7dbf0caaa1b2d252ac/transformed/jetified-coil-2.0.0/AndroidManifest.xml
Loading library manifest ~/.gradle/caches/transforms-3/28b8a30e393fe518d9ae0aee025282fd/transformed/jetified-coil-base-2.0.0/AndroidManifest.xml
Loading library manifest ~/.gradle/caches/transforms-3/5395aa0a6ecb13ad0c511d3a340478af/transformed/jetified-msal-6.2.0/AndroidManifest.xml
Loading library manifest ~/.gradle/caches/transforms-3/691e2ddca74f0afe60043bb1a3af1d8c/transformed/jetified-common-21.4.0/AndroidManifest.xml
Loading library manifest ~/.gradle/caches/transforms-3/6ba5227b30be8ace71f45008339a7641/transformed/jetified-accompanist-drawablepainter-0.23.1/AndroidManifest.xml
Loading library manifest ~/.gradle/caches/transforms-3/5713208a47eec23b954ae0ca2083427b/transformed/jetified-credentials-1.2.2/AndroidManifest.xml
Loading library manifest ~/.gradle/caches/transforms-3/7ff85eb923829d3039e7d6a37994c2be/transformed/jetified-credentials-play-services-auth-1.2.2/AndroidManifest.xml
Loading library manifest ~/.gradle/caches/transforms-3/1d16f4d928f2f2d491888191b97517fc/transformed/jetified-googleid-1.1.0/AndroidManifest.xml
Loading library manifest ~/.gradle/caches/transforms-3/1cae99ea7ffe8d6629ea2bcf1aca546c/transformed/work-runtime-ktx-2.8.1/AndroidManifest.xml
Loading library manifest ~/.gradle/caches/transforms-3/db0a4a75452c37002f2b2876252588df/transformed/navigation-common-2.7.0/AndroidManifest.xml
Loading library manifest ~/.gradle/caches/transforms-3/bf1a1f31d3fd291141350a5f95f71ac2/transformed/navigation-runtime-2.7.0/AndroidManifest.xml
Loading library manifest ~/.gradle/caches/transforms-3/2cfbf6603ea66c174c7ccb8429cf167e/transformed/navigation-common-ktx-2.7.0/AndroidManifest.xml
Loading library manifest ~/.gradle/caches/transforms-3/66a760f6e63c09010c25a975f2158b0f/transformed/navigation-runtime-ktx-2.7.0/AndroidManifest.xml
Loading library manifest ~/.gradle/caches/transforms-3/2255a581edd9e694cdd5fc201e351b32/transformed/jetified-navigation-compose-2.7.0/AndroidManifest.xml
Loading library manifest ~/.gradle/caches/transforms-3/9d078f321e9c9b40b737fbfeda2c24d6/transformed/constraintlayout-2.1.3/AndroidManifest.xml
Loading library manifest ~/.gradle/caches/transforms-3/9e19dd4eddf1526c596bfc7fac48dace/transformed/material-1.2.0/AndroidManifest.xml
Loading library manifest ~/.gradle/caches/transforms-3/a4a989285698a7d4539c76e75f39e9fb/transformed/jetified-appcompat-resources-1.6.1/AndroidManifest.xml
Loading library manifest ~/.gradle/caches/transforms-3/e05b1ce225b2f306a2f1bcaa6cc4bb82/transformed/appcompat-1.6.1/AndroidManifest.xml
Loading library manifest ~/.gradle/caches/transforms-3/b6095f41f72e5a29b902f1ef21484dd1/transformed/jetified-material3-window-size-class-release/AndroidManifest.xml
Loading library manifest ~/.gradle/caches/transforms-3/061a33163253ca2b20f29868a72c12dc/transformed/jetified-material3-release/AndroidManifest.xml
Loading library manifest ~/.gradle/caches/transforms-3/8feeef3945a1f3bf72a7656b99debed4/transformed/jetified-glide-4.11.0/AndroidManifest.xml
Loading library manifest ~/.gradle/caches/transforms-3/9b17bc7c93fbf09b155b618530a901a6/transformed/jetified-viewpager2-1.0.0/AndroidManifest.xml
Loading library manifest ~/.gradle/caches/transforms-3/66f77465e979a17d511311b5910b38ae/transformed/jetified-play-services-auth-20.7.0/AndroidManifest.xml
Loading library manifest ~/.gradle/caches/transforms-3/3c5a8b745dd1c9841f3eb1e5f8227414/transformed/jetified-play-services-fido-20.1.0/AndroidManifest.xml
Loading library manifest ~/.gradle/caches/transforms-3/90ed19349c73e3a702f875e3ee32cf3e/transformed/jetified-play-services-auth-api-phone-18.0.1/AndroidManifest.xml
Loading library manifest ~/.gradle/caches/transforms-3/92c29c4b255532babecd42314d8fdc89/transformed/jetified-play-services-auth-base-18.0.4/AndroidManifest.xml
Loading library manifest ~/.gradle/caches/transforms-3/a7ad36f58a6749e591d88a51cd5b7b5c/transformed/jetified-play-services-base-18.0.1/AndroidManifest.xml
Loading library manifest ~/.gradle/caches/transforms-3/f2c612e0fb1a97a99a863e39f5508a21/transformed/jetified-play-services-tasks-18.0.1/AndroidManifest.xml
Loading library manifest ~/.gradle/caches/transforms-3/fae7f0a32fa0484295f94dfaf9206b70/transformed/jetified-play-services-basement-18.2.0/AndroidManifest.xml
Loading library manifest ~/.gradle/caches/transforms-3/400dd26017d2e15e0dbda5406f9ef695/transformed/fragment-1.3.6/AndroidManifest.xml
Loading library manifest ~/.gradle/caches/transforms-3/902593fa1e00ea876e13c003ec91b9af/transformed/browser-1.0.0/AndroidManifest.xml
Loading library manifest ~/.gradle/caches/transforms-3/66b0378c33ede1b033228e49dad9524a/transformed/legacy-support-core-ui-1.0.0/AndroidManifest.xml
Loading library manifest ~/.gradle/caches/transforms-3/0db2e5da926973a8cb8c4b07fbcec83d/transformed/legacy-support-core-utils-1.0.0/AndroidManifest.xml
Loading library manifest ~/.gradle/caches/transforms-3/5fbf3876ecb0a88b7dcccdd061affe0a/transformed/loader-1.0.0/AndroidManifest.xml
Loading library manifest ~/.gradle/caches/transforms-3/83c2e7af98f64845bfb9325dbf1c5a1c/transformed/jetified-material-release/AndroidManifest.xml
Loading library manifest ~/.gradle/caches/transforms-3/6ca85b9e3b0b19038192d28e3fe8d0ab/transformed/jetified-material-icons-core-release/AndroidManifest.xml
Loading library manifest ~/.gradle/caches/transforms-3/86c6b512118f207b0af6c1bfd4dea297/transformed/jetified-material-ripple-release/AndroidManifest.xml
Loading library manifest ~/.gradle/caches/transforms-3/b6c9f045fb2c75106aeba0d2cee3e5af/transformed/jetified-foundation-release/AndroidManifest.xml
Loading library manifest ~/.gradle/caches/transforms-3/cbf35b172e63244a7cdfbe0558057126/transformed/jetified-foundation-layout-release/AndroidManifest.xml
Loading library manifest ~/.gradle/caches/transforms-3/e2595fb66819c09fd65ae4a9e519b50b/transformed/jetified-animation-core-release/AndroidManifest.xml
Loading library manifest ~/.gradle/caches/transforms-3/b05fc11c0ba16ff3b6e03ce6d681b90d/transformed/jetified-animation-release/AndroidManifest.xml
Loading library manifest ~/.gradle/caches/transforms-3/1fb601fda73f4f605e8cd860ab2c7dff/transformed/jetified-ui-tooling-data-release/AndroidManifest.xml
Loading library manifest ~/.gradle/caches/transforms-3/9842a4d437c4539be4001127dcd9b65f/transformed/jetified-ui-geometry-release/AndroidManifest.xml
Loading library manifest ~/.gradle/caches/transforms-3/d46d9e20913b2943a41edfbee6c3fc7b/transformed/jetified-ui-unit-release/AndroidManifest.xml
Loading library manifest ~/.gradle/caches/transforms-3/3521de6b8848f9a8e2e8bf5a2173f78b/transformed/jetified-ui-util-release/AndroidManifest.xml
Loading library manifest ~/.gradle/caches/transforms-3/84c5ee758d54ed8d39985183b5170d2f/transformed/jetified-ui-text-release/AndroidManifest.xml
Loading library manifest ~/.gradle/caches/transforms-3/7b45d49ace10fab82120de3e53646a9a/transformed/jetified-ui-graphics-release/AndroidManifest.xml
Loading library manifest ~/.gradle/caches/transforms-3/7d4c28caa7e0fb3fe005a676364c2608/transformed/jetified-ui-tooling-preview-release/AndroidManifest.xml
Loading library manifest ~/.gradle/caches/transforms-3/732bf3fcca27485691548d213a69ce32/transformed/jetified-ui-tooling-release/AndroidManifest.xml
Loading library manifest ~/.gradle/caches/transforms-3/042e3e457431c3578cc10e80ca0e5c92/transformed/jetified-ui-test-manifest-1.6.1/AndroidManifest.xml
Loading library manifest ~/.gradle/caches/transforms-3/c2b1766b366bff151ea9bc1ce65f2b1b/transformed/jetified-activity-1.7.1/AndroidManifest.xml
Loading library manifest ~/.gradle/caches/transforms-3/f729480fa7330d4bf857441478e9cd70/transformed/jetified-activity-ktx-1.7.1/AndroidManifest.xml
Loading library manifest ~/.gradle/caches/transforms-3/ab0296bff53da0f4182c704c11538309/transformed/jetified-activity-compose-1.7.1/AndroidManifest.xml
Loading library manifest ~/.gradle/caches/transforms-3/5a6f203f5e7fed813839d1d9e35f7205/transformed/jetified-ui-release/AndroidManifest.xml
Loading library manifest ~/.gradle/caches/transforms-3/5fd0882d1d7d05fb40249dc663fa1f47/transformed/jetified-savedstate-ktx-1.2.1/AndroidManifest.xml
Loading library manifest ~/.gradle/caches/transforms-3/2e6e16267dc010e44b77ac72a21bd80d/transformed/jetified-savedstate-1.2.1/AndroidManifest.xml
Loading library manifest ~/.gradle/caches/transforms-3/52104321998f44c84e9432a9e863a757/transformed/work-runtime-2.8.1/AndroidManifest.xml
Loading library manifest ~/.gradle/caches/transforms-3/7d4a3ead9931ebc23018330c682f58e1/transformed/jetified-emoji2-views-helper-1.3.0/AndroidManifest.xml
Loading library manifest ~/.gradle/caches/transforms-3/cbe3b41e5ddfed288a93ecb397f38d58/transformed/jetified-emoji2-1.3.0/AndroidManifest.xml
Loading library manifest ~/.gradle/caches/transforms-3/1a1c4affc70b8f7d95ddcadfbd2a35e3/transformed/jetified-lifecycle-process-2.6.1/AndroidManifest.xml
Loading library manifest ~/.gradle/caches/transforms-3/5f61254bc809342fde7e4d99b9dc0bd6/transformed/jetified-lifecycle-service-2.6.1/AndroidManifest.xml
Loading library manifest ~/.gradle/caches/transforms-3/4cdb49b0d47ca31fbe8f7e71a27210c2/transformed/lifecycle-livedata-2.6.1/AndroidManifest.xml
Loading library manifest ~/.gradle/caches/transforms-3/98b62496db80c5f7334c63c8ef1594c6/transformed/lifecycle-livedata-core-2.6.1/AndroidManifest.xml
Loading library manifest ~/.gradle/caches/transforms-3/6e6fcd315d2914af4ad2cbb4faca5a8d/transformed/lifecycle-viewmodel-2.6.1/AndroidManifest.xml
Loading library manifest ~/.gradle/caches/transforms-3/b1c2f00c35df7bf87ac640531525b7b2/transformed/jetified-lifecycle-viewmodel-savedstate-2.6.1/AndroidManifest.xml
Loading library manifest ~/.gradle/caches/transforms-3/ea37f1cdfe70b530b14333d13f4dfefd/transformed/jetified-lifecycle-runtime-ktx-2.6.1/AndroidManifest.xml
Loading library manifest ~/.gradle/caches/transforms-3/2b5b59ece6552c208019a847c09011bf/transformed/recyclerview-1.3.0/AndroidManifest.xml
Loading library manifest ~/.gradle/caches/transforms-3/4091ae1981d7ed60785fe07ae06dd610/transformed/drawerlayout-1.0.0/AndroidManifest.xml
Loading library manifest ~/.gradle/caches/transforms-3/b0f6f3bf4ed4099b387a119d6361ee2c/transformed/coordinatorlayout-1.1.0/AndroidManifest.xml
Loading library manifest ~/.gradle/caches/transforms-3/13c53372c38558e7012eae9655f785d8/transformed/viewpager-1.0.0/AndroidManifest.xml
Loading library manifest ~/.gradle/caches/transforms-3/c9ac48e9f4f08ba22420df3489b43c0b/transformed/slidingpanelayout-1.0.0/AndroidManifest.xml
Loading library manifest ~/.gradle/caches/transforms-3/674afedd4adc863db6e27fb0dc6cd5f2/transformed/customview-1.0.0/AndroidManifest.xml
Loading library manifest ~/.gradle/caches/transforms-3/7632eae8281301dfe881ac645ed5b016/transformed/transition-1.2.0/AndroidManifest.xml
Loading library manifest ~/.gradle/caches/transforms-3/118a0cae2c4b44cec6097a60cd253593/transformed/vectordrawable-animated-1.1.0/AndroidManifest.xml
Loading library manifest ~/.gradle/caches/transforms-3/9b5817c3a92d7366c3231b0a6adc6bdc/transformed/vectordrawable-1.1.0/AndroidManifest.xml
Loading library manifest ~/.gradle/caches/transforms-3/c168bdfce0b852075277c25af448ff71/transformed/jetified-window-1.0.0/AndroidManifest.xml
Loading library manifest ~/.gradle/caches/transforms-3/580ae2a1aa1989b013eb39607617f57b/transformed/jetified-autofill-1.0.0/AndroidManifest.xml
Loading library manifest ~/.gradle/caches/transforms-3/12ad9292926686a6f009320535c38240/transformed/swiperefreshlayout-1.0.0/AndroidManifest.xml
Loading library manifest ~/.gradle/caches/transforms-3/c1abece61dae1a21d2f3592e715f7295/transformed/asynclayoutinflater-1.0.0/AndroidManifest.xml
Loading library manifest ~/.gradle/caches/transforms-3/12a83c271ec221d1737fdd040cc60012/transformed/jetified-customview-poolingcontainer-1.0.0/AndroidManifest.xml
Loading library manifest ~/.gradle/caches/transforms-3/949fc41410247092c134eb3bd94f32ce/transformed/jetified-core-ktx-1.12.0/AndroidManifest.xml
Loading library manifest ~/.gradle/caches/transforms-3/cceb94d81e4d8c63d43b8cad4df517ed/transformed/core-1.12.0/AndroidManifest.xml
Loading library manifest ~/.gradle/caches/transforms-3/b000c700754713dc8e2803f1edacb360/transformed/lifecycle-runtime-2.6.1/AndroidManifest.xml
Loading library manifest ~/.gradle/caches/transforms-3/eb7450c57b306cbb82121c0806cab720/transformed/jetified-lifecycle-viewmodel-compose-2.6.1/AndroidManifest.xml
Loading library manifest ~/.gradle/caches/transforms-3/e9713df1858b49ad0683e30339f1fcbf/transformed/jetified-lifecycle-viewmodel-ktx-2.6.1/AndroidManifest.xml
Loading library manifest ~/.gradle/caches/transforms-3/7f1e093fa79270458ef3640fc4e8a839/transformed/jetified-runtime-saveable-release/AndroidManifest.xml
Loading library manifest ~/.gradle/caches/transforms-3/a625bd74c274bd3cfbd1753b62cf8fd3/transformed/jetified-runtime-release/AndroidManifest.xml
Loading library manifest ~/.gradle/caches/transforms-3/9b48c0ff091d6ce817371e99ad820b83/transformed/jetified-datastore-preferences-1.0.0/AndroidManifest.xml
Loading library manifest ~/.gradle/caches/transforms-3/de6a55e483f993ea7168e29fbd28f33c/transformed/jetified-datastore-1.0.0/AndroidManifest.xml
Loading library manifest ~/.gradle/caches/transforms-3/e20053a0a5aacac75533bfb9655cb504/transformed/room-runtime-2.5.0/AndroidManifest.xml
Loading library manifest ~/.gradle/caches/transforms-3/b2a1521e4152e0b34a7680a2d8b07346/transformed/documentfile-1.0.1/AndroidManifest.xml
Loading library manifest ~/.gradle/caches/transforms-3/56bd582384ccdc7202015da1d0cac46f/transformed/jetified-security-crypto-1.1.0-alpha03/AndroidManifest.xml
Loading library manifest ~/.gradle/caches/transforms-3/12300820f0d60b288a19d7ebf5066de8/transformed/cursoradapter-1.0.0/AndroidManifest.xml
Loading library manifest ~/.gradle/caches/transforms-3/dcc90df5e29beb76e837b70cfc8a1b3a/transformed/cardview-1.0.0/AndroidManifest.xml
Loading library manifest ~/.gradle/caches/transforms-3/137175b3ff397a3ca8c7f030a9dc1e4b/transformed/jetified-gifdecoder-4.11.0/AndroidManifest.xml
Loading library manifest ~/.gradle/caches/transforms-3/d41826fca4fd43026506b6eedd8999db/transformed/interpolator-1.0.0/AndroidManifest.xml
Loading library manifest ~/.gradle/caches/transforms-3/42d42e9fdc10b3a8efed0d75b71fafe6/transformed/core-runtime-2.2.0/AndroidManifest.xml
Loading library manifest ~/.gradle/caches/transforms-3/6121addbf7f66609874aebfb23638732/transformed/jetified-profileinstaller-1.3.0/AndroidManifest.xml
Loading library manifest ~/.gradle/caches/transforms-3/6b41cd243c6fb9e77bc51f77916faca1/transformed/sqlite-framework-2.3.0/AndroidManifest.xml
Loading library manifest ~/.gradle/caches/transforms-3/03f7efd144c869dc5e7d802beb82fc16/transformed/versionedparcelable-1.1.1/AndroidManifest.xml
Loading library manifest ~/.gradle/caches/transforms-3/155663d16d0a0a2fe7a7ba743223ac03/transformed/jetified-startup-runtime-1.1.1/AndroidManifest.xml
Loading library manifest ~/.gradle/caches/transforms-3/48ceb8176866b80a099305b2f41fd291/transformed/exifinterface-1.3.3/AndroidManifest.xml
Loading library manifest ~/.gradle/caches/transforms-3/72dad178ce6ab4f7001753075b0e37f5/transformed/sqlite-2.3.0/AndroidManifest.xml
Loading library manifest ~/.gradle/caches/transforms-3/3bc6d5d8ff448b4e13035810680677de/transformed/jetified-tracing-1.0.0/AndroidManifest.xml
Loading library manifest ~/.gradle/caches/transforms-3/b60f11540f0a45297b86659eb77708d8/transformed/localbroadcastmanager-1.0.0/AndroidManifest.xml
Loading library manifest ~/.gradle/caches/transforms-3/07890a703d0cf6d7a86bcc92f59f3175/transformed/print-1.0.0/AndroidManifest.xml
Loading library manifest ~/.gradle/caches/transforms-3/bba89aa6501c852a9ecaced807b153b4/transformed/jetified-annotation-experimental-1.4.0/AndroidManifest.xml
Loading library manifest ~/.gradle/caches/transforms-3/8afce72244a911c0605c3d6d7e95dc8c/transformed/jetified-android-2.5.0/AndroidManifest.xml
Merging main manifest ~/android/studio/Projects/Photo.Gallery/app/src/main/AndroidManifest.xml

Merging library manifest ~/.gradle/caches/transforms-3/94cab073bb099116bcdf05d4c23f20c8/transformed/jetified-viewbinding-7.4.2/AndroidManifest.xml
Merging manifest with lower [androidx.databinding:viewbinding:7.4.2] AndroidManifest.xml:2:1-7:12
uses-sdk defined in both files...
Merging uses-sdk with lower [androidx.databinding:viewbinding:7.4.2] AndroidManifest.xml:5:5-44
Merging library manifest ~/.gradle/caches/transforms-3/bf8e33f871994f40a9487e20a975ed66/transformed/jetified-accompanist-systemuicontroller-0.23.0/AndroidManifest.xml
Merging manifest with lower [com.google.accompanist:accompanist-systemuicontroller:0.23.0] AndroidManifest.xml:17:1-24:12
uses-sdk defined in both files...
Merging uses-sdk with lower [com.google.accompanist:accompanist-systemuicontroller:0.23.0] AndroidManifest.xml:20:5-22:41
Merging library manifest ~/.gradle/caches/transforms-3/4a16392ea9d502c6cfaf958d501f7b5c/transformed/jetified-coil-compose-2.0.0/AndroidManifest.xml
Merging manifest with lower [io.coil-kt:coil-compose:2.0.0] AndroidManifest.xml:2:1-9:12
uses-sdk defined in both files...
Merging uses-sdk with lower [io.coil-kt:coil-compose:2.0.0] AndroidManifest.xml:5:5-7:41
Merging library manifest ~/.gradle/caches/transforms-3/eaf4160b542b0499b6b73f7db65252d7/transformed/jetified-coil-compose-base-2.0.0/AndroidManifest.xml
Merging manifest with lower [io.coil-kt:coil-compose-base:2.0.0] AndroidManifest.xml:2:1-9:12
uses-sdk defined in both files...
Merging uses-sdk with lower [io.coil-kt:coil-compose-base:2.0.0] AndroidManifest.xml:5:5-7:41
Merging library manifest ~/.gradle/caches/transforms-3/93778559c8409c7dbf0caaa1b2d252ac/transformed/jetified-coil-2.0.0/AndroidManifest.xml
Merging manifest with lower [io.coil-kt:coil:2.0.0] AndroidManifest.xml:2:1-9:12
uses-sdk defined in both files...
Merging uses-sdk with lower [io.coil-kt:coil:2.0.0] AndroidManifest.xml:5:5-7:41
Merging library manifest ~/.gradle/caches/transforms-3/28b8a30e393fe518d9ae0aee025282fd/transformed/jetified-coil-base-2.0.0/AndroidManifest.xml
Merging manifest with lower [io.coil-kt:coil-base:2.0.0] AndroidManifest.xml:2:1-9:12
uses-sdk defined in both files...
Merging uses-sdk with lower [io.coil-kt:coil-base:2.0.0] AndroidManifest.xml:5:5-7:41
Merging library manifest ~/.gradle/caches/transforms-3/5395aa0a6ecb13ad0c511d3a340478af/transformed/jetified-msal-6.2.0/AndroidManifest.xml
Merging manifest with lower [com.microsoft.identity.client:msal:6.2.0] AndroidManifest.xml:2:1-40:12
uses-sdk defined in both files...
Merging uses-sdk with lower [com.microsoft.identity.client:msal:6.2.0] AndroidManifest.xml:5:5-44
uses-permission#android.permission.INTERNET defined in both files...
Merging uses-permission#android.permission.INTERNET with lower [com.microsoft.identity.client:msal:6.2.0] AndroidManifest.xml:7:5-67
Adopted [uses-permission: null]
application defined in both files...
Merging application with lower [com.microsoft.identity.client:msal:6.2.0] AndroidManifest.xml:10:5-38:19
Adopted [activity: null]
Adopted [activity: null]
Adopted [activity: null]
activity#com.microsoft.identity.client.BrowserTabActivity defined in both files...
Merging activity#com.microsoft.identity.client.BrowserTabActivity with lower [com.microsoft.identity.client:msal:6.2.0] AndroidManifest.xml:31:9-34:39
Adopted [activity: null]
Merging library manifest ~/.gradle/caches/transforms-3/691e2ddca74f0afe60043bb1a3af1d8c/transformed/jetified-common-21.4.0/AndroidManifest.xml
Merging manifest with lower [com.microsoft.identity:common:21.4.0] AndroidManifest.xml:2:1-64:12
uses-sdk defined in both files...
Merging uses-sdk with lower [com.microsoft.identity:common:21.4.0] AndroidManifest.xml:5:5-7:151
uses-permission#android.permission.INTERNET defined in both files...
Merging uses-permission#android.permission.INTERNET with lower [com.microsoft.identity:common:21.4.0] AndroidManifest.xml:9:5-67
uses-permission#android.permission.ACCESS_NETWORK_STATE defined in both files...
Merging uses-permission#android.permission.ACCESS_NETWORK_STATE with lower [com.microsoft.identity:common:21.4.0] AndroidManifest.xml:10:5-79
Adopted [queries: null]
application defined in both files...
Merging application with lower [com.microsoft.identity:common:21.4.0] AndroidManifest.xml:43:5-62:19
activity#com.microsoft.identity.common.internal.providers.oauth2.AuthorizationActivity defined in both files...
Merging activity#com.microsoft.identity.common.internal.providers.oauth2.AuthorizationActivity with lower [com.microsoft.identity:common:21.4.0] AndroidManifest.xml:46:9-48:118
activity#com.microsoft.identity.common.internal.providers.oauth2.CurrentTaskAuthorizationActivity defined in both files...
Merging activity#com.microsoft.identity.common.internal.providers.oauth2.CurrentTaskAuthorizationActivity with lower [com.microsoft.identity:common:21.4.0] AndroidManifest.xml:49:9-51:118
Adopted [activity: null]
Adopted [activity: null]
Merging library manifest ~/.gradle/caches/transforms-3/6ba5227b30be8ace71f45008339a7641/transformed/jetified-accompanist-drawablepainter-0.23.1/AndroidManifest.xml
Merging manifest with lower [com.google.accompanist:accompanist-drawablepainter:0.23.1] AndroidManifest.xml:17:1-24:12
uses-sdk defined in both files...
Merging uses-sdk with lower [com.google.accompanist:accompanist-drawablepainter:0.23.1] AndroidManifest.xml:20:5-22:41
Merging library manifest ~/.gradle/caches/transforms-3/5713208a47eec23b954ae0ca2083427b/transformed/jetified-credentials-1.2.2/AndroidManifest.xml
Merging manifest with lower [androidx.credentials:credentials:1.2.2] AndroidManifest.xml:2:1-7:12
uses-sdk defined in both files...
Merging uses-sdk with lower [androidx.credentials:credentials:1.2.2] AndroidManifest.xml:5:5-44
Merging library manifest ~/.gradle/caches/transforms-3/7ff85eb923829d3039e7d6a37994c2be/transformed/jetified-credentials-play-services-auth-1.2.2/AndroidManifest.xml
Merging manifest with lower [androidx.credentials:credentials-play-services-auth:1.2.2] AndroidManifest.xml:17:1-44:12
uses-sdk defined in both files...
Merging uses-sdk with lower [androidx.credentials:credentials-play-services-auth:1.2.2] AndroidManifest.xml:21:5-44
application defined in both files...
Merging application with lower [androidx.credentials:credentials-play-services-auth:1.2.2] AndroidManifest.xml:23:5-42:19
Adopted [service: null]
Adopted [activity: null]
Merging library manifest ~/.gradle/caches/transforms-3/1d16f4d928f2f2d491888191b97517fc/transformed/jetified-googleid-1.1.0/AndroidManifest.xml
Merging manifest with lower [com.google.android.libraries.identity.googleid:googleid:1.1.0] AndroidManifest.xml:2:1-7:12
uses-sdk defined in both files...
Merging uses-sdk with lower [com.google.android.libraries.identity.googleid:googleid:1.1.0] AndroidManifest.xml:5:5-44
Merging library manifest ~/.gradle/caches/transforms-3/1cae99ea7ffe8d6629ea2bcf1aca546c/transformed/work-runtime-ktx-2.8.1/AndroidManifest.xml
Merging manifest with lower [androidx.work:work-runtime-ktx:2.8.1] AndroidManifest.xml:17:1-22:12
uses-sdk defined in both files...
Merging uses-sdk with lower [androidx.work:work-runtime-ktx:2.8.1] AndroidManifest.xml:20:5-44
Merging library manifest ~/.gradle/caches/transforms-3/db0a4a75452c37002f2b2876252588df/transformed/navigation-common-2.7.0/AndroidManifest.xml
Merging manifest with lower [androidx.navigation:navigation-common:2.7.0] AndroidManifest.xml:17:1-22:12
uses-sdk defined in both files...
Merging uses-sdk with lower [androidx.navigation:navigation-common:2.7.0] AndroidManifest.xml:20:5-44
Merging library manifest ~/.gradle/caches/transforms-3/bf1a1f31d3fd291141350a5f95f71ac2/transformed/navigation-runtime-2.7.0/AndroidManifest.xml
Merging manifest with lower [androidx.navigation:navigation-runtime:2.7.0] AndroidManifest.xml:17:1-22:12
uses-sdk defined in both files...
Merging uses-sdk with lower [androidx.navigation:navigation-runtime:2.7.0] AndroidManifest.xml:20:5-44
Merging library manifest ~/.gradle/caches/transforms-3/2cfbf6603ea66c174c7ccb8429cf167e/transformed/navigation-common-ktx-2.7.0/AndroidManifest.xml
Merging manifest with lower [androidx.navigation:navigation-common-ktx:2.7.0] AndroidManifest.xml:2:1-7:12
uses-sdk defined in both files...
Merging uses-sdk with lower [androidx.navigation:navigation-common-ktx:2.7.0] AndroidManifest.xml:5:5-44
Merging library manifest ~/.gradle/caches/transforms-3/66a760f6e63c09010c25a975f2158b0f/transformed/navigation-runtime-ktx-2.7.0/AndroidManifest.xml
Merging manifest with lower [androidx.navigation:navigation-runtime-ktx:2.7.0] AndroidManifest.xml:2:1-7:12
uses-sdk defined in both files...
Merging uses-sdk with lower [androidx.navigation:navigation-runtime-ktx:2.7.0] AndroidManifest.xml:5:5-44
Merging library manifest ~/.gradle/caches/transforms-3/2255a581edd9e694cdd5fc201e351b32/transformed/jetified-navigation-compose-2.7.0/AndroidManifest.xml
Merging manifest with lower [androidx.navigation:navigation-compose:2.7.0] AndroidManifest.xml:2:1-7:12
uses-sdk defined in both files...
Merging uses-sdk with lower [androidx.navigation:navigation-compose:2.7.0] AndroidManifest.xml:5:5-44
Merging library manifest ~/.gradle/caches/transforms-3/9d078f321e9c9b40b737fbfeda2c24d6/transformed/constraintlayout-2.1.3/AndroidManifest.xml
Merging manifest with lower [androidx.constraintlayout:constraintlayout:2.1.3] AndroidManifest.xml:2:1-11:12
uses-sdk defined in both files...
Merging uses-sdk with lower [androidx.constraintlayout:constraintlayout:2.1.3] AndroidManifest.xml:5:5-7:41
application defined in both files...
Merging application with lower [androidx.constraintlayout:constraintlayout:2.1.3] AndroidManifest.xml:9:5-20
Merging library manifest ~/.gradle/caches/transforms-3/9e19dd4eddf1526c596bfc7fac48dace/transformed/material-1.2.0/AndroidManifest.xml
Merging manifest with lower [com.google.android.material:material:1.2.0] AndroidManifest.xml:17:1-24:12
uses-sdk defined in both files...
Merging uses-sdk with lower [com.google.android.material:material:1.2.0] AndroidManifest.xml:20:5-44
application defined in both files...
Merging application with lower [com.google.android.material:material:1.2.0] AndroidManifest.xml:22:5-20
Merging library manifest ~/.gradle/caches/transforms-3/a4a989285698a7d4539c76e75f39e9fb/transformed/jetified-appcompat-resources-1.6.1/AndroidManifest.xml
Merging manifest with lower [androidx.appcompat:appcompat-resources:1.6.1] AndroidManifest.xml:17:1-22:12
uses-sdk defined in both files...
Merging uses-sdk with lower [androidx.appcompat:appcompat-resources:1.6.1] AndroidManifest.xml:20:5-44
Merging library manifest ~/.gradle/caches/transforms-3/e05b1ce225b2f306a2f1bcaa6cc4bb82/transformed/appcompat-1.6.1/AndroidManifest.xml
Merging manifest with lower [androidx.appcompat:appcompat:1.6.1] AndroidManifest.xml:17:1-22:12
uses-sdk defined in both files...
Merging uses-sdk with lower [androidx.appcompat:appcompat:1.6.1] AndroidManifest.xml:20:5-44
Merging library manifest ~/.gradle/caches/transforms-3/b6095f41f72e5a29b902f1ef21484dd1/transformed/jetified-material3-window-size-class-release/AndroidManifest.xml
Merging manifest with lower [androidx.compose.material3:material3-window-size-class-android:1.2.0] AndroidManifest.xml:2:1-7:12
uses-sdk defined in both files...
Merging uses-sdk with lower [androidx.compose.material3:material3-window-size-class-android:1.2.0] AndroidManifest.xml:5:5-44
Merging library manifest ~/.gradle/caches/transforms-3/061a33163253ca2b20f29868a72c12dc/transformed/jetified-material3-release/AndroidManifest.xml
Merging manifest with lower [androidx.compose.material3:material3-android:1.2.0] AndroidManifest.xml:17:1-22:12
uses-sdk defined in both files...
Merging uses-sdk with lower [androidx.compose.material3:material3-android:1.2.0] AndroidManifest.xml:20:5-44
Merging library manifest ~/.gradle/caches/transforms-3/8feeef3945a1f3bf72a7656b99debed4/transformed/jetified-glide-4.11.0/AndroidManifest.xml
Merging manifest with lower [com.github.bumptech.glide:glide:4.11.0] AndroidManifest.xml:2:1-12:12
uses-sdk defined in both files...
Merging uses-sdk with lower [com.github.bumptech.glide:glide:4.11.0] AndroidManifest.xml:6:5-8:41
application defined in both files...
Merging application with lower [com.github.bumptech.glide:glide:4.11.0] AndroidManifest.xml:10:5-20
Merging library manifest ~/.gradle/caches/transforms-3/9b17bc7c93fbf09b155b618530a901a6/transformed/jetified-viewpager2-1.0.0/AndroidManifest.xml
Merging manifest with lower [androidx.viewpager2:viewpager2:1.0.0] AndroidManifest.xml:17:1-24:12
uses-sdk defined in both files...
Merging uses-sdk with lower [androidx.viewpager2:viewpager2:1.0.0] AndroidManifest.xml:20:5-22:41
Merging library manifest ~/.gradle/caches/transforms-3/66f77465e979a17d511311b5910b38ae/transformed/jetified-play-services-auth-20.7.0/AndroidManifest.xml
Merging manifest with lower [com.google.android.gms:play-services-auth:20.7.0] AndroidManifest.xml:17:1-40:12
uses-sdk defined in both files...
Merging uses-sdk with lower [com.google.android.gms:play-services-auth:20.7.0] AndroidManifest.xml:20:5-44
application defined in both files...
Merging application with lower [com.google.android.gms:play-services-auth:20.7.0] AndroidManifest.xml:22:5-38:19
activity#com.google.android.gms.auth.api.signin.internal.SignInHubActivity defined in both files...
Merging activity#com.google.android.gms.auth.api.signin.internal.SignInHubActivity with lower [com.google.android.gms:play-services-auth:20.7.0] AndroidManifest.xml:23:9-27:75
Adopted [service: null]
Merging library manifest ~/.gradle/caches/transforms-3/3c5a8b745dd1c9841f3eb1e5f8227414/transformed/jetified-play-services-fido-20.1.0/AndroidManifest.xml
Merging manifest with lower [com.google.android.gms:play-services-fido:20.1.0] AndroidManifest.xml:2:1-10:12
uses-sdk defined in both files...
Merging uses-sdk with lower [com.google.android.gms:play-services-fido:20.1.0] AndroidManifest.xml:5:5-44
application defined in both files...
Merging application with lower [com.google.android.gms:play-services-fido:20.1.0] AndroidManifest.xml:7:5-8:19
Merging library manifest ~/.gradle/caches/transforms-3/90ed19349c73e3a702f875e3ee32cf3e/transformed/jetified-play-services-auth-api-phone-18.0.1/AndroidManifest.xml
Merging manifest with lower [com.google.android.gms:play-services-auth-api-phone:18.0.1] AndroidManifest.xml:2:1-7:12
uses-sdk defined in both files...
Merging uses-sdk with lower [com.google.android.gms:play-services-auth-api-phone:18.0.1] AndroidManifest.xml:5:5-44
Merging library manifest ~/.gradle/caches/transforms-3/92c29c4b255532babecd42314d8fdc89/transformed/jetified-play-services-auth-base-18.0.4/AndroidManifest.xml
Merging manifest with lower [com.google.android.gms:play-services-auth-base:18.0.4] AndroidManifest.xml:2:1-7:12
uses-sdk defined in both files...
Merging uses-sdk with lower [com.google.android.gms:play-services-auth-base:18.0.4] AndroidManifest.xml:5:5-44
Merging library manifest ~/.gradle/caches/transforms-3/a7ad36f58a6749e591d88a51cd5b7b5c/transformed/jetified-play-services-base-18.0.1/AndroidManifest.xml
Merging manifest with lower [com.google.android.gms:play-services-base:18.0.1] AndroidManifest.xml:16:1-24:12
uses-sdk defined in both files...
Merging uses-sdk with lower [com.google.android.gms:play-services-base:18.0.1] AndroidManifest.xml:18:5-43
application defined in both files...
Merging application with lower [com.google.android.gms:play-services-base:18.0.1] AndroidManifest.xml:19:5-23:19
Adopted [activity: null]
Merging library manifest ~/.gradle/caches/transforms-3/f2c612e0fb1a97a99a863e39f5508a21/transformed/jetified-play-services-tasks-18.0.1/AndroidManifest.xml
Merging manifest with lower [com.google.android.gms:play-services-tasks:18.0.1] AndroidManifest.xml:2:1-6:12
uses-sdk defined in both files...
Merging uses-sdk with lower [com.google.android.gms:play-services-tasks:18.0.1] AndroidManifest.xml:4:5-43
application defined in both files...
Merging application with lower [com.google.android.gms:play-services-tasks:18.0.1] AndroidManifest.xml:5:5-20
Merging library manifest ~/.gradle/caches/transforms-3/fae7f0a32fa0484295f94dfaf9206b70/transformed/jetified-play-services-basement-18.2.0/AndroidManifest.xml
Merging manifest with lower [com.google.android.gms:play-services-basement:18.2.0] AndroidManifest.xml:16:1-26:12
uses-sdk defined in both files...
Merging uses-sdk with lower [com.google.android.gms:play-services-basement:18.2.0] AndroidManifest.xml:18:5-43
application defined in both files...
Merging application with lower [com.google.android.gms:play-services-basement:18.2.0] AndroidManifest.xml:20:5-24:19
Adopted [meta-data: null]
Merging library manifest ~/.gradle/caches/transforms-3/400dd26017d2e15e0dbda5406f9ef695/transformed/fragment-1.3.6/AndroidManifest.xml
Merging manifest with lower [androidx.fragment:fragment:1.3.6] AndroidManifest.xml:17:1-24:12
uses-sdk defined in both files...
Merging uses-sdk with lower [androidx.fragment:fragment:1.3.6] AndroidManifest.xml:20:5-22:41
Merging library manifest ~/.gradle/caches/transforms-3/902593fa1e00ea876e13c003ec91b9af/transformed/browser-1.0.0/AndroidManifest.xml
Merging manifest with lower [androidx.browser:browser:1.0.0] AndroidManifest.xml:17:1-22:12
uses-sdk defined in both files...
Merging uses-sdk with lower [androidx.browser:browser:1.0.0] AndroidManifest.xml:20:5-44
Merging library manifest ~/.gradle/caches/transforms-3/66b0378c33ede1b033228e49dad9524a/transformed/legacy-support-core-ui-1.0.0/AndroidManifest.xml
Merging manifest with lower [androidx.legacy:legacy-support-core-ui:1.0.0] AndroidManifest.xml:17:1-22:12
uses-sdk defined in both files...
Merging uses-sdk with lower [androidx.legacy:legacy-support-core-ui:1.0.0] AndroidManifest.xml:20:5-44
Merging library manifest ~/.gradle/caches/transforms-3/0db2e5da926973a8cb8c4b07fbcec83d/transformed/legacy-support-core-utils-1.0.0/AndroidManifest.xml
Merging manifest with lower [androidx.legacy:legacy-support-core-utils:1.0.0] AndroidManifest.xml:17:1-22:12
uses-sdk defined in both files...
Merging uses-sdk with lower [androidx.legacy:legacy-support-core-utils:1.0.0] AndroidManifest.xml:20:5-44
Merging library manifest ~/.gradle/caches/transforms-3/5fbf3876ecb0a88b7dcccdd061affe0a/transformed/loader-1.0.0/AndroidManifest.xml
Merging manifest with lower [androidx.loader:loader:1.0.0] AndroidManifest.xml:17:1-22:12
uses-sdk defined in both files...
Merging uses-sdk with lower [androidx.loader:loader:1.0.0] AndroidManifest.xml:20:5-44
Merging library manifest ~/.gradle/caches/transforms-3/83c2e7af98f64845bfb9325dbf1c5a1c/transformed/jetified-material-release/AndroidManifest.xml
Merging manifest with lower [androidx.compose.material:material-android:1.6.1] AndroidManifest.xml:2:1-7:12
uses-sdk defined in both files...
Merging uses-sdk with lower [androidx.compose.material:material-android:1.6.1] AndroidManifest.xml:5:5-44
Merging library manifest ~/.gradle/caches/transforms-3/6ca85b9e3b0b19038192d28e3fe8d0ab/transformed/jetified-material-icons-core-release/AndroidManifest.xml
Merging manifest with lower [androidx.compose.material:material-icons-core-android:1.6.1] AndroidManifest.xml:2:1-7:12
uses-sdk defined in both files...
Merging uses-sdk with lower [androidx.compose.material:material-icons-core-android:1.6.1] AndroidManifest.xml:5:5-44
Merging library manifest ~/.gradle/caches/transforms-3/86c6b512118f207b0af6c1bfd4dea297/transformed/jetified-material-ripple-release/AndroidManifest.xml
Merging manifest with lower [androidx.compose.material:material-ripple-android:1.6.1] AndroidManifest.xml:2:1-7:12
uses-sdk defined in both files...
Merging uses-sdk with lower [androidx.compose.material:material-ripple-android:1.6.1] AndroidManifest.xml:5:5-44
Merging library manifest ~/.gradle/caches/transforms-3/b6c9f045fb2c75106aeba0d2cee3e5af/transformed/jetified-foundation-release/AndroidManifest.xml
Merging manifest with lower [androidx.compose.foundation:foundation-android:1.6.1] AndroidManifest.xml:2:1-7:12
uses-sdk defined in both files...
Merging uses-sdk with lower [androidx.compose.foundation:foundation-android:1.6.1] AndroidManifest.xml:5:5-44
Merging library manifest ~/.gradle/caches/transforms-3/cbf35b172e63244a7cdfbe0558057126/transformed/jetified-foundation-layout-release/AndroidManifest.xml
Merging manifest with lower [androidx.compose.foundation:foundation-layout-android:1.6.1] AndroidManifest.xml:2:1-7:12
uses-sdk defined in both files...
Merging uses-sdk with lower [androidx.compose.foundation:foundation-layout-android:1.6.1] AndroidManifest.xml:5:5-44
Merging library manifest ~/.gradle/caches/transforms-3/e2595fb66819c09fd65ae4a9e519b50b/transformed/jetified-animation-core-release/AndroidManifest.xml
Merging manifest with lower [androidx.compose.animation:animation-core-android:1.6.1] AndroidManifest.xml:2:1-7:12
uses-sdk defined in both files...
Merging uses-sdk with lower [androidx.compose.animation:animation-core-android:1.6.1] AndroidManifest.xml:5:5-44
Merging library manifest ~/.gradle/caches/transforms-3/b05fc11c0ba16ff3b6e03ce6d681b90d/transformed/jetified-animation-release/AndroidManifest.xml
Merging manifest with lower [androidx.compose.animation:animation-android:1.6.1] AndroidManifest.xml:2:1-7:12
uses-sdk defined in both files...
Merging uses-sdk with lower [androidx.compose.animation:animation-android:1.6.1] AndroidManifest.xml:5:5-44
Merging library manifest ~/.gradle/caches/transforms-3/1fb601fda73f4f605e8cd860ab2c7dff/transformed/jetified-ui-tooling-data-release/AndroidManifest.xml
Merging manifest with lower [androidx.compose.ui:ui-tooling-data-android:1.6.1] AndroidManifest.xml:2:1-7:12
uses-sdk defined in both files...
Merging uses-sdk with lower [androidx.compose.ui:ui-tooling-data-android:1.6.1] AndroidManifest.xml:5:5-44
Merging library manifest ~/.gradle/caches/transforms-3/9842a4d437c4539be4001127dcd9b65f/transformed/jetified-ui-geometry-release/AndroidManifest.xml
Merging manifest with lower [androidx.compose.ui:ui-geometry-android:1.6.1] AndroidManifest.xml:2:1-7:12
uses-sdk defined in both files...
Merging uses-sdk with lower [androidx.compose.ui:ui-geometry-android:1.6.1] AndroidManifest.xml:5:5-44
Merging library manifest ~/.gradle/caches/transforms-3/d46d9e20913b2943a41edfbee6c3fc7b/transformed/jetified-ui-unit-release/AndroidManifest.xml
Merging manifest with lower [androidx.compose.ui:ui-unit-android:1.6.1] AndroidManifest.xml:2:1-7:12
uses-sdk defined in both files...
Merging uses-sdk with lower [androidx.compose.ui:ui-unit-android:1.6.1] AndroidManifest.xml:5:5-44
Merging library manifest ~/.gradle/caches/transforms-3/3521de6b8848f9a8e2e8bf5a2173f78b/transformed/jetified-ui-util-release/AndroidManifest.xml
Merging manifest with lower [androidx.compose.ui:ui-util-android:1.6.1] AndroidManifest.xml:2:1-7:12
uses-sdk defined in both files...
Merging uses-sdk with lower [androidx.compose.ui:ui-util-android:1.6.1] AndroidManifest.xml:5:5-44
Merging library manifest ~/.gradle/caches/transforms-3/84c5ee758d54ed8d39985183b5170d2f/transformed/jetified-ui-text-release/AndroidManifest.xml
Merging manifest with lower [androidx.compose.ui:ui-text-android:1.6.1] AndroidManifest.xml:2:1-7:12
uses-sdk defined in both files...
Merging uses-sdk with lower [androidx.compose.ui:ui-text-android:1.6.1] AndroidManifest.xml:5:5-44
Merging library manifest ~/.gradle/caches/transforms-3/7b45d49ace10fab82120de3e53646a9a/transformed/jetified-ui-graphics-release/AndroidManifest.xml
Merging manifest with lower [androidx.compose.ui:ui-graphics-android:1.6.1] AndroidManifest.xml:2:1-7:12
uses-sdk defined in both files...
Merging uses-sdk with lower [androidx.compose.ui:ui-graphics-android:1.6.1] AndroidManifest.xml:5:5-44
Merging library manifest ~/.gradle/caches/transforms-3/7d4c28caa7e0fb3fe005a676364c2608/transformed/jetified-ui-tooling-preview-release/AndroidManifest.xml
Merging manifest with lower [androidx.compose.ui:ui-tooling-preview-android:1.6.1] AndroidManifest.xml:17:1-22:12
uses-sdk defined in both files...
Merging uses-sdk with lower [androidx.compose.ui:ui-tooling-preview-android:1.6.1] AndroidManifest.xml:20:5-44
Merging library manifest ~/.gradle/caches/transforms-3/732bf3fcca27485691548d213a69ce32/transformed/jetified-ui-tooling-release/AndroidManifest.xml
Merging manifest with lower [androidx.compose.ui:ui-tooling-android:1.6.1] AndroidManifest.xml:17:1-28:12
uses-sdk defined in both files...
Merging uses-sdk with lower [androidx.compose.ui:ui-tooling-android:1.6.1] AndroidManifest.xml:20:5-44
application defined in both files...
Merging application with lower [androidx.compose.ui:ui-tooling-android:1.6.1] AndroidManifest.xml:22:5-26:19
Adopted [activity: null]
Merging library manifest ~/.gradle/caches/transforms-3/042e3e457431c3578cc10e80ca0e5c92/transformed/jetified-ui-test-manifest-1.6.1/AndroidManifest.xml
Merging manifest with lower [androidx.compose.ui:ui-test-manifest:1.6.1] AndroidManifest.xml:17:1-28:12
uses-sdk defined in both files...
Merging uses-sdk with lower [androidx.compose.ui:ui-test-manifest:1.6.1] AndroidManifest.xml:20:5-44
application defined in both files...
Merging application with lower [androidx.compose.ui:ui-test-manifest:1.6.1] AndroidManifest.xml:22:5-26:19
Adopted [activity: null]
Merging library manifest ~/.gradle/caches/transforms-3/c2b1766b366bff151ea9bc1ce65f2b1b/transformed/jetified-activity-1.7.1/AndroidManifest.xml
Merging manifest with lower [androidx.activity:activity:1.7.1] AndroidManifest.xml:17:1-22:12
uses-sdk defined in both files...
Merging uses-sdk with lower [androidx.activity:activity:1.7.1] AndroidManifest.xml:20:5-44
Merging library manifest ~/.gradle/caches/transforms-3/f729480fa7330d4bf857441478e9cd70/transformed/jetified-activity-ktx-1.7.1/AndroidManifest.xml
Merging manifest with lower [androidx.activity:activity-ktx:1.7.1] AndroidManifest.xml:17:1-22:12
uses-sdk defined in both files...
Merging uses-sdk with lower [androidx.activity:activity-ktx:1.7.1] AndroidManifest.xml:20:5-44
Merging library manifest ~/.gradle/caches/transforms-3/ab0296bff53da0f4182c704c11538309/transformed/jetified-activity-compose-1.7.1/AndroidManifest.xml
Merging manifest with lower [androidx.activity:activity-compose:1.7.1] AndroidManifest.xml:17:1-22:12
uses-sdk defined in both files...
Merging uses-sdk with lower [androidx.activity:activity-compose:1.7.1] AndroidManifest.xml:20:5-44
Merging library manifest ~/.gradle/caches/transforms-3/5a6f203f5e7fed813839d1d9e35f7205/transformed/jetified-ui-release/AndroidManifest.xml
Merging manifest with lower [androidx.compose.ui:ui-android:1.6.1] AndroidManifest.xml:2:1-7:12
uses-sdk defined in both files...
Merging uses-sdk with lower [androidx.compose.ui:ui-android:1.6.1] AndroidManifest.xml:5:5-44
Merging library manifest ~/.gradle/caches/transforms-3/5fd0882d1d7d05fb40249dc663fa1f47/transformed/jetified-savedstate-ktx-1.2.1/AndroidManifest.xml
Merging manifest with lower [androidx.savedstate:savedstate-ktx:1.2.1] AndroidManifest.xml:17:1-22:12
uses-sdk defined in both files...
Merging uses-sdk with lower [androidx.savedstate:savedstate-ktx:1.2.1] AndroidManifest.xml:20:5-44
Merging library manifest ~/.gradle/caches/transforms-3/2e6e16267dc010e44b77ac72a21bd80d/transformed/jetified-savedstate-1.2.1/AndroidManifest.xml
Merging manifest with lower [androidx.savedstate:savedstate:1.2.1] AndroidManifest.xml:17:1-22:12
uses-sdk defined in both files...
Merging uses-sdk with lower [androidx.savedstate:savedstate:1.2.1] AndroidManifest.xml:20:5-44
Merging library manifest ~/.gradle/caches/transforms-3/52104321998f44c84e9432a9e863a757/transformed/work-runtime-2.8.1/AndroidManifest.xml
Merging manifest with lower [androidx.work:work-runtime:2.8.1] AndroidManifest.xml:17:1-145:12
uses-sdk defined in both files...
Merging uses-sdk with lower [androidx.work:work-runtime:2.8.1] AndroidManifest.xml:21:5-44
Adopted [uses-permission: null]
uses-permission#android.permission.ACCESS_NETWORK_STATE defined in both files...
Merging uses-permission#android.permission.ACCESS_NETWORK_STATE with lower [androidx.work:work-runtime:2.8.1] AndroidManifest.xml:24:5-79
Adopted [uses-permission: null]
uses-permission#android.permission.FOREGROUND_SERVICE defined in both files...
Merging uses-permission#android.permission.FOREGROUND_SERVICE with lower [androidx.work:work-runtime:2.8.1] AndroidManifest.xml:26:5-77
application defined in both files...
Merging application with lower [androidx.work:work-runtime:2.8.1] AndroidManifest.xml:28:5-143:19
Adopted [provider: null]
Adopted [service: null]
Adopted [service: null]
Adopted [service: null]
Adopted [receiver: null]
Adopted [receiver: null]
Adopted [receiver: null]
Adopted [receiver: null]
Adopted [receiver: null]
Adopted [receiver: null]
Adopted [receiver: null]
Adopted [receiver: null]
Merging library manifest ~/.gradle/caches/transforms-3/7d4a3ead9931ebc23018330c682f58e1/transformed/jetified-emoji2-views-helper-1.3.0/AndroidManifest.xml
Merging manifest with lower [androidx.emoji2:emoji2-views-helper:1.3.0] AndroidManifest.xml:2:1-7:12
uses-sdk defined in both files...
Merging uses-sdk with lower [androidx.emoji2:emoji2-views-helper:1.3.0] AndroidManifest.xml:5:5-44
Merging library manifest ~/.gradle/caches/transforms-3/cbe3b41e5ddfed288a93ecb397f38d58/transformed/jetified-emoji2-1.3.0/AndroidManifest.xml
Merging manifest with lower [androidx.emoji2:emoji2:1.3.0] AndroidManifest.xml:17:1-35:12
uses-sdk defined in both files...
Merging uses-sdk with lower [androidx.emoji2:emoji2:1.3.0] AndroidManifest.xml:21:5-44
application defined in both files...
Merging application with lower [androidx.emoji2:emoji2:1.3.0] AndroidManifest.xml:23:5-33:19
provider#androidx.startup.InitializationProvider defined in both files...
Merging provider#androidx.startup.InitializationProvider with lower [androidx.emoji2:emoji2:1.3.0] AndroidManifest.xml:24:9-32:20
Adopted [meta-data: null]
Merging library manifest ~/.gradle/caches/transforms-3/1a1c4affc70b8f7d95ddcadfbd2a35e3/transformed/jetified-lifecycle-process-2.6.1/AndroidManifest.xml
Merging manifest with lower [androidx.lifecycle:lifecycle-process:2.6.1] AndroidManifest.xml:17:1-35:12
uses-sdk defined in both files...
Merging uses-sdk with lower [androidx.lifecycle:lifecycle-process:2.6.1] AndroidManifest.xml:21:5-44
application defined in both files...
Merging application with lower [androidx.lifecycle:lifecycle-process:2.6.1] AndroidManifest.xml:23:5-33:19
provider#androidx.startup.InitializationProvider defined in both files...
Merging provider#androidx.startup.InitializationProvider with lower [androidx.lifecycle:lifecycle-process:2.6.1] AndroidManifest.xml:24:9-32:20
Adopted [meta-data: null]
Merging library manifest ~/.gradle/caches/transforms-3/5f61254bc809342fde7e4d99b9dc0bd6/transformed/jetified-lifecycle-service-2.6.1/AndroidManifest.xml
Merging manifest with lower [androidx.lifecycle:lifecycle-service:2.6.1] AndroidManifest.xml:17:1-22:12
uses-sdk defined in both files...
Merging uses-sdk with lower [androidx.lifecycle:lifecycle-service:2.6.1] AndroidManifest.xml:20:5-44
Merging library manifest ~/.gradle/caches/transforms-3/4cdb49b0d47ca31fbe8f7e71a27210c2/transformed/lifecycle-livedata-2.6.1/AndroidManifest.xml
Merging manifest with lower [androidx.lifecycle:lifecycle-livedata:2.6.1] AndroidManifest.xml:17:1-22:12
uses-sdk defined in both files...
Merging uses-sdk with lower [androidx.lifecycle:lifecycle-livedata:2.6.1] AndroidManifest.xml:20:5-44
Merging library manifest ~/.gradle/caches/transforms-3/98b62496db80c5f7334c63c8ef1594c6/transformed/lifecycle-livedata-core-2.6.1/AndroidManifest.xml
Merging manifest with lower [androidx.lifecycle:lifecycle-livedata-core:2.6.1] AndroidManifest.xml:17:1-22:12
uses-sdk defined in both files...
Merging uses-sdk with lower [androidx.lifecycle:lifecycle-livedata-core:2.6.1] AndroidManifest.xml:20:5-44
Merging library manifest ~/.gradle/caches/transforms-3/6e6fcd315d2914af4ad2cbb4faca5a8d/transformed/lifecycle-viewmodel-2.6.1/AndroidManifest.xml
Merging manifest with lower [androidx.lifecycle:lifecycle-viewmodel:2.6.1] AndroidManifest.xml:17:1-22:12
uses-sdk defined in both files...
Merging uses-sdk with lower [androidx.lifecycle:lifecycle-viewmodel:2.6.1] AndroidManifest.xml:20:5-44
Merging library manifest ~/.gradle/caches/transforms-3/b1c2f00c35df7bf87ac640531525b7b2/transformed/jetified-lifecycle-viewmodel-savedstate-2.6.1/AndroidManifest.xml
Merging manifest with lower [androidx.lifecycle:lifecycle-viewmodel-savedstate:2.6.1] AndroidManifest.xml:17:1-22:12
uses-sdk defined in both files...
Merging uses-sdk with lower [androidx.lifecycle:lifecycle-viewmodel-savedstate:2.6.1] AndroidManifest.xml:20:5-44
Merging library manifest ~/.gradle/caches/transforms-3/ea37f1cdfe70b530b14333d13f4dfefd/transformed/jetified-lifecycle-runtime-ktx-2.6.1/AndroidManifest.xml
Merging manifest with lower [androidx.lifecycle:lifecycle-runtime-ktx:2.6.1] AndroidManifest.xml:17:1-22:12
uses-sdk defined in both files...
Merging uses-sdk with lower [androidx.lifecycle:lifecycle-runtime-ktx:2.6.1] AndroidManifest.xml:20:5-44
Merging library manifest ~/.gradle/caches/transforms-3/2b5b59ece6552c208019a847c09011bf/transformed/recyclerview-1.3.0/AndroidManifest.xml
Merging manifest with lower [androidx.recyclerview:recyclerview:1.3.0] AndroidManifest.xml:17:1-22:12
uses-sdk defined in both files...
Merging uses-sdk with lower [androidx.recyclerview:recyclerview:1.3.0] AndroidManifest.xml:20:5-44
Merging library manifest ~/.gradle/caches/transforms-3/4091ae1981d7ed60785fe07ae06dd610/transformed/drawerlayout-1.0.0/AndroidManifest.xml
Merging manifest with lower [androidx.drawerlayout:drawerlayout:1.0.0] AndroidManifest.xml:17:1-22:12
uses-sdk defined in both files...
Merging uses-sdk with lower [androidx.drawerlayout:drawerlayout:1.0.0] AndroidManifest.xml:20:5-44
Merging library manifest ~/.gradle/caches/transforms-3/b0f6f3bf4ed4099b387a119d6361ee2c/transformed/coordinatorlayout-1.1.0/AndroidManifest.xml
Merging manifest with lower [androidx.coordinatorlayout:coordinatorlayout:1.1.0] AndroidManifest.xml:17:1-24:12
uses-sdk defined in both files...
Merging uses-sdk with lower [androidx.coordinatorlayout:coordinatorlayout:1.1.0] AndroidManifest.xml:20:5-22:41
Merging library manifest ~/.gradle/caches/transforms-3/13c53372c38558e7012eae9655f785d8/transformed/viewpager-1.0.0/AndroidManifest.xml
Merging manifest with lower [androidx.viewpager:viewpager:1.0.0] AndroidManifest.xml:17:1-22:12
uses-sdk defined in both files...
Merging uses-sdk with lower [androidx.viewpager:viewpager:1.0.0] AndroidManifest.xml:20:5-44
Merging library manifest ~/.gradle/caches/transforms-3/c9ac48e9f4f08ba22420df3489b43c0b/transformed/slidingpanelayout-1.0.0/AndroidManifest.xml
Merging manifest with lower [androidx.slidingpanelayout:slidingpanelayout:1.0.0] AndroidManifest.xml:17:1-22:12
uses-sdk defined in both files...
Merging uses-sdk with lower [androidx.slidingpanelayout:slidingpanelayout:1.0.0] AndroidManifest.xml:20:5-44
Merging library manifest ~/.gradle/caches/transforms-3/674afedd4adc863db6e27fb0dc6cd5f2/transformed/customview-1.0.0/AndroidManifest.xml
Merging manifest with lower [androidx.customview:customview:1.0.0] AndroidManifest.xml:17:1-22:12
uses-sdk defined in both files...
Merging uses-sdk with lower [androidx.customview:customview:1.0.0] AndroidManifest.xml:20:5-44
Merging library manifest ~/.gradle/caches/transforms-3/7632eae8281301dfe881ac645ed5b016/transformed/transition-1.2.0/AndroidManifest.xml
Merging manifest with lower [androidx.transition:transition:1.2.0] AndroidManifest.xml:17:1-24:12
uses-sdk defined in both files...
Merging uses-sdk with lower [androidx.transition:transition:1.2.0] AndroidManifest.xml:20:5-22:41
Merging library manifest ~/.gradle/caches/transforms-3/118a0cae2c4b44cec6097a60cd253593/transformed/vectordrawable-animated-1.1.0/AndroidManifest.xml
Merging manifest with lower [androidx.vectordrawable:vectordrawable-animated:1.1.0] AndroidManifest.xml:17:1-24:12
uses-sdk defined in both files...
Merging uses-sdk with lower [androidx.vectordrawable:vectordrawable-animated:1.1.0] AndroidManifest.xml:20:5-22:41
Merging library manifest ~/.gradle/caches/transforms-3/9b5817c3a92d7366c3231b0a6adc6bdc/transformed/vectordrawable-1.1.0/AndroidManifest.xml
Merging manifest with lower [androidx.vectordrawable:vectordrawable:1.1.0] AndroidManifest.xml:17:1-24:12
uses-sdk defined in both files...
Merging uses-sdk with lower [androidx.vectordrawable:vectordrawable:1.1.0] AndroidManifest.xml:20:5-22:41
Merging library manifest ~/.gradle/caches/transforms-3/c168bdfce0b852075277c25af448ff71/transformed/jetified-window-1.0.0/AndroidManifest.xml
Merging manifest with lower [androidx.window:window:1.0.0] AndroidManifest.xml:17:1-33:12
uses-sdk defined in both files...
Merging uses-sdk with lower [androidx.window:window:1.0.0] AndroidManifest.xml:20:5-22:41
application defined in both files...
Merging application with lower [androidx.window:window:1.0.0] AndroidManifest.xml:24:5-31:19
Adopted [uses-library: null]
Adopted [uses-library: null]
Merging library manifest ~/.gradle/caches/transforms-3/580ae2a1aa1989b013eb39607617f57b/transformed/jetified-autofill-1.0.0/AndroidManifest.xml
Merging manifest with lower [androidx.autofill:autofill:1.0.0] AndroidManifest.xml:17:1-24:12
uses-sdk defined in both files...
Merging uses-sdk with lower [androidx.autofill:autofill:1.0.0] AndroidManifest.xml:20:5-22:41
Merging library manifest ~/.gradle/caches/transforms-3/12ad9292926686a6f009320535c38240/transformed/swiperefreshlayout-1.0.0/AndroidManifest.xml
Merging manifest with lower [androidx.swiperefreshlayout:swiperefreshlayout:1.0.0] AndroidManifest.xml:17:1-22:12
uses-sdk defined in both files...
Merging uses-sdk with lower [androidx.swiperefreshlayout:swiperefreshlayout:1.0.0] AndroidManifest.xml:20:5-44
Merging library manifest ~/.gradle/caches/transforms-3/c1abece61dae1a21d2f3592e715f7295/transformed/asynclayoutinflater-1.0.0/AndroidManifest.xml
Merging manifest with lower [androidx.asynclayoutinflater:asynclayoutinflater:1.0.0] AndroidManifest.xml:17:1-22:12
uses-sdk defined in both files...
Merging uses-sdk with lower [androidx.asynclayoutinflater:asynclayoutinflater:1.0.0] AndroidManifest.xml:20:5-44
Merging library manifest ~/.gradle/caches/transforms-3/12a83c271ec221d1737fdd040cc60012/transformed/jetified-customview-poolingcontainer-1.0.0/AndroidManifest.xml
Merging manifest with lower [androidx.customview:customview-poolingcontainer:1.0.0] AndroidManifest.xml:17:1-23:12
uses-sdk defined in both files...
Merging uses-sdk with lower [androidx.customview:customview-poolingcontainer:1.0.0] AndroidManifest.xml:20:5-21:38
Merging library manifest ~/.gradle/caches/transforms-3/949fc41410247092c134eb3bd94f32ce/transformed/jetified-core-ktx-1.12.0/AndroidManifest.xml
Merging manifest with lower [androidx.core:core-ktx:1.12.0] AndroidManifest.xml:2:1-7:12
uses-sdk defined in both files...
Merging uses-sdk with lower [androidx.core:core-ktx:1.12.0] AndroidManifest.xml:5:5-44
Merging library manifest ~/.gradle/caches/transforms-3/cceb94d81e4d8c63d43b8cad4df517ed/transformed/core-1.12.0/AndroidManifest.xml
Merging manifest with lower [androidx.core:core:1.12.0] AndroidManifest.xml:17:1-30:12
uses-sdk defined in both files...
Merging uses-sdk with lower [androidx.core:core:1.12.0] AndroidManifest.xml:20:5-44
Adopted [permission: null]
Adopted [uses-permission: null]
application defined in both files...
Merging application with lower [androidx.core:core:1.12.0] AndroidManifest.xml:28:5-89
Merging library manifest ~/.gradle/caches/transforms-3/b000c700754713dc8e2803f1edacb360/transformed/lifecycle-runtime-2.6.1/AndroidManifest.xml
Merging manifest with lower [androidx.lifecycle:lifecycle-runtime:2.6.1] AndroidManifest.xml:2:1-7:12
uses-sdk defined in both files...
Merging uses-sdk with lower [androidx.lifecycle:lifecycle-runtime:2.6.1] AndroidManifest.xml:5:5-44
Merging library manifest ~/.gradle/caches/transforms-3/eb7450c57b306cbb82121c0806cab720/transformed/jetified-lifecycle-viewmodel-compose-2.6.1/AndroidManifest.xml
Merging manifest with lower [androidx.lifecycle:lifecycle-viewmodel-compose:2.6.1] AndroidManifest.xml:17:1-22:12
uses-sdk defined in both files...
Merging uses-sdk with lower [androidx.lifecycle:lifecycle-viewmodel-compose:2.6.1] AndroidManifest.xml:20:5-44
Merging library manifest ~/.gradle/caches/transforms-3/e9713df1858b49ad0683e30339f1fcbf/transformed/jetified-lifecycle-viewmodel-ktx-2.6.1/AndroidManifest.xml
Merging manifest with lower [androidx.lifecycle:lifecycle-viewmodel-ktx:2.6.1] AndroidManifest.xml:17:1-22:12
uses-sdk defined in both files...
Merging uses-sdk with lower [androidx.lifecycle:lifecycle-viewmodel-ktx:2.6.1] AndroidManifest.xml:20:5-44
Merging library manifest ~/.gradle/caches/transforms-3/7f1e093fa79270458ef3640fc4e8a839/transformed/jetified-runtime-saveable-release/AndroidManifest.xml
Merging manifest with lower [androidx.compose.runtime:runtime-saveable-android:1.6.1] AndroidManifest.xml:2:1-7:12
uses-sdk defined in both files...
Merging uses-sdk with lower [androidx.compose.runtime:runtime-saveable-android:1.6.1] AndroidManifest.xml:5:5-44
Merging library manifest ~/.gradle/caches/transforms-3/a625bd74c274bd3cfbd1753b62cf8fd3/transformed/jetified-runtime-release/AndroidManifest.xml
Merging manifest with lower [androidx.compose.runtime:runtime-android:1.6.1] AndroidManifest.xml:2:1-7:12
uses-sdk defined in both files...
Merging uses-sdk with lower [androidx.compose.runtime:runtime-android:1.6.1] AndroidManifest.xml:5:5-44
Merging library manifest ~/.gradle/caches/transforms-3/9b48c0ff091d6ce817371e99ad820b83/transformed/jetified-datastore-preferences-1.0.0/AndroidManifest.xml
Merging manifest with lower [androidx.datastore:datastore-preferences:1.0.0] AndroidManifest.xml:17:1-24:12
uses-sdk defined in both files...
Merging uses-sdk with lower [androidx.datastore:datastore-preferences:1.0.0] AndroidManifest.xml:20:5-22:41
Merging library manifest ~/.gradle/caches/transforms-3/de6a55e483f993ea7168e29fbd28f33c/transformed/jetified-datastore-1.0.0/AndroidManifest.xml
Merging manifest with lower [androidx.datastore:datastore:1.0.0] AndroidManifest.xml:17:1-24:12
uses-sdk defined in both files...
Merging uses-sdk with lower [androidx.datastore:datastore:1.0.0] AndroidManifest.xml:20:5-22:41
Merging library manifest ~/.gradle/caches/transforms-3/e20053a0a5aacac75533bfb9655cb504/transformed/room-runtime-2.5.0/AndroidManifest.xml
Merging manifest with lower [androidx.room:room-runtime:2.5.0] AndroidManifest.xml:17:1-31:12
uses-sdk defined in both files...
Merging uses-sdk with lower [androidx.room:room-runtime:2.5.0] AndroidManifest.xml:21:5-44
application defined in both files...
Merging application with lower [androidx.room:room-runtime:2.5.0] AndroidManifest.xml:23:5-29:19
Adopted [service: null]
Merging library manifest ~/.gradle/caches/transforms-3/b2a1521e4152e0b34a7680a2d8b07346/transformed/documentfile-1.0.1/AndroidManifest.xml
Merging manifest with lower [androidx.documentfile:documentfile:1.0.1] AndroidManifest.xml:17:1-22:12
uses-sdk defined in both files...
Merging uses-sdk with lower [androidx.documentfile:documentfile:1.0.1] AndroidManifest.xml:20:5-44
Merging library manifest ~/.gradle/caches/transforms-3/56bd582384ccdc7202015da1d0cac46f/transformed/jetified-security-crypto-1.1.0-alpha03/AndroidManifest.xml
Merging manifest with lower [androidx.security:security-crypto:1.1.0-alpha03] AndroidManifest.xml:17:1-24:12
uses-sdk defined in both files...
Merging uses-sdk with lower [androidx.security:security-crypto:1.1.0-alpha03] AndroidManifest.xml:20:5-22:41
Merging library manifest ~/.gradle/caches/transforms-3/12300820f0d60b288a19d7ebf5066de8/transformed/cursoradapter-1.0.0/AndroidManifest.xml
Merging manifest with lower [androidx.cursoradapter:cursoradapter:1.0.0] AndroidManifest.xml:17:1-22:12
uses-sdk defined in both files...
Merging uses-sdk with lower [androidx.cursoradapter:cursoradapter:1.0.0] AndroidManifest.xml:20:5-44
Merging library manifest ~/.gradle/caches/transforms-3/dcc90df5e29beb76e837b70cfc8a1b3a/transformed/cardview-1.0.0/AndroidManifest.xml
Merging manifest with lower [androidx.cardview:cardview:1.0.0] AndroidManifest.xml:17:1-22:12
uses-sdk defined in both files...
Merging uses-sdk with lower [androidx.cardview:cardview:1.0.0] AndroidManifest.xml:20:5-44
Merging library manifest ~/.gradle/caches/transforms-3/137175b3ff397a3ca8c7f030a9dc1e4b/transformed/jetified-gifdecoder-4.11.0/AndroidManifest.xml
Merging manifest with lower [com.github.bumptech.glide:gifdecoder:4.11.0] AndroidManifest.xml:2:1-11:12
uses-sdk defined in both files...
Merging uses-sdk with lower [com.github.bumptech.glide:gifdecoder:4.11.0] AndroidManifest.xml:5:5-7:41
application defined in both files...
Merging application with lower [com.github.bumptech.glide:gifdecoder:4.11.0] AndroidManifest.xml:9:5-20
Merging library manifest ~/.gradle/caches/transforms-3/d41826fca4fd43026506b6eedd8999db/transformed/interpolator-1.0.0/AndroidManifest.xml
Merging manifest with lower [androidx.interpolator:interpolator:1.0.0] AndroidManifest.xml:17:1-22:12
uses-sdk defined in both files...
Merging uses-sdk with lower [androidx.interpolator:interpolator:1.0.0] AndroidManifest.xml:20:5-44
Merging library manifest ~/.gradle/caches/transforms-3/42d42e9fdc10b3a8efed0d75b71fafe6/transformed/core-runtime-2.2.0/AndroidManifest.xml
Merging manifest with lower [androidx.arch.core:core-runtime:2.2.0] AndroidManifest.xml:17:1-22:12
uses-sdk defined in both files...
Merging uses-sdk with lower [androidx.arch.core:core-runtime:2.2.0] AndroidManifest.xml:20:5-44
Merging library manifest ~/.gradle/caches/transforms-3/6121addbf7f66609874aebfb23638732/transformed/jetified-profileinstaller-1.3.0/AndroidManifest.xml
Merging manifest with lower [androidx.profileinstaller:profileinstaller:1.3.0] AndroidManifest.xml:17:1-55:12
uses-sdk defined in both files...
Merging uses-sdk with lower [androidx.profileinstaller:profileinstaller:1.3.0] AndroidManifest.xml:21:5-44
application defined in both files...
Merging application with lower [androidx.profileinstaller:profileinstaller:1.3.0] AndroidManifest.xml:23:5-53:19
provider#androidx.startup.InitializationProvider defined in both files...
Merging provider#androidx.startup.InitializationProvider with lower [androidx.profileinstaller:profileinstaller:1.3.0] AndroidManifest.xml:24:9-32:20
Adopted [meta-data: null]
Adopted [receiver: null]
Merging library manifest ~/.gradle/caches/transforms-3/6b41cd243c6fb9e77bc51f77916faca1/transformed/sqlite-framework-2.3.0/AndroidManifest.xml
Merging manifest with lower [androidx.sqlite:sqlite-framework:2.3.0] AndroidManifest.xml:17:1-22:12
uses-sdk defined in both files...
Merging uses-sdk with lower [androidx.sqlite:sqlite-framework:2.3.0] AndroidManifest.xml:20:5-44
Merging library manifest ~/.gradle/caches/transforms-3/03f7efd144c869dc5e7d802beb82fc16/transformed/versionedparcelable-1.1.1/AndroidManifest.xml
Merging manifest with lower [androidx.versionedparcelable:versionedparcelable:1.1.1] AndroidManifest.xml:17:1-27:12
uses-sdk defined in both files...
Merging uses-sdk with lower [androidx.versionedparcelable:versionedparcelable:1.1.1] AndroidManifest.xml:20:5-22:41
application defined in both files...
Merging application with lower [androidx.versionedparcelable:versionedparcelable:1.1.1] AndroidManifest.xml:24:5-25:19
Merging library manifest ~/.gradle/caches/transforms-3/155663d16d0a0a2fe7a7ba743223ac03/transformed/jetified-startup-runtime-1.1.1/AndroidManifest.xml
Merging manifest with lower [androidx.startup:startup-runtime:1.1.1] AndroidManifest.xml:17:1-33:12
uses-sdk defined in both files...
Merging uses-sdk with lower [androidx.startup:startup-runtime:1.1.1] AndroidManifest.xml:21:5-23:41
application defined in both files...
Merging application with lower [androidx.startup:startup-runtime:1.1.1] AndroidManifest.xml:25:5-31:19
provider#androidx.startup.InitializationProvider defined in both files...
Merging provider#androidx.startup.InitializationProvider with lower [androidx.startup:startup-runtime:1.1.1] AndroidManifest.xml:26:9-30:34
Merging library manifest ~/.gradle/caches/transforms-3/48ceb8176866b80a099305b2f41fd291/transformed/exifinterface-1.3.3/AndroidManifest.xml
Merging manifest with lower [androidx.exifinterface:exifinterface:1.3.3] AndroidManifest.xml:17:1-24:12
uses-sdk defined in both files...
Merging uses-sdk with lower [androidx.exifinterface:exifinterface:1.3.3] AndroidManifest.xml:20:5-22:41
Merging library manifest ~/.gradle/caches/transforms-3/72dad178ce6ab4f7001753075b0e37f5/transformed/sqlite-2.3.0/AndroidManifest.xml
Merging manifest with lower [androidx.sqlite:sqlite:2.3.0] AndroidManifest.xml:17:1-22:12
uses-sdk defined in both files...
Merging uses-sdk with lower [androidx.sqlite:sqlite:2.3.0] AndroidManifest.xml:20:5-44
Merging library manifest ~/.gradle/caches/transforms-3/3bc6d5d8ff448b4e13035810680677de/transformed/jetified-tracing-1.0.0/AndroidManifest.xml
Merging manifest with lower [androidx.tracing:tracing:1.0.0] AndroidManifest.xml:17:1-24:12
uses-sdk defined in both files...
Merging uses-sdk with lower [androidx.tracing:tracing:1.0.0] AndroidManifest.xml:20:5-22:41
Merging library manifest ~/.gradle/caches/transforms-3/b60f11540f0a45297b86659eb77708d8/transformed/localbroadcastmanager-1.0.0/AndroidManifest.xml
Merging manifest with lower [androidx.localbroadcastmanager:localbroadcastmanager:1.0.0] AndroidManifest.xml:17:1-22:12
uses-sdk defined in both files...
Merging uses-sdk with lower [androidx.localbroadcastmanager:localbroadcastmanager:1.0.0] AndroidManifest.xml:20:5-44
Merging library manifest ~/.gradle/caches/transforms-3/07890a703d0cf6d7a86bcc92f59f3175/transformed/print-1.0.0/AndroidManifest.xml
Merging manifest with lower [androidx.print:print:1.0.0] AndroidManifest.xml:17:1-22:12
uses-sdk defined in both files...
Merging uses-sdk with lower [androidx.print:print:1.0.0] AndroidManifest.xml:20:5-44
Merging library manifest ~/.gradle/caches/transforms-3/bba89aa6501c852a9ecaced807b153b4/transformed/jetified-annotation-experimental-1.4.0/AndroidManifest.xml
Merging manifest with lower [androidx.annotation:annotation-experimental:1.4.0] AndroidManifest.xml:2:1-7:12
uses-sdk defined in both files...
Merging uses-sdk with lower [androidx.annotation:annotation-experimental:1.4.0] AndroidManifest.xml:5:5-44
Merging library manifest ~/.gradle/caches/transforms-3/8afce72244a911c0605c3d6d7e95dc8c/transformed/jetified-android-2.5.0/AndroidManifest.xml
Merging manifest with lower [com.yubico.yubikit:android:2.5.0] AndroidManifest.xml:2:1-29:12
uses-sdk defined in both files...
Merging uses-sdk with lower [com.yubico.yubikit:android:2.5.0] AndroidManifest.xml:5:5-44
Adopted [uses-permission: null]
Adopted [uses-feature: null]
Adopted [uses-feature: null]
application defined in both files...
Merging application with lower [com.yubico.yubikit:android:2.5.0] AndroidManifest.xml:16:5-27:19
Adopted [activity: null]
Adopted [activity: null]
Merging result: SUCCESS
1<?xml version="1.0" encoding="utf-8"?>
2<manifest xmlns:android="http://schemas.android.com/apk/res/android"
3    package="com.droidaio.gallery.debug"
4    android:versionCode="10180226"
5    android:versionName="0.1.0.18.022026-debug" >
6
7    <uses-sdk
8        android:minSdkVersion="23"
8-->~/android/studio/Projects/Photo.Gallery/app/src/main/AndroidManifest.xml
9        android:targetSdkVersion="33" />
9-->~/android/studio/Projects/Photo.Gallery/app/src/main/AndroidManifest.xml
10
11    <uses-permission android:name="android.permission.INTERNET" />
11-->~/android/studio/Projects/Photo.Gallery/app/src/main/AndroidManifest.xml:5:5-67
11-->~/android/studio/Projects/Photo.Gallery/app/src/main/AndroidManifest.xml:5:22-64
12    <uses-permission android:name="android.permission.READ_PHONE_STATE" />
12-->~/android/studio/Projects/Photo.Gallery/app/src/main/AndroidManifest.xml:6:5-75
12-->~/android/studio/Projects/Photo.Gallery/app/src/main/AndroidManifest.xml:6:22-72
13    <uses-permission android:name="android.permission.FOREGROUND_SERVICE" />
13-->~/android/studio/Projects/Photo.Gallery/app/src/main/AndroidManifest.xml:7:5-77
13-->~/android/studio/Projects/Photo.Gallery/app/src/main/AndroidManifest.xml:7:22-74
14    <uses-permission android:name="android.permission.POST_NOTIFICATIONS" />
14-->~/android/studio/Projects/Photo.Gallery/app/src/main/AndroidManifest.xml:8:5-77
14-->~/android/studio/Projects/Photo.Gallery/app/src/main/AndroidManifest.xml:8:22-74
15    <uses-permission android:name="android.permission.SYSTEM_ALERT_WINDOW" />
15-->~/android/studio/Projects/Photo.Gallery/app/src/main/AndroidManifest.xml:9:5-78
15-->~/android/studio/Projects/Photo.Gallery/app/src/main/AndroidManifest.xml:9:22-75
16    <uses-permission
16-->~/android/studio/Projects/Photo.Gallery/app/src/main/AndroidManifest.xml:10:5-12:38
17        android:name="android.permission.READ_EXTERNAL_STORAGE"
17-->~/android/studio/Projects/Photo.Gallery/app/src/main/AndroidManifest.xml:11:9-64
18        android:maxSdkVersion="28" />
18-->~/android/studio/Projects/Photo.Gallery/app/src/main/AndroidManifest.xml:12:9-35
19    <uses-permission
19-->~/android/studio/Projects/Photo.Gallery/app/src/main/AndroidManifest.xml:13:5-15:38
20        android:name="android.permission.WRITE_EXTERNAL_STORAGE"
20-->~/android/studio/Projects/Photo.Gallery/app/src/main/AndroidManifest.xml:14:9-65
21        android:maxSdkVersion="28" />
21-->~/android/studio/Projects/Photo.Gallery/app/src/main/AndroidManifest.xml:15:9-35
22    <uses-permission
22-->~/android/studio/Projects/Photo.Gallery/app/src/main/AndroidManifest.xml:16:5-19:40
23        android:name="android.permission.MANAGE_EXTERNAL_STORAGE"
23-->~/android/studio/Projects/Photo.Gallery/app/src/main/AndroidManifest.xml:17:9-66
24        android:minSdkVersion="29" />
24-->~/android/studio/Projects/Photo.Gallery/app/src/main/AndroidManifest.xml:18:9-35
25    <uses-permission android:name="android.permission.ACCESS_NETWORK_STATE" />
25-->[com.microsoft.identity.client:msal:6.2.0] ~/.gradle/caches/transforms-3/5395aa0a6ecb13ad0c511d3a340478af/transformed/jetified-msal-6.2.0/AndroidManifest.xml:8:5-79
25-->[com.microsoft.identity.client:msal:6.2.0] ~/.gradle/caches/transforms-3/5395aa0a6ecb13ad0c511d3a340478af/transformed/jetified-msal-6.2.0/AndroidManifest.xml:8:22-76
26    <!--
27     Required for API Level 30 to make sure we can detect browsers and other apps we want to
28     be able to talk to.
29    -->
30    <!-- https://developer.android.com/training/basics/intents/package-visibility-use-cases -->
31    <queries>
31-->[com.microsoft.identity:common:21.4.0] ~/.gradle/caches/transforms-3/691e2ddca74f0afe60043bb1a3af1d8c/transformed/jetified-common-21.4.0/AndroidManifest.xml:17:5-41:15
32        <package android:name="com.azure.authenticator" />
32-->[com.microsoft.identity:common:21.4.0] ~/.gradle/caches/transforms-3/691e2ddca74f0afe60043bb1a3af1d8c/transformed/jetified-common-21.4.0/AndroidManifest.xml:18:9-59
32-->[com.microsoft.identity:common:21.4.0] ~/.gradle/caches/transforms-3/691e2ddca74f0afe60043bb1a3af1d8c/transformed/jetified-common-21.4.0/AndroidManifest.xml:18:18-56
33        <package android:name="com.microsoft.identity.testuserapp" />
33-->[com.microsoft.identity:common:21.4.0] ~/.gradle/caches/transforms-3/691e2ddca74f0afe60043bb1a3af1d8c/transformed/jetified-common-21.4.0/AndroidManifest.xml:19:9-70
33-->[com.microsoft.identity:common:21.4.0] ~/.gradle/caches/transforms-3/691e2ddca74f0afe60043bb1a3af1d8c/transformed/jetified-common-21.4.0/AndroidManifest.xml:19:18-67
34        <package android:name="com.microsoft.windowsintune.companyportal" />
34-->[com.microsoft.identity:common:21.4.0] ~/.gradle/caches/transforms-3/691e2ddca74f0afe60043bb1a3af1d8c/transformed/jetified-common-21.4.0/AndroidManifest.xml:20:9-77
34-->[com.microsoft.identity:common:21.4.0] ~/.gradle/caches/transforms-3/691e2ddca74f0afe60043bb1a3af1d8c/transformed/jetified-common-21.4.0/AndroidManifest.xml:20:18-74
35        <package android:name="com.microsoft.mockauthapp" />
35-->[com.microsoft.identity:common:21.4.0] ~/.gradle/caches/transforms-3/691e2ddca74f0afe60043bb1a3af1d8c/transformed/jetified-common-21.4.0/AndroidManifest.xml:21:9-61
35-->[com.microsoft.identity:common:21.4.0] ~/.gradle/caches/transforms-3/691e2ddca74f0afe60043bb1a3af1d8c/transformed/jetified-common-21.4.0/AndroidManifest.xml:21:18-58
36        <package android:name="com.microsoft.mockcp" />
36-->[com.microsoft.identity:common:21.4.0] ~/.gradle/caches/transforms-3/691e2ddca74f0afe60043bb1a3af1d8c/transformed/jetified-common-21.4.0/AndroidManifest.xml:22:9-56
36-->[com.microsoft.identity:common:21.4.0] ~/.gradle/caches/transforms-3/691e2ddca74f0afe60043bb1a3af1d8c/transformed/jetified-common-21.4.0/AndroidManifest.xml:22:18-53
37        <package android:name="com.microsoft.mockltw" />
37-->[com.microsoft.identity:common:21.4.0] ~/.gradle/caches/transforms-3/691e2ddca74f0afe60043bb1a3af1d8c/transformed/jetified-common-21.4.0/AndroidManifest.xml:23:9-57
37-->[com.microsoft.identity:common:21.4.0] ~/.gradle/caches/transforms-3/691e2ddca74f0afe60043bb1a3af1d8c/transformed/jetified-common-21.4.0/AndroidManifest.xml:23:18-54
38        <package android:name="com.microsoft.appmanager" />
38-->[com.microsoft.identity:common:21.4.0] ~/.gradle/caches/transforms-3/691e2ddca74f0afe60043bb1a3af1d8c/transformed/jetified-common-21.4.0/AndroidManifest.xml:24:9-60
38-->[com.microsoft.identity:common:21.4.0] ~/.gradle/caches/transforms-3/691e2ddca74f0afe60043bb1a3af1d8c/transformed/jetified-common-21.4.0/AndroidManifest.xml:24:18-57
39        <!--
40        Required for API Level 30 to make sure we can detect browsers
41        (that don't support custom tabs)
42        -->
43        <intent>
43-->[com.microsoft.identity:common:21.4.0] ~/.gradle/caches/transforms-3/691e2ddca74f0afe60043bb1a3af1d8c/transformed/jetified-common-21.4.0/AndroidManifest.xml:29:9-35:18
44            <action android:name="android.intent.action.VIEW" />
44-->~/android/studio/Projects/Photo.Gallery/app/src/main/AndroidManifest.xml:56:17-69
44-->~/android/studio/Projects/Photo.Gallery/app/src/main/AndroidManifest.xml:56:25-66
45
46            <category android:name="android.intent.category.BROWSABLE" />
46-->~/android/studio/Projects/Photo.Gallery/app/src/main/AndroidManifest.xml:59:17-78
46-->~/android/studio/Projects/Photo.Gallery/app/src/main/AndroidManifest.xml:59:27-75
47
48            <data android:scheme="https" />
48-->~/android/studio/Projects/Photo.Gallery/app/src/main/AndroidManifest.xml:61:17-63:59
48-->~/android/studio/Projects/Photo.Gallery/app/src/main/AndroidManifest.xml:63:21-56
49        </intent>
50        <!-- Required for API Level 30 to make sure we can detect browsers that support custom tabs -->
51        <!-- https://developers.google.com/web/updates/2020/07/custom-tabs-android-11#detecting_browsers_that_support_custom_tabs -->
52        <intent>
52-->[com.microsoft.identity:common:21.4.0] ~/.gradle/caches/transforms-3/691e2ddca74f0afe60043bb1a3af1d8c/transformed/jetified-common-21.4.0/AndroidManifest.xml:38:9-40:18
53            <action android:name="android.support.customtabs.action.CustomTabsService" />
53-->[com.microsoft.identity:common:21.4.0] ~/.gradle/caches/transforms-3/691e2ddca74f0afe60043bb1a3af1d8c/transformed/jetified-common-21.4.0/AndroidManifest.xml:39:13-90
53-->[com.microsoft.identity:common:21.4.0] ~/.gradle/caches/transforms-3/691e2ddca74f0afe60043bb1a3af1d8c/transformed/jetified-common-21.4.0/AndroidManifest.xml:39:21-87
54        </intent>
55    </queries>
56
57    <uses-permission android:name="android.permission.WAKE_LOCK" />
57-->[androidx.work:work-runtime:2.8.1] ~/.gradle/caches/transforms-3/52104321998f44c84e9432a9e863a757/transformed/work-runtime-2.8.1/AndroidManifest.xml:23:5-68
57-->[androidx.work:work-runtime:2.8.1] ~/.gradle/caches/transforms-3/52104321998f44c84e9432a9e863a757/transformed/work-runtime-2.8.1/AndroidManifest.xml:23:22-65
58    <uses-permission android:name="android.permission.RECEIVE_BOOT_COMPLETED" />
58-->[androidx.work:work-runtime:2.8.1] ~/.gradle/caches/transforms-3/52104321998f44c84e9432a9e863a757/transformed/work-runtime-2.8.1/AndroidManifest.xml:25:5-81
58-->[androidx.work:work-runtime:2.8.1] ~/.gradle/caches/transforms-3/52104321998f44c84e9432a9e863a757/transformed/work-runtime-2.8.1/AndroidManifest.xml:25:22-78
59
60    <permission
60-->[androidx.core:core:1.12.0] ~/.gradle/caches/transforms-3/cceb94d81e4d8c63d43b8cad4df517ed/transformed/core-1.12.0/AndroidManifest.xml:22:5-24:47
61        android:name="com.droidaio.gallery.debug.DYNAMIC_RECEIVER_NOT_EXPORTED_PERMISSION"
61-->[androidx.core:core:1.12.0] ~/.gradle/caches/transforms-3/cceb94d81e4d8c63d43b8cad4df517ed/transformed/core-1.12.0/AndroidManifest.xml:23:9-81
62        android:protectionLevel="signature" />
62-->[androidx.core:core:1.12.0] ~/.gradle/caches/transforms-3/cceb94d81e4d8c63d43b8cad4df517ed/transformed/core-1.12.0/AndroidManifest.xml:24:9-44
63
64    <uses-permission android:name="com.droidaio.gallery.debug.DYNAMIC_RECEIVER_NOT_EXPORTED_PERMISSION" />
64-->[androidx.core:core:1.12.0] ~/.gradle/caches/transforms-3/cceb94d81e4d8c63d43b8cad4df517ed/transformed/core-1.12.0/AndroidManifest.xml:26:5-97
64-->[androidx.core:core:1.12.0] ~/.gradle/caches/transforms-3/cceb94d81e4d8c63d43b8cad4df517ed/transformed/core-1.12.0/AndroidManifest.xml:26:22-94
65    <uses-permission android:name="android.permission.NFC" />
65-->[com.yubico.yubikit:android:2.5.0] ~/.gradle/caches/transforms-3/8afce72244a911c0605c3d6d7e95dc8c/transformed/jetified-android-2.5.0/AndroidManifest.xml:7:5-62
65-->[com.yubico.yubikit:android:2.5.0] ~/.gradle/caches/transforms-3/8afce72244a911c0605c3d6d7e95dc8c/transformed/jetified-android-2.5.0/AndroidManifest.xml:7:22-59
66
67    <uses-feature
67-->[com.yubico.yubikit:android:2.5.0] ~/.gradle/caches/transforms-3/8afce72244a911c0605c3d6d7e95dc8c/transformed/jetified-android-2.5.0/AndroidManifest.xml:9:5-11:36
68        android:name="android.hardware.usb.host"
68-->[com.yubico.yubikit:android:2.5.0] ~/.gradle/caches/transforms-3/8afce72244a911c0605c3d6d7e95dc8c/transformed/jetified-android-2.5.0/AndroidManifest.xml:10:9-49
69        android:required="false" />
69-->[com.yubico.yubikit:android:2.5.0] ~/.gradle/caches/transforms-3/8afce72244a911c0605c3d6d7e95dc8c/transformed/jetified-android-2.5.0/AndroidManifest.xml:11:9-33
70    <uses-feature
70-->[com.yubico.yubikit:android:2.5.0] ~/.gradle/caches/transforms-3/8afce72244a911c0605c3d6d7e95dc8c/transformed/jetified-android-2.5.0/AndroidManifest.xml:12:5-14:36
71        android:name="android.hardware.nfc"
71-->[com.yubico.yubikit:android:2.5.0] ~/.gradle/caches/transforms-3/8afce72244a911c0605c3d6d7e95dc8c/transformed/jetified-android-2.5.0/AndroidManifest.xml:13:9-44
72        android:required="false" />
72-->[com.yubico.yubikit:android:2.5.0] ~/.gradle/caches/transforms-3/8afce72244a911c0605c3d6d7e95dc8c/transformed/jetified-android-2.5.0/AndroidManifest.xml:14:9-33
73
74    <application
74-->~/android/studio/Projects/Photo.Gallery/app/src/main/AndroidManifest.xml:21:5-84:19
75        android:allowBackup="true"
75-->~/android/studio/Projects/Photo.Gallery/app/src/main/AndroidManifest.xml:22:9-35
76        android:appComponentFactory="androidx.core.app.CoreComponentFactory"
76-->[androidx.core:core:1.12.0] ~/.gradle/caches/transforms-3/cceb94d81e4d8c63d43b8cad4df517ed/transformed/core-1.12.0/AndroidManifest.xml:28:18-86
77        android:dataExtractionRules="@xml/data_extraction_rules"
77-->~/android/studio/Projects/Photo.Gallery/app/src/main/AndroidManifest.xml:23:9-65
78        android:debuggable="true"
79        android:extractNativeLibs="false"
80        android:fullBackupContent="@xml/backup_rules"
80-->~/android/studio/Projects/Photo.Gallery/app/src/main/AndroidManifest.xml:24:9-54
81        android:icon="@mipmap/ic_launcher"
81-->~/android/studio/Projects/Photo.Gallery/app/src/main/AndroidManifest.xml:25:9-43
82        android:label="@string/appName"
82-->~/android/studio/Projects/Photo.Gallery/app/src/main/AndroidManifest.xml:26:9-40
83        android:supportsRtl="true"
83-->~/android/studio/Projects/Photo.Gallery/app/src/main/AndroidManifest.xml:27:9-35
84        android:theme="@style/Theme.PhotoGallery.Dark" >
84-->~/android/studio/Projects/Photo.Gallery/app/src/main/AndroidManifest.xml:28:9-55
85        <activity
85-->~/android/studio/Projects/Photo.Gallery/app/src/main/AndroidManifest.xml:31:9-39:20
86            android:name="com.droidaio.gallery.MainActivity"
86-->~/android/studio/Projects/Photo.Gallery/app/src/main/AndroidManifest.xml:32:13-61
87            android:exported="true"
87-->~/android/studio/Projects/Photo.Gallery/app/src/main/AndroidManifest.xml:33:13-36
88            android:theme="@style/Theme.PhotoGallery.Dark" >
88-->~/android/studio/Projects/Photo.Gallery/app/src/main/AndroidManifest.xml:34:13-59
89            <intent-filter>
89-->~/android/studio/Projects/Photo.Gallery/app/src/main/AndroidManifest.xml:35:13-38:29
90                <action android:name="android.intent.action.MAIN" />
90-->~/android/studio/Projects/Photo.Gallery/app/src/main/AndroidManifest.xml:36:17-69
90-->~/android/studio/Projects/Photo.Gallery/app/src/main/AndroidManifest.xml:36:25-66
91
92                <category android:name="android.intent.category.LAUNCHER" />
92-->~/android/studio/Projects/Photo.Gallery/app/src/main/AndroidManifest.xml:37:17-77
92-->~/android/studio/Projects/Photo.Gallery/app/src/main/AndroidManifest.xml:37:27-74
93            </intent-filter>
94        </activity>
95
96        <!-- Google Sign-In redirect (if using web client) -->
97        <activity
97-->~/android/studio/Projects/Photo.Gallery/app/src/main/AndroidManifest.xml:42:9-47:44
98            android:name="com.google.android.gms.auth.api.signin.internal.SignInHubActivity"
98-->~/android/studio/Projects/Photo.Gallery/app/src/main/AndroidManifest.xml:43:13-93
99            android:excludeFromRecents="true"
99-->[com.google.android.gms:play-services-auth:20.7.0] ~/.gradle/caches/transforms-3/66f77465e979a17d511311b5910b38ae/transformed/jetified-play-services-auth-20.7.0/AndroidManifest.xml:25:13-46
100            android:exported="false"
100-->~/android/studio/Projects/Photo.Gallery/app/src/main/AndroidManifest.xml:44:13-37
101            android:label="@string/appNameGD"
101-->~/android/studio/Projects/Photo.Gallery/app/src/main/AndroidManifest.xml:45:13-46
102            android:theme="@style/Theme.PhotoGallery.Dark" />
102-->~/android/studio/Projects/Photo.Gallery/app/src/main/AndroidManifest.xml:46:13-59
103
104        <!-- MSAL redirect receiver: handle msal{client-id}://auth -->
105        <activity
105-->~/android/studio/Projects/Photo.Gallery/app/src/main/AndroidManifest.xml:50:9-65:20
106            android:name="com.microsoft.identity.client.BrowserTabActivity"
106-->~/android/studio/Projects/Photo.Gallery/app/src/main/AndroidManifest.xml:51:13-76
107            android:configChanges="orientation|keyboardHidden|screenSize|smallestScreenSize|screenLayout"
107-->[com.microsoft.identity.client:msal:6.2.0] ~/.gradle/caches/transforms-3/5395aa0a6ecb13ad0c511d3a340478af/transformed/jetified-msal-6.2.0/AndroidManifest.xml:33:13-106
108            android:exported="true"
108-->~/android/studio/Projects/Photo.Gallery/app/src/main/AndroidManifest.xml:52:13-36
109            android:label="@string/appNameOD"
109-->~/android/studio/Projects/Photo.Gallery/app/src/main/AndroidManifest.xml:53:13-46
110            android:theme="@style/Theme.PhotoGallery.Dark" >
110-->~/android/studio/Projects/Photo.Gallery/app/src/main/AndroidManifest.xml:54:13-59
111            <intent-filter>
111-->~/android/studio/Projects/Photo.Gallery/app/src/main/AndroidManifest.xml:55:13-64:29
112                <action android:name="android.intent.action.VIEW" />
112-->~/android/studio/Projects/Photo.Gallery/app/src/main/AndroidManifest.xml:56:17-69
112-->~/android/studio/Projects/Photo.Gallery/app/src/main/AndroidManifest.xml:56:25-66
113
114                <category android:name="android.intent.category.DEFAULT" />
114-->~/android/studio/Projects/Photo.Gallery/app/src/main/AndroidManifest.xml:58:17-76
114-->~/android/studio/Projects/Photo.Gallery/app/src/main/AndroidManifest.xml:58:27-73
115                <category android:name="android.intent.category.BROWSABLE" />
115-->~/android/studio/Projects/Photo.Gallery/app/src/main/AndroidManifest.xml:59:17-78
115-->~/android/studio/Projects/Photo.Gallery/app/src/main/AndroidManifest.xml:59:27-75
116
117                <data
117-->~/android/studio/Projects/Photo.Gallery/app/src/main/AndroidManifest.xml:61:17-63:59
118                    android:host="auth"
118-->~/android/studio/Projects/Photo.Gallery/app/src/main/AndroidManifest.xml:62:21-40
119                    android:scheme="@string/ODClientId" />
119-->~/android/studio/Projects/Photo.Gallery/app/src/main/AndroidManifest.xml:63:21-56
120            </intent-filter>
121        </activity>
122
123        <provider
124            android:name="androidx.core.content.FileProvider"
124-->~/android/studio/Projects/Photo.Gallery/app/src/main/AndroidManifest.xml:68:13-62
125            android:authorities="com.droidaio.gallery.debug.fileprovider"
125-->~/android/studio/Projects/Photo.Gallery/app/src/main/AndroidManifest.xml:69:13-64
126            android:exported="false"
126-->~/android/studio/Projects/Photo.Gallery/app/src/main/AndroidManifest.xml:70:13-37
127            android:grantUriPermissions="true"
127-->~/android/studio/Projects/Photo.Gallery/app/src/main/AndroidManifest.xml:71:13-47
128            android:theme="@style/Theme.PhotoGallery.Dark" >
128-->~/android/studio/Projects/Photo.Gallery/app/src/main/AndroidManifest.xml:72:13-59
129            <meta-data
129-->~/android/studio/Projects/Photo.Gallery/app/src/main/AndroidManifest.xml:73:13-75:54
130                android:name="android.support.FILE_PROVIDER_PATHS"
130-->~/android/studio/Projects/Photo.Gallery/app/src/main/AndroidManifest.xml:74:17-67
131                android:resource="@xml/file_paths" />
131-->~/android/studio/Projects/Photo.Gallery/app/src/main/AndroidManifest.xml:75:17-51
132        </provider>
133
134        <receiver
134-->~/android/studio/Projects/Photo.Gallery/app/src/main/AndroidManifest.xml:78:9-83:47
135            android:name="com.droidaio.gallery.CancelOpReceiver"
135-->~/android/studio/Projects/Photo.Gallery/app/src/main/AndroidManifest.xml:79:13-65
136            android:exported="true"
136-->~/android/studio/Projects/Photo.Gallery/app/src/main/AndroidManifest.xml:80:13-36
137            android:permission="android.permission.FOREGROUND_SERVICE"
137-->~/android/studio/Projects/Photo.Gallery/app/src/main/AndroidManifest.xml:81:13-71
138            android:theme="@style/Theme.PhotoGallery.Dark" />
138-->~/android/studio/Projects/Photo.Gallery/app/src/main/AndroidManifest.xml:82:13-59
139        <!-- MSAL activity that will be used to process all the auth related logic -->
140        <activity
140-->[com.microsoft.identity.client:msal:6.2.0] ~/.gradle/caches/transforms-3/5395aa0a6ecb13ad0c511d3a340478af/transformed/jetified-msal-6.2.0/AndroidManifest.xml:13:9-17:47
141            android:name="com.microsoft.identity.common.internal.providers.oauth2.AuthorizationActivity"
141-->[com.microsoft.identity.client:msal:6.2.0] ~/.gradle/caches/transforms-3/5395aa0a6ecb13ad0c511d3a340478af/transformed/jetified-msal-6.2.0/AndroidManifest.xml:14:13-105
142            android:configChanges="orientation|keyboardHidden|screenSize|smallestScreenSize|screenLayout|keyboard"
142-->[com.microsoft.identity.client:msal:6.2.0] ~/.gradle/caches/transforms-3/5395aa0a6ecb13ad0c511d3a340478af/transformed/jetified-msal-6.2.0/AndroidManifest.xml:15:13-115
143            android:exported="false"
143-->[com.microsoft.identity.client:msal:6.2.0] ~/.gradle/caches/transforms-3/5395aa0a6ecb13ad0c511d3a340478af/transformed/jetified-msal-6.2.0/AndroidManifest.xml:16:13-37
144            android:launchMode="singleTask" />
144-->[com.microsoft.identity.client:msal:6.2.0] ~/.gradle/caches/transforms-3/5395aa0a6ecb13ad0c511d3a340478af/transformed/jetified-msal-6.2.0/AndroidManifest.xml:17:13-44
145        <activity
145-->[com.microsoft.identity.client:msal:6.2.0] ~/.gradle/caches/transforms-3/5395aa0a6ecb13ad0c511d3a340478af/transformed/jetified-msal-6.2.0/AndroidManifest.xml:18:9-22:45
146            android:name="com.microsoft.identity.common.internal.providers.oauth2.CurrentTaskAuthorizationActivity"
146-->[com.microsoft.identity.client:msal:6.2.0] ~/.gradle/caches/transforms-3/5395aa0a6ecb13ad0c511d3a340478af/transformed/jetified-msal-6.2.0/AndroidManifest.xml:19:13-116
147            android:configChanges="orientation|keyboardHidden|screenSize|smallestScreenSize|screenLayout|keyboard"
147-->[com.microsoft.identity.client:msal:6.2.0] ~/.gradle/caches/transforms-3/5395aa0a6ecb13ad0c511d3a340478af/transformed/jetified-msal-6.2.0/AndroidManifest.xml:20:13-115
148            android:exported="false"
148-->[com.microsoft.identity.client:msal:6.2.0] ~/.gradle/caches/transforms-3/5395aa0a6ecb13ad0c511d3a340478af/transformed/jetified-msal-6.2.0/AndroidManifest.xml:21:13-37
149            android:launchMode="standard" /> <!-- Helper activity for displaying current broker redirect URI configuration -->
149-->[com.microsoft.identity.client:msal:6.2.0] ~/.gradle/caches/transforms-3/5395aa0a6ecb13ad0c511d3a340478af/transformed/jetified-msal-6.2.0/AndroidManifest.xml:22:13-42
150        <activity
150-->[com.microsoft.identity.client:msal:6.2.0] ~/.gradle/caches/transforms-3/5395aa0a6ecb13ad0c511d3a340478af/transformed/jetified-msal-6.2.0/AndroidManifest.xml:25:9-28:45
151            android:name="com.microsoft.identity.client.helper.BrokerHelperActivity"
151-->[com.microsoft.identity.client:msal:6.2.0] ~/.gradle/caches/transforms-3/5395aa0a6ecb13ad0c511d3a340478af/transformed/jetified-msal-6.2.0/AndroidManifest.xml:26:13-85
152            android:exported="false"
152-->[com.microsoft.identity.client:msal:6.2.0] ~/.gradle/caches/transforms-3/5395aa0a6ecb13ad0c511d3a340478af/transformed/jetified-msal-6.2.0/AndroidManifest.xml:27:13-37
153            android:launchMode="standard" />
153-->[com.microsoft.identity.client:msal:6.2.0] ~/.gradle/caches/transforms-3/5395aa0a6ecb13ad0c511d3a340478af/transformed/jetified-msal-6.2.0/AndroidManifest.xml:28:13-42
154        <activity
154-->[com.microsoft.identity.client:msal:6.2.0] ~/.gradle/caches/transforms-3/5395aa0a6ecb13ad0c511d3a340478af/transformed/jetified-msal-6.2.0/AndroidManifest.xml:35:9-37:39
155            android:name="com.microsoft.identity.client.CurrentTaskBrowserTabActivity"
155-->[com.microsoft.identity.client:msal:6.2.0] ~/.gradle/caches/transforms-3/5395aa0a6ecb13ad0c511d3a340478af/transformed/jetified-msal-6.2.0/AndroidManifest.xml:36:13-87
156            android:exported="true" /> <!-- Activity to invoke an interactive request to the intent passed by ad-accounts(Broker) -->
156-->[com.microsoft.identity.client:msal:6.2.0] ~/.gradle/caches/transforms-3/5395aa0a6ecb13ad0c511d3a340478af/transformed/jetified-msal-6.2.0/AndroidManifest.xml:37:13-36
157        <activity
157-->[com.microsoft.identity:common:21.4.0] ~/.gradle/caches/transforms-3/691e2ddca74f0afe60043bb1a3af1d8c/transformed/jetified-common-21.4.0/AndroidManifest.xml:54:9-56:99
158            android:name="com.microsoft.identity.common.internal.broker.BrokerActivity"
158-->[com.microsoft.identity:common:21.4.0] ~/.gradle/caches/transforms-3/691e2ddca74f0afe60043bb1a3af1d8c/transformed/jetified-common-21.4.0/AndroidManifest.xml:55:13-88
159            android:configChanges="orientation|keyboardHidden|screenSize|screenLayout|keyboard" /> <!-- Activity to launch a install WPJ certificate activity and get the result -->
159-->[com.microsoft.identity:common:21.4.0] ~/.gradle/caches/transforms-3/691e2ddca74f0afe60043bb1a3af1d8c/transformed/jetified-common-21.4.0/AndroidManifest.xml:56:13-96
160        <activity
160-->[com.microsoft.identity:common:21.4.0] ~/.gradle/caches/transforms-3/691e2ddca74f0afe60043bb1a3af1d8c/transformed/jetified-common-21.4.0/AndroidManifest.xml:58:9-61:60
161            android:name="com.microsoft.identity.common.internal.broker.InstallCertActivityLauncher"
161-->[com.microsoft.identity:common:21.4.0] ~/.gradle/caches/transforms-3/691e2ddca74f0afe60043bb1a3af1d8c/transformed/jetified-common-21.4.0/AndroidManifest.xml:59:13-101
162            android:configChanges="orientation|keyboardHidden|screenSize|screenLayout|keyboard"
162-->[com.microsoft.identity:common:21.4.0] ~/.gradle/caches/transforms-3/691e2ddca74f0afe60043bb1a3af1d8c/transformed/jetified-common-21.4.0/AndroidManifest.xml:60:13-96
163            android:theme="@style/Theme.AppCompat.Light" />
163-->[com.microsoft.identity:common:21.4.0] ~/.gradle/caches/transforms-3/691e2ddca74f0afe60043bb1a3af1d8c/transformed/jetified-common-21.4.0/AndroidManifest.xml:61:13-57
164
165        <service
165-->[androidx.credentials:credentials-play-services-auth:1.2.2] ~/.gradle/caches/transforms-3/7ff85eb923829d3039e7d6a37994c2be/transformed/jetified-credentials-play-services-auth-1.2.2/AndroidManifest.xml:24:9-32:19
166            android:name="androidx.credentials.playservices.CredentialProviderMetadataHolder"
166-->[androidx.credentials:credentials-play-services-auth:1.2.2] ~/.gradle/caches/transforms-3/7ff85eb923829d3039e7d6a37994c2be/transformed/jetified-credentials-play-services-auth-1.2.2/AndroidManifest.xml:25:13-94
167            android:enabled="true"
167-->[androidx.credentials:credentials-play-services-auth:1.2.2] ~/.gradle/caches/transforms-3/7ff85eb923829d3039e7d6a37994c2be/transformed/jetified-credentials-play-services-auth-1.2.2/AndroidManifest.xml:26:13-35
168            android:exported="false" >
168-->[androidx.credentials:credentials-play-services-auth:1.2.2] ~/.gradle/caches/transforms-3/7ff85eb923829d3039e7d6a37994c2be/transformed/jetified-credentials-play-services-auth-1.2.2/AndroidManifest.xml:27:13-37
169            <meta-data
169-->[androidx.credentials:credentials-play-services-auth:1.2.2] ~/.gradle/caches/transforms-3/7ff85eb923829d3039e7d6a37994c2be/transformed/jetified-credentials-play-services-auth-1.2.2/AndroidManifest.xml:29:13-31:104
170                android:name="androidx.credentials.CREDENTIAL_PROVIDER_KEY"
170-->[androidx.credentials:credentials-play-services-auth:1.2.2] ~/.gradle/caches/transforms-3/7ff85eb923829d3039e7d6a37994c2be/transformed/jetified-credentials-play-services-auth-1.2.2/AndroidManifest.xml:30:17-76
171                android:value="androidx.credentials.playservices.CredentialProviderPlayServicesImpl" />
171-->[androidx.credentials:credentials-play-services-auth:1.2.2] ~/.gradle/caches/transforms-3/7ff85eb923829d3039e7d6a37994c2be/transformed/jetified-credentials-play-services-auth-1.2.2/AndroidManifest.xml:31:17-101
172        </service>
173
174        <activity
174-->[androidx.credentials:credentials-play-services-auth:1.2.2] ~/.gradle/caches/transforms-3/7ff85eb923829d3039e7d6a37994c2be/transformed/jetified-credentials-play-services-auth-1.2.2/AndroidManifest.xml:34:9-41:20
175            android:name="androidx.credentials.playservices.HiddenActivity"
175-->[androidx.credentials:credentials-play-services-auth:1.2.2] ~/.gradle/caches/transforms-3/7ff85eb923829d3039e7d6a37994c2be/transformed/jetified-credentials-play-services-auth-1.2.2/AndroidManifest.xml:35:13-76
176            android:configChanges="orientation|screenSize|screenLayout|keyboardHidden"
176-->[androidx.credentials:credentials-play-services-auth:1.2.2] ~/.gradle/caches/transforms-3/7ff85eb923829d3039e7d6a37994c2be/transformed/jetified-credentials-play-services-auth-1.2.2/AndroidManifest.xml:36:13-87
177            android:enabled="true"
177-->[androidx.credentials:credentials-play-services-auth:1.2.2] ~/.gradle/caches/transforms-3/7ff85eb923829d3039e7d6a37994c2be/transformed/jetified-credentials-play-services-auth-1.2.2/AndroidManifest.xml:37:13-35
178            android:exported="false"
178-->[androidx.credentials:credentials-play-services-auth:1.2.2] ~/.gradle/caches/transforms-3/7ff85eb923829d3039e7d6a37994c2be/transformed/jetified-credentials-play-services-auth-1.2.2/AndroidManifest.xml:38:13-37
179            android:fitsSystemWindows="true"
179-->[androidx.credentials:credentials-play-services-auth:1.2.2] ~/.gradle/caches/transforms-3/7ff85eb923829d3039e7d6a37994c2be/transformed/jetified-credentials-play-services-auth-1.2.2/AndroidManifest.xml:39:13-45
180            android:theme="@style/Theme.Hidden" >
180-->[androidx.credentials:credentials-play-services-auth:1.2.2] ~/.gradle/caches/transforms-3/7ff85eb923829d3039e7d6a37994c2be/transformed/jetified-credentials-play-services-auth-1.2.2/AndroidManifest.xml:40:13-48
181        </activity>
182        <!--
183            Service handling Google Sign-In user revocation. For apps that do not integrate with
184            Google Sign-In, this service will never be started.
185        -->
186        <service
186-->[com.google.android.gms:play-services-auth:20.7.0] ~/.gradle/caches/transforms-3/66f77465e979a17d511311b5910b38ae/transformed/jetified-play-services-auth-20.7.0/AndroidManifest.xml:33:9-37:51
187            android:name="com.google.android.gms.auth.api.signin.RevocationBoundService"
187-->[com.google.android.gms:play-services-auth:20.7.0] ~/.gradle/caches/transforms-3/66f77465e979a17d511311b5910b38ae/transformed/jetified-play-services-auth-20.7.0/AndroidManifest.xml:34:13-89
188            android:exported="true"
188-->[com.google.android.gms:play-services-auth:20.7.0] ~/.gradle/caches/transforms-3/66f77465e979a17d511311b5910b38ae/transformed/jetified-play-services-auth-20.7.0/AndroidManifest.xml:35:13-36
189            android:permission="com.google.android.gms.auth.api.signin.permission.REVOCATION_NOTIFICATION"
189-->[com.google.android.gms:play-services-auth:20.7.0] ~/.gradle/caches/transforms-3/66f77465e979a17d511311b5910b38ae/transformed/jetified-play-services-auth-20.7.0/AndroidManifest.xml:36:13-107
190            android:visibleToInstantApps="true" />
190-->[com.google.android.gms:play-services-auth:20.7.0] ~/.gradle/caches/transforms-3/66f77465e979a17d511311b5910b38ae/transformed/jetified-play-services-auth-20.7.0/AndroidManifest.xml:37:13-48
191
192        <activity
192-->[com.google.android.gms:play-services-base:18.0.1] ~/.gradle/caches/transforms-3/a7ad36f58a6749e591d88a51cd5b7b5c/transformed/jetified-play-services-base-18.0.1/AndroidManifest.xml:20:9-22:45
193            android:name="com.google.android.gms.common.api.GoogleApiActivity"
193-->[com.google.android.gms:play-services-base:18.0.1] ~/.gradle/caches/transforms-3/a7ad36f58a6749e591d88a51cd5b7b5c/transformed/jetified-play-services-base-18.0.1/AndroidManifest.xml:20:19-85
194            android:exported="false"
194-->[com.google.android.gms:play-services-base:18.0.1] ~/.gradle/caches/transforms-3/a7ad36f58a6749e591d88a51cd5b7b5c/transformed/jetified-play-services-base-18.0.1/AndroidManifest.xml:22:19-43
195            android:theme="@android:style/Theme.Translucent.NoTitleBar" />
195-->[com.google.android.gms:play-services-base:18.0.1] ~/.gradle/caches/transforms-3/a7ad36f58a6749e591d88a51cd5b7b5c/transformed/jetified-play-services-base-18.0.1/AndroidManifest.xml:21:19-78
196
197        <meta-data
197-->[com.google.android.gms:play-services-basement:18.2.0] ~/.gradle/caches/transforms-3/fae7f0a32fa0484295f94dfaf9206b70/transformed/jetified-play-services-basement-18.2.0/AndroidManifest.xml:21:9-23:69
198            android:name="com.google.android.gms.version"
198-->[com.google.android.gms:play-services-basement:18.2.0] ~/.gradle/caches/transforms-3/fae7f0a32fa0484295f94dfaf9206b70/transformed/jetified-play-services-basement-18.2.0/AndroidManifest.xml:22:13-58
199            android:value="@integer/google_play_services_version" />
199-->[com.google.android.gms:play-services-basement:18.2.0] ~/.gradle/caches/transforms-3/fae7f0a32fa0484295f94dfaf9206b70/transformed/jetified-play-services-basement-18.2.0/AndroidManifest.xml:23:13-66
200
201        <activity
201-->[androidx.compose.ui:ui-tooling-android:1.6.1] ~/.gradle/caches/transforms-3/732bf3fcca27485691548d213a69ce32/transformed/jetified-ui-tooling-release/AndroidManifest.xml:23:9-25:39
202            android:name="androidx.compose.ui.tooling.PreviewActivity"
202-->[androidx.compose.ui:ui-tooling-android:1.6.1] ~/.gradle/caches/transforms-3/732bf3fcca27485691548d213a69ce32/transformed/jetified-ui-tooling-release/AndroidManifest.xml:24:13-71
203            android:exported="true" />
203-->[androidx.compose.ui:ui-tooling-android:1.6.1] ~/.gradle/caches/transforms-3/732bf3fcca27485691548d213a69ce32/transformed/jetified-ui-tooling-release/AndroidManifest.xml:25:13-36
204        <activity
204-->[androidx.compose.ui:ui-test-manifest:1.6.1] ~/.gradle/caches/transforms-3/042e3e457431c3578cc10e80ca0e5c92/transformed/jetified-ui-test-manifest-1.6.1/AndroidManifest.xml:23:9-25:39
205            android:name="androidx.activity.ComponentActivity"
205-->[androidx.compose.ui:ui-test-manifest:1.6.1] ~/.gradle/caches/transforms-3/042e3e457431c3578cc10e80ca0e5c92/transformed/jetified-ui-test-manifest-1.6.1/AndroidManifest.xml:24:13-63
206            android:exported="true" />
206-->[androidx.compose.ui:ui-test-manifest:1.6.1] ~/.gradle/caches/transforms-3/042e3e457431c3578cc10e80ca0e5c92/transformed/jetified-ui-test-manifest-1.6.1/AndroidManifest.xml:25:13-36
207
208        <provider
208-->[androidx.work:work-runtime:2.8.1] ~/.gradle/caches/transforms-3/52104321998f44c84e9432a9e863a757/transformed/work-runtime-2.8.1/AndroidManifest.xml:29:9-37:20
209            android:name="androidx.startup.InitializationProvider"
209-->[androidx.work:work-runtime:2.8.1] ~/.gradle/caches/transforms-3/52104321998f44c84e9432a9e863a757/transformed/work-runtime-2.8.1/AndroidManifest.xml:30:13-67
210            android:authorities="com.droidaio.gallery.debug.androidx-startup"
210-->[androidx.work:work-runtime:2.8.1] ~/.gradle/caches/transforms-3/52104321998f44c84e9432a9e863a757/transformed/work-runtime-2.8.1/AndroidManifest.xml:31:13-68
211            android:exported="false" >
211-->[androidx.work:work-runtime:2.8.1] ~/.gradle/caches/transforms-3/52104321998f44c84e9432a9e863a757/transformed/work-runtime-2.8.1/AndroidManifest.xml:32:13-37
212            <meta-data
212-->[androidx.work:work-runtime:2.8.1] ~/.gradle/caches/transforms-3/52104321998f44c84e9432a9e863a757/transformed/work-runtime-2.8.1/AndroidManifest.xml:34:13-36:52
213                android:name="androidx.work.WorkManagerInitializer"
213-->[androidx.work:work-runtime:2.8.1] ~/.gradle/caches/transforms-3/52104321998f44c84e9432a9e863a757/transformed/work-runtime-2.8.1/AndroidManifest.xml:35:17-68
214                android:value="androidx.startup" />
214-->[androidx.work:work-runtime:2.8.1] ~/.gradle/caches/transforms-3/52104321998f44c84e9432a9e863a757/transformed/work-runtime-2.8.1/AndroidManifest.xml:36:17-49
215            <meta-data
215-->[androidx.emoji2:emoji2:1.3.0] ~/.gradle/caches/transforms-3/cbe3b41e5ddfed288a93ecb397f38d58/transformed/jetified-emoji2-1.3.0/AndroidManifest.xml:29:13-31:52
216                android:name="androidx.emoji2.text.EmojiCompatInitializer"
216-->[androidx.emoji2:emoji2:1.3.0] ~/.gradle/caches/transforms-3/cbe3b41e5ddfed288a93ecb397f38d58/transformed/jetified-emoji2-1.3.0/AndroidManifest.xml:30:17-75
217                android:value="androidx.startup" />
217-->[androidx.emoji2:emoji2:1.3.0] ~/.gradle/caches/transforms-3/cbe3b41e5ddfed288a93ecb397f38d58/transformed/jetified-emoji2-1.3.0/AndroidManifest.xml:31:17-49
218            <meta-data
218-->[androidx.lifecycle:lifecycle-process:2.6.1] ~/.gradle/caches/transforms-3/1a1c4affc70b8f7d95ddcadfbd2a35e3/transformed/jetified-lifecycle-process-2.6.1/AndroidManifest.xml:29:13-31:52
219                android:name="androidx.lifecycle.ProcessLifecycleInitializer"
219-->[androidx.lifecycle:lifecycle-process:2.6.1] ~/.gradle/caches/transforms-3/1a1c4affc70b8f7d95ddcadfbd2a35e3/transformed/jetified-lifecycle-process-2.6.1/AndroidManifest.xml:30:17-78
220                android:value="androidx.startup" />
220-->[androidx.lifecycle:lifecycle-process:2.6.1] ~/.gradle/caches/transforms-3/1a1c4affc70b8f7d95ddcadfbd2a35e3/transformed/jetified-lifecycle-process-2.6.1/AndroidManifest.xml:31:17-49
221            <meta-data
221-->[androidx.profileinstaller:profileinstaller:1.3.0] ~/.gradle/caches/transforms-3/6121addbf7f66609874aebfb23638732/transformed/jetified-profileinstaller-1.3.0/AndroidManifest.xml:29:13-31:52
222                android:name="androidx.profileinstaller.ProfileInstallerInitializer"
222-->[androidx.profileinstaller:profileinstaller:1.3.0] ~/.gradle/caches/transforms-3/6121addbf7f66609874aebfb23638732/transformed/jetified-profileinstaller-1.3.0/AndroidManifest.xml:30:17-85
223                android:value="androidx.startup" />
223-->[androidx.profileinstaller:profileinstaller:1.3.0] ~/.gradle/caches/transforms-3/6121addbf7f66609874aebfb23638732/transformed/jetified-profileinstaller-1.3.0/AndroidManifest.xml:31:17-49
224        </provider>
225
226        <service
226-->[androidx.work:work-runtime:2.8.1] ~/.gradle/caches/transforms-3/52104321998f44c84e9432a9e863a757/transformed/work-runtime-2.8.1/AndroidManifest.xml:39:9-45:35
227            android:name="androidx.work.impl.background.systemalarm.SystemAlarmService"
227-->[androidx.work:work-runtime:2.8.1] ~/.gradle/caches/transforms-3/52104321998f44c84e9432a9e863a757/transformed/work-runtime-2.8.1/AndroidManifest.xml:40:13-88
228            android:directBootAware="false"
228-->[androidx.work:work-runtime:2.8.1] ~/.gradle/caches/transforms-3/52104321998f44c84e9432a9e863a757/transformed/work-runtime-2.8.1/AndroidManifest.xml:41:13-44
229            android:enabled="@bool/enable_system_alarm_service_default"
229-->[androidx.work:work-runtime:2.8.1] ~/.gradle/caches/transforms-3/52104321998f44c84e9432a9e863a757/transformed/work-runtime-2.8.1/AndroidManifest.xml:42:13-72
230            android:exported="false" />
230-->[androidx.work:work-runtime:2.8.1] ~/.gradle/caches/transforms-3/52104321998f44c84e9432a9e863a757/transformed/work-runtime-2.8.1/AndroidManifest.xml:43:13-37
231        <service
231-->[androidx.work:work-runtime:2.8.1] ~/.gradle/caches/transforms-3/52104321998f44c84e9432a9e863a757/transformed/work-runtime-2.8.1/AndroidManifest.xml:46:9-52:35
232            android:name="androidx.work.impl.background.systemjob.SystemJobService"
232-->[androidx.work:work-runtime:2.8.1] ~/.gradle/caches/transforms-3/52104321998f44c84e9432a9e863a757/transformed/work-runtime-2.8.1/AndroidManifest.xml:47:13-84
233            android:directBootAware="false"
233-->[androidx.work:work-runtime:2.8.1] ~/.gradle/caches/transforms-3/52104321998f44c84e9432a9e863a757/transformed/work-runtime-2.8.1/AndroidManifest.xml:48:13-44
234            android:enabled="@bool/enable_system_job_service_default"
234-->[androidx.work:work-runtime:2.8.1] ~/.gradle/caches/transforms-3/52104321998f44c84e9432a9e863a757/transformed/work-runtime-2.8.1/AndroidManifest.xml:49:13-70
235            android:exported="true"
235-->[androidx.work:work-runtime:2.8.1] ~/.gradle/caches/transforms-3/52104321998f44c84e9432a9e863a757/transformed/work-runtime-2.8.1/AndroidManifest.xml:50:13-36
236            android:permission="android.permission.BIND_JOB_SERVICE" />
236-->[androidx.work:work-runtime:2.8.1] ~/.gradle/caches/transforms-3/52104321998f44c84e9432a9e863a757/transformed/work-runtime-2.8.1/AndroidManifest.xml:51:13-69
237        <service
237-->[androidx.work:work-runtime:2.8.1] ~/.gradle/caches/transforms-3/52104321998f44c84e9432a9e863a757/transformed/work-runtime-2.8.1/AndroidManifest.xml:53:9-59:35
238            android:name="androidx.work.impl.foreground.SystemForegroundService"
238-->[androidx.work:work-runtime:2.8.1] ~/.gradle/caches/transforms-3/52104321998f44c84e9432a9e863a757/transformed/work-runtime-2.8.1/AndroidManifest.xml:54:13-81
239            android:directBootAware="false"
239-->[androidx.work:work-runtime:2.8.1] ~/.gradle/caches/transforms-3/52104321998f44c84e9432a9e863a757/transformed/work-runtime-2.8.1/AndroidManifest.xml:55:13-44
240            android:enabled="@bool/enable_system_foreground_service_default"
240-->[androidx.work:work-runtime:2.8.1] ~/.gradle/caches/transforms-3/52104321998f44c84e9432a9e863a757/transformed/work-runtime-2.8.1/AndroidManifest.xml:56:13-77
241            android:exported="false" />
241-->[androidx.work:work-runtime:2.8.1] ~/.gradle/caches/transforms-3/52104321998f44c84e9432a9e863a757/transformed/work-runtime-2.8.1/AndroidManifest.xml:57:13-37
242
243        <receiver
243-->[androidx.work:work-runtime:2.8.1] ~/.gradle/caches/transforms-3/52104321998f44c84e9432a9e863a757/transformed/work-runtime-2.8.1/AndroidManifest.xml:61:9-66:35
244            android:name="androidx.work.impl.utils.ForceStopRunnable$BroadcastReceiver"
244-->[androidx.work:work-runtime:2.8.1] ~/.gradle/caches/transforms-3/52104321998f44c84e9432a9e863a757/transformed/work-runtime-2.8.1/AndroidManifest.xml:62:13-88
245            android:directBootAware="false"
245-->[androidx.work:work-runtime:2.8.1] ~/.gradle/caches/transforms-3/52104321998f44c84e9432a9e863a757/transformed/work-runtime-2.8.1/AndroidManifest.xml:63:13-44
246            android:enabled="true"
246-->[androidx.work:work-runtime:2.8.1] ~/.gradle/caches/transforms-3/52104321998f44c84e9432a9e863a757/transformed/work-runtime-2.8.1/AndroidManifest.xml:64:13-35
247            android:exported="false" />
247-->[androidx.work:work-runtime:2.8.1] ~/.gradle/caches/transforms-3/52104321998f44c84e9432a9e863a757/transformed/work-runtime-2.8.1/AndroidManifest.xml:65:13-37
248        <receiver
248-->[androidx.work:work-runtime:2.8.1] ~/.gradle/caches/transforms-3/52104321998f44c84e9432a9e863a757/transformed/work-runtime-2.8.1/AndroidManifest.xml:67:9-77:20
249            android:name="androidx.work.impl.background.systemalarm.ConstraintProxy$BatteryChargingProxy"
249-->[androidx.work:work-runtime:2.8.1] ~/.gradle/caches/transforms-3/52104321998f44c84e9432a9e863a757/transformed/work-runtime-2.8.1/AndroidManifest.xml:68:13-106
250            android:directBootAware="false"
250-->[androidx.work:work-runtime:2.8.1] ~/.gradle/caches/transforms-3/52104321998f44c84e9432a9e863a757/transformed/work-runtime-2.8.1/AndroidManifest.xml:69:13-44
251            android:enabled="false"
251-->[androidx.work:work-runtime:2.8.1] ~/.gradle/caches/transforms-3/52104321998f44c84e9432a9e863a757/transformed/work-runtime-2.8.1/AndroidManifest.xml:70:13-36
252            android:exported="false" >
252-->[androidx.work:work-runtime:2.8.1] ~/.gradle/caches/transforms-3/52104321998f44c84e9432a9e863a757/transformed/work-runtime-2.8.1/AndroidManifest.xml:71:13-37
253            <intent-filter>
253-->[androidx.work:work-runtime:2.8.1] ~/.gradle/caches/transforms-3/52104321998f44c84e9432a9e863a757/transformed/work-runtime-2.8.1/AndroidManifest.xml:73:13-76:29
254                <action android:name="android.intent.action.ACTION_POWER_CONNECTED" />
254-->[androidx.work:work-runtime:2.8.1] ~/.gradle/caches/transforms-3/52104321998f44c84e9432a9e863a757/transformed/work-runtime-2.8.1/AndroidManifest.xml:74:17-87
254-->[androidx.work:work-runtime:2.8.1] ~/.gradle/caches/transforms-3/52104321998f44c84e9432a9e863a757/transformed/work-runtime-2.8.1/AndroidManifest.xml:74:25-84
255                <action android:name="android.intent.action.ACTION_POWER_DISCONNECTED" />
255-->[androidx.work:work-runtime:2.8.1] ~/.gradle/caches/transforms-3/52104321998f44c84e9432a9e863a757/transformed/work-runtime-2.8.1/AndroidManifest.xml:75:17-90
255-->[androidx.work:work-runtime:2.8.1] ~/.gradle/caches/transforms-3/52104321998f44c84e9432a9e863a757/transformed/work-runtime-2.8.1/AndroidManifest.xml:75:25-87
256            </intent-filter>
257        </receiver>
258        <receiver
258-->[androidx.work:work-runtime:2.8.1] ~/.gradle/caches/transforms-3/52104321998f44c84e9432a9e863a757/transformed/work-runtime-2.8.1/AndroidManifest.xml:78:9-88:20
259            android:name="androidx.work.impl.background.systemalarm.ConstraintProxy$BatteryNotLowProxy"
259-->[androidx.work:work-runtime:2.8.1] ~/.gradle/caches/transforms-3/52104321998f44c84e9432a9e863a757/transformed/work-runtime-2.8.1/AndroidManifest.xml:79:13-104
260            android:directBootAware="false"
260-->[androidx.work:work-runtime:2.8.1] ~/.gradle/caches/transforms-3/52104321998f44c84e9432a9e863a757/transformed/work-runtime-2.8.1/AndroidManifest.xml:80:13-44
261            android:enabled="false"
261-->[androidx.work:work-runtime:2.8.1] ~/.gradle/caches/transforms-3/52104321998f44c84e9432a9e863a757/transformed/work-runtime-2.8.1/AndroidManifest.xml:81:13-36
262            android:exported="false" >
262-->[androidx.work:work-runtime:2.8.1] ~/.gradle/caches/transforms-3/52104321998f44c84e9432a9e863a757/transformed/work-runtime-2.8.1/AndroidManifest.xml:82:13-37
263            <intent-filter>
263-->[androidx.work:work-runtime:2.8.1] ~/.gradle/caches/transforms-3/52104321998f44c84e9432a9e863a757/transformed/work-runtime-2.8.1/AndroidManifest.xml:84:13-87:29
264                <action android:name="android.intent.action.BATTERY_OKAY" />
264-->[androidx.work:work-runtime:2.8.1] ~/.gradle/caches/transforms-3/52104321998f44c84e9432a9e863a757/transformed/work-runtime-2.8.1/AndroidManifest.xml:85:17-77
264-->[androidx.work:work-runtime:2.8.1] ~/.gradle/caches/transforms-3/52104321998f44c84e9432a9e863a757/transformed/work-runtime-2.8.1/AndroidManifest.xml:85:25-74
265                <action android:name="android.intent.action.BATTERY_LOW" />
265-->[androidx.work:work-runtime:2.8.1] ~/.gradle/caches/transforms-3/52104321998f44c84e9432a9e863a757/transformed/work-runtime-2.8.1/AndroidManifest.xml:86:17-76
265-->[androidx.work:work-runtime:2.8.1] ~/.gradle/caches/transforms-3/52104321998f44c84e9432a9e863a757/transformed/work-runtime-2.8.1/AndroidManifest.xml:86:25-73
266            </intent-filter>
267        </receiver>
268        <receiver
268-->[androidx.work:work-runtime:2.8.1] ~/.gradle/caches/transforms-3/52104321998f44c84e9432a9e863a757/transformed/work-runtime-2.8.1/AndroidManifest.xml:89:9-99:20
269            android:name="androidx.work.impl.background.systemalarm.ConstraintProxy$StorageNotLowProxy"
269-->[androidx.work:work-runtime:2.8.1] ~/.gradle/caches/transforms-3/52104321998f44c84e9432a9e863a757/transformed/work-runtime-2.8.1/AndroidManifest.xml:90:13-104
270            android:directBootAware="false"
270-->[androidx.work:work-runtime:2.8.1] ~/.gradle/caches/transforms-3/52104321998f44c84e9432a9e863a757/transformed/work-runtime-2.8.1/AndroidManifest.xml:91:13-44
271            android:enabled="false"
271-->[androidx.work:work-runtime:2.8.1] ~/.gradle/caches/transforms-3/52104321998f44c84e9432a9e863a757/transformed/work-runtime-2.8.1/AndroidManifest.xml:92:13-36
272            android:exported="false" >
272-->[androidx.work:work-runtime:2.8.1] ~/.gradle/caches/transforms-3/52104321998f44c84e9432a9e863a757/transformed/work-runtime-2.8.1/AndroidManifest.xml:93:13-37
273            <intent-filter>
273-->[androidx.work:work-runtime:2.8.1] ~/.gradle/caches/transforms-3/52104321998f44c84e9432a9e863a757/transformed/work-runtime-2.8.1/AndroidManifest.xml:95:13-98:29
274                <action android:name="android.intent.action.DEVICE_STORAGE_LOW" />
274-->[androidx.work:work-runtime:2.8.1] ~/.gradle/caches/transforms-3/52104321998f44c84e9432a9e863a757/transformed/work-runtime-2.8.1/AndroidManifest.xml:96:17-83
274-->[androidx.work:work-runtime:2.8.1] ~/.gradle/caches/transforms-3/52104321998f44c84e9432a9e863a757/transformed/work-runtime-2.8.1/AndroidManifest.xml:96:25-80
275                <action android:name="android.intent.action.DEVICE_STORAGE_OK" />
275-->[androidx.work:work-runtime:2.8.1] ~/.gradle/caches/transforms-3/52104321998f44c84e9432a9e863a757/transformed/work-runtime-2.8.1/AndroidManifest.xml:97:17-82
275-->[androidx.work:work-runtime:2.8.1] ~/.gradle/caches/transforms-3/52104321998f44c84e9432a9e863a757/transformed/work-runtime-2.8.1/AndroidManifest.xml:97:25-79
276            </intent-filter>
277        </receiver>
278        <receiver
278-->[androidx.work:work-runtime:2.8.1] ~/.gradle/caches/transforms-3/52104321998f44c84e9432a9e863a757/transformed/work-runtime-2.8.1/AndroidManifest.xml:100:9-109:20
279            android:name="androidx.work.impl.background.systemalarm.ConstraintProxy$NetworkStateProxy"
279-->[androidx.work:work-runtime:2.8.1] ~/.gradle/caches/transforms-3/52104321998f44c84e9432a9e863a757/transformed/work-runtime-2.8.1/AndroidManifest.xml:101:13-103
280            android:directBootAware="false"
280-->[androidx.work:work-runtime:2.8.1] ~/.gradle/caches/transforms-3/52104321998f44c84e9432a9e863a757/transformed/work-runtime-2.8.1/AndroidManifest.xml:102:13-44
281            android:enabled="false"
281-->[androidx.work:work-runtime:2.8.1] ~/.gradle/caches/transforms-3/52104321998f44c84e9432a9e863a757/transformed/work-runtime-2.8.1/AndroidManifest.xml:103:13-36
282            android:exported="false" >
282-->[androidx.work:work-runtime:2.8.1] ~/.gradle/caches/transforms-3/52104321998f44c84e9432a9e863a757/transformed/work-runtime-2.8.1/AndroidManifest.xml:104:13-37
283            <intent-filter>
283-->[androidx.work:work-runtime:2.8.1] ~/.gradle/caches/transforms-3/52104321998f44c84e9432a9e863a757/transformed/work-runtime-2.8.1/AndroidManifest.xml:106:13-108:29
284                <action android:name="android.net.conn.CONNECTIVITY_CHANGE" />
284-->[androidx.work:work-runtime:2.8.1] ~/.gradle/caches/transforms-3/52104321998f44c84e9432a9e863a757/transformed/work-runtime-2.8.1/AndroidManifest.xml:107:17-79
284-->[androidx.work:work-runtime:2.8.1] ~/.gradle/caches/transforms-3/52104321998f44c84e9432a9e863a757/transformed/work-runtime-2.8.1/AndroidManifest.xml:107:25-76
285            </intent-filter>
286        </receiver>
287        <receiver
287-->[androidx.work:work-runtime:2.8.1] ~/.gradle/caches/transforms-3/52104321998f44c84e9432a9e863a757/transformed/work-runtime-2.8.1/AndroidManifest.xml:110:9-121:20
288            android:name="androidx.work.impl.background.systemalarm.RescheduleReceiver"
288-->[androidx.work:work-runtime:2.8.1] ~/.gradle/caches/transforms-3/52104321998f44c84e9432a9e863a757/transformed/work-runtime-2.8.1/AndroidManifest.xml:111:13-88
289            android:directBootAware="false"
289-->[androidx.work:work-runtime:2.8.1] ~/.gradle/caches/transforms-3/52104321998f44c84e9432a9e863a757/transformed/work-runtime-2.8.1/AndroidManifest.xml:112:13-44
290            android:enabled="false"
290-->[androidx.work:work-runtime:2.8.1] ~/.gradle/caches/transforms-3/52104321998f44c84e9432a9e863a757/transformed/work-runtime-2.8.1/AndroidManifest.xml:113:13-36
291            android:exported="false" >
291-->[androidx.work:work-runtime:2.8.1] ~/.gradle/caches/transforms-3/52104321998f44c84e9432a9e863a757/transformed/work-runtime-2.8.1/AndroidManifest.xml:114:13-37
292            <intent-filter>
292-->[androidx.work:work-runtime:2.8.1] ~/.gradle/caches/transforms-3/52104321998f44c84e9432a9e863a757/transformed/work-runtime-2.8.1/AndroidManifest.xml:116:13-120:29
293                <action android:name="android.intent.action.BOOT_COMPLETED" />
293-->[androidx.work:work-runtime:2.8.1] ~/.gradle/caches/transforms-3/52104321998f44c84e9432a9e863a757/transformed/work-runtime-2.8.1/AndroidManifest.xml:117:17-79
293-->[androidx.work:work-runtime:2.8.1] ~/.gradle/caches/transforms-3/52104321998f44c84e9432a9e863a757/transformed/work-runtime-2.8.1/AndroidManifest.xml:117:25-76
294                <action android:name="android.intent.action.TIME_SET" />
294-->[androidx.work:work-runtime:2.8.1] ~/.gradle/caches/transforms-3/52104321998f44c84e9432a9e863a757/transformed/work-runtime-2.8.1/AndroidManifest.xml:118:17-73
294-->[androidx.work:work-runtime:2.8.1] ~/.gradle/caches/transforms-3/52104321998f44c84e9432a9e863a757/transformed/work-runtime-2.8.1/AndroidManifest.xml:118:25-70
295                <action android:name="android.intent.action.TIMEZONE_CHANGED" />
295-->[androidx.work:work-runtime:2.8.1] ~/.gradle/caches/transforms-3/52104321998f44c84e9432a9e863a757/transformed/work-runtime-2.8.1/AndroidManifest.xml:119:17-81
295-->[androidx.work:work-runtime:2.8.1] ~/.gradle/caches/transforms-3/52104321998f44c84e9432a9e863a757/transformed/work-runtime-2.8.1/AndroidManifest.xml:119:25-78
296            </intent-filter>
297        </receiver>
298        <receiver
298-->[androidx.work:work-runtime:2.8.1] ~/.gradle/caches/transforms-3/52104321998f44c84e9432a9e863a757/transformed/work-runtime-2.8.1/AndroidManifest.xml:122:9-131:20
299            android:name="androidx.work.impl.background.systemalarm.ConstraintProxyUpdateReceiver"
299-->[androidx.work:work-runtime:2.8.1] ~/.gradle/caches/transforms-3/52104321998f44c84e9432a9e863a757/transformed/work-runtime-2.8.1/AndroidManifest.xml:123:13-99
300            android:directBootAware="false"
300-->[androidx.work:work-runtime:2.8.1] ~/.gradle/caches/transforms-3/52104321998f44c84e9432a9e863a757/transformed/work-runtime-2.8.1/AndroidManifest.xml:124:13-44
301            android:enabled="@bool/enable_system_alarm_service_default"
301-->[androidx.work:work-runtime:2.8.1] ~/.gradle/caches/transforms-3/52104321998f44c84e9432a9e863a757/transformed/work-runtime-2.8.1/AndroidManifest.xml:125:13-72
302            android:exported="false" >
302-->[androidx.work:work-runtime:2.8.1] ~/.gradle/caches/transforms-3/52104321998f44c84e9432a9e863a757/transformed/work-runtime-2.8.1/AndroidManifest.xml:126:13-37
303            <intent-filter>
303-->[androidx.work:work-runtime:2.8.1] ~/.gradle/caches/transforms-3/52104321998f44c84e9432a9e863a757/transformed/work-runtime-2.8.1/AndroidManifest.xml:128:13-130:29
304                <action android:name="androidx.work.impl.background.systemalarm.UpdateProxies" />
304-->[androidx.work:work-runtime:2.8.1] ~/.gradle/caches/transforms-3/52104321998f44c84e9432a9e863a757/transformed/work-runtime-2.8.1/AndroidManifest.xml:129:17-98
304-->[androidx.work:work-runtime:2.8.1] ~/.gradle/caches/transforms-3/52104321998f44c84e9432a9e863a757/transformed/work-runtime-2.8.1/AndroidManifest.xml:129:25-95
305            </intent-filter>
306        </receiver>
307        <receiver
307-->[androidx.work:work-runtime:2.8.1] ~/.gradle/caches/transforms-3/52104321998f44c84e9432a9e863a757/transformed/work-runtime-2.8.1/AndroidManifest.xml:132:9-142:20
308            android:name="androidx.work.impl.diagnostics.DiagnosticsReceiver"
308-->[androidx.work:work-runtime:2.8.1] ~/.gradle/caches/transforms-3/52104321998f44c84e9432a9e863a757/transformed/work-runtime-2.8.1/AndroidManifest.xml:133:13-78
309            android:directBootAware="false"
309-->[androidx.work:work-runtime:2.8.1] ~/.gradle/caches/transforms-3/52104321998f44c84e9432a9e863a757/transformed/work-runtime-2.8.1/AndroidManifest.xml:134:13-44
310            android:enabled="true"
310-->[androidx.work:work-runtime:2.8.1] ~/.gradle/caches/transforms-3/52104321998f44c84e9432a9e863a757/transformed/work-runtime-2.8.1/AndroidManifest.xml:135:13-35
311            android:exported="true"
311-->[androidx.work:work-runtime:2.8.1] ~/.gradle/caches/transforms-3/52104321998f44c84e9432a9e863a757/transformed/work-runtime-2.8.1/AndroidManifest.xml:136:13-36
312            android:permission="android.permission.DUMP" >
312-->[androidx.work:work-runtime:2.8.1] ~/.gradle/caches/transforms-3/52104321998f44c84e9432a9e863a757/transformed/work-runtime-2.8.1/AndroidManifest.xml:137:13-57
313            <intent-filter>
313-->[androidx.work:work-runtime:2.8.1] ~/.gradle/caches/transforms-3/52104321998f44c84e9432a9e863a757/transformed/work-runtime-2.8.1/AndroidManifest.xml:139:13-141:29
314                <action android:name="androidx.work.diagnostics.REQUEST_DIAGNOSTICS" />
314-->[androidx.work:work-runtime:2.8.1] ~/.gradle/caches/transforms-3/52104321998f44c84e9432a9e863a757/transformed/work-runtime-2.8.1/AndroidManifest.xml:140:17-88
314-->[androidx.work:work-runtime:2.8.1] ~/.gradle/caches/transforms-3/52104321998f44c84e9432a9e863a757/transformed/work-runtime-2.8.1/AndroidManifest.xml:140:25-85
315            </intent-filter>
316        </receiver>
317
318        <uses-library
318-->[androidx.window:window:1.0.0] ~/.gradle/caches/transforms-3/c168bdfce0b852075277c25af448ff71/transformed/jetified-window-1.0.0/AndroidManifest.xml:25:9-27:40
319            android:name="androidx.window.extensions"
319-->[androidx.window:window:1.0.0] ~/.gradle/caches/transforms-3/c168bdfce0b852075277c25af448ff71/transformed/jetified-window-1.0.0/AndroidManifest.xml:26:13-54
320            android:required="false" />
320-->[androidx.window:window:1.0.0] ~/.gradle/caches/transforms-3/c168bdfce0b852075277c25af448ff71/transformed/jetified-window-1.0.0/AndroidManifest.xml:27:13-37
321        <uses-library
321-->[androidx.window:window:1.0.0] ~/.gradle/caches/transforms-3/c168bdfce0b852075277c25af448ff71/transformed/jetified-window-1.0.0/AndroidManifest.xml:28:9-30:40
322            android:name="androidx.window.sidecar"
322-->[androidx.window:window:1.0.0] ~/.gradle/caches/transforms-3/c168bdfce0b852075277c25af448ff71/transformed/jetified-window-1.0.0/AndroidManifest.xml:29:13-51
323            android:required="false" />
323-->[androidx.window:window:1.0.0] ~/.gradle/caches/transforms-3/c168bdfce0b852075277c25af448ff71/transformed/jetified-window-1.0.0/AndroidManifest.xml:30:13-37
324
325        <service
325-->[androidx.room:room-runtime:2.5.0] ~/.gradle/caches/transforms-3/e20053a0a5aacac75533bfb9655cb504/transformed/room-runtime-2.5.0/AndroidManifest.xml:24:9-28:63
326            android:name="androidx.room.MultiInstanceInvalidationService"
326-->[androidx.room:room-runtime:2.5.0] ~/.gradle/caches/transforms-3/e20053a0a5aacac75533bfb9655cb504/transformed/room-runtime-2.5.0/AndroidManifest.xml:25:13-74
327            android:directBootAware="true"
327-->[androidx.room:room-runtime:2.5.0] ~/.gradle/caches/transforms-3/e20053a0a5aacac75533bfb9655cb504/transformed/room-runtime-2.5.0/AndroidManifest.xml:26:13-43
328            android:exported="false" />
328-->[androidx.room:room-runtime:2.5.0] ~/.gradle/caches/transforms-3/e20053a0a5aacac75533bfb9655cb504/transformed/room-runtime-2.5.0/AndroidManifest.xml:27:13-37
329
330        <receiver
330-->[androidx.profileinstaller:profileinstaller:1.3.0] ~/.gradle/caches/transforms-3/6121addbf7f66609874aebfb23638732/transformed/jetified-profileinstaller-1.3.0/AndroidManifest.xml:34:9-52:20
331            android:name="androidx.profileinstaller.ProfileInstallReceiver"
331-->[androidx.profileinstaller:profileinstaller:1.3.0] ~/.gradle/caches/transforms-3/6121addbf7f66609874aebfb23638732/transformed/jetified-profileinstaller-1.3.0/AndroidManifest.xml:35:13-76
332            android:directBootAware="false"
332-->[androidx.profileinstaller:profileinstaller:1.3.0] ~/.gradle/caches/transforms-3/6121addbf7f66609874aebfb23638732/transformed/jetified-profileinstaller-1.3.0/AndroidManifest.xml:36:13-44
333            android:enabled="true"
333-->[androidx.profileinstaller:profileinstaller:1.3.0] ~/.gradle/caches/transforms-3/6121addbf7f66609874aebfb23638732/transformed/jetified-profileinstaller-1.3.0/AndroidManifest.xml:37:13-35
334            android:exported="true"
334-->[androidx.profileinstaller:profileinstaller:1.3.0] ~/.gradle/caches/transforms-3/6121addbf7f66609874aebfb23638732/transformed/jetified-profileinstaller-1.3.0/AndroidManifest.xml:38:13-36
335            android:permission="android.permission.DUMP" >
335-->[androidx.profileinstaller:profileinstaller:1.3.0] ~/.gradle/caches/transforms-3/6121addbf7f66609874aebfb23638732/transformed/jetified-profileinstaller-1.3.0/AndroidManifest.xml:39:13-57
336            <intent-filter>
336-->[androidx.profileinstaller:profileinstaller:1.3.0] ~/.gradle/caches/transforms-3/6121addbf7f66609874aebfb23638732/transformed/jetified-profileinstaller-1.3.0/AndroidManifest.xml:40:13-42:29
337                <action android:name="androidx.profileinstaller.action.INSTALL_PROFILE" />
337-->[androidx.profileinstaller:profileinstaller:1.3.0] ~/.gradle/caches/transforms-3/6121addbf7f66609874aebfb23638732/transformed/jetified-profileinstaller-1.3.0/AndroidManifest.xml:41:17-91
337-->[androidx.profileinstaller:profileinstaller:1.3.0] ~/.gradle/caches/transforms-3/6121addbf7f66609874aebfb23638732/transformed/jetified-profileinstaller-1.3.0/AndroidManifest.xml:41:25-88
338            </intent-filter>
339            <intent-filter>
339-->[androidx.profileinstaller:profileinstaller:1.3.0] ~/.gradle/caches/transforms-3/6121addbf7f66609874aebfb23638732/transformed/jetified-profileinstaller-1.3.0/AndroidManifest.xml:43:13-45:29
340                <action android:name="androidx.profileinstaller.action.SKIP_FILE" />
340-->[androidx.profileinstaller:profileinstaller:1.3.0] ~/.gradle/caches/transforms-3/6121addbf7f66609874aebfb23638732/transformed/jetified-profileinstaller-1.3.0/AndroidManifest.xml:44:17-85
340-->[androidx.profileinstaller:profileinstaller:1.3.0] ~/.gradle/caches/transforms-3/6121addbf7f66609874aebfb23638732/transformed/jetified-profileinstaller-1.3.0/AndroidManifest.xml:44:25-82
341            </intent-filter>
342            <intent-filter>
342-->[androidx.profileinstaller:profileinstaller:1.3.0] ~/.gradle/caches/transforms-3/6121addbf7f66609874aebfb23638732/transformed/jetified-profileinstaller-1.3.0/AndroidManifest.xml:46:13-48:29
343                <action android:name="androidx.profileinstaller.action.SAVE_PROFILE" />
343-->[androidx.profileinstaller:profileinstaller:1.3.0] ~/.gradle/caches/transforms-3/6121addbf7f66609874aebfb23638732/transformed/jetified-profileinstaller-1.3.0/AndroidManifest.xml:47:17-88
343-->[androidx.profileinstaller:profileinstaller:1.3.0] ~/.gradle/caches/transforms-3/6121addbf7f66609874aebfb23638732/transformed/jetified-profileinstaller-1.3.0/AndroidManifest.xml:47:25-85
344            </intent-filter>
345            <intent-filter>
345-->[androidx.profileinstaller:profileinstaller:1.3.0] ~/.gradle/caches/transforms-3/6121addbf7f66609874aebfb23638732/transformed/jetified-profileinstaller-1.3.0/AndroidManifest.xml:49:13-51:29
346                <action android:name="androidx.profileinstaller.action.BENCHMARK_OPERATION" />
346-->[androidx.profileinstaller:profileinstaller:1.3.0] ~/.gradle/caches/transforms-3/6121addbf7f66609874aebfb23638732/transformed/jetified-profileinstaller-1.3.0/AndroidManifest.xml:50:17-95
346-->[androidx.profileinstaller:profileinstaller:1.3.0] ~/.gradle/caches/transforms-3/6121addbf7f66609874aebfb23638732/transformed/jetified-profileinstaller-1.3.0/AndroidManifest.xml:50:25-92
347            </intent-filter>
348        </receiver>
349
350        <activity
350-->[com.yubico.yubikit:android:2.5.0] ~/.gradle/caches/transforms-3/8afce72244a911c0605c3d6d7e95dc8c/transformed/jetified-android-2.5.0/AndroidManifest.xml:17:9-21:63
351            android:name="com.yubico.yubikit.android.ui.OtpActivity"
351-->[com.yubico.yubikit:android:2.5.0] ~/.gradle/caches/transforms-3/8afce72244a911c0605c3d6d7e95dc8c/transformed/jetified-android-2.5.0/AndroidManifest.xml:18:13-69
352            android:excludeFromRecents="true"
352-->[com.yubico.yubikit:android:2.5.0] ~/.gradle/caches/transforms-3/8afce72244a911c0605c3d6d7e95dc8c/transformed/jetified-android-2.5.0/AndroidManifest.xml:19:13-46
353            android:label="@string/yubikit_otp_activity_title"
353-->[com.yubico.yubikit:android:2.5.0] ~/.gradle/caches/transforms-3/8afce72244a911c0605c3d6d7e95dc8c/transformed/jetified-android-2.5.0/AndroidManifest.xml:20:13-63
354            android:theme="@style/YubiKitPromptDialogTheme" />
354-->[com.yubico.yubikit:android:2.5.0] ~/.gradle/caches/transforms-3/8afce72244a911c0605c3d6d7e95dc8c/transformed/jetified-android-2.5.0/AndroidManifest.xml:21:13-60
355        <activity
355-->[com.yubico.yubikit:android:2.5.0] ~/.gradle/caches/transforms-3/8afce72244a911c0605c3d6d7e95dc8c/transformed/jetified-android-2.5.0/AndroidManifest.xml:22:9-26:63
356            android:name="com.yubico.yubikit.android.ui.YubiKeyPromptActivity"
356-->[com.yubico.yubikit:android:2.5.0] ~/.gradle/caches/transforms-3/8afce72244a911c0605c3d6d7e95dc8c/transformed/jetified-android-2.5.0/AndroidManifest.xml:23:13-79
357            android:excludeFromRecents="true"
357-->[com.yubico.yubikit:android:2.5.0] ~/.gradle/caches/transforms-3/8afce72244a911c0605c3d6d7e95dc8c/transformed/jetified-android-2.5.0/AndroidManifest.xml:24:13-46
358            android:label="@string/yubikit_prompt_activity_title"
358-->[com.yubico.yubikit:android:2.5.0] ~/.gradle/caches/transforms-3/8afce72244a911c0605c3d6d7e95dc8c/transformed/jetified-android-2.5.0/AndroidManifest.xml:25:13-66
359            android:theme="@style/YubiKitPromptDialogTheme" />
359-->[com.yubico.yubikit:android:2.5.0] ~/.gradle/caches/transforms-3/8afce72244a911c0605c3d6d7e95dc8c/transformed/jetified-android-2.5.0/AndroidManifest.xml:26:13-60
360    </application>
361
362</manifest>

Merged manifest saved to ~/android/studio/Projects/Photo.Gallery/app/build/intermediates/merged_manifest/debug/AndroidManifest.xml
Watching 154 directories to track changes
Watching 155 directories to track changes
Watching 156 directories to track changes
:app:processDebugMainManifest (Thread[Execution worker Thread 2,5,main]) completed. Took 2.784 secs.
Resolve mutations for :app:dataBindingGenBaseClassesDebug (Thread[included builds,5,main]) started.
Resolve mutations for :app:dataBindingGenBaseClassesDebug (Thread[included builds,5,main]) completed. Took 0.001 secs.
:app:dataBindingGenBaseClassesDebug (Thread[included builds,5,main]) started.

> Task :app:dataBindingGenBaseClassesDebug
Watching 157 directories to track changes
Watching 158 directories to track changes
Watching 159 directories to track changes
Transforming viewbinding-7.4.2.aar (androidx.databinding:viewbinding:7.4.2) with JetifyTransform
Transforming viewbinding-7.4.2.aar (androidx.databinding:viewbinding:7.4.2) with ExtractAarTransform
Transforming viewbinding-7.4.2.aar (androidx.databinding:viewbinding:7.4.2) with AarTransform
Transforming accompanist-systemuicontroller-0.23.0.aar (com.google.accompanist:accompanist-systemuicontroller:0.23.0) with JetifyTransform
Transforming accompanist-systemuicontroller-0.23.0.aar (com.google.accompanist:accompanist-systemuicontroller:0.23.0) with ExtractAarTransform
Transforming accompanist-systemuicontroller-0.23.0.aar (com.google.accompanist:accompanist-systemuicontroller:0.23.0) with AarTransform
Transforming navigation-common-2.7.0.aar (androidx.navigation:navigation-common:2.7.0) with JetifyTransform
Transforming navigation-common-2.7.0.aar (androidx.navigation:navigation-common:2.7.0) with ExtractAarTransform
Transforming navigation-common-2.7.0.aar (androidx.navigation:navigation-common:2.7.0) with AarTransform
Transforming navigation-runtime-2.7.0.aar (androidx.navigation:navigation-runtime:2.7.0) with JetifyTransform
Transforming navigation-runtime-2.7.0.aar (androidx.navigation:navigation-runtime:2.7.0) with ExtractAarTransform
Transforming navigation-runtime-2.7.0.aar (androidx.navigation:navigation-runtime:2.7.0) with AarTransform
Transforming navigation-common-ktx-2.7.0.aar (androidx.navigation:navigation-common-ktx:2.7.0) with JetifyTransform
Transforming navigation-common-ktx-2.7.0.aar (androidx.navigation:navigation-common-ktx:2.7.0) with ExtractAarTransform
Transforming navigation-common-ktx-2.7.0.aar (androidx.navigation:navigation-common-ktx:2.7.0) with AarTransform
Transforming navigation-runtime-ktx-2.7.0.aar (androidx.navigation:navigation-runtime-ktx:2.7.0) with JetifyTransform
Transforming navigation-runtime-ktx-2.7.0.aar (androidx.navigation:navigation-runtime-ktx:2.7.0) with ExtractAarTransform
Transforming navigation-runtime-ktx-2.7.0.aar (androidx.navigation:navigation-runtime-ktx:2.7.0) with AarTransform
Caching disabled for AarTransform: ~/.gradle/caches/transforms-3/db0a4a75452c37002f2b2876252588df/transformed/navigation-common-2.7.0 because:
  Build cache is disabled
Skipping AarTransform: ~/.gradle/caches/transforms-3/db0a4a75452c37002f2b2876252588df/transformed/navigation-common-2.7.0 as it is up-to-date.
Transforming navigation-compose-2.7.0.aar (androidx.navigation:navigation-compose:2.7.0) with JetifyTransform
Transforming navigation-compose-2.7.0.aar (androidx.navigation:navigation-compose:2.7.0) with ExtractAarTransform
Transforming navigation-compose-2.7.0.aar (androidx.navigation:navigation-compose:2.7.0) with AarTransform
Transforming material-1.2.0.aar (com.google.android.material:material:1.2.0) with JetifyTransform
Transforming material-1.2.0.aar (com.google.android.material:material:1.2.0) with ExtractAarTransform
Transforming material-1.2.0.aar (com.google.android.material:material:1.2.0) with AarTransform
Transforming activity-ktx-1.7.1.aar (androidx.activity:activity-ktx:1.7.1) with JetifyTransform
Transforming activity-ktx-1.7.1.aar (androidx.activity:activity-ktx:1.7.1) with ExtractAarTransform
Transforming activity-ktx-1.7.1.aar (androidx.activity:activity-ktx:1.7.1) with AarTransform
Transforming activity-compose-1.7.1.aar (androidx.activity:activity-compose:1.7.1) with JetifyTransform
Transforming activity-compose-1.7.1.aar (androidx.activity:activity-compose:1.7.1) with ExtractAarTransform
Transforming activity-compose-1.7.1.aar (androidx.activity:activity-compose:1.7.1) with AarTransform
Transforming material3-window-size-class-release.aar (androidx.compose.material3:material3-window-size-class-android:1.2.0) with JetifyTransform
Caching disabled for AarTransform: ~/.gradle/caches/transforms-3/bf8e33f871994f40a9487e20a975ed66/transformed/jetified-accompanist-systemuicontroller-0.23.0 because:
  Build cache is disabled
Skipping AarTransform: ~/.gradle/caches/transforms-3/bf8e33f871994f40a9487e20a975ed66/transformed/jetified-accompanist-systemuicontroller-0.23.0 as it is up-to-date.
Transforming material3-window-size-class-release.aar (androidx.compose.material3:material3-window-size-class-android:1.2.0) with ExtractAarTransform
Transforming material3-window-size-class-release.aar (androidx.compose.material3:material3-window-size-class-android:1.2.0) with AarTransform
Transforming material3-release.aar (androidx.compose.material3:material3-android:1.2.0) with JetifyTransform
Transforming material3-release.aar (androidx.compose.material3:material3-android:1.2.0) with ExtractAarTransform
Transforming material3-release.aar (androidx.compose.material3:material3-android:1.2.0) with AarTransform
Transforming coil-compose-2.0.0.aar (io.coil-kt:coil-compose:2.0.0) with JetifyTransform
Transforming coil-compose-2.0.0.aar (io.coil-kt:coil-compose:2.0.0) with ExtractAarTransform
Transforming coil-compose-2.0.0.aar (io.coil-kt:coil-compose:2.0.0) with AarTransform
Transforming coil-compose-base-2.0.0.aar (io.coil-kt:coil-compose-base:2.0.0) with JetifyTransform
Transforming coil-compose-base-2.0.0.aar (io.coil-kt:coil-compose-base:2.0.0) with ExtractAarTransform
Transforming coil-compose-base-2.0.0.aar (io.coil-kt:coil-compose-base:2.0.0) with AarTransform
Transforming foundation-layout-release.aar (androidx.compose.foundation:foundation-layout-android:1.6.1) with JetifyTransform
Transforming foundation-layout-release.aar (androidx.compose.foundation:foundation-layout-android:1.6.1) with ExtractAarTransform
Transforming foundation-layout-release.aar (androidx.compose.foundation:foundation-layout-android:1.6.1) with AarTransform
Transforming material-icons-core-release.aar (androidx.compose.material:material-icons-core-android:1.6.1) with JetifyTransform
Transforming material-icons-core-release.aar (androidx.compose.material:material-icons-core-android:1.6.1) with ExtractAarTransform
Transforming material-icons-core-release.aar (androidx.compose.material:material-icons-core-android:1.6.1) with AarTransform
Transforming material-ripple-release.aar (androidx.compose.material:material-ripple-android:1.6.1) with JetifyTransform
Transforming material-ripple-release.aar (androidx.compose.material:material-ripple-android:1.6.1) with ExtractAarTransform
Transforming material-ripple-release.aar (androidx.compose.material:material-ripple-android:1.6.1) with AarTransform
Transforming foundation-release.aar (androidx.compose.foundation:foundation-android:1.6.1) with JetifyTransform
Transforming foundation-release.aar (androidx.compose.foundation:foundation-android:1.6.1) with ExtractAarTransform
Transforming foundation-release.aar (androidx.compose.foundation:foundation-android:1.6.1) with AarTransform
Transforming animation-core-release.aar (androidx.compose.animation:animation-core-android:1.6.1) with JetifyTransform
Caching disabled for AarTransform: ~/.gradle/caches/transforms-3/94cab073bb099116bcdf05d4c23f20c8/transformed/jetified-viewbinding-7.4.2 because:
  Build cache is disabled
Skipping AarTransform: ~/.gradle/caches/transforms-3/94cab073bb099116bcdf05d4c23f20c8/transformed/jetified-viewbinding-7.4.2 as it is up-to-date.
Caching disabled for AarTransform: ~/.gradle/caches/transforms-3/f729480fa7330d4bf857441478e9cd70/transformed/jetified-activity-ktx-1.7.1 because:
  Build cache is disabled
Skipping AarTransform: ~/.gradle/caches/transforms-3/f729480fa7330d4bf857441478e9cd70/transformed/jetified-activity-ktx-1.7.1 as it is up-to-date.
Transforming animation-core-release.aar (androidx.compose.animation:animation-core-android:1.6.1) with ExtractAarTransform
Transforming animation-core-release.aar (androidx.compose.animation:animation-core-android:1.6.1) with AarTransform
Transforming animation-release.aar (androidx.compose.animation:animation-android:1.6.1) with JetifyTransform
Transforming animation-release.aar (androidx.compose.animation:animation-android:1.6.1) with ExtractAarTransform
Transforming animation-release.aar (androidx.compose.animation:animation-android:1.6.1) with AarTransform
Transforming ui-util-release.aar (androidx.compose.ui:ui-util-android:1.6.1) with JetifyTransform
Transforming ui-util-release.aar (androidx.compose.ui:ui-util-android:1.6.1) with ExtractAarTransform
Transforming ui-util-release.aar (androidx.compose.ui:ui-util-android:1.6.1) with AarTransform
Transforming ui-unit-release.aar (androidx.compose.ui:ui-unit-android:1.6.1) with JetifyTransform
Transforming ui-unit-release.aar (androidx.compose.ui:ui-unit-android:1.6.1) with ExtractAarTransform
Transforming ui-unit-release.aar (androidx.compose.ui:ui-unit-android:1.6.1) with AarTransform
Transforming ui-text-release.aar (androidx.compose.ui:ui-text-android:1.6.1) with JetifyTransform
Transforming ui-text-release.aar (androidx.compose.ui:ui-text-android:1.6.1) with ExtractAarTransform
Transforming ui-text-release.aar (androidx.compose.ui:ui-text-android:1.6.1) with AarTransform
Transforming ui-graphics-release.aar (androidx.compose.ui:ui-graphics-android:1.6.1) with JetifyTransform
Transforming ui-graphics-release.aar (androidx.compose.ui:ui-graphics-android:1.6.1) with ExtractAarTransform
Caching disabled for AarTransform: ~/.gradle/caches/transforms-3/ab0296bff53da0f4182c704c11538309/transformed/jetified-activity-compose-1.7.1 because:
  Build cache is disabled
Skipping AarTransform: ~/.gradle/caches/transforms-3/ab0296bff53da0f4182c704c11538309/transformed/jetified-activity-compose-1.7.1 as it is up-to-date.
Caching disabled for AarTransform: ~/.gradle/caches/transforms-3/9e19dd4eddf1526c596bfc7fac48dace/transformed/material-1.2.0 because:
  Build cache is disabled
Transforming ui-graphics-release.aar (androidx.compose.ui:ui-graphics-android:1.6.1) with AarTransform
Transforming ui-geometry-release.aar (androidx.compose.ui:ui-geometry-android:1.6.1) with JetifyTransform
Transforming ui-geometry-release.aar (androidx.compose.ui:ui-geometry-android:1.6.1) with ExtractAarTransform
Transforming ui-geometry-release.aar (androidx.compose.ui:ui-geometry-android:1.6.1) with AarTransform
Skipping AarTransform: ~/.gradle/caches/transforms-3/9e19dd4eddf1526c596bfc7fac48dace/transformed/material-1.2.0 as it is up-to-date.
Transforming ui-tooling-data-release.aar (androidx.compose.ui:ui-tooling-data-android:1.6.1) with JetifyTransform
Transforming ui-tooling-data-release.aar (androidx.compose.ui:ui-tooling-data-android:1.6.1) with ExtractAarTransform
Transforming ui-tooling-data-release.aar (androidx.compose.ui:ui-tooling-data-android:1.6.1) with AarTransform
Caching disabled for AarTransform: ~/.gradle/caches/transforms-3/4a16392ea9d502c6cfaf958d501f7b5c/transformed/jetified-coil-compose-2.0.0 because:
  Build cache is disabled
Transforming ui-tooling-preview-release.aar (androidx.compose.ui:ui-tooling-preview-android:1.6.1) with JetifyTransform
Transforming ui-tooling-preview-release.aar (androidx.compose.ui:ui-tooling-preview-android:1.6.1) with ExtractAarTransform
Skipping AarTransform: ~/.gradle/caches/transforms-3/4a16392ea9d502c6cfaf958d501f7b5c/transformed/jetified-coil-compose-2.0.0 as it is up-to-date.
Transforming ui-tooling-preview-release.aar (androidx.compose.ui:ui-tooling-preview-android:1.6.1) with AarTransform
Transforming ui-release.aar (androidx.compose.ui:ui-android:1.6.1) with JetifyTransform
Transforming ui-release.aar (androidx.compose.ui:ui-android:1.6.1) with ExtractAarTransform
Transforming ui-release.aar (androidx.compose.ui:ui-android:1.6.1) with AarTransform
Transforming ui-tooling-release.aar (androidx.compose.ui:ui-tooling-android:1.6.1) with JetifyTransform
Transforming ui-tooling-release.aar (androidx.compose.ui:ui-tooling-android:1.6.1) with ExtractAarTransform
Transforming ui-tooling-release.aar (androidx.compose.ui:ui-tooling-android:1.6.1) with AarTransform
Transforming ui-test-manifest-1.6.1.aar (androidx.compose.ui:ui-test-manifest:1.6.1) with JetifyTransform
Transforming ui-test-manifest-1.6.1.aar (androidx.compose.ui:ui-test-manifest:1.6.1) with ExtractAarTransform
Transforming ui-test-manifest-1.6.1.aar (androidx.compose.ui:ui-test-manifest:1.6.1) with AarTransform
Transforming appcompat-1.6.1.aar (androidx.appcompat:appcompat:1.6.1) with JetifyTransform
Transforming appcompat-1.6.1.aar (androidx.appcompat:appcompat:1.6.1) with ExtractAarTransform
Transforming appcompat-1.6.1.aar (androidx.appcompat:appcompat:1.6.1) with AarTransform
Transforming glide-4.11.0.aar (com.github.bumptech.glide:glide:4.11.0) with JetifyTransform
Transforming glide-4.11.0.aar (com.github.bumptech.glide:glide:4.11.0) with ExtractAarTransform
Transforming glide-4.11.0.aar (com.github.bumptech.glide:glide:4.11.0) with AarTransform
Transforming play-services-auth-20.7.0.aar (com.google.android.gms:play-services-auth:20.7.0) with JetifyTransform
Transforming play-services-auth-20.7.0.aar (com.google.android.gms:play-services-auth:20.7.0) with ExtractAarTransform
Transforming play-services-auth-20.7.0.aar (com.google.android.gms:play-services-auth:20.7.0) with AarTransform
Transforming viewpager2-1.0.0.aar (androidx.viewpager2:viewpager2:1.0.0) with JetifyTransform
Transforming viewpager2-1.0.0.aar (androidx.viewpager2:viewpager2:1.0.0) with ExtractAarTransform
Transforming viewpager2-1.0.0.aar (androidx.viewpager2:viewpager2:1.0.0) with AarTransform
Transforming play-services-auth-api-phone-18.0.1.aar (com.google.android.gms:play-services-auth-api-phone:18.0.1) with JetifyTransform
Transforming play-services-auth-api-phone-18.0.1.aar (com.google.android.gms:play-services-auth-api-phone:18.0.1) with ExtractAarTransform
Transforming play-services-auth-api-phone-18.0.1.aar (com.google.android.gms:play-services-auth-api-phone:18.0.1) with AarTransform
Transforming play-services-auth-base-18.0.4.aar (com.google.android.gms:play-services-auth-base:18.0.4) with JetifyTransform
Transforming play-services-auth-base-18.0.4.aar (com.google.android.gms:play-services-auth-base:18.0.4) with ExtractAarTransform
Transforming play-services-auth-base-18.0.4.aar (com.google.android.gms:play-services-auth-base:18.0.4) with AarTransform
Transforming play-services-fido-20.1.0.aar (com.google.android.gms:play-services-fido:20.1.0) with JetifyTransform
Transforming play-services-fido-20.1.0.aar (com.google.android.gms:play-services-fido:20.1.0) with ExtractAarTransform
Transforming play-services-fido-20.1.0.aar (com.google.android.gms:play-services-fido:20.1.0) with AarTransform
Transforming play-services-base-18.0.1.aar (com.google.android.gms:play-services-base:18.0.1) with JetifyTransform
Transforming play-services-base-18.0.1.aar (com.google.android.gms:play-services-base:18.0.1) with ExtractAarTransform
Transforming play-services-base-18.0.1.aar (com.google.android.gms:play-services-base:18.0.1) with AarTransform
Transforming play-services-base-18.0.1.aar (com.google.android.gms:play-services-base:18.0.1) with JetifyTransform
Transforming play-services-base-18.0.1.aar (com.google.android.gms:play-services-base:18.0.1) with ExtractAarTransform
Transforming play-services-base-18.0.1.aar (com.google.android.gms:play-services-base:18.0.1) with AarTransform
Transforming play-services-base-18.0.1.aar (com.google.android.gms:play-services-base:18.0.1) with JetifyTransform
Transforming play-services-base-18.0.1.aar (com.google.android.gms:play-services-base:18.0.1) with ExtractAarTransform
Transforming play-services-base-18.0.1.aar (com.google.android.gms:play-services-base:18.0.1) with AarTransform
Transforming play-services-base-18.0.1.aar (com.google.android.gms:play-services-base:18.0.1) with JetifyTransform
Caching disabled for AarTransform: ~/.gradle/caches/transforms-3/86c6b512118f207b0af6c1bfd4dea297/transformed/jetified-material-ripple-release because:
  Build cache is disabled
Transforming play-services-base-18.0.1.aar (com.google.android.gms:play-services-base:18.0.1) with ExtractAarTransform
Transforming play-services-base-18.0.1.aar (com.google.android.gms:play-services-base:18.0.1) with AarTransform
Caching disabled for AarTransform: ~/.gradle/caches/transforms-3/e2595fb66819c09fd65ae4a9e519b50b/transformed/jetified-animation-core-release because:
  Build cache is disabled
Transforming play-services-tasks-18.0.1.aar (com.google.android.gms:play-services-tasks:18.0.1) with JetifyTransform
Transforming play-services-tasks-18.0.1.aar (com.google.android.gms:play-services-tasks:18.0.1) with ExtractAarTransform
Transforming play-services-tasks-18.0.1.aar (com.google.android.gms:play-services-tasks:18.0.1) with AarTransform
Skipping AarTransform: ~/.gradle/caches/transforms-3/e2595fb66819c09fd65ae4a9e519b50b/transformed/jetified-animation-core-release as it is up-to-date.
Transforming play-services-tasks-18.0.1.aar (com.google.android.gms:play-services-tasks:18.0.1) with JetifyTransform
Transforming play-services-tasks-18.0.1.aar (com.google.android.gms:play-services-tasks:18.0.1) with ExtractAarTransform
Skipping AarTransform: ~/.gradle/caches/transforms-3/86c6b512118f207b0af6c1bfd4dea297/transformed/jetified-material-ripple-release as it is up-to-date.
Transforming play-services-tasks-18.0.1.aar (com.google.android.gms:play-services-tasks:18.0.1) with AarTransform
Transforming play-services-tasks-18.0.1.aar (com.google.android.gms:play-services-tasks:18.0.1) with JetifyTransform
Caching disabled for AarTransform: ~/.gradle/caches/transforms-3/b05fc11c0ba16ff3b6e03ce6d681b90d/transformed/jetified-animation-release because:
  Build cache is disabled
Transforming play-services-tasks-18.0.1.aar (com.google.android.gms:play-services-tasks:18.0.1) with ExtractAarTransform
Transforming play-services-tasks-18.0.1.aar (com.google.android.gms:play-services-tasks:18.0.1) with AarTransform
Transforming play-services-tasks-18.0.1.aar (com.google.android.gms:play-services-tasks:18.0.1) with JetifyTransform
Skipping AarTransform: ~/.gradle/caches/transforms-3/b05fc11c0ba16ff3b6e03ce6d681b90d/transformed/jetified-animation-release as it is up-to-date.
Transforming play-services-tasks-18.0.1.aar (com.google.android.gms:play-services-tasks:18.0.1) with ExtractAarTransform
Transforming play-services-tasks-18.0.1.aar (com.google.android.gms:play-services-tasks:18.0.1) with AarTransform
Transforming play-services-tasks-18.0.1.aar (com.google.android.gms:play-services-tasks:18.0.1) with JetifyTransform
Transforming play-services-tasks-18.0.1.aar (com.google.android.gms:play-services-tasks:18.0.1) with ExtractAarTransform
Transforming play-services-tasks-18.0.1.aar (com.google.android.gms:play-services-tasks:18.0.1) with AarTransform
Transforming play-services-basement-18.2.0.aar (com.google.android.gms:play-services-basement:18.2.0) with JetifyTransform
Transforming play-services-basement-18.2.0.aar (com.google.android.gms:play-services-basement:18.2.0) with ExtractAarTransform
Transforming play-services-basement-18.2.0.aar (com.google.android.gms:play-services-basement:18.2.0) with AarTransform
Transforming play-services-basement-18.2.0.aar (com.google.android.gms:play-services-basement:18.2.0) with JetifyTransform
Transforming play-services-basement-18.2.0.aar (com.google.android.gms:play-services-basement:18.2.0) with ExtractAarTransform
Transforming play-services-basement-18.2.0.aar (com.google.android.gms:play-services-basement:18.2.0) with AarTransform
Transforming play-services-basement-18.2.0.aar (com.google.android.gms:play-services-basement:18.2.0) with JetifyTransform
Transforming play-services-basement-18.2.0.aar (com.google.android.gms:play-services-basement:18.2.0) with ExtractAarTransform
Transforming play-services-basement-18.2.0.aar (com.google.android.gms:play-services-basement:18.2.0) with AarTransform
Transforming play-services-basement-18.2.0.aar (com.google.android.gms:play-services-basement:18.2.0) with JetifyTransform
Transforming play-services-basement-18.2.0.aar (com.google.android.gms:play-services-basement:18.2.0) with ExtractAarTransform
Transforming play-services-basement-18.2.0.aar (com.google.android.gms:play-services-basement:18.2.0) with AarTransform
Transforming play-services-basement-18.2.0.aar (com.google.android.gms:play-services-basement:18.2.0) with JetifyTransform
Transforming play-services-basement-18.2.0.aar (com.google.android.gms:play-services-basement:18.2.0) with ExtractAarTransform
Transforming play-services-basement-18.2.0.aar (com.google.android.gms:play-services-basement:18.2.0) with AarTransform
Transforming play-services-basement-18.2.0.aar (com.google.android.gms:play-services-basement:18.2.0) with JetifyTransform
Transforming play-services-basement-18.2.0.aar (com.google.android.gms:play-services-basement:18.2.0) with ExtractAarTransform
Transforming play-services-basement-18.2.0.aar (com.google.android.gms:play-services-basement:18.2.0) with AarTransform
Transforming fragment-1.3.6.aar (androidx.fragment:fragment:1.3.6) with JetifyTransform
Caching disabled for AarTransform: ~/.gradle/caches/transforms-3/a7ad36f58a6749e591d88a51cd5b7b5c/transformed/jetified-play-services-base-18.0.1 because:
  Build cache is disabled
Transforming fragment-1.3.6.aar (androidx.fragment:fragment:1.3.6) with ExtractAarTransform
Transforming fragment-1.3.6.aar (androidx.fragment:fragment:1.3.6) with AarTransform
Transforming fragment-1.3.6.aar (androidx.fragment:fragment:1.3.6) with JetifyTransform
Caching disabled for AarTransform: ~/.gradle/caches/transforms-3/f2c612e0fb1a97a99a863e39f5508a21/transformed/jetified-play-services-tasks-18.0.1 because:
  Build cache is disabled
Skipping AarTransform: ~/.gradle/caches/transforms-3/f2c612e0fb1a97a99a863e39f5508a21/transformed/jetified-play-services-tasks-18.0.1 as it is up-to-date.
Caching disabled for AarTransform: ~/.gradle/caches/transforms-3/e05b1ce225b2f306a2f1bcaa6cc4bb82/transformed/appcompat-1.6.1 because:
  Build cache is disabled
Skipping AarTransform: ~/.gradle/caches/transforms-3/a7ad36f58a6749e591d88a51cd5b7b5c/transformed/jetified-play-services-base-18.0.1 as it is up-to-date.
Skipping AarTransform: ~/.gradle/caches/transforms-3/e05b1ce225b2f306a2f1bcaa6cc4bb82/transformed/appcompat-1.6.1 as it is up-to-date.
Transforming fragment-1.3.6.aar (androidx.fragment:fragment:1.3.6) with ExtractAarTransform
Transforming fragment-1.3.6.aar (androidx.fragment:fragment:1.3.6) with AarTransform
Transforming fragment-1.3.6.aar (androidx.fragment:fragment:1.3.6) with JetifyTransform
Transforming fragment-1.3.6.aar (androidx.fragment:fragment:1.3.6) with ExtractAarTransform
Transforming fragment-1.3.6.aar (androidx.fragment:fragment:1.3.6) with AarTransform
Transforming fragment-1.3.6.aar (androidx.fragment:fragment:1.3.6) with JetifyTransform
Transforming fragment-1.3.6.aar (androidx.fragment:fragment:1.3.6) with ExtractAarTransform
Transforming fragment-1.3.6.aar (androidx.fragment:fragment:1.3.6) with AarTransform
Transforming fragment-1.3.6.aar (androidx.fragment:fragment:1.3.6) with JetifyTransform
Transforming fragment-1.3.6.aar (androidx.fragment:fragment:1.3.6) with ExtractAarTransform
Transforming fragment-1.3.6.aar (androidx.fragment:fragment:1.3.6) with AarTransform
Transforming activity-1.7.1.aar (androidx.activity:activity:1.7.1) with JetifyTransform
Transforming activity-1.7.1.aar (androidx.activity:activity:1.7.1) with ExtractAarTransform
Transforming activity-1.7.1.aar (androidx.activity:activity:1.7.1) with AarTransform
Transforming work-runtime-ktx-2.8.1.aar (androidx.work:work-runtime-ktx:2.8.1) with JetifyTransform
Transforming work-runtime-ktx-2.8.1.aar (androidx.work:work-runtime-ktx:2.8.1) with ExtractAarTransform
Transforming work-runtime-ktx-2.8.1.aar (androidx.work:work-runtime-ktx:2.8.1) with AarTransform
Transforming work-runtime-2.8.1.aar (androidx.work:work-runtime:2.8.1) with JetifyTransform
Transforming work-runtime-2.8.1.aar (androidx.work:work-runtime:2.8.1) with ExtractAarTransform
Transforming work-runtime-2.8.1.aar (androidx.work:work-runtime:2.8.1) with AarTransform
Transforming loader-1.0.0.aar (androidx.loader:loader:1.0.0) with JetifyTransform
Transforming loader-1.0.0.aar (androidx.loader:loader:1.0.0) with ExtractAarTransform
Caching disabled for AarTransform: ~/.gradle/caches/transforms-3/fae7f0a32fa0484295f94dfaf9206b70/transformed/jetified-play-services-basement-18.2.0 because:
  Build cache is disabled
Skipping AarTransform: ~/.gradle/caches/transforms-3/fae7f0a32fa0484295f94dfaf9206b70/transformed/jetified-play-services-basement-18.2.0 as it is up-to-date.
Caching disabled for AarTransform: ~/.gradle/caches/transforms-3/400dd26017d2e15e0dbda5406f9ef695/transformed/fragment-1.3.6 because:
  Build cache is disabled
Skipping AarTransform: ~/.gradle/caches/transforms-3/400dd26017d2e15e0dbda5406f9ef695/transformed/fragment-1.3.6 as it is up-to-date.
Transforming loader-1.0.0.aar (androidx.loader:loader:1.0.0) with AarTransform
Transforming loader-1.0.0.aar (androidx.loader:loader:1.0.0) with JetifyTransform
Transforming loader-1.0.0.aar (androidx.loader:loader:1.0.0) with ExtractAarTransform
Transforming loader-1.0.0.aar (androidx.loader:loader:1.0.0) with AarTransform
Caching disabled for AarTransform: ~/.gradle/caches/transforms-3/1cae99ea7ffe8d6629ea2bcf1aca546c/transformed/work-runtime-ktx-2.8.1 because:
  Build cache is disabled
Transforming lifecycle-livedata-2.6.1.aar (androidx.lifecycle:lifecycle-livedata:2.6.1) with JetifyTransform
Transforming lifecycle-livedata-2.6.1.aar (androidx.lifecycle:lifecycle-livedata:2.6.1) with ExtractAarTransform
Transforming lifecycle-livedata-2.6.1.aar (androidx.lifecycle:lifecycle-livedata:2.6.1) with AarTransform
Skipping AarTransform: ~/.gradle/caches/transforms-3/1cae99ea7ffe8d6629ea2bcf1aca546c/transformed/work-runtime-ktx-2.8.1 as it is up-to-date.
Transforming lifecycle-livedata-2.6.1.aar (androidx.lifecycle:lifecycle-livedata:2.6.1) with JetifyTransform
Transforming lifecycle-livedata-2.6.1.aar (androidx.lifecycle:lifecycle-livedata:2.6.1) with ExtractAarTransform
Transforming lifecycle-livedata-2.6.1.aar (androidx.lifecycle:lifecycle-livedata:2.6.1) with AarTransform
Caching disabled for AarTransform: ~/.gradle/caches/transforms-3/c2b1766b366bff151ea9bc1ce65f2b1b/transformed/jetified-activity-1.7.1 because:
  Build cache is disabled
Skipping AarTransform: ~/.gradle/caches/transforms-3/c2b1766b366bff151ea9bc1ce65f2b1b/transformed/jetified-activity-1.7.1 as it is up-to-date.
Caching disabled for AarTransform: ~/.gradle/caches/transforms-3/5fbf3876ecb0a88b7dcccdd061affe0a/transformed/loader-1.0.0 because:
  Build cache is disabled
Skipping AarTransform: ~/.gradle/caches/transforms-3/5fbf3876ecb0a88b7dcccdd061affe0a/transformed/loader-1.0.0 as it is up-to-date.
Transforming lifecycle-livedata-core-2.6.1.aar (androidx.lifecycle:lifecycle-livedata-core:2.6.1) with JetifyTransform
Transforming lifecycle-livedata-core-2.6.1.aar (androidx.lifecycle:lifecycle-livedata-core:2.6.1) with ExtractAarTransform
Transforming lifecycle-livedata-core-2.6.1.aar (androidx.lifecycle:lifecycle-livedata-core:2.6.1) with AarTransform
Transforming lifecycle-viewmodel-2.6.1.aar (androidx.lifecycle:lifecycle-viewmodel:2.6.1) with JetifyTransform
Transforming lifecycle-viewmodel-2.6.1.aar (androidx.lifecycle:lifecycle-viewmodel:2.6.1) with ExtractAarTransform
Transforming lifecycle-viewmodel-2.6.1.aar (androidx.lifecycle:lifecycle-viewmodel:2.6.1) with AarTransform
Transforming lifecycle-viewmodel-2.6.1.aar (androidx.lifecycle:lifecycle-viewmodel:2.6.1) with JetifyTransform
Transforming lifecycle-viewmodel-2.6.1.aar (androidx.lifecycle:lifecycle-viewmodel:2.6.1) with ExtractAarTransform
Transforming lifecycle-viewmodel-2.6.1.aar (androidx.lifecycle:lifecycle-viewmodel:2.6.1) with AarTransform
Transforming lifecycle-viewmodel-savedstate-2.6.1.aar (androidx.lifecycle:lifecycle-viewmodel-savedstate:2.6.1) with JetifyTransform
Transforming lifecycle-viewmodel-savedstate-2.6.1.aar (androidx.lifecycle:lifecycle-viewmodel-savedstate:2.6.1) with ExtractAarTransform
Transforming lifecycle-viewmodel-savedstate-2.6.1.aar (androidx.lifecycle:lifecycle-viewmodel-savedstate:2.6.1) with AarTransform
Transforming core-ktx-1.12.0.aar (androidx.core:core-ktx:1.12.0) with JetifyTransform
Transforming core-ktx-1.12.0.aar (androidx.core:core-ktx:1.12.0) with ExtractAarTransform
Transforming core-ktx-1.12.0.aar (androidx.core:core-ktx:1.12.0) with AarTransform
Transforming recyclerview-1.3.0.aar (androidx.recyclerview:recyclerview:1.3.0) with JetifyTransform
Transforming recyclerview-1.3.0.aar (androidx.recyclerview:recyclerview:1.3.0) with ExtractAarTransform
Transforming recyclerview-1.3.0.aar (androidx.recyclerview:recyclerview:1.3.0) with AarTransform
Transforming recyclerview-1.3.0.aar (androidx.recyclerview:recyclerview:1.3.0) with JetifyTransform
Transforming recyclerview-1.3.0.aar (androidx.recyclerview:recyclerview:1.3.0) with ExtractAarTransform
Transforming recyclerview-1.3.0.aar (androidx.recyclerview:recyclerview:1.3.0) with AarTransform
Transforming appcompat-resources-1.6.1.aar (androidx.appcompat:appcompat-resources:1.6.1) with JetifyTransform
Transforming appcompat-resources-1.6.1.aar (androidx.appcompat:appcompat-resources:1.6.1) with ExtractAarTransform
Transforming appcompat-resources-1.6.1.aar (androidx.appcompat:appcompat-resources:1.6.1) with AarTransform
Transforming drawerlayout-1.0.0.aar (androidx.drawerlayout:drawerlayout:1.0.0) with JetifyTransform
Transforming drawerlayout-1.0.0.aar (androidx.drawerlayout:drawerlayout:1.0.0) with ExtractAarTransform
Transforming drawerlayout-1.0.0.aar (androidx.drawerlayout:drawerlayout:1.0.0) with AarTransform
Transforming coordinatorlayout-1.1.0.aar (androidx.coordinatorlayout:coordinatorlayout:1.1.0) with JetifyTransform
Transforming coordinatorlayout-1.1.0.aar (androidx.coordinatorlayout:coordinatorlayout:1.1.0) with ExtractAarTransform
Transforming coordinatorlayout-1.1.0.aar (androidx.coordinatorlayout:coordinatorlayout:1.1.0) with AarTransform
Transforming viewpager-1.0.0.aar (androidx.viewpager:viewpager:1.0.0) with JetifyTransform
Transforming viewpager-1.0.0.aar (androidx.viewpager:viewpager:1.0.0) with ExtractAarTransform
Transforming viewpager-1.0.0.aar (androidx.viewpager:viewpager:1.0.0) with AarTransform
Transforming customview-1.0.0.aar (androidx.customview:customview:1.0.0) with JetifyTransform
Transforming customview-1.0.0.aar (androidx.customview:customview:1.0.0) with ExtractAarTransform
Transforming customview-1.0.0.aar (androidx.customview:customview:1.0.0) with AarTransform
Transforming customview-1.0.0.aar (androidx.customview:customview:1.0.0) with JetifyTransform
Transforming customview-1.0.0.aar (androidx.customview:customview:1.0.0) with ExtractAarTransform
Transforming customview-1.0.0.aar (androidx.customview:customview:1.0.0) with AarTransform
Transforming customview-1.0.0.aar (androidx.customview:customview:1.0.0) with JetifyTransform
Transforming customview-1.0.0.aar (androidx.customview:customview:1.0.0) with ExtractAarTransform
Transforming customview-1.0.0.aar (androidx.customview:customview:1.0.0) with AarTransform
Transforming customview-1.0.0.aar (androidx.customview:customview:1.0.0) with JetifyTransform
Caching disabled for AarTransform: ~/.gradle/caches/transforms-3/52104321998f44c84e9432a9e863a757/transformed/work-runtime-2.8.1 because:
  Build cache is disabled
Caching disabled for AarTransform: ~/.gradle/caches/transforms-3/4cdb49b0d47ca31fbe8f7e71a27210c2/transformed/lifecycle-livedata-2.6.1 because:
  Build cache is disabled
Skipping AarTransform: ~/.gradle/caches/transforms-3/52104321998f44c84e9432a9e863a757/transformed/work-runtime-2.8.1 as it is up-to-date.
Skipping AarTransform: ~/.gradle/caches/transforms-3/4cdb49b0d47ca31fbe8f7e71a27210c2/transformed/lifecycle-livedata-2.6.1 as it is up-to-date.
Transforming customview-1.0.0.aar (androidx.customview:customview:1.0.0) with ExtractAarTransform
Transforming customview-1.0.0.aar (androidx.customview:customview:1.0.0) with AarTransform
Transforming transition-1.2.0.aar (androidx.transition:transition:1.2.0) with JetifyTransform
Transforming transition-1.2.0.aar (androidx.transition:transition:1.2.0) with ExtractAarTransform
Transforming transition-1.2.0.aar (androidx.transition:transition:1.2.0) with AarTransform
Transforming vectordrawable-animated-1.1.0.aar (androidx.vectordrawable:vectordrawable-animated:1.1.0) with JetifyTransform
Transforming vectordrawable-animated-1.1.0.aar (androidx.vectordrawable:vectordrawable-animated:1.1.0) with ExtractAarTransform
Transforming vectordrawable-animated-1.1.0.aar (androidx.vectordrawable:vectordrawable-animated:1.1.0) with AarTransform
Transforming vectordrawable-1.1.0.aar (androidx.vectordrawable:vectordrawable:1.1.0) with JetifyTransform
Transforming vectordrawable-1.1.0.aar (androidx.vectordrawable:vectordrawable:1.1.0) with ExtractAarTransform
Transforming vectordrawable-1.1.0.aar (androidx.vectordrawable:vectordrawable:1.1.0) with AarTransform
Transforming vectordrawable-1.1.0.aar (androidx.vectordrawable:vectordrawable:1.1.0) with JetifyTransform
Transforming vectordrawable-1.1.0.aar (androidx.vectordrawable:vectordrawable:1.1.0) with ExtractAarTransform
Transforming vectordrawable-1.1.0.aar (androidx.vectordrawable:vectordrawable:1.1.0) with AarTransform
Transforming core-1.12.0.aar (androidx.core:core:1.12.0) with JetifyTransform
Transforming core-1.12.0.aar (androidx.core:core:1.12.0) with ExtractAarTransform
Transforming core-1.12.0.aar (androidx.core:core:1.12.0) with AarTransform
Transforming core-1.12.0.aar (androidx.core:core:1.12.0) with JetifyTransform
Caching disabled for AarTransform: ~/.gradle/caches/transforms-3/98b62496db80c5f7334c63c8ef1594c6/transformed/lifecycle-livedata-core-2.6.1 because:
  Build cache is disabled
Caching disabled for AarTransform: ~/.gradle/caches/transforms-3/6e6fcd315d2914af4ad2cbb4faca5a8d/transformed/lifecycle-viewmodel-2.6.1 because:
  Build cache is disabled
Skipping AarTransform: ~/.gradle/caches/transforms-3/98b62496db80c5f7334c63c8ef1594c6/transformed/lifecycle-livedata-core-2.6.1 as it is up-to-date.
Skipping AarTransform: ~/.gradle/caches/transforms-3/6e6fcd315d2914af4ad2cbb4faca5a8d/transformed/lifecycle-viewmodel-2.6.1 as it is up-to-date.
Transforming core-1.12.0.aar (androidx.core:core:1.12.0) with ExtractAarTransform
Transforming core-1.12.0.aar (androidx.core:core:1.12.0) with AarTransform
Transforming core-1.12.0.aar (androidx.core:core:1.12.0) with JetifyTransform
Transforming core-1.12.0.aar (androidx.core:core:1.12.0) with ExtractAarTransform
Transforming core-1.12.0.aar (androidx.core:core:1.12.0) with AarTransform
Transforming core-1.12.0.aar (androidx.core:core:1.12.0) with JetifyTransform
Transforming core-1.12.0.aar (androidx.core:core:1.12.0) with ExtractAarTransform
Transforming core-1.12.0.aar (androidx.core:core:1.12.0) with AarTransform
Transforming core-1.12.0.aar (androidx.core:core:1.12.0) with JetifyTransform
Caching disabled for AarTransform: ~/.gradle/caches/transforms-3/b1c2f00c35df7bf87ac640531525b7b2/transformed/jetified-lifecycle-viewmodel-savedstate-2.6.1 because:
  Build cache is disabled
Caching disabled for AarTransform: ~/.gradle/caches/transforms-3/2b5b59ece6552c208019a847c09011bf/transformed/recyclerview-1.3.0 because:
  Build cache is disabled
Transforming core-1.12.0.aar (androidx.core:core:1.12.0) with ExtractAarTransform
Caching disabled for AarTransform: ~/.gradle/caches/transforms-3/949fc41410247092c134eb3bd94f32ce/transformed/jetified-core-ktx-1.12.0 because:
  Build cache is disabled
Skipping AarTransform: ~/.gradle/caches/transforms-3/2b5b59ece6552c208019a847c09011bf/transformed/recyclerview-1.3.0 as it is up-to-date.
Skipping AarTransform: ~/.gradle/caches/transforms-3/949fc41410247092c134eb3bd94f32ce/transformed/jetified-core-ktx-1.12.0 as it is up-to-date.
Transforming core-1.12.0.aar (androidx.core:core:1.12.0) with AarTransform
Transforming core-1.12.0.aar (androidx.core:core:1.12.0) with JetifyTransform
Transforming core-1.12.0.aar (androidx.core:core:1.12.0) with ExtractAarTransform
Transforming core-1.12.0.aar (androidx.core:core:1.12.0) with AarTransform
Transforming core-1.12.0.aar (androidx.core:core:1.12.0) with JetifyTransform
Transforming core-1.12.0.aar (androidx.core:core:1.12.0) with ExtractAarTransform
Transforming core-1.12.0.aar (androidx.core:core:1.12.0) with AarTransform
Skipping AarTransform: ~/.gradle/caches/transforms-3/b1c2f00c35df7bf87ac640531525b7b2/transformed/jetified-lifecycle-viewmodel-savedstate-2.6.1 as it is up-to-date.
Transforming core-1.12.0.aar (androidx.core:core:1.12.0) with JetifyTransform
Transforming core-1.12.0.aar (androidx.core:core:1.12.0) with ExtractAarTransform
Transforming core-1.12.0.aar (androidx.core:core:1.12.0) with AarTransform
Transforming core-1.12.0.aar (androidx.core:core:1.12.0) with JetifyTransform
Transforming core-1.12.0.aar (androidx.core:core:1.12.0) with ExtractAarTransform
Transforming core-1.12.0.aar (androidx.core:core:1.12.0) with AarTransform
Transforming core-1.12.0.aar (androidx.core:core:1.12.0) with JetifyTransform
Transforming core-1.12.0.aar (androidx.core:core:1.12.0) with ExtractAarTransform
Transforming core-1.12.0.aar (androidx.core:core:1.12.0) with AarTransform
Transforming core-1.12.0.aar (androidx.core:core:1.12.0) with JetifyTransform
Transforming core-1.12.0.aar (androidx.core:core:1.12.0) with ExtractAarTransform
Caching disabled for AarTransform: ~/.gradle/caches/transforms-3/a4a989285698a7d4539c76e75f39e9fb/transformed/jetified-appcompat-resources-1.6.1 because:
  Build cache is disabled
Skipping AarTransform: ~/.gradle/caches/transforms-3/a4a989285698a7d4539c76e75f39e9fb/transformed/jetified-appcompat-resources-1.6.1 as it is up-to-date.
Transforming core-1.12.0.aar (androidx.core:core:1.12.0) with AarTransform
Transforming coil-2.0.0.aar (io.coil-kt:coil:2.0.0) with JetifyTransform
Caching disabled for AarTransform: ~/.gradle/caches/transforms-3/b0f6f3bf4ed4099b387a119d6361ee2c/transformed/coordinatorlayout-1.1.0 because:
  Build cache is disabled
Transforming coil-2.0.0.aar (io.coil-kt:coil:2.0.0) with ExtractAarTransform
Transforming coil-2.0.0.aar (io.coil-kt:coil:2.0.0) with AarTransform
Transforming coil-base-2.0.0.aar (io.coil-kt:coil-base:2.0.0) with JetifyTransform
Skipping AarTransform: ~/.gradle/caches/transforms-3/b0f6f3bf4ed4099b387a119d6361ee2c/transformed/coordinatorlayout-1.1.0 as it is up-to-date.
Transforming coil-base-2.0.0.aar (io.coil-kt:coil-base:2.0.0) with ExtractAarTransform
Transforming coil-base-2.0.0.aar (io.coil-kt:coil-base:2.0.0) with AarTransform
Transforming lifecycle-runtime-2.6.1.aar (androidx.lifecycle:lifecycle-runtime:2.6.1) with JetifyTransform
Transforming lifecycle-runtime-2.6.1.aar (androidx.lifecycle:lifecycle-runtime:2.6.1) with ExtractAarTransform
Transforming lifecycle-runtime-2.6.1.aar (androidx.lifecycle:lifecycle-runtime:2.6.1) with AarTransform
Transforming lifecycle-viewmodel-compose-2.6.1.aar (androidx.lifecycle:lifecycle-viewmodel-compose:2.6.1) with JetifyTransform
Transforming lifecycle-viewmodel-compose-2.6.1.aar (androidx.lifecycle:lifecycle-viewmodel-compose:2.6.1) with ExtractAarTransform
Transforming lifecycle-viewmodel-compose-2.6.1.aar (androidx.lifecycle:lifecycle-viewmodel-compose:2.6.1) with AarTransform
Transforming lifecycle-viewmodel-ktx-2.6.1.aar (androidx.lifecycle:lifecycle-viewmodel-ktx:2.6.1) with JetifyTransform
Transforming lifecycle-viewmodel-ktx-2.6.1.aar (androidx.lifecycle:lifecycle-viewmodel-ktx:2.6.1) with ExtractAarTransform
Transforming lifecycle-viewmodel-ktx-2.6.1.aar (androidx.lifecycle:lifecycle-viewmodel-ktx:2.6.1) with AarTransform
Caching disabled for AarTransform: ~/.gradle/caches/transforms-3/4091ae1981d7ed60785fe07ae06dd610/transformed/drawerlayout-1.0.0 because:
  Build cache is disabled
Skipping AarTransform: ~/.gradle/caches/transforms-3/4091ae1981d7ed60785fe07ae06dd610/transformed/drawerlayout-1.0.0 as it is up-to-date.
Transforming lifecycle-runtime-ktx-2.6.1.aar (androidx.lifecycle:lifecycle-runtime-ktx:2.6.1) with JetifyTransform
Transforming lifecycle-runtime-ktx-2.6.1.aar (androidx.lifecycle:lifecycle-runtime-ktx:2.6.1) with ExtractAarTransform
Transforming lifecycle-runtime-ktx-2.6.1.aar (androidx.lifecycle:lifecycle-runtime-ktx:2.6.1) with AarTransform
Caching disabled for AarTransform: ~/.gradle/caches/transforms-3/13c53372c38558e7012eae9655f785d8/transformed/viewpager-1.0.0 because:
  Build cache is disabled
Transforming runtime-saveable-release.aar (androidx.compose.runtime:runtime-saveable-android:1.6.1) with JetifyTransform
Skipping AarTransform: ~/.gradle/caches/transforms-3/13c53372c38558e7012eae9655f785d8/transformed/viewpager-1.0.0 as it is up-to-date.
Transforming runtime-saveable-release.aar (androidx.compose.runtime:runtime-saveable-android:1.6.1) with ExtractAarTransform
Transforming runtime-saveable-release.aar (androidx.compose.runtime:runtime-saveable-android:1.6.1) with AarTransform
Transforming runtime-release.aar (androidx.compose.runtime:runtime-android:1.6.1) with JetifyTransform
Transforming runtime-release.aar (androidx.compose.runtime:runtime-android:1.6.1) with ExtractAarTransform
Transforming runtime-release.aar (androidx.compose.runtime:runtime-android:1.6.1) with AarTransform
Transforming documentfile-1.0.1.aar (androidx.documentfile:documentfile:1.0.1) with JetifyTransform
Transforming documentfile-1.0.1.aar (androidx.documentfile:documentfile:1.0.1) with ExtractAarTransform
Transforming documentfile-1.0.1.aar (androidx.documentfile:documentfile:1.0.1) with AarTransform
Transforming security-crypto-1.1.0-alpha03.aar (androidx.security:security-crypto:1.1.0-alpha03) with JetifyTransform
Transforming security-crypto-1.1.0-alpha03.aar (androidx.security:security-crypto:1.1.0-alpha03) with ExtractAarTransform
Caching disabled for AarTransform: ~/.gradle/caches/transforms-3/674afedd4adc863db6e27fb0dc6cd5f2/transformed/customview-1.0.0 because:
  Build cache is disabled
Skipping AarTransform: ~/.gradle/caches/transforms-3/674afedd4adc863db6e27fb0dc6cd5f2/transformed/customview-1.0.0 as it is up-to-date.
Transforming security-crypto-1.1.0-alpha03.aar (androidx.security:security-crypto:1.1.0-alpha03) with AarTransform
Transforming cursoradapter-1.0.0.aar (androidx.cursoradapter:cursoradapter:1.0.0) with JetifyTransform
Transforming cursoradapter-1.0.0.aar (androidx.cursoradapter:cursoradapter:1.0.0) with ExtractAarTransform
Transforming cursoradapter-1.0.0.aar (androidx.cursoradapter:cursoradapter:1.0.0) with AarTransform
Caching disabled for AarTransform: ~/.gradle/caches/transforms-3/9b5817c3a92d7366c3231b0a6adc6bdc/transformed/vectordrawable-1.1.0 because:
  Build cache is disabled
Transforming savedstate-ktx-1.2.1.aar (androidx.savedstate:savedstate-ktx:1.2.1) with JetifyTransform
Transforming savedstate-ktx-1.2.1.aar (androidx.savedstate:savedstate-ktx:1.2.1) with ExtractAarTransform
Transforming savedstate-ktx-1.2.1.aar (androidx.savedstate:savedstate-ktx:1.2.1) with AarTransform
Skipping AarTransform: ~/.gradle/caches/transforms-3/9b5817c3a92d7366c3231b0a6adc6bdc/transformed/vectordrawable-1.1.0 as it is up-to-date.
Transforming savedstate-1.2.1.aar (androidx.savedstate:savedstate:1.2.1) with JetifyTransform
Transforming savedstate-1.2.1.aar (androidx.savedstate:savedstate:1.2.1) with ExtractAarTransform
Transforming savedstate-1.2.1.aar (androidx.savedstate:savedstate:1.2.1) with AarTransform
Transforming cardview-1.0.0.aar (androidx.cardview:cardview:1.0.0) with JetifyTransform
Transforming cardview-1.0.0.aar (androidx.cardview:cardview:1.0.0) with ExtractAarTransform
Transforming cardview-1.0.0.aar (androidx.cardview:cardview:1.0.0) with AarTransform
Caching disabled for AarTransform: ~/.gradle/caches/transforms-3/7632eae8281301dfe881ac645ed5b016/transformed/transition-1.2.0 because:
  Build cache is disabled
Skipping AarTransform: ~/.gradle/caches/transforms-3/7632eae8281301dfe881ac645ed5b016/transformed/transition-1.2.0 as it is up-to-date.
Transforming gifdecoder-4.11.0.aar (com.github.bumptech.glide:gifdecoder:4.11.0) with JetifyTransform
Transforming gifdecoder-4.11.0.aar (com.github.bumptech.glide:gifdecoder:4.11.0) with ExtractAarTransform
Transforming gifdecoder-4.11.0.aar (com.github.bumptech.glide:gifdecoder:4.11.0) with AarTransform
Transforming versionedparcelable-1.1.1.aar (androidx.versionedparcelable:versionedparcelable:1.1.1) with JetifyTransform
Transforming versionedparcelable-1.1.1.aar (androidx.versionedparcelable:versionedparcelable:1.1.1) with ExtractAarTransform
Transforming versionedparcelable-1.1.1.aar (androidx.versionedparcelable:versionedparcelable:1.1.1) with AarTransform
Transforming core-runtime-2.2.0.aar (androidx.arch.core:core-runtime:2.2.0) with JetifyTransform
Transforming core-runtime-2.2.0.aar (androidx.arch.core:core-runtime:2.2.0) with ExtractAarTransform
Transforming core-runtime-2.2.0.aar (androidx.arch.core:core-runtime:2.2.0) with AarTransform
Transforming interpolator-1.0.0.aar (androidx.interpolator:interpolator:1.0.0) with JetifyTransform
Transforming interpolator-1.0.0.aar (androidx.interpolator:interpolator:1.0.0) with ExtractAarTransform
Transforming interpolator-1.0.0.aar (androidx.interpolator:interpolator:1.0.0) with AarTransform
Transforming annotation-experimental-1.4.0.aar (androidx.annotation:annotation-experimental:1.4.0) with JetifyTransform
Transforming annotation-experimental-1.4.0.aar (androidx.annotation:annotation-experimental:1.4.0) with ExtractAarTransform
Transforming annotation-experimental-1.4.0.aar (androidx.annotation:annotation-experimental:1.4.0) with AarTransform
Caching disabled for AarTransform: ~/.gradle/caches/transforms-3/118a0cae2c4b44cec6097a60cd253593/transformed/vectordrawable-animated-1.1.0 because:
  Build cache is disabled
Skipping AarTransform: ~/.gradle/caches/transforms-3/118a0cae2c4b44cec6097a60cd253593/transformed/vectordrawable-animated-1.1.0 as it is up-to-date.
Transforming startup-runtime-1.1.1.aar (androidx.startup:startup-runtime:1.1.1) with JetifyTransform
Transforming startup-runtime-1.1.1.aar (androidx.startup:startup-runtime:1.1.1) with ExtractAarTransform
Transforming startup-runtime-1.1.1.aar (androidx.startup:startup-runtime:1.1.1) with AarTransform
Transforming exifinterface-1.3.3.aar (androidx.exifinterface:exifinterface:1.3.3) with JetifyTransform
Caching disabled for AarTransform: ~/.gradle/caches/transforms-3/cceb94d81e4d8c63d43b8cad4df517ed/transformed/core-1.12.0 because:
  Build cache is disabled
Skipping AarTransform: ~/.gradle/caches/transforms-3/cceb94d81e4d8c63d43b8cad4df517ed/transformed/core-1.12.0 as it is up-to-date.
Transforming exifinterface-1.3.3.aar (androidx.exifinterface:exifinterface:1.3.3) with ExtractAarTransform
Transforming exifinterface-1.3.3.aar (androidx.exifinterface:exifinterface:1.3.3) with AarTransform
Transforming constraintlayout-2.1.3.aar (androidx.constraintlayout:constraintlayout:2.1.3) with JetifyTransform
Transforming constraintlayout-2.1.3.aar (androidx.constraintlayout:constraintlayout:2.1.3) with ExtractAarTransform
Transforming constraintlayout-2.1.3.aar (androidx.constraintlayout:constraintlayout:2.1.3) with AarTransform
Transforming msal-6.2.0.aar (com.microsoft.identity.client:msal:6.2.0) with JetifyTransform
Transforming msal-6.2.0.aar (com.microsoft.identity.client:msal:6.2.0) with ExtractAarTransform
Transforming msal-6.2.0.aar (com.microsoft.identity.client:msal:6.2.0) with AarTransform
Transforming common-21.4.0.aar (com.microsoft.identity:common:21.4.0) with JetifyTransform
Transforming common-21.4.0.aar (com.microsoft.identity:common:21.4.0) with ExtractAarTransform
Transforming common-21.4.0.aar (com.microsoft.identity:common:21.4.0) with AarTransform
Caching disabled for AarTransform: ~/.gradle/caches/transforms-3/28b8a30e393fe518d9ae0aee025282fd/transformed/jetified-coil-base-2.0.0 because:
  Build cache is disabled
Skipping AarTransform: ~/.gradle/caches/transforms-3/28b8a30e393fe518d9ae0aee025282fd/transformed/jetified-coil-base-2.0.0 as it is up-to-date.
Caching disabled for AarTransform: ~/.gradle/caches/transforms-3/93778559c8409c7dbf0caaa1b2d252ac/transformed/jetified-coil-2.0.0 because:
  Build cache is disabled
Skipping AarTransform: ~/.gradle/caches/transforms-3/93778559c8409c7dbf0caaa1b2d252ac/transformed/jetified-coil-2.0.0 as it is up-to-date.
Caching disabled for AarTransform: ~/.gradle/caches/transforms-3/b000c700754713dc8e2803f1edacb360/transformed/lifecycle-runtime-2.6.1 because:
  Build cache is disabled
Skipping AarTransform: ~/.gradle/caches/transforms-3/b000c700754713dc8e2803f1edacb360/transformed/lifecycle-runtime-2.6.1 as it is up-to-date.
Caching disabled for AarTransform: ~/.gradle/caches/transforms-3/eb7450c57b306cbb82121c0806cab720/transformed/jetified-lifecycle-viewmodel-compose-2.6.1 because:
  Build cache is disabled
Skipping AarTransform: ~/.gradle/caches/transforms-3/eb7450c57b306cbb82121c0806cab720/transformed/jetified-lifecycle-viewmodel-compose-2.6.1 as it is up-to-date.
Caching disabled for AarTransform: ~/.gradle/caches/transforms-3/e9713df1858b49ad0683e30339f1fcbf/transformed/jetified-lifecycle-viewmodel-ktx-2.6.1 because:
  Build cache is disabled
Skipping AarTransform: ~/.gradle/caches/transforms-3/e9713df1858b49ad0683e30339f1fcbf/transformed/jetified-lifecycle-viewmodel-ktx-2.6.1 as it is up-to-date.
Caching disabled for AarTransform: ~/.gradle/caches/transforms-3/ea37f1cdfe70b530b14333d13f4dfefd/transformed/jetified-lifecycle-runtime-ktx-2.6.1 because:
  Build cache is disabled
Skipping AarTransform: ~/.gradle/caches/transforms-3/ea37f1cdfe70b530b14333d13f4dfefd/transformed/jetified-lifecycle-runtime-ktx-2.6.1 as it is up-to-date.
Caching disabled for AarTransform: ~/.gradle/caches/transforms-3/7f1e093fa79270458ef3640fc4e8a839/transformed/jetified-runtime-saveable-release because:
  Build cache is disabled
Skipping AarTransform: ~/.gradle/caches/transforms-3/7f1e093fa79270458ef3640fc4e8a839/transformed/jetified-runtime-saveable-release as it is up-to-date.
Caching disabled for AarTransform: ~/.gradle/caches/transforms-3/a625bd74c274bd3cfbd1753b62cf8fd3/transformed/jetified-runtime-release because:
  Build cache is disabled
Skipping AarTransform: ~/.gradle/caches/transforms-3/a625bd74c274bd3cfbd1753b62cf8fd3/transformed/jetified-runtime-release as it is up-to-date.
Caching disabled for AarTransform: ~/.gradle/caches/transforms-3/b2a1521e4152e0b34a7680a2d8b07346/transformed/documentfile-1.0.1 because:
  Build cache is disabled
Caching disabled for AarTransform: ~/.gradle/caches/transforms-3/12300820f0d60b288a19d7ebf5066de8/transformed/cursoradapter-1.0.0 because:
  Build cache is disabled
Skipping AarTransform: ~/.gradle/caches/transforms-3/b2a1521e4152e0b34a7680a2d8b07346/transformed/documentfile-1.0.1 as it is up-to-date.
Caching disabled for AarTransform: ~/.gradle/caches/transforms-3/56bd582384ccdc7202015da1d0cac46f/transformed/jetified-security-crypto-1.1.0-alpha03 because:
  Build cache is disabled
Skipping AarTransform: ~/.gradle/caches/transforms-3/12300820f0d60b288a19d7ebf5066de8/transformed/cursoradapter-1.0.0 as it is up-to-date.
Skipping AarTransform: ~/.gradle/caches/transforms-3/56bd582384ccdc7202015da1d0cac46f/transformed/jetified-security-crypto-1.1.0-alpha03 as it is up-to-date.
Caching disabled for AarTransform: ~/.gradle/caches/transforms-3/5fd0882d1d7d05fb40249dc663fa1f47/transformed/jetified-savedstate-ktx-1.2.1 because:
  Build cache is disabled
Skipping AarTransform: ~/.gradle/caches/transforms-3/5fd0882d1d7d05fb40249dc663fa1f47/transformed/jetified-savedstate-ktx-1.2.1 as it is up-to-date.
Caching disabled for AarTransform: ~/.gradle/caches/transforms-3/2e6e16267dc010e44b77ac72a21bd80d/transformed/jetified-savedstate-1.2.1 because:
  Build cache is disabled
Skipping AarTransform: ~/.gradle/caches/transforms-3/2e6e16267dc010e44b77ac72a21bd80d/transformed/jetified-savedstate-1.2.1 as it is up-to-date.
Caching disabled for AarTransform: ~/.gradle/caches/transforms-3/137175b3ff397a3ca8c7f030a9dc1e4b/transformed/jetified-gifdecoder-4.11.0 because:
  Build cache is disabled
Skipping AarTransform: ~/.gradle/caches/transforms-3/137175b3ff397a3ca8c7f030a9dc1e4b/transformed/jetified-gifdecoder-4.11.0 as it is up-to-date.
Caching disabled for AarTransform: ~/.gradle/caches/transforms-3/dcc90df5e29beb76e837b70cfc8a1b3a/transformed/cardview-1.0.0 because:
  Build cache is disabled
Skipping AarTransform: ~/.gradle/caches/transforms-3/dcc90df5e29beb76e837b70cfc8a1b3a/transformed/cardview-1.0.0 as it is up-to-date.
Caching disabled for AarTransform: ~/.gradle/caches/transforms-3/03f7efd144c869dc5e7d802beb82fc16/transformed/versionedparcelable-1.1.1 because:
  Build cache is disabled
Skipping AarTransform: ~/.gradle/caches/transforms-3/03f7efd144c869dc5e7d802beb82fc16/transformed/versionedparcelable-1.1.1 as it is up-to-date.
Caching disabled for AarTransform: ~/.gradle/caches/transforms-3/d41826fca4fd43026506b6eedd8999db/transformed/interpolator-1.0.0 because:
  Build cache is disabled
Skipping AarTransform: ~/.gradle/caches/transforms-3/d41826fca4fd43026506b6eedd8999db/transformed/interpolator-1.0.0 as it is up-to-date.
Caching disabled for AarTransform: ~/.gradle/caches/transforms-3/42d42e9fdc10b3a8efed0d75b71fafe6/transformed/core-runtime-2.2.0 because:
  Build cache is disabled
Skipping AarTransform: ~/.gradle/caches/transforms-3/42d42e9fdc10b3a8efed0d75b71fafe6/transformed/core-runtime-2.2.0 as it is up-to-date.
Caching disabled for AarTransform: ~/.gradle/caches/transforms-3/48ceb8176866b80a099305b2f41fd291/transformed/exifinterface-1.3.3 because:
  Build cache is disabled
Skipping AarTransform: ~/.gradle/caches/transforms-3/48ceb8176866b80a099305b2f41fd291/transformed/exifinterface-1.3.3 as it is up-to-date.
Caching disabled for AarTransform: ~/.gradle/caches/transforms-3/bba89aa6501c852a9ecaced807b153b4/transformed/jetified-annotation-experimental-1.4.0 because:
  Build cache is disabled
Skipping AarTransform: ~/.gradle/caches/transforms-3/bba89aa6501c852a9ecaced807b153b4/transformed/jetified-annotation-experimental-1.4.0 as it is up-to-date.
Caching disabled for AarTransform: ~/.gradle/caches/transforms-3/155663d16d0a0a2fe7a7ba743223ac03/transformed/jetified-startup-runtime-1.1.1 because:
  Build cache is disabled
Skipping AarTransform: ~/.gradle/caches/transforms-3/155663d16d0a0a2fe7a7ba743223ac03/transformed/jetified-startup-runtime-1.1.1 as it is up-to-date.
Caching disabled for AarTransform: ~/.gradle/caches/transforms-3/9d078f321e9c9b40b737fbfeda2c24d6/transformed/constraintlayout-2.1.3 because:
  Build cache is disabled
Skipping AarTransform: ~/.gradle/caches/transforms-3/9d078f321e9c9b40b737fbfeda2c24d6/transformed/constraintlayout-2.1.3 as it is up-to-date.
Caching disabled for AarTransform: ~/.gradle/caches/transforms-3/691e2ddca74f0afe60043bb1a3af1d8c/transformed/jetified-common-21.4.0 because:
  Build cache is disabled
Skipping AarTransform: ~/.gradle/caches/transforms-3/691e2ddca74f0afe60043bb1a3af1d8c/transformed/jetified-common-21.4.0 as it is up-to-date.
Caching disabled for AarTransform: ~/.gradle/caches/transforms-3/5395aa0a6ecb13ad0c511d3a340478af/transformed/jetified-msal-6.2.0 because:
  Build cache is disabled
Skipping AarTransform: ~/.gradle/caches/transforms-3/5395aa0a6ecb13ad0c511d3a340478af/transformed/jetified-msal-6.2.0 as it is up-to-date.
Caching disabled for AarTransform: ~/.gradle/caches/transforms-3/bf1a1f31d3fd291141350a5f95f71ac2/transformed/navigation-runtime-2.7.0 because:
  Build cache is disabled
Caching disabled for AarTransform: ~/.gradle/caches/transforms-3/2cfbf6603ea66c174c7ccb8429cf167e/transformed/navigation-common-ktx-2.7.0 because:
  Build cache is disabled
Skipping AarTransform: ~/.gradle/caches/transforms-3/2cfbf6603ea66c174c7ccb8429cf167e/transformed/navigation-common-ktx-2.7.0 as it is up-to-date.
Caching disabled for AarTransform: ~/.gradle/caches/transforms-3/8feeef3945a1f3bf72a7656b99debed4/transformed/jetified-glide-4.11.0 because:
  Build cache is disabled
Skipping AarTransform: ~/.gradle/caches/transforms-3/8feeef3945a1f3bf72a7656b99debed4/transformed/jetified-glide-4.11.0 as it is up-to-date.
Skipping AarTransform: ~/.gradle/caches/transforms-3/bf1a1f31d3fd291141350a5f95f71ac2/transformed/navigation-runtime-2.7.0 as it is up-to-date.
Caching disabled for AarTransform: ~/.gradle/caches/transforms-3/84c5ee758d54ed8d39985183b5170d2f/transformed/jetified-ui-text-release because:
  Build cache is disabled
Skipping AarTransform: ~/.gradle/caches/transforms-3/84c5ee758d54ed8d39985183b5170d2f/transformed/jetified-ui-text-release as it is up-to-date.
Caching disabled for AarTransform: ~/.gradle/caches/transforms-3/3521de6b8848f9a8e2e8bf5a2173f78b/transformed/jetified-ui-util-release because:
  Build cache is disabled
Skipping AarTransform: ~/.gradle/caches/transforms-3/3521de6b8848f9a8e2e8bf5a2173f78b/transformed/jetified-ui-util-release as it is up-to-date.
Caching disabled for AarTransform: ~/.gradle/caches/transforms-3/6ca85b9e3b0b19038192d28e3fe8d0ab/transformed/jetified-material-icons-core-release because:
  Build cache is disabled
Skipping AarTransform: ~/.gradle/caches/transforms-3/6ca85b9e3b0b19038192d28e3fe8d0ab/transformed/jetified-material-icons-core-release as it is up-to-date.
Caching disabled for AarTransform: ~/.gradle/caches/transforms-3/b6c9f045fb2c75106aeba0d2cee3e5af/transformed/jetified-foundation-release because:
  Build cache is disabled
Skipping AarTransform: ~/.gradle/caches/transforms-3/b6c9f045fb2c75106aeba0d2cee3e5af/transformed/jetified-foundation-release as it is up-to-date.
Caching disabled for AarTransform: ~/.gradle/caches/transforms-3/732bf3fcca27485691548d213a69ce32/transformed/jetified-ui-tooling-release because:
  Build cache is disabled
Skipping AarTransform: ~/.gradle/caches/transforms-3/732bf3fcca27485691548d213a69ce32/transformed/jetified-ui-tooling-release as it is up-to-date.
Caching disabled for AarTransform: ~/.gradle/caches/transforms-3/1fb601fda73f4f605e8cd860ab2c7dff/transformed/jetified-ui-tooling-data-release because:
  Build cache is disabled
Skipping AarTransform: ~/.gradle/caches/transforms-3/1fb601fda73f4f605e8cd860ab2c7dff/transformed/jetified-ui-tooling-data-release as it is up-to-date.
Caching disabled for AarTransform: ~/.gradle/caches/transforms-3/cbf35b172e63244a7cdfbe0558057126/transformed/jetified-foundation-layout-release because:
  Build cache is disabled
Caching disabled for AarTransform: ~/.gradle/caches/transforms-3/9842a4d437c4539be4001127dcd9b65f/transformed/jetified-ui-geometry-release because:
  Build cache is disabled
Skipping AarTransform: ~/.gradle/caches/transforms-3/cbf35b172e63244a7cdfbe0558057126/transformed/jetified-foundation-layout-release as it is up-to-date.
Skipping AarTransform: ~/.gradle/caches/transforms-3/9842a4d437c4539be4001127dcd9b65f/transformed/jetified-ui-geometry-release as it is up-to-date.
Caching disabled for AarTransform: ~/.gradle/caches/transforms-3/042e3e457431c3578cc10e80ca0e5c92/transformed/jetified-ui-test-manifest-1.6.1 because:
  Build cache is disabled
Caching disabled for AarTransform: ~/.gradle/caches/transforms-3/66f77465e979a17d511311b5910b38ae/transformed/jetified-play-services-auth-20.7.0 because:
  Build cache is disabled
Skipping AarTransform: ~/.gradle/caches/transforms-3/042e3e457431c3578cc10e80ca0e5c92/transformed/jetified-ui-test-manifest-1.6.1 as it is up-to-date.
Caching disabled for AarTransform: ~/.gradle/caches/transforms-3/7d4c28caa7e0fb3fe005a676364c2608/transformed/jetified-ui-tooling-preview-release because:
  Build cache is disabled
Skipping AarTransform: ~/.gradle/caches/transforms-3/7d4c28caa7e0fb3fe005a676364c2608/transformed/jetified-ui-tooling-preview-release as it is up-to-date.
Skipping AarTransform: ~/.gradle/caches/transforms-3/66f77465e979a17d511311b5910b38ae/transformed/jetified-play-services-auth-20.7.0 as it is up-to-date.
Caching disabled for AarTransform: ~/.gradle/caches/transforms-3/b6095f41f72e5a29b902f1ef21484dd1/transformed/jetified-material3-window-size-class-release because:
  Build cache is disabled
Skipping AarTransform: ~/.gradle/caches/transforms-3/b6095f41f72e5a29b902f1ef21484dd1/transformed/jetified-material3-window-size-class-release as it is up-to-date.
Caching disabled for AarTransform: ~/.gradle/caches/transforms-3/66a760f6e63c09010c25a975f2158b0f/transformed/navigation-runtime-ktx-2.7.0 because:
  Build cache is disabled
Skipping AarTransform: ~/.gradle/caches/transforms-3/66a760f6e63c09010c25a975f2158b0f/transformed/navigation-runtime-ktx-2.7.0 as it is up-to-date.
Caching disabled for AarTransform: ~/.gradle/caches/transforms-3/2255a581edd9e694cdd5fc201e351b32/transformed/jetified-navigation-compose-2.7.0 because:
  Build cache is disabled
Skipping AarTransform: ~/.gradle/caches/transforms-3/2255a581edd9e694cdd5fc201e351b32/transformed/jetified-navigation-compose-2.7.0 as it is up-to-date.
Caching disabled for AarTransform: ~/.gradle/caches/transforms-3/5a6f203f5e7fed813839d1d9e35f7205/transformed/jetified-ui-release because:
  Build cache is disabled
Skipping AarTransform: ~/.gradle/caches/transforms-3/5a6f203f5e7fed813839d1d9e35f7205/transformed/jetified-ui-release as it is up-to-date.
Caching disabled for AarTransform: ~/.gradle/caches/transforms-3/061a33163253ca2b20f29868a72c12dc/transformed/jetified-material3-release because:
  Build cache is disabled
Skipping AarTransform: ~/.gradle/caches/transforms-3/061a33163253ca2b20f29868a72c12dc/transformed/jetified-material3-release as it is up-to-date.
Caching disabled for AarTransform: ~/.gradle/caches/transforms-3/9b17bc7c93fbf09b155b618530a901a6/transformed/jetified-viewpager2-1.0.0 because:
  Build cache is disabled
Skipping AarTransform: ~/.gradle/caches/transforms-3/9b17bc7c93fbf09b155b618530a901a6/transformed/jetified-viewpager2-1.0.0 as it is up-to-date.
Caching disabled for AarTransform: ~/.gradle/caches/transforms-3/eaf4160b542b0499b6b73f7db65252d7/transformed/jetified-coil-compose-base-2.0.0 because:
  Build cache is disabled
Skipping AarTransform: ~/.gradle/caches/transforms-3/eaf4160b542b0499b6b73f7db65252d7/transformed/jetified-coil-compose-base-2.0.0 as it is up-to-date.
Caching disabled for AarTransform: ~/.gradle/caches/transforms-3/7b45d49ace10fab82120de3e53646a9a/transformed/jetified-ui-graphics-release because:
  Build cache is disabled
Skipping AarTransform: ~/.gradle/caches/transforms-3/7b45d49ace10fab82120de3e53646a9a/transformed/jetified-ui-graphics-release as it is up-to-date.
Caching disabled for AarTransform: ~/.gradle/caches/transforms-3/90ed19349c73e3a702f875e3ee32cf3e/transformed/jetified-play-services-auth-api-phone-18.0.1 because:
  Build cache is disabled
Skipping AarTransform: ~/.gradle/caches/transforms-3/90ed19349c73e3a702f875e3ee32cf3e/transformed/jetified-play-services-auth-api-phone-18.0.1 as it is up-to-date.
Caching disabled for AarTransform: ~/.gradle/caches/transforms-3/3c5a8b745dd1c9841f3eb1e5f8227414/transformed/jetified-play-services-fido-20.1.0 because:
  Build cache is disabled
Skipping AarTransform: ~/.gradle/caches/transforms-3/3c5a8b745dd1c9841f3eb1e5f8227414/transformed/jetified-play-services-fido-20.1.0 as it is up-to-date.
Caching disabled for AarTransform: ~/.gradle/caches/transforms-3/92c29c4b255532babecd42314d8fdc89/transformed/jetified-play-services-auth-base-18.0.4 because:
  Build cache is disabled
Skipping AarTransform: ~/.gradle/caches/transforms-3/92c29c4b255532babecd42314d8fdc89/transformed/jetified-play-services-auth-base-18.0.4 as it is up-to-date.
Caching disabled for AarTransform: ~/.gradle/caches/transforms-3/d46d9e20913b2943a41edfbee6c3fc7b/transformed/jetified-ui-unit-release because:
  Build cache is disabled
Skipping AarTransform: ~/.gradle/caches/transforms-3/d46d9e20913b2943a41edfbee6c3fc7b/transformed/jetified-ui-unit-release as it is up-to-date.
Caching disabled for task ':app:dataBindingGenBaseClassesDebug' because:
  Build cache is disabled
Task ':app:dataBindingGenBaseClassesDebug' is not up-to-date because:
  Class path of task ':app:dataBindingGenBaseClassesDebug' has changed from 19511a89c2c60142f14e5c42d287bce4 to 884dfe0e653a3a2295bb6c56821b1ca5.
The input changes require a full rebuild for incremental task ':app:dataBindingGenBaseClassesDebug'.
Watching 158 directories to track changes
Watching 157 directories to track changes
Watching 156 directories to track changes
Watching 157 directories to track changes
Watching 158 directories to track changes
Watching 163 directories to track changes
:app:dataBindingGenBaseClassesDebug (Thread[included builds,5,main]) completed. Took 0.993 secs.
Resolve mutations for :app:processDebugManifest (Thread[Execution worker Thread 2,5,main]) started.
Resolve mutations for :app:processDebugManifest (Thread[Execution worker Thread 2,5,main]) completed. Took 0.003 secs.
:app:processDebugManifest (Thread[Execution worker Thread 2,5,main]) started.

> Task :app:processDebugManifest
Watching 164 directories to track changes
Caching disabled for task ':app:processDebugManifest' because:
  Build cache is disabled
Task ':app:processDebugManifest' is not up-to-date because:
  Class path of task ':app:processDebugManifest' has changed from 19511a89c2c60142f14e5c42d287bce4 to 884dfe0e653a3a2295bb6c56821b1ca5.
Watching 163 directories to track changes
Watching 164 directories to track changes
:app:processDebugManifest (Thread[Execution worker Thread 2,5,main]) completed. Took 1.278 secs.
Resolve mutations for :app:processDebugManifestForPackage (Thread[Execution worker Thread 3,5,main]) started.
Resolve mutations for :app:processDebugManifestForPackage (Thread[Execution worker Thread 3,5,main]) completed. Took 0.0 secs.
:app:processDebugManifestForPackage (Thread[Execution worker Thread 2,5,main]) started.
Resolve mutations for :app:javaPreCompileDebug (Thread[Execution worker Thread 3,5,main]) started.
Resolve mutations for :app:javaPreCompileDebug (Thread[Execution worker Thread 3,5,main]) completed. Took 0.0 secs.
:app:javaPreCompileDebug (Thread[Execution worker Thread 3,5,main]) started.
Resolve mutations for :app:mergeDebugShaders (Thread[Execution worker,5,main]) started.
Resolve mutations for :app:mergeDebugShaders (Thread[Execution worker,5,main]) completed. Took 0.002 secs.
:app:mergeDebugShaders (Thread[Execution worker,5,main]) started.

> Task :app:javaPreCompileDebug
Watching 165 directories to track changes
Caching disabled for task ':app:javaPreCompileDebug' because:
  Build cache is disabled
Task ':app:javaPreCompileDebug' is not up-to-date because:
  Class path of task ':app:javaPreCompileDebug' has changed from 19511a89c2c60142f14e5c42d287bce4 to 884dfe0e653a3a2295bb6c56821b1ca5.
Watching 164 directories to track changes
Watching 166 directories to track changes
:app:javaPreCompileDebug (Thread[Execution worker Thread 3,5,main]) completed. Took 0.045 secs.

> Task :app:mergeDebugShaders
Watching 165 directories to track changes
Watching 165 directories to track changes
Watching 165 directories to track changes
Caching disabled for task ':app:mergeDebugShaders' because:
  Build cache is disabled
Task ':app:mergeDebugShaders' is not up-to-date because:
  Class path of task ':app:mergeDebugShaders' has changed from 19511a89c2c60142f14e5c42d287bce4 to 884dfe0e653a3a2295bb6c56821b1ca5.
The input changes require a full rebuild for incremental task ':app:mergeDebugShaders'.
Watching 165 directories to track changes
Watching 166 directories to track changes
:app:mergeDebugShaders (Thread[Execution worker,5,main]) completed. Took 0.084 secs.
Resolve mutations for :app:compileDebugShaders (Thread[Execution worker,5,main]) started.
Resolve mutations for :app:compileDebugShaders (Thread[Execution worker,5,main]) completed. Took 0.0 secs.
:app:compileDebugShaders (Thread[Execution worker,5,main]) started.

> Task :app:compileDebugShaders NO-SOURCE
Skipping task ':app:compileDebugShaders' as it has no source files and no previous output files.
Resolve mutations for :app:generateDebugAssets (Thread[included builds,5,main]) started.
Resolve mutations for :app:generateDebugAssets (Thread[included builds,5,main]) completed. Took 0.0 secs.
:app:generateDebugAssets (Thread[Execution worker Thread 3,5,main]) started.

> Task :app:generateDebugAssets UP-TO-DATE
Skipping task ':app:generateDebugAssets' as it has no actions.
:app:generateDebugAssets (Thread[Execution worker Thread 3,5,main]) completed. Took 0.0 secs.
Resolve mutations for :app:mergeDebugAssets (Thread[Execution worker Thread 3,5,main]) started.
:app:compileDebugShaders (Thread[Execution worker,5,main]) completed. Took 0.008 secs.
Resolve mutations for :app:mergeDebugAssets (Thread[Execution worker Thread 3,5,main]) completed. Took 0.0 secs.
:app:mergeDebugAssets (Thread[Execution worker Thread 3,5,main]) started.

> Task :app:mergeDebugAssets
Watching 167 directories to track changes
Transforming viewbinding-7.4.2.aar (androidx.databinding:viewbinding:7.4.2) with JetifyTransform
Transforming viewbinding-7.4.2.aar (androidx.databinding:viewbinding:7.4.2) with ExtractAarTransform
Transforming viewbinding-7.4.2.aar (androidx.databinding:viewbinding:7.4.2) with AarTransform
Transforming accompanist-systemuicontroller-0.23.0.aar (com.google.accompanist:accompanist-systemuicontroller:0.23.0) with JetifyTransform
Transforming accompanist-systemuicontroller-0.23.0.aar (com.google.accompanist:accompanist-systemuicontroller:0.23.0) with ExtractAarTransform
Transforming accompanist-systemuicontroller-0.23.0.aar (com.google.accompanist:accompanist-systemuicontroller:0.23.0) with AarTransform
Transforming coil-compose-2.0.0.aar (io.coil-kt:coil-compose:2.0.0) with JetifyTransform
Transforming coil-compose-2.0.0.aar (io.coil-kt:coil-compose:2.0.0) with ExtractAarTransform
Transforming coil-compose-2.0.0.aar (io.coil-kt:coil-compose:2.0.0) with AarTransform
Caching disabled for AarTransform: ~/.gradle/caches/transforms-3/94cab073bb099116bcdf05d4c23f20c8/transformed/jetified-viewbinding-7.4.2 because:
  Build cache is disabled
Skipping AarTransform: ~/.gradle/caches/transforms-3/94cab073bb099116bcdf05d4c23f20c8/transformed/jetified-viewbinding-7.4.2 as it is up-to-date.
Transforming coil-compose-base-2.0.0.aar (io.coil-kt:coil-compose-base:2.0.0) with JetifyTransform
Transforming coil-compose-base-2.0.0.aar (io.coil-kt:coil-compose-base:2.0.0) with ExtractAarTransform
Transforming coil-compose-base-2.0.0.aar (io.coil-kt:coil-compose-base:2.0.0) with AarTransform
Transforming coil-2.0.0.aar (io.coil-kt:coil:2.0.0) with JetifyTransform
Transforming coil-2.0.0.aar (io.coil-kt:coil:2.0.0) with ExtractAarTransform
Caching disabled for AarTransform: ~/.gradle/caches/transforms-3/bf8e33f871994f40a9487e20a975ed66/transformed/jetified-accompanist-systemuicontroller-0.23.0 because:
  Build cache is disabled
Skipping AarTransform: ~/.gradle/caches/transforms-3/bf8e33f871994f40a9487e20a975ed66/transformed/jetified-accompanist-systemuicontroller-0.23.0 as it is up-to-date.
Transforming coil-2.0.0.aar (io.coil-kt:coil:2.0.0) with AarTransform
Transforming coil-base-2.0.0.aar (io.coil-kt:coil-base:2.0.0) with JetifyTransform
Transforming coil-base-2.0.0.aar (io.coil-kt:coil-base:2.0.0) with ExtractAarTransform
Transforming coil-base-2.0.0.aar (io.coil-kt:coil-base:2.0.0) with AarTransform
Transforming msal-6.2.0.aar (com.microsoft.identity.client:msal:6.2.0) with JetifyTransform
Transforming msal-6.2.0.aar (com.microsoft.identity.client:msal:6.2.0) with ExtractAarTransform
Transforming msal-6.2.0.aar (com.microsoft.identity.client:msal:6.2.0) with AarTransform
Transforming common-21.4.0.aar (com.microsoft.identity:common:21.4.0) with JetifyTransform
Transforming common-21.4.0.aar (com.microsoft.identity:common:21.4.0) with ExtractAarTransform
Transforming common-21.4.0.aar (com.microsoft.identity:common:21.4.0) with AarTransform
Transforming accompanist-drawablepainter-0.23.1.aar (com.google.accompanist:accompanist-drawablepainter:0.23.1) with JetifyTransform
Transforming accompanist-drawablepainter-0.23.1.aar (com.google.accompanist:accompanist-drawablepainter:0.23.1) with ExtractAarTransform
Transforming accompanist-drawablepainter-0.23.1.aar (com.google.accompanist:accompanist-drawablepainter:0.23.1) with AarTransform
Transforming credentials-1.2.2.aar (androidx.credentials:credentials:1.2.2) with JetifyTransform
Transforming credentials-1.2.2.aar (androidx.credentials:credentials:1.2.2) with ExtractAarTransform
Caching disabled for AarTransform: ~/.gradle/caches/transforms-3/4a16392ea9d502c6cfaf958d501f7b5c/transformed/jetified-coil-compose-2.0.0 because:
  Build cache is disabled
Skipping AarTransform: ~/.gradle/caches/transforms-3/4a16392ea9d502c6cfaf958d501f7b5c/transformed/jetified-coil-compose-2.0.0 as it is up-to-date.
Transforming credentials-1.2.2.aar (androidx.credentials:credentials:1.2.2) with AarTransform
Transforming credentials-1.2.2.aar (androidx.credentials:credentials:1.2.2) with JetifyTransform
Transforming credentials-1.2.2.aar (androidx.credentials:credentials:1.2.2) with ExtractAarTransform
Transforming credentials-1.2.2.aar (androidx.credentials:credentials:1.2.2) with AarTransform
Transforming credentials-play-services-auth-1.2.2.aar (androidx.credentials:credentials-play-services-auth:1.2.2) with JetifyTransform
Transforming credentials-play-services-auth-1.2.2.aar (androidx.credentials:credentials-play-services-auth:1.2.2) with ExtractAarTransform
Transforming credentials-play-services-auth-1.2.2.aar (androidx.credentials:credentials-play-services-auth:1.2.2) with AarTransform
Transforming googleid-1.1.0.aar (com.google.android.libraries.identity.googleid:googleid:1.1.0) with JetifyTransform
Transforming googleid-1.1.0.aar (com.google.android.libraries.identity.googleid:googleid:1.1.0) with ExtractAarTransform
Transforming googleid-1.1.0.aar (com.google.android.libraries.identity.googleid:googleid:1.1.0) with AarTransform
Transforming work-runtime-ktx-2.8.1.aar (androidx.work:work-runtime-ktx:2.8.1) with JetifyTransform
Transforming work-runtime-ktx-2.8.1.aar (androidx.work:work-runtime-ktx:2.8.1) with ExtractAarTransform
Transforming work-runtime-ktx-2.8.1.aar (androidx.work:work-runtime-ktx:2.8.1) with AarTransform
Transforming navigation-common-2.7.0.aar (androidx.navigation:navigation-common:2.7.0) with JetifyTransform
Transforming navigation-common-2.7.0.aar (androidx.navigation:navigation-common:2.7.0) with ExtractAarTransform
Transforming navigation-common-2.7.0.aar (androidx.navigation:navigation-common:2.7.0) with AarTransform
Caching disabled for AarTransform: ~/.gradle/caches/transforms-3/eaf4160b542b0499b6b73f7db65252d7/transformed/jetified-coil-compose-base-2.0.0 because:
  Build cache is disabled
Skipping AarTransform: ~/.gradle/caches/transforms-3/eaf4160b542b0499b6b73f7db65252d7/transformed/jetified-coil-compose-base-2.0.0 as it is up-to-date.
Transforming navigation-runtime-2.7.0.aar (androidx.navigation:navigation-runtime:2.7.0) with JetifyTransform
Transforming navigation-runtime-2.7.0.aar (androidx.navigation:navigation-runtime:2.7.0) with ExtractAarTransform
Transforming navigation-runtime-2.7.0.aar (androidx.navigation:navigation-runtime:2.7.0) with AarTransform
Transforming navigation-common-ktx-2.7.0.aar (androidx.navigation:navigation-common-ktx:2.7.0) with JetifyTransform
Transforming navigation-common-ktx-2.7.0.aar (androidx.navigation:navigation-common-ktx:2.7.0) with ExtractAarTransform
Transforming navigation-common-ktx-2.7.0.aar (androidx.navigation:navigation-common-ktx:2.7.0) with AarTransform
Transforming navigation-runtime-ktx-2.7.0.aar (androidx.navigation:navigation-runtime-ktx:2.7.0) with JetifyTransform
Transforming navigation-runtime-ktx-2.7.0.aar (androidx.navigation:navigation-runtime-ktx:2.7.0) with ExtractAarTransform
Transforming navigation-runtime-ktx-2.7.0.aar (androidx.navigation:navigation-runtime-ktx:2.7.0) with AarTransform
Transforming navigation-compose-2.7.0.aar (androidx.navigation:navigation-compose:2.7.0) with JetifyTransform
Transforming navigation-compose-2.7.0.aar (androidx.navigation:navigation-compose:2.7.0) with ExtractAarTransform
Transforming navigation-compose-2.7.0.aar (androidx.navigation:navigation-compose:2.7.0) with AarTransform
Transforming constraintlayout-2.1.3.aar (androidx.constraintlayout:constraintlayout:2.1.3) with JetifyTransform
Transforming constraintlayout-2.1.3.aar (androidx.constraintlayout:constraintlayout:2.1.3) with ExtractAarTransform
Transforming constraintlayout-2.1.3.aar (androidx.constraintlayout:constraintlayout:2.1.3) with AarTransform
Transforming material-1.2.0.aar (com.google.android.material:material:1.2.0) with JetifyTransform
Transforming material-1.2.0.aar (com.google.android.material:material:1.2.0) with ExtractAarTransform
Transforming material-1.2.0.aar (com.google.android.material:material:1.2.0) with AarTransform
Transforming appcompat-resources-1.6.1.aar (androidx.appcompat:appcompat-resources:1.6.1) with JetifyTransform
Transforming appcompat-resources-1.6.1.aar (androidx.appcompat:appcompat-resources:1.6.1) with ExtractAarTransform
Caching disabled for AarTransform: ~/.gradle/caches/transforms-3/6ba5227b30be8ace71f45008339a7641/transformed/jetified-accompanist-drawablepainter-0.23.1 because:
  Build cache is disabled
Caching disabled for AarTransform: ~/.gradle/caches/transforms-3/93778559c8409c7dbf0caaa1b2d252ac/transformed/jetified-coil-2.0.0 because:
  Build cache is disabled
Skipping AarTransform: ~/.gradle/caches/transforms-3/93778559c8409c7dbf0caaa1b2d252ac/transformed/jetified-coil-2.0.0 as it is up-to-date.
Skipping AarTransform: ~/.gradle/caches/transforms-3/6ba5227b30be8ace71f45008339a7641/transformed/jetified-accompanist-drawablepainter-0.23.1 as it is up-to-date.
Caching disabled for AarTransform: ~/.gradle/caches/transforms-3/db0a4a75452c37002f2b2876252588df/transformed/navigation-common-2.7.0 because:
  Build cache is disabled
Skipping AarTransform: ~/.gradle/caches/transforms-3/db0a4a75452c37002f2b2876252588df/transformed/navigation-common-2.7.0 as it is up-to-date.
Transforming appcompat-resources-1.6.1.aar (androidx.appcompat:appcompat-resources:1.6.1) with AarTransform
Transforming appcompat-1.6.1.aar (androidx.appcompat:appcompat:1.6.1) with JetifyTransform
Transforming appcompat-1.6.1.aar (androidx.appcompat:appcompat:1.6.1) with ExtractAarTransform
Transforming appcompat-1.6.1.aar (androidx.appcompat:appcompat:1.6.1) with AarTransform
Transforming material3-window-size-class-release.aar (androidx.compose.material3:material3-window-size-class-android:1.2.0) with JetifyTransform
Transforming material3-window-size-class-release.aar (androidx.compose.material3:material3-window-size-class-android:1.2.0) with ExtractAarTransform
Transforming material3-window-size-class-release.aar (androidx.compose.material3:material3-window-size-class-android:1.2.0) with AarTransform
Transforming material3-release.aar (androidx.compose.material3:material3-android:1.2.0) with JetifyTransform
Transforming material3-release.aar (androidx.compose.material3:material3-android:1.2.0) with ExtractAarTransform
Transforming material3-release.aar (androidx.compose.material3:material3-android:1.2.0) with AarTransform
Transforming glide-4.11.0.aar (com.github.bumptech.glide:glide:4.11.0) with JetifyTransform
Transforming glide-4.11.0.aar (com.github.bumptech.glide:glide:4.11.0) with ExtractAarTransform
Transforming glide-4.11.0.aar (com.github.bumptech.glide:glide:4.11.0) with AarTransform
Transforming viewpager2-1.0.0.aar (androidx.viewpager2:viewpager2:1.0.0) with JetifyTransform
Transforming viewpager2-1.0.0.aar (androidx.viewpager2:viewpager2:1.0.0) with ExtractAarTransform
Transforming viewpager2-1.0.0.aar (androidx.viewpager2:viewpager2:1.0.0) with AarTransform
Caching disabled for AarTransform: ~/.gradle/caches/transforms-3/66a760f6e63c09010c25a975f2158b0f/transformed/navigation-runtime-ktx-2.7.0 because:
  Build cache is disabled
Skipping AarTransform: ~/.gradle/caches/transforms-3/66a760f6e63c09010c25a975f2158b0f/transformed/navigation-runtime-ktx-2.7.0 as it is up-to-date.
Transforming play-services-auth-20.7.0.aar (com.google.android.gms:play-services-auth:20.7.0) with JetifyTransform
Transforming play-services-auth-20.7.0.aar (com.google.android.gms:play-services-auth:20.7.0) with ExtractAarTransform
Transforming play-services-auth-20.7.0.aar (com.google.android.gms:play-services-auth:20.7.0) with AarTransform
Transforming play-services-fido-20.1.0.aar (com.google.android.gms:play-services-fido:20.1.0) with JetifyTransform
Transforming play-services-fido-20.1.0.aar (com.google.android.gms:play-services-fido:20.1.0) with ExtractAarTransform
Transforming play-services-fido-20.1.0.aar (com.google.android.gms:play-services-fido:20.1.0) with AarTransform
Transforming play-services-fido-20.1.0.aar (com.google.android.gms:play-services-fido:20.1.0) with JetifyTransform
Transforming play-services-fido-20.1.0.aar (com.google.android.gms:play-services-fido:20.1.0) with ExtractAarTransform
Transforming play-services-fido-20.1.0.aar (com.google.android.gms:play-services-fido:20.1.0) with AarTransform
Transforming play-services-auth-api-phone-18.0.1.aar (com.google.android.gms:play-services-auth-api-phone:18.0.1) with JetifyTransform
Transforming play-services-auth-api-phone-18.0.1.aar (com.google.android.gms:play-services-auth-api-phone:18.0.1) with ExtractAarTransform
Caching disabled for AarTransform: ~/.gradle/caches/transforms-3/2255a581edd9e694cdd5fc201e351b32/transformed/jetified-navigation-compose-2.7.0 because:
  Build cache is disabled
Transforming play-services-auth-api-phone-18.0.1.aar (com.google.android.gms:play-services-auth-api-phone:18.0.1) with AarTransform
Transforming play-services-auth-base-18.0.4.aar (com.google.android.gms:play-services-auth-base:18.0.4) with JetifyTransform
Skipping AarTransform: ~/.gradle/caches/transforms-3/2255a581edd9e694cdd5fc201e351b32/transformed/jetified-navigation-compose-2.7.0 as it is up-to-date.
Caching disabled for AarTransform: ~/.gradle/caches/transforms-3/9d078f321e9c9b40b737fbfeda2c24d6/transformed/constraintlayout-2.1.3 because:
  Build cache is disabled
Skipping AarTransform: ~/.gradle/caches/transforms-3/9d078f321e9c9b40b737fbfeda2c24d6/transformed/constraintlayout-2.1.3 as it is up-to-date.
Transforming play-services-auth-base-18.0.4.aar (com.google.android.gms:play-services-auth-base:18.0.4) with ExtractAarTransform
Transforming play-services-auth-base-18.0.4.aar (com.google.android.gms:play-services-auth-base:18.0.4) with AarTransform
Transforming play-services-base-18.0.1.aar (com.google.android.gms:play-services-base:18.0.1) with JetifyTransform
Transforming play-services-base-18.0.1.aar (com.google.android.gms:play-services-base:18.0.1) with ExtractAarTransform
Transforming play-services-base-18.0.1.aar (com.google.android.gms:play-services-base:18.0.1) with AarTransform
Transforming play-services-base-18.0.1.aar (com.google.android.gms:play-services-base:18.0.1) with JetifyTransform
Transforming play-services-base-18.0.1.aar (com.google.android.gms:play-services-base:18.0.1) with ExtractAarTransform
Transforming play-services-base-18.0.1.aar (com.google.android.gms:play-services-base:18.0.1) with AarTransform
Transforming play-services-base-18.0.1.aar (com.google.android.gms:play-services-base:18.0.1) with JetifyTransform
Transforming play-services-base-18.0.1.aar (com.google.android.gms:play-services-base:18.0.1) with ExtractAarTransform
Transforming play-services-base-18.0.1.aar (com.google.android.gms:play-services-base:18.0.1) with AarTransform
Transforming play-services-base-18.0.1.aar (com.google.android.gms:play-services-base:18.0.1) with JetifyTransform
Transforming play-services-base-18.0.1.aar (com.google.android.gms:play-services-base:18.0.1) with ExtractAarTransform
Transforming play-services-base-18.0.1.aar (com.google.android.gms:play-services-base:18.0.1) with AarTransform
Transforming play-services-tasks-18.0.1.aar (com.google.android.gms:play-services-tasks:18.0.1) with JetifyTransform
Transforming play-services-tasks-18.0.1.aar (com.google.android.gms:play-services-tasks:18.0.1) with ExtractAarTransform
Transforming play-services-tasks-18.0.1.aar (com.google.android.gms:play-services-tasks:18.0.1) with AarTransform
Caching disabled for AarTransform: ~/.gradle/caches/transforms-3/66f77465e979a17d511311b5910b38ae/transformed/jetified-play-services-auth-20.7.0 because:
  Build cache is disabled
Skipping AarTransform: ~/.gradle/caches/transforms-3/66f77465e979a17d511311b5910b38ae/transformed/jetified-play-services-auth-20.7.0 as it is up-to-date.
Transforming play-services-tasks-18.0.1.aar (com.google.android.gms:play-services-tasks:18.0.1) with JetifyTransform
Transforming play-services-tasks-18.0.1.aar (com.google.android.gms:play-services-tasks:18.0.1) with ExtractAarTransform
Transforming play-services-tasks-18.0.1.aar (com.google.android.gms:play-services-tasks:18.0.1) with AarTransform
Transforming play-services-tasks-18.0.1.aar (com.google.android.gms:play-services-tasks:18.0.1) with JetifyTransform
Transforming play-services-tasks-18.0.1.aar (com.google.android.gms:play-services-tasks:18.0.1) with ExtractAarTransform
Caching disabled for AarTransform: ~/.gradle/caches/transforms-3/3c5a8b745dd1c9841f3eb1e5f8227414/transformed/jetified-play-services-fido-20.1.0 because:
  Build cache is disabled
Skipping AarTransform: ~/.gradle/caches/transforms-3/3c5a8b745dd1c9841f3eb1e5f8227414/transformed/jetified-play-services-fido-20.1.0 as it is up-to-date.
Transforming play-services-tasks-18.0.1.aar (com.google.android.gms:play-services-tasks:18.0.1) with AarTransform
Transforming play-services-tasks-18.0.1.aar (com.google.android.gms:play-services-tasks:18.0.1) with JetifyTransform
Transforming play-services-tasks-18.0.1.aar (com.google.android.gms:play-services-tasks:18.0.1) with ExtractAarTransform
Transforming play-services-tasks-18.0.1.aar (com.google.android.gms:play-services-tasks:18.0.1) with AarTransform
Transforming play-services-tasks-18.0.1.aar (com.google.android.gms:play-services-tasks:18.0.1) with JetifyTransform
Transforming play-services-tasks-18.0.1.aar (com.google.android.gms:play-services-tasks:18.0.1) with ExtractAarTransform
Transforming play-services-tasks-18.0.1.aar (com.google.android.gms:play-services-tasks:18.0.1) with AarTransform
Transforming play-services-basement-18.2.0.aar (com.google.android.gms:play-services-basement:18.2.0) with JetifyTransform
Transforming play-services-basement-18.2.0.aar (com.google.android.gms:play-services-basement:18.2.0) with ExtractAarTransform
Transforming play-services-basement-18.2.0.aar (com.google.android.gms:play-services-basement:18.2.0) with AarTransform
Transforming play-services-basement-18.2.0.aar (com.google.android.gms:play-services-basement:18.2.0) with JetifyTransform
Transforming play-services-basement-18.2.0.aar (com.google.android.gms:play-services-basement:18.2.0) with ExtractAarTransform
Transforming play-services-basement-18.2.0.aar (com.google.android.gms:play-services-basement:18.2.0) with AarTransform
Transforming play-services-basement-18.2.0.aar (com.google.android.gms:play-services-basement:18.2.0) with JetifyTransform
Transforming play-services-basement-18.2.0.aar (com.google.android.gms:play-services-basement:18.2.0) with ExtractAarTransform
Transforming play-services-basement-18.2.0.aar (com.google.android.gms:play-services-basement:18.2.0) with AarTransform
Transforming play-services-basement-18.2.0.aar (com.google.android.gms:play-services-basement:18.2.0) with JetifyTransform
Transforming play-services-basement-18.2.0.aar (com.google.android.gms:play-services-basement:18.2.0) with ExtractAarTransform
Caching disabled for AarTransform: ~/.gradle/caches/transforms-3/90ed19349c73e3a702f875e3ee32cf3e/transformed/jetified-play-services-auth-api-phone-18.0.1 because:
  Build cache is disabled
Skipping AarTransform: ~/.gradle/caches/transforms-3/90ed19349c73e3a702f875e3ee32cf3e/transformed/jetified-play-services-auth-api-phone-18.0.1 as it is up-to-date.
Caching disabled for AarTransform: ~/.gradle/caches/transforms-3/f2c612e0fb1a97a99a863e39f5508a21/transformed/jetified-play-services-tasks-18.0.1 because:
  Build cache is disabled
Skipping AarTransform: ~/.gradle/caches/transforms-3/f2c612e0fb1a97a99a863e39f5508a21/transformed/jetified-play-services-tasks-18.0.1 as it is up-to-date.
Transforming play-services-basement-18.2.0.aar (com.google.android.gms:play-services-basement:18.2.0) with AarTransform
Transforming play-services-basement-18.2.0.aar (com.google.android.gms:play-services-basement:18.2.0) with JetifyTransform
Transforming play-services-basement-18.2.0.aar (com.google.android.gms:play-services-basement:18.2.0) with ExtractAarTransform
Transforming play-services-basement-18.2.0.aar (com.google.android.gms:play-services-basement:18.2.0) with AarTransform
Transforming play-services-basement-18.2.0.aar (com.google.android.gms:play-services-basement:18.2.0) with JetifyTransform
Transforming play-services-basement-18.2.0.aar (com.google.android.gms:play-services-basement:18.2.0) with ExtractAarTransform
Transforming play-services-basement-18.2.0.aar (com.google.android.gms:play-services-basement:18.2.0) with AarTransform
Transforming fragment-1.3.6.aar (androidx.fragment:fragment:1.3.6) with JetifyTransform
Transforming fragment-1.3.6.aar (androidx.fragment:fragment:1.3.6) with ExtractAarTransform
Transforming fragment-1.3.6.aar (androidx.fragment:fragment:1.3.6) with AarTransform
Transforming fragment-1.3.6.aar (androidx.fragment:fragment:1.3.6) with JetifyTransform
Transforming fragment-1.3.6.aar (androidx.fragment:fragment:1.3.6) with ExtractAarTransform
Transforming fragment-1.3.6.aar (androidx.fragment:fragment:1.3.6) with AarTransform
Transforming fragment-1.3.6.aar (androidx.fragment:fragment:1.3.6) with JetifyTransform
Transforming fragment-1.3.6.aar (androidx.fragment:fragment:1.3.6) with ExtractAarTransform
Transforming fragment-1.3.6.aar (androidx.fragment:fragment:1.3.6) with AarTransform
Transforming fragment-1.3.6.aar (androidx.fragment:fragment:1.3.6) with JetifyTransform
Transforming fragment-1.3.6.aar (androidx.fragment:fragment:1.3.6) with ExtractAarTransform
Transforming fragment-1.3.6.aar (androidx.fragment:fragment:1.3.6) with AarTransform
Transforming fragment-1.3.6.aar (androidx.fragment:fragment:1.3.6) with JetifyTransform
Transforming fragment-1.3.6.aar (androidx.fragment:fragment:1.3.6) with ExtractAarTransform
Transforming fragment-1.3.6.aar (androidx.fragment:fragment:1.3.6) with AarTransform
Transforming browser-1.0.0.aar (androidx.browser:browser:1.0.0) with JetifyTransform
Transforming browser-1.0.0.aar (androidx.browser:browser:1.0.0) with ExtractAarTransform
Transforming browser-1.0.0.aar (androidx.browser:browser:1.0.0) with AarTransform
Transforming legacy-support-core-ui-1.0.0.aar (androidx.legacy:legacy-support-core-ui:1.0.0) with JetifyTransform
Transforming legacy-support-core-ui-1.0.0.aar (androidx.legacy:legacy-support-core-ui:1.0.0) with ExtractAarTransform
Transforming legacy-support-core-ui-1.0.0.aar (androidx.legacy:legacy-support-core-ui:1.0.0) with AarTransform
Transforming legacy-support-core-utils-1.0.0.aar (androidx.legacy:legacy-support-core-utils:1.0.0) with JetifyTransform
Transforming legacy-support-core-utils-1.0.0.aar (androidx.legacy:legacy-support-core-utils:1.0.0) with ExtractAarTransform
Transforming legacy-support-core-utils-1.0.0.aar (androidx.legacy:legacy-support-core-utils:1.0.0) with AarTransform
Transforming loader-1.0.0.aar (androidx.loader:loader:1.0.0) with JetifyTransform
Transforming loader-1.0.0.aar (androidx.loader:loader:1.0.0) with ExtractAarTransform
Transforming loader-1.0.0.aar (androidx.loader:loader:1.0.0) with AarTransform
Transforming loader-1.0.0.aar (androidx.loader:loader:1.0.0) with JetifyTransform
Transforming loader-1.0.0.aar (androidx.loader:loader:1.0.0) with ExtractAarTransform
Transforming loader-1.0.0.aar (androidx.loader:loader:1.0.0) with AarTransform
Transforming loader-1.0.0.aar (androidx.loader:loader:1.0.0) with JetifyTransform
Caching disabled for AarTransform: ~/.gradle/caches/transforms-3/fae7f0a32fa0484295f94dfaf9206b70/transformed/jetified-play-services-basement-18.2.0 because:
  Build cache is disabled
Skipping AarTransform: ~/.gradle/caches/transforms-3/fae7f0a32fa0484295f94dfaf9206b70/transformed/jetified-play-services-basement-18.2.0 as it is up-to-date.
Transforming loader-1.0.0.aar (androidx.loader:loader:1.0.0) with ExtractAarTransform
Transforming loader-1.0.0.aar (androidx.loader:loader:1.0.0) with AarTransform
Transforming material-release.aar (androidx.compose.material:material-android:1.6.1) with JetifyTransform
Transforming material-release.aar (androidx.compose.material:material-android:1.6.1) with ExtractAarTransform
Transforming material-release.aar (androidx.compose.material:material-android:1.6.1) with AarTransform
Transforming material-icons-core-release.aar (androidx.compose.material:material-icons-core-android:1.6.1) with JetifyTransform
Transforming material-icons-core-release.aar (androidx.compose.material:material-icons-core-android:1.6.1) with ExtractAarTransform
Transforming material-icons-core-release.aar (androidx.compose.material:material-icons-core-android:1.6.1) with AarTransform
Transforming material-ripple-release.aar (androidx.compose.material:material-ripple-android:1.6.1) with JetifyTransform
Transforming material-ripple-release.aar (androidx.compose.material:material-ripple-android:1.6.1) with ExtractAarTransform
Transforming material-ripple-release.aar (androidx.compose.material:material-ripple-android:1.6.1) with AarTransform
Transforming foundation-release.aar (androidx.compose.foundation:foundation-android:1.6.1) with JetifyTransform
Transforming foundation-release.aar (androidx.compose.foundation:foundation-android:1.6.1) with ExtractAarTransform
Transforming foundation-release.aar (androidx.compose.foundation:foundation-android:1.6.1) with AarTransform
Transforming foundation-layout-release.aar (androidx.compose.foundation:foundation-layout-android:1.6.1) with JetifyTransform
Transforming foundation-layout-release.aar (androidx.compose.foundation:foundation-layout-android:1.6.1) with ExtractAarTransform
Transforming foundation-layout-release.aar (androidx.compose.foundation:foundation-layout-android:1.6.1) with AarTransform
Transforming animation-core-release.aar (androidx.compose.animation:animation-core-android:1.6.1) with JetifyTransform
Transforming animation-core-release.aar (androidx.compose.animation:animation-core-android:1.6.1) with ExtractAarTransform
Transforming animation-core-release.aar (androidx.compose.animation:animation-core-android:1.6.1) with AarTransform
Transforming animation-release.aar (androidx.compose.animation:animation-android:1.6.1) with JetifyTransform
Transforming animation-release.aar (androidx.compose.animation:animation-android:1.6.1) with ExtractAarTransform
Transforming animation-release.aar (androidx.compose.animation:animation-android:1.6.1) with AarTransform
Transforming ui-tooling-data-release.aar (androidx.compose.ui:ui-tooling-data-android:1.6.1) with JetifyTransform
Transforming ui-tooling-data-release.aar (androidx.compose.ui:ui-tooling-data-android:1.6.1) with ExtractAarTransform
Transforming ui-tooling-data-release.aar (androidx.compose.ui:ui-tooling-data-android:1.6.1) with AarTransform
Transforming ui-geometry-release.aar (androidx.compose.ui:ui-geometry-android:1.6.1) with JetifyTransform
Transforming ui-geometry-release.aar (androidx.compose.ui:ui-geometry-android:1.6.1) with ExtractAarTransform
Transforming ui-geometry-release.aar (androidx.compose.ui:ui-geometry-android:1.6.1) with AarTransform
Transforming ui-unit-release.aar (androidx.compose.ui:ui-unit-android:1.6.1) with JetifyTransform
Transforming ui-unit-release.aar (androidx.compose.ui:ui-unit-android:1.6.1) with ExtractAarTransform
Caching disabled for AarTransform: ~/.gradle/caches/transforms-3/400dd26017d2e15e0dbda5406f9ef695/transformed/fragment-1.3.6 because:
  Build cache is disabled
Transforming ui-unit-release.aar (androidx.compose.ui:ui-unit-android:1.6.1) with AarTransform
Transforming ui-util-release.aar (androidx.compose.ui:ui-util-android:1.6.1) with JetifyTransform
Caching disabled for AarTransform: ~/.gradle/caches/transforms-3/902593fa1e00ea876e13c003ec91b9af/transformed/browser-1.0.0 because:
  Build cache is disabled
Transforming ui-util-release.aar (androidx.compose.ui:ui-util-android:1.6.1) with ExtractAarTransform
Transforming ui-util-release.aar (androidx.compose.ui:ui-util-android:1.6.1) with AarTransform
Skipping AarTransform: ~/.gradle/caches/transforms-3/902593fa1e00ea876e13c003ec91b9af/transformed/browser-1.0.0 as it is up-to-date.
Transforming ui-text-release.aar (androidx.compose.ui:ui-text-android:1.6.1) with JetifyTransform
Transforming ui-text-release.aar (androidx.compose.ui:ui-text-android:1.6.1) with ExtractAarTransform
Transforming ui-text-release.aar (androidx.compose.ui:ui-text-android:1.6.1) with AarTransform
Skipping AarTransform: ~/.gradle/caches/transforms-3/400dd26017d2e15e0dbda5406f9ef695/transformed/fragment-1.3.6 as it is up-to-date.
Caching disabled for AarTransform: ~/.gradle/caches/transforms-3/5fbf3876ecb0a88b7dcccdd061affe0a/transformed/loader-1.0.0 because:
  Build cache is disabled
Skipping AarTransform: ~/.gradle/caches/transforms-3/5fbf3876ecb0a88b7dcccdd061affe0a/transformed/loader-1.0.0 as it is up-to-date.
Transforming ui-graphics-release.aar (androidx.compose.ui:ui-graphics-android:1.6.1) with JetifyTransform
Transforming ui-graphics-release.aar (androidx.compose.ui:ui-graphics-android:1.6.1) with ExtractAarTransform
Transforming ui-graphics-release.aar (androidx.compose.ui:ui-graphics-android:1.6.1) with AarTransform
Transforming ui-tooling-preview-release.aar (androidx.compose.ui:ui-tooling-preview-android:1.6.1) with JetifyTransform
Transforming ui-tooling-preview-release.aar (androidx.compose.ui:ui-tooling-preview-android:1.6.1) with ExtractAarTransform
Transforming ui-tooling-preview-release.aar (androidx.compose.ui:ui-tooling-preview-android:1.6.1) with AarTransform
Transforming ui-tooling-release.aar (androidx.compose.ui:ui-tooling-android:1.6.1) with JetifyTransform
Transforming ui-tooling-release.aar (androidx.compose.ui:ui-tooling-android:1.6.1) with ExtractAarTransform
Transforming ui-tooling-release.aar (androidx.compose.ui:ui-tooling-android:1.6.1) with AarTransform
Transforming ui-test-manifest-1.6.1.aar (androidx.compose.ui:ui-test-manifest:1.6.1) with JetifyTransform
Transforming ui-test-manifest-1.6.1.aar (androidx.compose.ui:ui-test-manifest:1.6.1) with ExtractAarTransform
Transforming ui-test-manifest-1.6.1.aar (androidx.compose.ui:ui-test-manifest:1.6.1) with AarTransform
Transforming activity-1.7.1.aar (androidx.activity:activity:1.7.1) with JetifyTransform
Transforming activity-1.7.1.aar (androidx.activity:activity:1.7.1) with ExtractAarTransform
Transforming activity-1.7.1.aar (androidx.activity:activity:1.7.1) with AarTransform
Transforming activity-ktx-1.7.1.aar (androidx.activity:activity-ktx:1.7.1) with JetifyTransform
Transforming activity-ktx-1.7.1.aar (androidx.activity:activity-ktx:1.7.1) with ExtractAarTransform
Caching disabled for AarTransform: ~/.gradle/caches/transforms-3/cbf35b172e63244a7cdfbe0558057126/transformed/jetified-foundation-layout-release because:
  Build cache is disabled
Caching disabled for AarTransform: ~/.gradle/caches/transforms-3/b6c9f045fb2c75106aeba0d2cee3e5af/transformed/jetified-foundation-release because:
  Build cache is disabled
Skipping AarTransform: ~/.gradle/caches/transforms-3/cbf35b172e63244a7cdfbe0558057126/transformed/jetified-foundation-layout-release as it is up-to-date.
Skipping AarTransform: ~/.gradle/caches/transforms-3/b6c9f045fb2c75106aeba0d2cee3e5af/transformed/jetified-foundation-release as it is up-to-date.
Caching disabled for AarTransform: ~/.gradle/caches/transforms-3/86c6b512118f207b0af6c1bfd4dea297/transformed/jetified-material-ripple-release because:
  Build cache is disabled
Skipping AarTransform: ~/.gradle/caches/transforms-3/86c6b512118f207b0af6c1bfd4dea297/transformed/jetified-material-ripple-release as it is up-to-date.
Transforming activity-ktx-1.7.1.aar (androidx.activity:activity-ktx:1.7.1) with AarTransform
Transforming activity-compose-1.7.1.aar (androidx.activity:activity-compose:1.7.1) with JetifyTransform
Transforming activity-compose-1.7.1.aar (androidx.activity:activity-compose:1.7.1) with ExtractAarTransform
Transforming activity-compose-1.7.1.aar (androidx.activity:activity-compose:1.7.1) with AarTransform
Transforming ui-release.aar (androidx.compose.ui:ui-android:1.6.1) with JetifyTransform
Transforming ui-release.aar (androidx.compose.ui:ui-android:1.6.1) with ExtractAarTransform
Transforming ui-release.aar (androidx.compose.ui:ui-android:1.6.1) with AarTransform
Transforming savedstate-ktx-1.2.1.aar (androidx.savedstate:savedstate-ktx:1.2.1) with JetifyTransform
Transforming savedstate-ktx-1.2.1.aar (androidx.savedstate:savedstate-ktx:1.2.1) with ExtractAarTransform
Transforming savedstate-ktx-1.2.1.aar (androidx.savedstate:savedstate-ktx:1.2.1) with AarTransform
Transforming savedstate-1.2.1.aar (androidx.savedstate:savedstate:1.2.1) with JetifyTransform
Transforming savedstate-1.2.1.aar (androidx.savedstate:savedstate:1.2.1) with ExtractAarTransform
Transforming savedstate-1.2.1.aar (androidx.savedstate:savedstate:1.2.1) with AarTransform
Transforming work-runtime-2.8.1.aar (androidx.work:work-runtime:2.8.1) with JetifyTransform
Transforming work-runtime-2.8.1.aar (androidx.work:work-runtime:2.8.1) with ExtractAarTransform
Transforming work-runtime-2.8.1.aar (androidx.work:work-runtime:2.8.1) with AarTransform
Transforming emoji2-views-helper-1.3.0.aar (androidx.emoji2:emoji2-views-helper:1.3.0) with JetifyTransform
Transforming emoji2-views-helper-1.3.0.aar (androidx.emoji2:emoji2-views-helper:1.3.0) with ExtractAarTransform
Transforming emoji2-views-helper-1.3.0.aar (androidx.emoji2:emoji2-views-helper:1.3.0) with AarTransform
Transforming emoji2-1.3.0.aar (androidx.emoji2:emoji2:1.3.0) with JetifyTransform
Transforming emoji2-1.3.0.aar (androidx.emoji2:emoji2:1.3.0) with ExtractAarTransform
Transforming emoji2-1.3.0.aar (androidx.emoji2:emoji2:1.3.0) with AarTransform
Transforming lifecycle-process-2.6.1.aar (androidx.lifecycle:lifecycle-process:2.6.1) with JetifyTransform
Transforming lifecycle-process-2.6.1.aar (androidx.lifecycle:lifecycle-process:2.6.1) with ExtractAarTransform
Transforming lifecycle-process-2.6.1.aar (androidx.lifecycle:lifecycle-process:2.6.1) with AarTransform
Transforming lifecycle-service-2.6.1.aar (androidx.lifecycle:lifecycle-service:2.6.1) with JetifyTransform
Transforming lifecycle-service-2.6.1.aar (androidx.lifecycle:lifecycle-service:2.6.1) with ExtractAarTransform
Caching disabled for AarTransform: ~/.gradle/caches/transforms-3/e2595fb66819c09fd65ae4a9e519b50b/transformed/jetified-animation-core-release because:
  Build cache is disabled
Skipping AarTransform: ~/.gradle/caches/transforms-3/e2595fb66819c09fd65ae4a9e519b50b/transformed/jetified-animation-core-release as it is up-to-date.
Caching disabled for AarTransform: ~/.gradle/caches/transforms-3/b05fc11c0ba16ff3b6e03ce6d681b90d/transformed/jetified-animation-release because:
  Build cache is disabled
Skipping AarTransform: ~/.gradle/caches/transforms-3/b05fc11c0ba16ff3b6e03ce6d681b90d/transformed/jetified-animation-release as it is up-to-date.
Transforming lifecycle-service-2.6.1.aar (androidx.lifecycle:lifecycle-service:2.6.1) with AarTransform
Transforming lifecycle-livedata-2.6.1.aar (androidx.lifecycle:lifecycle-livedata:2.6.1) with JetifyTransform
Transforming lifecycle-livedata-2.6.1.aar (androidx.lifecycle:lifecycle-livedata:2.6.1) with ExtractAarTransform
Transforming lifecycle-livedata-2.6.1.aar (androidx.lifecycle:lifecycle-livedata:2.6.1) with AarTransform
Transforming lifecycle-livedata-2.6.1.aar (androidx.lifecycle:lifecycle-livedata:2.6.1) with JetifyTransform
Transforming lifecycle-livedata-2.6.1.aar (androidx.lifecycle:lifecycle-livedata:2.6.1) with ExtractAarTransform
Transforming lifecycle-livedata-2.6.1.aar (androidx.lifecycle:lifecycle-livedata:2.6.1) with AarTransform
Transforming lifecycle-livedata-core-2.6.1.aar (androidx.lifecycle:lifecycle-livedata-core:2.6.1) with JetifyTransform
Transforming lifecycle-livedata-core-2.6.1.aar (androidx.lifecycle:lifecycle-livedata-core:2.6.1) with ExtractAarTransform
Transforming lifecycle-livedata-core-2.6.1.aar (androidx.lifecycle:lifecycle-livedata-core:2.6.1) with AarTransform
Transforming lifecycle-viewmodel-2.6.1.aar (androidx.lifecycle:lifecycle-viewmodel:2.6.1) with JetifyTransform
Caching disabled for AarTransform: ~/.gradle/caches/transforms-3/1fb601fda73f4f605e8cd860ab2c7dff/transformed/jetified-ui-tooling-data-release because:
  Build cache is disabled
Skipping AarTransform: ~/.gradle/caches/transforms-3/1fb601fda73f4f605e8cd860ab2c7dff/transformed/jetified-ui-tooling-data-release as it is up-to-date.
Transforming lifecycle-viewmodel-2.6.1.aar (androidx.lifecycle:lifecycle-viewmodel:2.6.1) with ExtractAarTransform
Transforming lifecycle-viewmodel-2.6.1.aar (androidx.lifecycle:lifecycle-viewmodel:2.6.1) with AarTransform
Transforming lifecycle-viewmodel-2.6.1.aar (androidx.lifecycle:lifecycle-viewmodel:2.6.1) with JetifyTransform
Transforming lifecycle-viewmodel-2.6.1.aar (androidx.lifecycle:lifecycle-viewmodel:2.6.1) with ExtractAarTransform
Transforming lifecycle-viewmodel-2.6.1.aar (androidx.lifecycle:lifecycle-viewmodel:2.6.1) with AarTransform
Transforming lifecycle-viewmodel-savedstate-2.6.1.aar (androidx.lifecycle:lifecycle-viewmodel-savedstate:2.6.1) with JetifyTransform
Transforming lifecycle-viewmodel-savedstate-2.6.1.aar (androidx.lifecycle:lifecycle-viewmodel-savedstate:2.6.1) with ExtractAarTransform
Transforming lifecycle-viewmodel-savedstate-2.6.1.aar (androidx.lifecycle:lifecycle-viewmodel-savedstate:2.6.1) with AarTransform
Transforming lifecycle-runtime-ktx-2.6.1.aar (androidx.lifecycle:lifecycle-runtime-ktx:2.6.1) with JetifyTransform
Transforming lifecycle-runtime-ktx-2.6.1.aar (androidx.lifecycle:lifecycle-runtime-ktx:2.6.1) with ExtractAarTransform
Transforming lifecycle-runtime-ktx-2.6.1.aar (androidx.lifecycle:lifecycle-runtime-ktx:2.6.1) with AarTransform
Transforming recyclerview-1.3.0.aar (androidx.recyclerview:recyclerview:1.3.0) with JetifyTransform
Transforming recyclerview-1.3.0.aar (androidx.recyclerview:recyclerview:1.3.0) with ExtractAarTransform
Transforming recyclerview-1.3.0.aar (androidx.recyclerview:recyclerview:1.3.0) with AarTransform
Transforming recyclerview-1.3.0.aar (androidx.recyclerview:recyclerview:1.3.0) with JetifyTransform
Transforming recyclerview-1.3.0.aar (androidx.recyclerview:recyclerview:1.3.0) with ExtractAarTransform
Transforming recyclerview-1.3.0.aar (androidx.recyclerview:recyclerview:1.3.0) with AarTransform
Transforming drawerlayout-1.0.0.aar (androidx.drawerlayout:drawerlayout:1.0.0) with JetifyTransform
Transforming drawerlayout-1.0.0.aar (androidx.drawerlayout:drawerlayout:1.0.0) with ExtractAarTransform
Transforming drawerlayout-1.0.0.aar (androidx.drawerlayout:drawerlayout:1.0.0) with AarTransform
Transforming drawerlayout-1.0.0.aar (androidx.drawerlayout:drawerlayout:1.0.0) with JetifyTransform
Caching disabled for AarTransform: ~/.gradle/caches/transforms-3/d46d9e20913b2943a41edfbee6c3fc7b/transformed/jetified-ui-unit-release because:
  Build cache is disabled
Caching disabled for AarTransform: ~/.gradle/caches/transforms-3/9842a4d437c4539be4001127dcd9b65f/transformed/jetified-ui-geometry-release because:
  Build cache is disabled
Skipping AarTransform: ~/.gradle/caches/transforms-3/d46d9e20913b2943a41edfbee6c3fc7b/transformed/jetified-ui-unit-release as it is up-to-date.
Skipping AarTransform: ~/.gradle/caches/transforms-3/9842a4d437c4539be4001127dcd9b65f/transformed/jetified-ui-geometry-release as it is up-to-date.
Caching disabled for AarTransform: ~/.gradle/caches/transforms-3/3521de6b8848f9a8e2e8bf5a2173f78b/transformed/jetified-ui-util-release because:
  Build cache is disabled
Skipping AarTransform: ~/.gradle/caches/transforms-3/3521de6b8848f9a8e2e8bf5a2173f78b/transformed/jetified-ui-util-release as it is up-to-date.
Caching disabled for AarTransform: ~/.gradle/caches/transforms-3/84c5ee758d54ed8d39985183b5170d2f/transformed/jetified-ui-text-release because:
  Build cache is disabled
Transforming drawerlayout-1.0.0.aar (androidx.drawerlayout:drawerlayout:1.0.0) with ExtractAarTransform
Transforming drawerlayout-1.0.0.aar (androidx.drawerlayout:drawerlayout:1.0.0) with AarTransform
Transforming coordinatorlayout-1.1.0.aar (androidx.coordinatorlayout:coordinatorlayout:1.1.0) with JetifyTransform
Transforming coordinatorlayout-1.1.0.aar (androidx.coordinatorlayout:coordinatorlayout:1.1.0) with ExtractAarTransform
Transforming coordinatorlayout-1.1.0.aar (androidx.coordinatorlayout:coordinatorlayout:1.1.0) with AarTransform
Transforming coordinatorlayout-1.1.0.aar (androidx.coordinatorlayout:coordinatorlayout:1.1.0) with JetifyTransform
Transforming coordinatorlayout-1.1.0.aar (androidx.coordinatorlayout:coordinatorlayout:1.1.0) with ExtractAarTransform
Transforming coordinatorlayout-1.1.0.aar (androidx.coordinatorlayout:coordinatorlayout:1.1.0) with AarTransform
Transforming viewpager-1.0.0.aar (androidx.viewpager:viewpager:1.0.0) with JetifyTransform
Transforming viewpager-1.0.0.aar (androidx.viewpager:viewpager:1.0.0) with ExtractAarTransform
Transforming viewpager-1.0.0.aar (androidx.viewpager:viewpager:1.0.0) with AarTransform
Skipping AarTransform: ~/.gradle/caches/transforms-3/84c5ee758d54ed8d39985183b5170d2f/transformed/jetified-ui-text-release as it is up-to-date.
Transforming viewpager-1.0.0.aar (androidx.viewpager:viewpager:1.0.0) with JetifyTransform
Transforming viewpager-1.0.0.aar (androidx.viewpager:viewpager:1.0.0) with ExtractAarTransform
Transforming viewpager-1.0.0.aar (androidx.viewpager:viewpager:1.0.0) with AarTransform
Transforming slidingpanelayout-1.0.0.aar (androidx.slidingpanelayout:slidingpanelayout:1.0.0) with JetifyTransform
Transforming slidingpanelayout-1.0.0.aar (androidx.slidingpanelayout:slidingpanelayout:1.0.0) with ExtractAarTransform
Transforming slidingpanelayout-1.0.0.aar (androidx.slidingpanelayout:slidingpanelayout:1.0.0) with AarTransform
Transforming customview-1.0.0.aar (androidx.customview:customview:1.0.0) with JetifyTransform
Transforming customview-1.0.0.aar (androidx.customview:customview:1.0.0) with ExtractAarTransform
Transforming customview-1.0.0.aar (androidx.customview:customview:1.0.0) with AarTransform
Transforming customview-1.0.0.aar (androidx.customview:customview:1.0.0) with JetifyTransform
Transforming customview-1.0.0.aar (androidx.customview:customview:1.0.0) with ExtractAarTransform
Transforming customview-1.0.0.aar (androidx.customview:customview:1.0.0) with AarTransform
Transforming customview-1.0.0.aar (androidx.customview:customview:1.0.0) with JetifyTransform
Caching disabled for AarTransform: ~/.gradle/caches/transforms-3/7b45d49ace10fab82120de3e53646a9a/transformed/jetified-ui-graphics-release because:
  Build cache is disabled
Skipping AarTransform: ~/.gradle/caches/transforms-3/7b45d49ace10fab82120de3e53646a9a/transformed/jetified-ui-graphics-release as it is up-to-date.
Caching disabled for AarTransform: ~/.gradle/caches/transforms-3/7d4c28caa7e0fb3fe005a676364c2608/transformed/jetified-ui-tooling-preview-release because:
  Build cache is disabled
Skipping AarTransform: ~/.gradle/caches/transforms-3/7d4c28caa7e0fb3fe005a676364c2608/transformed/jetified-ui-tooling-preview-release as it is up-to-date.
Caching disabled for AarTransform: ~/.gradle/caches/transforms-3/732bf3fcca27485691548d213a69ce32/transformed/jetified-ui-tooling-release because:
  Build cache is disabled
Transforming customview-1.0.0.aar (androidx.customview:customview:1.0.0) with ExtractAarTransform
Skipping AarTransform: ~/.gradle/caches/transforms-3/732bf3fcca27485691548d213a69ce32/transformed/jetified-ui-tooling-release as it is up-to-date.
Transforming customview-1.0.0.aar (androidx.customview:customview:1.0.0) with AarTransform
Transforming customview-1.0.0.aar (androidx.customview:customview:1.0.0) with JetifyTransform
Transforming customview-1.0.0.aar (androidx.customview:customview:1.0.0) with ExtractAarTransform
Transforming customview-1.0.0.aar (androidx.customview:customview:1.0.0) with AarTransform
Transforming customview-1.0.0.aar (androidx.customview:customview:1.0.0) with JetifyTransform
Transforming customview-1.0.0.aar (androidx.customview:customview:1.0.0) with ExtractAarTransform
Transforming customview-1.0.0.aar (androidx.customview:customview:1.0.0) with AarTransform
Transforming customview-1.0.0.aar (androidx.customview:customview:1.0.0) with JetifyTransform
Transforming customview-1.0.0.aar (androidx.customview:customview:1.0.0) with ExtractAarTransform
Transforming customview-1.0.0.aar (androidx.customview:customview:1.0.0) with AarTransform
Transforming transition-1.2.0.aar (androidx.transition:transition:1.2.0) with JetifyTransform
Transforming transition-1.2.0.aar (androidx.transition:transition:1.2.0) with ExtractAarTransform
Transforming transition-1.2.0.aar (androidx.transition:transition:1.2.0) with AarTransform
Transforming vectordrawable-animated-1.1.0.aar (androidx.vectordrawable:vectordrawable-animated:1.1.0) with JetifyTransform
Transforming vectordrawable-animated-1.1.0.aar (androidx.vectordrawable:vectordrawable-animated:1.1.0) with ExtractAarTransform
Transforming vectordrawable-animated-1.1.0.aar (androidx.vectordrawable:vectordrawable-animated:1.1.0) with AarTransform
Transforming vectordrawable-1.1.0.aar (androidx.vectordrawable:vectordrawable:1.1.0) with JetifyTransform
Transforming vectordrawable-1.1.0.aar (androidx.vectordrawable:vectordrawable:1.1.0) with ExtractAarTransform
Transforming vectordrawable-1.1.0.aar (androidx.vectordrawable:vectordrawable:1.1.0) with AarTransform
Caching disabled for AarTransform: ~/.gradle/caches/transforms-3/f729480fa7330d4bf857441478e9cd70/transformed/jetified-activity-ktx-1.7.1 because:
  Build cache is disabled
Transforming vectordrawable-1.1.0.aar (androidx.vectordrawable:vectordrawable:1.1.0) with JetifyTransform
Transforming vectordrawable-1.1.0.aar (androidx.vectordrawable:vectordrawable:1.1.0) with ExtractAarTransform
Transforming vectordrawable-1.1.0.aar (androidx.vectordrawable:vectordrawable:1.1.0) with AarTransform
Skipping AarTransform: ~/.gradle/caches/transforms-3/f729480fa7330d4bf857441478e9cd70/transformed/jetified-activity-ktx-1.7.1 as it is up-to-date.
Transforming window-1.0.0.aar (androidx.window:window:1.0.0) with JetifyTransform
Transforming window-1.0.0.aar (androidx.window:window:1.0.0) with ExtractAarTransform
Transforming window-1.0.0.aar (androidx.window:window:1.0.0) with AarTransform
Transforming autofill-1.0.0.aar (androidx.autofill:autofill:1.0.0) with JetifyTransform
Transforming autofill-1.0.0.aar (androidx.autofill:autofill:1.0.0) with ExtractAarTransform
Transforming autofill-1.0.0.aar (androidx.autofill:autofill:1.0.0) with AarTransform
Transforming swiperefreshlayout-1.0.0.aar (androidx.swiperefreshlayout:swiperefreshlayout:1.0.0) with JetifyTransform
Transforming swiperefreshlayout-1.0.0.aar (androidx.swiperefreshlayout:swiperefreshlayout:1.0.0) with ExtractAarTransform
Caching disabled for AarTransform: ~/.gradle/caches/transforms-3/042e3e457431c3578cc10e80ca0e5c92/transformed/jetified-ui-test-manifest-1.6.1 because:
  Build cache is disabled
Skipping AarTransform: ~/.gradle/caches/transforms-3/042e3e457431c3578cc10e80ca0e5c92/transformed/jetified-ui-test-manifest-1.6.1 as it is up-to-date.
Caching disabled for AarTransform: ~/.gradle/caches/transforms-3/c2b1766b366bff151ea9bc1ce65f2b1b/transformed/jetified-activity-1.7.1 because:
  Build cache is disabled
Skipping AarTransform: ~/.gradle/caches/transforms-3/c2b1766b366bff151ea9bc1ce65f2b1b/transformed/jetified-activity-1.7.1 as it is up-to-date.
Transforming swiperefreshlayout-1.0.0.aar (androidx.swiperefreshlayout:swiperefreshlayout:1.0.0) with AarTransform
Transforming asynclayoutinflater-1.0.0.aar (androidx.asynclayoutinflater:asynclayoutinflater:1.0.0) with JetifyTransform
Transforming asynclayoutinflater-1.0.0.aar (androidx.asynclayoutinflater:asynclayoutinflater:1.0.0) with ExtractAarTransform
Transforming asynclayoutinflater-1.0.0.aar (androidx.asynclayoutinflater:asynclayoutinflater:1.0.0) with AarTransform
Transforming customview-poolingcontainer-1.0.0.aar (androidx.customview:customview-poolingcontainer:1.0.0) with JetifyTransform
Transforming customview-poolingcontainer-1.0.0.aar (androidx.customview:customview-poolingcontainer:1.0.0) with ExtractAarTransform
Transforming customview-poolingcontainer-1.0.0.aar (androidx.customview:customview-poolingcontainer:1.0.0) with AarTransform
Transforming core-ktx-1.12.0.aar (androidx.core:core-ktx:1.12.0) with JetifyTransform
Transforming core-ktx-1.12.0.aar (androidx.core:core-ktx:1.12.0) with ExtractAarTransform
Transforming core-ktx-1.12.0.aar (androidx.core:core-ktx:1.12.0) with AarTransform
Transforming core-1.12.0.aar (androidx.core:core:1.12.0) with JetifyTransform
Transforming core-1.12.0.aar (androidx.core:core:1.12.0) with ExtractAarTransform
Transforming core-1.12.0.aar (androidx.core:core:1.12.0) with AarTransform
Transforming core-1.12.0.aar (androidx.core:core:1.12.0) with JetifyTransform
Transforming core-1.12.0.aar (androidx.core:core:1.12.0) with ExtractAarTransform
Transforming core-1.12.0.aar (androidx.core:core:1.12.0) with AarTransform
Transforming core-1.12.0.aar (androidx.core:core:1.12.0) with JetifyTransform
Caching disabled for AarTransform: ~/.gradle/caches/transforms-3/ab0296bff53da0f4182c704c11538309/transformed/jetified-activity-compose-1.7.1 because:
  Build cache is disabled
Skipping AarTransform: ~/.gradle/caches/transforms-3/ab0296bff53da0f4182c704c11538309/transformed/jetified-activity-compose-1.7.1 as it is up-to-date.
Caching disabled for AarTransform: ~/.gradle/caches/transforms-3/5fd0882d1d7d05fb40249dc663fa1f47/transformed/jetified-savedstate-ktx-1.2.1 because:
  Build cache is disabled
Skipping AarTransform: ~/.gradle/caches/transforms-3/5fd0882d1d7d05fb40249dc663fa1f47/transformed/jetified-savedstate-ktx-1.2.1 as it is up-to-date.
Caching disabled for AarTransform: ~/.gradle/caches/transforms-3/5a6f203f5e7fed813839d1d9e35f7205/transformed/jetified-ui-release because:
  Build cache is disabled
Caching disabled for AarTransform: ~/.gradle/caches/transforms-3/2e6e16267dc010e44b77ac72a21bd80d/transformed/jetified-savedstate-1.2.1 because:
  Build cache is disabled
Transforming core-1.12.0.aar (androidx.core:core:1.12.0) with ExtractAarTransform
Skipping AarTransform: ~/.gradle/caches/transforms-3/2e6e16267dc010e44b77ac72a21bd80d/transformed/jetified-savedstate-1.2.1 as it is up-to-date.
Skipping AarTransform: ~/.gradle/caches/transforms-3/5a6f203f5e7fed813839d1d9e35f7205/transformed/jetified-ui-release as it is up-to-date.
Transforming core-1.12.0.aar (androidx.core:core:1.12.0) with AarTransform
Transforming core-1.12.0.aar (androidx.core:core:1.12.0) with JetifyTransform
Transforming core-1.12.0.aar (androidx.core:core:1.12.0) with ExtractAarTransform
Transforming core-1.12.0.aar (androidx.core:core:1.12.0) with AarTransform
Transforming core-1.12.0.aar (androidx.core:core:1.12.0) with JetifyTransform
Transforming core-1.12.0.aar (androidx.core:core:1.12.0) with ExtractAarTransform
Transforming core-1.12.0.aar (androidx.core:core:1.12.0) with AarTransform
Transforming core-1.12.0.aar (androidx.core:core:1.12.0) with JetifyTransform
Transforming core-1.12.0.aar (androidx.core:core:1.12.0) with ExtractAarTransform
Transforming core-1.12.0.aar (androidx.core:core:1.12.0) with AarTransform
Transforming core-1.12.0.aar (androidx.core:core:1.12.0) with JetifyTransform
Transforming core-1.12.0.aar (androidx.core:core:1.12.0) with ExtractAarTransform
Transforming core-1.12.0.aar (androidx.core:core:1.12.0) with AarTransform
Transforming core-1.12.0.aar (androidx.core:core:1.12.0) with JetifyTransform
Transforming core-1.12.0.aar (androidx.core:core:1.12.0) with ExtractAarTransform
Transforming core-1.12.0.aar (androidx.core:core:1.12.0) with AarTransform
Transforming core-1.12.0.aar (androidx.core:core:1.12.0) with JetifyTransform
Transforming core-1.12.0.aar (androidx.core:core:1.12.0) with ExtractAarTransform
Transforming core-1.12.0.aar (androidx.core:core:1.12.0) with AarTransform
Transforming core-1.12.0.aar (androidx.core:core:1.12.0) with JetifyTransform
Transforming core-1.12.0.aar (androidx.core:core:1.12.0) with ExtractAarTransform
Transforming core-1.12.0.aar (androidx.core:core:1.12.0) with AarTransform
Transforming core-1.12.0.aar (androidx.core:core:1.12.0) with JetifyTransform
Transforming core-1.12.0.aar (androidx.core:core:1.12.0) with ExtractAarTransform
Caching disabled for AarTransform: ~/.gradle/caches/transforms-3/52104321998f44c84e9432a9e863a757/transformed/work-runtime-2.8.1 because:
  Build cache is disabled
Skipping AarTransform: ~/.gradle/caches/transforms-3/52104321998f44c84e9432a9e863a757/transformed/work-runtime-2.8.1 as it is up-to-date.
Caching disabled for AarTransform: ~/.gradle/caches/transforms-3/7d4a3ead9931ebc23018330c682f58e1/transformed/jetified-emoji2-views-helper-1.3.0 because:
  Build cache is disabled
Skipping AarTransform: ~/.gradle/caches/transforms-3/7d4a3ead9931ebc23018330c682f58e1/transformed/jetified-emoji2-views-helper-1.3.0 as it is up-to-date.
Caching disabled for AarTransform: ~/.gradle/caches/transforms-3/cbe3b41e5ddfed288a93ecb397f38d58/transformed/jetified-emoji2-1.3.0 because:
  Build cache is disabled
Skipping AarTransform: ~/.gradle/caches/transforms-3/cbe3b41e5ddfed288a93ecb397f38d58/transformed/jetified-emoji2-1.3.0 as it is up-to-date.
Transforming core-1.12.0.aar (androidx.core:core:1.12.0) with AarTransform
Transforming core-1.12.0.aar (androidx.core:core:1.12.0) with JetifyTransform
Transforming core-1.12.0.aar (androidx.core:core:1.12.0) with ExtractAarTransform
Transforming core-1.12.0.aar (androidx.core:core:1.12.0) with AarTransform
Transforming core-1.12.0.aar (androidx.core:core:1.12.0) with JetifyTransform
Transforming core-1.12.0.aar (androidx.core:core:1.12.0) with ExtractAarTransform
Transforming core-1.12.0.aar (androidx.core:core:1.12.0) with AarTransform
Transforming core-1.12.0.aar (androidx.core:core:1.12.0) with JetifyTransform
Transforming core-1.12.0.aar (androidx.core:core:1.12.0) with ExtractAarTransform
Transforming core-1.12.0.aar (androidx.core:core:1.12.0) with AarTransform
Transforming core-1.12.0.aar (androidx.core:core:1.12.0) with JetifyTransform
Transforming core-1.12.0.aar (androidx.core:core:1.12.0) with ExtractAarTransform
Transforming core-1.12.0.aar (androidx.core:core:1.12.0) with AarTransform
Transforming core-1.12.0.aar (androidx.core:core:1.12.0) with JetifyTransform
Transforming core-1.12.0.aar (androidx.core:core:1.12.0) with ExtractAarTransform
Transforming core-1.12.0.aar (androidx.core:core:1.12.0) with AarTransform
Caching disabled for AarTransform: ~/.gradle/caches/transforms-3/5f61254bc809342fde7e4d99b9dc0bd6/transformed/jetified-lifecycle-service-2.6.1 because:
  Build cache is disabled
Transforming core-1.12.0.aar (androidx.core:core:1.12.0) with JetifyTransform
Transforming core-1.12.0.aar (androidx.core:core:1.12.0) with ExtractAarTransform
Skipping AarTransform: ~/.gradle/caches/transforms-3/5f61254bc809342fde7e4d99b9dc0bd6/transformed/jetified-lifecycle-service-2.6.1 as it is up-to-date.
Transforming core-1.12.0.aar (androidx.core:core:1.12.0) with AarTransform
Transforming core-1.12.0.aar (androidx.core:core:1.12.0) with JetifyTransform
Transforming core-1.12.0.aar (androidx.core:core:1.12.0) with ExtractAarTransform
Transforming core-1.12.0.aar (androidx.core:core:1.12.0) with AarTransform
Transforming lifecycle-runtime-2.6.1.aar (androidx.lifecycle:lifecycle-runtime:2.6.1) with JetifyTransform
Transforming lifecycle-runtime-2.6.1.aar (androidx.lifecycle:lifecycle-runtime:2.6.1) with ExtractAarTransform
Transforming lifecycle-runtime-2.6.1.aar (androidx.lifecycle:lifecycle-runtime:2.6.1) with AarTransform
Caching disabled for AarTransform: ~/.gradle/caches/transforms-3/1a1c4affc70b8f7d95ddcadfbd2a35e3/transformed/jetified-lifecycle-process-2.6.1 because:
  Build cache is disabled
Skipping AarTransform: ~/.gradle/caches/transforms-3/1a1c4affc70b8f7d95ddcadfbd2a35e3/transformed/jetified-lifecycle-process-2.6.1 as it is up-to-date.
Transforming lifecycle-viewmodel-compose-2.6.1.aar (androidx.lifecycle:lifecycle-viewmodel-compose:2.6.1) with JetifyTransform
Caching disabled for AarTransform: ~/.gradle/caches/transforms-3/4cdb49b0d47ca31fbe8f7e71a27210c2/transformed/lifecycle-livedata-2.6.1 because:
  Build cache is disabled
Transforming lifecycle-viewmodel-compose-2.6.1.aar (androidx.lifecycle:lifecycle-viewmodel-compose:2.6.1) with ExtractAarTransform
Transforming lifecycle-viewmodel-compose-2.6.1.aar (androidx.lifecycle:lifecycle-viewmodel-compose:2.6.1) with AarTransform
Skipping AarTransform: ~/.gradle/caches/transforms-3/4cdb49b0d47ca31fbe8f7e71a27210c2/transformed/lifecycle-livedata-2.6.1 as it is up-to-date.
Transforming lifecycle-viewmodel-ktx-2.6.1.aar (androidx.lifecycle:lifecycle-viewmodel-ktx:2.6.1) with JetifyTransform
Transforming lifecycle-viewmodel-ktx-2.6.1.aar (androidx.lifecycle:lifecycle-viewmodel-ktx:2.6.1) with ExtractAarTransform
Transforming lifecycle-viewmodel-ktx-2.6.1.aar (androidx.lifecycle:lifecycle-viewmodel-ktx:2.6.1) with AarTransform
Transforming runtime-saveable-release.aar (androidx.compose.runtime:runtime-saveable-android:1.6.1) with JetifyTransform
Transforming runtime-saveable-release.aar (androidx.compose.runtime:runtime-saveable-android:1.6.1) with ExtractAarTransform
Transforming runtime-saveable-release.aar (androidx.compose.runtime:runtime-saveable-android:1.6.1) with AarTransform
Transforming runtime-release.aar (androidx.compose.runtime:runtime-android:1.6.1) with JetifyTransform
Transforming runtime-release.aar (androidx.compose.runtime:runtime-android:1.6.1) with ExtractAarTransform
Transforming runtime-release.aar (androidx.compose.runtime:runtime-android:1.6.1) with AarTransform
Transforming datastore-preferences-1.0.0.aar (androidx.datastore:datastore-preferences:1.0.0) with JetifyTransform
Caching disabled for AarTransform: ~/.gradle/caches/transforms-3/98b62496db80c5f7334c63c8ef1594c6/transformed/lifecycle-livedata-core-2.6.1 because:
  Build cache is disabled
Skipping AarTransform: ~/.gradle/caches/transforms-3/98b62496db80c5f7334c63c8ef1594c6/transformed/lifecycle-livedata-core-2.6.1 as it is up-to-date.
Caching disabled for AarTransform: ~/.gradle/caches/transforms-3/b1c2f00c35df7bf87ac640531525b7b2/transformed/jetified-lifecycle-viewmodel-savedstate-2.6.1 because:
  Build cache is disabled
Skipping AarTransform: ~/.gradle/caches/transforms-3/b1c2f00c35df7bf87ac640531525b7b2/transformed/jetified-lifecycle-viewmodel-savedstate-2.6.1 as it is up-to-date.
Transforming datastore-preferences-1.0.0.aar (androidx.datastore:datastore-preferences:1.0.0) with ExtractAarTransform
Transforming datastore-preferences-1.0.0.aar (androidx.datastore:datastore-preferences:1.0.0) with AarTransform
Transforming datastore-1.0.0.aar (androidx.datastore:datastore:1.0.0) with JetifyTransform
Transforming datastore-1.0.0.aar (androidx.datastore:datastore:1.0.0) with ExtractAarTransform
Transforming datastore-1.0.0.aar (androidx.datastore:datastore:1.0.0) with AarTransform
Transforming room-runtime-2.5.0.aar (androidx.room:room-runtime:2.5.0) with JetifyTransform
Transforming room-runtime-2.5.0.aar (androidx.room:room-runtime:2.5.0) with ExtractAarTransform
Transforming room-runtime-2.5.0.aar (androidx.room:room-runtime:2.5.0) with AarTransform
Transforming documentfile-1.0.1.aar (androidx.documentfile:documentfile:1.0.1) with JetifyTransform
Caching disabled for AarTransform: ~/.gradle/caches/transforms-3/6e6fcd315d2914af4ad2cbb4faca5a8d/transformed/lifecycle-viewmodel-2.6.1 because:
  Build cache is disabled
Transforming documentfile-1.0.1.aar (androidx.documentfile:documentfile:1.0.1) with ExtractAarTransform
Transforming documentfile-1.0.1.aar (androidx.documentfile:documentfile:1.0.1) with AarTransform
Skipping AarTransform: ~/.gradle/caches/transforms-3/6e6fcd315d2914af4ad2cbb4faca5a8d/transformed/lifecycle-viewmodel-2.6.1 as it is up-to-date.
Transforming documentfile-1.0.1.aar (androidx.documentfile:documentfile:1.0.1) with JetifyTransform
Caching disabled for AarTransform: ~/.gradle/caches/transforms-3/ea37f1cdfe70b530b14333d13f4dfefd/transformed/jetified-lifecycle-runtime-ktx-2.6.1 because:
  Build cache is disabled
Transforming documentfile-1.0.1.aar (androidx.documentfile:documentfile:1.0.1) with ExtractAarTransform
Transforming documentfile-1.0.1.aar (androidx.documentfile:documentfile:1.0.1) with AarTransform
Skipping AarTransform: ~/.gradle/caches/transforms-3/ea37f1cdfe70b530b14333d13f4dfefd/transformed/jetified-lifecycle-runtime-ktx-2.6.1 as it is up-to-date.
Transforming security-crypto-1.1.0-alpha03.aar (androidx.security:security-crypto:1.1.0-alpha03) with JetifyTransform
Transforming security-crypto-1.1.0-alpha03.aar (androidx.security:security-crypto:1.1.0-alpha03) with ExtractAarTransform
Transforming security-crypto-1.1.0-alpha03.aar (androidx.security:security-crypto:1.1.0-alpha03) with AarTransform
Transforming cursoradapter-1.0.0.aar (androidx.cursoradapter:cursoradapter:1.0.0) with JetifyTransform
Transforming cursoradapter-1.0.0.aar (androidx.cursoradapter:cursoradapter:1.0.0) with ExtractAarTransform
Transforming cursoradapter-1.0.0.aar (androidx.cursoradapter:cursoradapter:1.0.0) with AarTransform
Transforming cursoradapter-1.0.0.aar (androidx.cursoradapter:cursoradapter:1.0.0) with JetifyTransform
Transforming cursoradapter-1.0.0.aar (androidx.cursoradapter:cursoradapter:1.0.0) with ExtractAarTransform
Transforming cursoradapter-1.0.0.aar (androidx.cursoradapter:cursoradapter:1.0.0) with AarTransform
Transforming cardview-1.0.0.aar (androidx.cardview:cardview:1.0.0) with JetifyTransform
Transforming cardview-1.0.0.aar (androidx.cardview:cardview:1.0.0) with ExtractAarTransform
Transforming cardview-1.0.0.aar (androidx.cardview:cardview:1.0.0) with AarTransform
Transforming gifdecoder-4.11.0.aar (com.github.bumptech.glide:gifdecoder:4.11.0) with JetifyTransform
Transforming gifdecoder-4.11.0.aar (com.github.bumptech.glide:gifdecoder:4.11.0) with ExtractAarTransform
Transforming gifdecoder-4.11.0.aar (com.github.bumptech.glide:gifdecoder:4.11.0) with AarTransform
Transforming interpolator-1.0.0.aar (androidx.interpolator:interpolator:1.0.0) with JetifyTransform
Transforming interpolator-1.0.0.aar (androidx.interpolator:interpolator:1.0.0) with ExtractAarTransform
Transforming interpolator-1.0.0.aar (androidx.interpolator:interpolator:1.0.0) with AarTransform
Caching disabled for AarTransform: ~/.gradle/caches/transforms-3/2b5b59ece6552c208019a847c09011bf/transformed/recyclerview-1.3.0 because:
  Build cache is disabled
Transforming interpolator-1.0.0.aar (androidx.interpolator:interpolator:1.0.0) with JetifyTransform
Transforming interpolator-1.0.0.aar (androidx.interpolator:interpolator:1.0.0) with ExtractAarTransform
Skipping AarTransform: ~/.gradle/caches/transforms-3/2b5b59ece6552c208019a847c09011bf/transformed/recyclerview-1.3.0 as it is up-to-date.
Transforming interpolator-1.0.0.aar (androidx.interpolator:interpolator:1.0.0) with AarTransform
Transforming interpolator-1.0.0.aar (androidx.interpolator:interpolator:1.0.0) with JetifyTransform
Transforming interpolator-1.0.0.aar (androidx.interpolator:interpolator:1.0.0) with ExtractAarTransform
Transforming interpolator-1.0.0.aar (androidx.interpolator:interpolator:1.0.0) with AarTransform
Transforming interpolator-1.0.0.aar (androidx.interpolator:interpolator:1.0.0) with JetifyTransform
Transforming interpolator-1.0.0.aar (androidx.interpolator:interpolator:1.0.0) with ExtractAarTransform
Transforming interpolator-1.0.0.aar (androidx.interpolator:interpolator:1.0.0) with AarTransform
Transforming interpolator-1.0.0.aar (androidx.interpolator:interpolator:1.0.0) with JetifyTransform
Transforming interpolator-1.0.0.aar (androidx.interpolator:interpolator:1.0.0) with ExtractAarTransform
Transforming interpolator-1.0.0.aar (androidx.interpolator:interpolator:1.0.0) with AarTransform
Transforming core-runtime-2.2.0.aar (androidx.arch.core:core-runtime:2.2.0) with JetifyTransform
Transforming core-runtime-2.2.0.aar (androidx.arch.core:core-runtime:2.2.0) with ExtractAarTransform
Transforming core-runtime-2.2.0.aar (androidx.arch.core:core-runtime:2.2.0) with AarTransform
Transforming profileinstaller-1.3.0.aar (androidx.profileinstaller:profileinstaller:1.3.0) with JetifyTransform
Caching disabled for AarTransform: ~/.gradle/caches/transforms-3/4091ae1981d7ed60785fe07ae06dd610/transformed/drawerlayout-1.0.0 because:
  Build cache is disabled
Skipping AarTransform: ~/.gradle/caches/transforms-3/4091ae1981d7ed60785fe07ae06dd610/transformed/drawerlayout-1.0.0 as it is up-to-date.
Transforming profileinstaller-1.3.0.aar (androidx.profileinstaller:profileinstaller:1.3.0) with ExtractAarTransform
Transforming profileinstaller-1.3.0.aar (androidx.profileinstaller:profileinstaller:1.3.0) with AarTransform
Transforming sqlite-framework-2.3.0.aar (androidx.sqlite:sqlite-framework:2.3.0) with JetifyTransform
Transforming sqlite-framework-2.3.0.aar (androidx.sqlite:sqlite-framework:2.3.0) with ExtractAarTransform
Transforming sqlite-framework-2.3.0.aar (androidx.sqlite:sqlite-framework:2.3.0) with AarTransform
Transforming versionedparcelable-1.1.1.aar (androidx.versionedparcelable:versionedparcelable:1.1.1) with JetifyTransform
Transforming versionedparcelable-1.1.1.aar (androidx.versionedparcelable:versionedparcelable:1.1.1) with ExtractAarTransform
Transforming versionedparcelable-1.1.1.aar (androidx.versionedparcelable:versionedparcelable:1.1.1) with AarTransform
Transforming startup-runtime-1.1.1.aar (androidx.startup:startup-runtime:1.1.1) with JetifyTransform
Transforming startup-runtime-1.1.1.aar (androidx.startup:startup-runtime:1.1.1) with ExtractAarTransform
Transforming startup-runtime-1.1.1.aar (androidx.startup:startup-runtime:1.1.1) with AarTransform
Transforming exifinterface-1.3.3.aar (androidx.exifinterface:exifinterface:1.3.3) with JetifyTransform
Transforming exifinterface-1.3.3.aar (androidx.exifinterface:exifinterface:1.3.3) with ExtractAarTransform
Transforming exifinterface-1.3.3.aar (androidx.exifinterface:exifinterface:1.3.3) with AarTransform
Transforming sqlite-2.3.0.aar (androidx.sqlite:sqlite:2.3.0) with JetifyTransform
Transforming sqlite-2.3.0.aar (androidx.sqlite:sqlite:2.3.0) with ExtractAarTransform
Transforming sqlite-2.3.0.aar (androidx.sqlite:sqlite:2.3.0) with AarTransform
Transforming tracing-1.0.0.aar (androidx.tracing:tracing:1.0.0) with JetifyTransform
Transforming tracing-1.0.0.aar (androidx.tracing:tracing:1.0.0) with ExtractAarTransform
Transforming tracing-1.0.0.aar (androidx.tracing:tracing:1.0.0) with AarTransform
Transforming localbroadcastmanager-1.0.0.aar (androidx.localbroadcastmanager:localbroadcastmanager:1.0.0) with JetifyTransform
Transforming localbroadcastmanager-1.0.0.aar (androidx.localbroadcastmanager:localbroadcastmanager:1.0.0) with ExtractAarTransform
Transforming localbroadcastmanager-1.0.0.aar (androidx.localbroadcastmanager:localbroadcastmanager:1.0.0) with AarTransform
Transforming print-1.0.0.aar (androidx.print:print:1.0.0) with JetifyTransform
Caching disabled for AarTransform: ~/.gradle/caches/transforms-3/b0f6f3bf4ed4099b387a119d6361ee2c/transformed/coordinatorlayout-1.1.0 because:
  Build cache is disabled
Transforming print-1.0.0.aar (androidx.print:print:1.0.0) with ExtractAarTransform
Transforming print-1.0.0.aar (androidx.print:print:1.0.0) with AarTransform
Transforming annotation-experimental-1.4.0.aar (androidx.annotation:annotation-experimental:1.4.0) with JetifyTransform
Transforming annotation-experimental-1.4.0.aar (androidx.annotation:annotation-experimental:1.4.0) with ExtractAarTransform
Transforming annotation-experimental-1.4.0.aar (androidx.annotation:annotation-experimental:1.4.0) with AarTransform
Skipping AarTransform: ~/.gradle/caches/transforms-3/b0f6f3bf4ed4099b387a119d6361ee2c/transformed/coordinatorlayout-1.1.0 as it is up-to-date.
Transforming android-2.5.0.aar (com.yubico.yubikit:android:2.5.0) with JetifyTransform
Transforming android-2.5.0.aar (com.yubico.yubikit:android:2.5.0) with ExtractAarTransform
Transforming android-2.5.0.aar (com.yubico.yubikit:android:2.5.0) with AarTransform
Caching disabled for AarTransform: ~/.gradle/caches/transforms-3/13c53372c38558e7012eae9655f785d8/transformed/viewpager-1.0.0 because:
  Build cache is disabled
Skipping AarTransform: ~/.gradle/caches/transforms-3/13c53372c38558e7012eae9655f785d8/transformed/viewpager-1.0.0 as it is up-to-date.
Caching disabled for AarTransform: ~/.gradle/caches/transforms-3/c9ac48e9f4f08ba22420df3489b43c0b/transformed/slidingpanelayout-1.0.0 because:
  Build cache is disabled
Skipping AarTransform: ~/.gradle/caches/transforms-3/c9ac48e9f4f08ba22420df3489b43c0b/transformed/slidingpanelayout-1.0.0 as it is up-to-date.
Caching disabled for AarTransform: ~/.gradle/caches/transforms-3/674afedd4adc863db6e27fb0dc6cd5f2/transformed/customview-1.0.0 because:
  Build cache is disabled
Skipping AarTransform: ~/.gradle/caches/transforms-3/674afedd4adc863db6e27fb0dc6cd5f2/transformed/customview-1.0.0 as it is up-to-date.
Caching disabled for AarTransform: ~/.gradle/caches/transforms-3/7632eae8281301dfe881ac645ed5b016/transformed/transition-1.2.0 because:
  Build cache is disabled
Skipping AarTransform: ~/.gradle/caches/transforms-3/7632eae8281301dfe881ac645ed5b016/transformed/transition-1.2.0 as it is up-to-date.
Caching disabled for AarTransform: ~/.gradle/caches/transforms-3/9b5817c3a92d7366c3231b0a6adc6bdc/transformed/vectordrawable-1.1.0 because:
  Build cache is disabled
Skipping AarTransform: ~/.gradle/caches/transforms-3/9b5817c3a92d7366c3231b0a6adc6bdc/transformed/vectordrawable-1.1.0 as it is up-to-date.
Caching disabled for AarTransform: ~/.gradle/caches/transforms-3/118a0cae2c4b44cec6097a60cd253593/transformed/vectordrawable-animated-1.1.0 because:
  Build cache is disabled
Skipping AarTransform: ~/.gradle/caches/transforms-3/118a0cae2c4b44cec6097a60cd253593/transformed/vectordrawable-animated-1.1.0 as it is up-to-date.
Caching disabled for AarTransform: ~/.gradle/caches/transforms-3/c168bdfce0b852075277c25af448ff71/transformed/jetified-window-1.0.0 because:
  Build cache is disabled
Skipping AarTransform: ~/.gradle/caches/transforms-3/c168bdfce0b852075277c25af448ff71/transformed/jetified-window-1.0.0 as it is up-to-date.
Caching disabled for AarTransform: ~/.gradle/caches/transforms-3/580ae2a1aa1989b013eb39607617f57b/transformed/jetified-autofill-1.0.0 because:
  Build cache is disabled
Skipping AarTransform: ~/.gradle/caches/transforms-3/580ae2a1aa1989b013eb39607617f57b/transformed/jetified-autofill-1.0.0 as it is up-to-date.
Caching disabled for AarTransform: ~/.gradle/caches/transforms-3/12ad9292926686a6f009320535c38240/transformed/swiperefreshlayout-1.0.0 because:
  Build cache is disabled
Skipping AarTransform: ~/.gradle/caches/transforms-3/12ad9292926686a6f009320535c38240/transformed/swiperefreshlayout-1.0.0 as it is up-to-date.
Caching disabled for AarTransform: ~/.gradle/caches/transforms-3/12a83c271ec221d1737fdd040cc60012/transformed/jetified-customview-poolingcontainer-1.0.0 because:
  Build cache is disabled
Skipping AarTransform: ~/.gradle/caches/transforms-3/12a83c271ec221d1737fdd040cc60012/transformed/jetified-customview-poolingcontainer-1.0.0 as it is up-to-date.
Caching disabled for AarTransform: ~/.gradle/caches/transforms-3/c1abece61dae1a21d2f3592e715f7295/transformed/asynclayoutinflater-1.0.0 because:
  Build cache is disabled
Skipping AarTransform: ~/.gradle/caches/transforms-3/c1abece61dae1a21d2f3592e715f7295/transformed/asynclayoutinflater-1.0.0 as it is up-to-date.
Caching disabled for AarTransform: ~/.gradle/caches/transforms-3/949fc41410247092c134eb3bd94f32ce/transformed/jetified-core-ktx-1.12.0 because:
  Build cache is disabled
Skipping AarTransform: ~/.gradle/caches/transforms-3/949fc41410247092c134eb3bd94f32ce/transformed/jetified-core-ktx-1.12.0 as it is up-to-date.
Caching disabled for AarTransform: ~/.gradle/caches/transforms-3/cceb94d81e4d8c63d43b8cad4df517ed/transformed/core-1.12.0 because:
  Build cache is disabled
Skipping AarTransform: ~/.gradle/caches/transforms-3/cceb94d81e4d8c63d43b8cad4df517ed/transformed/core-1.12.0 as it is up-to-date.
Caching disabled for AarTransform: ~/.gradle/caches/transforms-3/b000c700754713dc8e2803f1edacb360/transformed/lifecycle-runtime-2.6.1 because:
  Build cache is disabled
Skipping AarTransform: ~/.gradle/caches/transforms-3/b000c700754713dc8e2803f1edacb360/transformed/lifecycle-runtime-2.6.1 as it is up-to-date.
Caching disabled for AarTransform: ~/.gradle/caches/transforms-3/e9713df1858b49ad0683e30339f1fcbf/transformed/jetified-lifecycle-viewmodel-ktx-2.6.1 because:
  Build cache is disabled
Caching disabled for AarTransform: ~/.gradle/caches/transforms-3/eb7450c57b306cbb82121c0806cab720/transformed/jetified-lifecycle-viewmodel-compose-2.6.1 because:
  Build cache is disabled
Skipping AarTransform: ~/.gradle/caches/transforms-3/e9713df1858b49ad0683e30339f1fcbf/transformed/jetified-lifecycle-viewmodel-ktx-2.6.1 as it is up-to-date.
Skipping AarTransform: ~/.gradle/caches/transforms-3/eb7450c57b306cbb82121c0806cab720/transformed/jetified-lifecycle-viewmodel-compose-2.6.1 as it is up-to-date.
Caching disabled for AarTransform: ~/.gradle/caches/transforms-3/7f1e093fa79270458ef3640fc4e8a839/transformed/jetified-runtime-saveable-release because:
  Build cache is disabled
Skipping AarTransform: ~/.gradle/caches/transforms-3/7f1e093fa79270458ef3640fc4e8a839/transformed/jetified-runtime-saveable-release as it is up-to-date.
Caching disabled for AarTransform: ~/.gradle/caches/transforms-3/9b48c0ff091d6ce817371e99ad820b83/transformed/jetified-datastore-preferences-1.0.0 because:
  Build cache is disabled
Skipping AarTransform: ~/.gradle/caches/transforms-3/9b48c0ff091d6ce817371e99ad820b83/transformed/jetified-datastore-preferences-1.0.0 as it is up-to-date.
Caching disabled for AarTransform: ~/.gradle/caches/transforms-3/a625bd74c274bd3cfbd1753b62cf8fd3/transformed/jetified-runtime-release because:
  Build cache is disabled
Skipping AarTransform: ~/.gradle/caches/transforms-3/a625bd74c274bd3cfbd1753b62cf8fd3/transformed/jetified-runtime-release as it is up-to-date.
Caching disabled for AarTransform: ~/.gradle/caches/transforms-3/de6a55e483f993ea7168e29fbd28f33c/transformed/jetified-datastore-1.0.0 because:
  Build cache is disabled
Skipping AarTransform: ~/.gradle/caches/transforms-3/de6a55e483f993ea7168e29fbd28f33c/transformed/jetified-datastore-1.0.0 as it is up-to-date.
Caching disabled for AarTransform: ~/.gradle/caches/transforms-3/b2a1521e4152e0b34a7680a2d8b07346/transformed/documentfile-1.0.1 because:
  Build cache is disabled
Skipping AarTransform: ~/.gradle/caches/transforms-3/b2a1521e4152e0b34a7680a2d8b07346/transformed/documentfile-1.0.1 as it is up-to-date.
Caching disabled for AarTransform: ~/.gradle/caches/transforms-3/e20053a0a5aacac75533bfb9655cb504/transformed/room-runtime-2.5.0 because:
  Build cache is disabled
Skipping AarTransform: ~/.gradle/caches/transforms-3/e20053a0a5aacac75533bfb9655cb504/transformed/room-runtime-2.5.0 as it is up-to-date.
Caching disabled for AarTransform: ~/.gradle/caches/transforms-3/56bd582384ccdc7202015da1d0cac46f/transformed/jetified-security-crypto-1.1.0-alpha03 because:
  Build cache is disabled
Skipping AarTransform: ~/.gradle/caches/transforms-3/56bd582384ccdc7202015da1d0cac46f/transformed/jetified-security-crypto-1.1.0-alpha03 as it is up-to-date.
Caching disabled for AarTransform: ~/.gradle/caches/transforms-3/12300820f0d60b288a19d7ebf5066de8/transformed/cursoradapter-1.0.0 because:
  Build cache is disabled
Skipping AarTransform: ~/.gradle/caches/transforms-3/12300820f0d60b288a19d7ebf5066de8/transformed/cursoradapter-1.0.0 as it is up-to-date.
Caching disabled for AarTransform: ~/.gradle/caches/transforms-3/dcc90df5e29beb76e837b70cfc8a1b3a/transformed/cardview-1.0.0 because:
  Build cache is disabled
Skipping AarTransform: ~/.gradle/caches/transforms-3/dcc90df5e29beb76e837b70cfc8a1b3a/transformed/cardview-1.0.0 as it is up-to-date.
Caching disabled for AarTransform: ~/.gradle/caches/transforms-3/137175b3ff397a3ca8c7f030a9dc1e4b/transformed/jetified-gifdecoder-4.11.0 because:
  Build cache is disabled
Skipping AarTransform: ~/.gradle/caches/transforms-3/137175b3ff397a3ca8c7f030a9dc1e4b/transformed/jetified-gifdecoder-4.11.0 as it is up-to-date.
Caching disabled for AarTransform: ~/.gradle/caches/transforms-3/d41826fca4fd43026506b6eedd8999db/transformed/interpolator-1.0.0 because:
  Build cache is disabled
Skipping AarTransform: ~/.gradle/caches/transforms-3/d41826fca4fd43026506b6eedd8999db/transformed/interpolator-1.0.0 as it is up-to-date.
Caching disabled for AarTransform: ~/.gradle/caches/transforms-3/42d42e9fdc10b3a8efed0d75b71fafe6/transformed/core-runtime-2.2.0 because:
  Build cache is disabled
Skipping AarTransform: ~/.gradle/caches/transforms-3/42d42e9fdc10b3a8efed0d75b71fafe6/transformed/core-runtime-2.2.0 as it is up-to-date.
Caching disabled for AarTransform: ~/.gradle/caches/transforms-3/6b41cd243c6fb9e77bc51f77916faca1/transformed/sqlite-framework-2.3.0 because:
  Build cache is disabled
Skipping AarTransform: ~/.gradle/caches/transforms-3/6b41cd243c6fb9e77bc51f77916faca1/transformed/sqlite-framework-2.3.0 as it is up-to-date.
Caching disabled for AarTransform: ~/.gradle/caches/transforms-3/155663d16d0a0a2fe7a7ba743223ac03/transformed/jetified-startup-runtime-1.1.1 because:
  Build cache is disabled
Caching disabled for AarTransform: ~/.gradle/caches/transforms-3/6121addbf7f66609874aebfb23638732/transformed/jetified-profileinstaller-1.3.0 because:
  Build cache is disabled
Skipping AarTransform: ~/.gradle/caches/transforms-3/155663d16d0a0a2fe7a7ba743223ac03/transformed/jetified-startup-runtime-1.1.1 as it is up-to-date.
Skipping AarTransform: ~/.gradle/caches/transforms-3/6121addbf7f66609874aebfb23638732/transformed/jetified-profileinstaller-1.3.0 as it is up-to-date.
Caching disabled for AarTransform: ~/.gradle/caches/transforms-3/03f7efd144c869dc5e7d802beb82fc16/transformed/versionedparcelable-1.1.1 because:
  Build cache is disabled
Skipping AarTransform: ~/.gradle/caches/transforms-3/03f7efd144c869dc5e7d802beb82fc16/transformed/versionedparcelable-1.1.1 as it is up-to-date.
Caching disabled for AarTransform: ~/.gradle/caches/transforms-3/3bc6d5d8ff448b4e13035810680677de/transformed/jetified-tracing-1.0.0 because:
  Build cache is disabled
Skipping AarTransform: ~/.gradle/caches/transforms-3/3bc6d5d8ff448b4e13035810680677de/transformed/jetified-tracing-1.0.0 as it is up-to-date.
Caching disabled for AarTransform: ~/.gradle/caches/transforms-3/72dad178ce6ab4f7001753075b0e37f5/transformed/sqlite-2.3.0 because:
  Build cache is disabled
Skipping AarTransform: ~/.gradle/caches/transforms-3/72dad178ce6ab4f7001753075b0e37f5/transformed/sqlite-2.3.0 as it is up-to-date.
Caching disabled for AarTransform: ~/.gradle/caches/transforms-3/07890a703d0cf6d7a86bcc92f59f3175/transformed/print-1.0.0 because:
  Build cache is disabled
Caching disabled for AarTransform: ~/.gradle/caches/transforms-3/b60f11540f0a45297b86659eb77708d8/transformed/localbroadcastmanager-1.0.0 because:
  Build cache is disabled
Skipping AarTransform: ~/.gradle/caches/transforms-3/07890a703d0cf6d7a86bcc92f59f3175/transformed/print-1.0.0 as it is up-to-date.
Skipping AarTransform: ~/.gradle/caches/transforms-3/b60f11540f0a45297b86659eb77708d8/transformed/localbroadcastmanager-1.0.0 as it is up-to-date.
Caching disabled for AarTransform: ~/.gradle/caches/transforms-3/48ceb8176866b80a099305b2f41fd291/transformed/exifinterface-1.3.3 because:
  Build cache is disabled
Skipping AarTransform: ~/.gradle/caches/transforms-3/48ceb8176866b80a099305b2f41fd291/transformed/exifinterface-1.3.3 as it is up-to-date.
Caching disabled for AarTransform: ~/.gradle/caches/transforms-3/8afce72244a911c0605c3d6d7e95dc8c/transformed/jetified-android-2.5.0 because:
  Build cache is disabled
Skipping AarTransform: ~/.gradle/caches/transforms-3/8afce72244a911c0605c3d6d7e95dc8c/transformed/jetified-android-2.5.0 as it is up-to-date.
Caching disabled for AarTransform: ~/.gradle/caches/transforms-3/bba89aa6501c852a9ecaced807b153b4/transformed/jetified-annotation-experimental-1.4.0 because:
  Build cache is disabled
Skipping AarTransform: ~/.gradle/caches/transforms-3/bba89aa6501c852a9ecaced807b153b4/transformed/jetified-annotation-experimental-1.4.0 as it is up-to-date.
Caching disabled for AarTransform: ~/.gradle/caches/transforms-3/0db2e5da926973a8cb8c4b07fbcec83d/transformed/legacy-support-core-utils-1.0.0 because:
  Build cache is disabled
Skipping AarTransform: ~/.gradle/caches/transforms-3/0db2e5da926973a8cb8c4b07fbcec83d/transformed/legacy-support-core-utils-1.0.0 as it is up-to-date.
Caching disabled for AarTransform: ~/.gradle/caches/transforms-3/8feeef3945a1f3bf72a7656b99debed4/transformed/jetified-glide-4.11.0 because:
  Build cache is disabled
Skipping AarTransform: ~/.gradle/caches/transforms-3/8feeef3945a1f3bf72a7656b99debed4/transformed/jetified-glide-4.11.0 as it is up-to-date.
Caching disabled for AarTransform: ~/.gradle/caches/transforms-3/691e2ddca74f0afe60043bb1a3af1d8c/transformed/jetified-common-21.4.0 because:
  Build cache is disabled
Skipping AarTransform: ~/.gradle/caches/transforms-3/691e2ddca74f0afe60043bb1a3af1d8c/transformed/jetified-common-21.4.0 as it is up-to-date.
Caching disabled for AarTransform: ~/.gradle/caches/transforms-3/bf1a1f31d3fd291141350a5f95f71ac2/transformed/navigation-runtime-2.7.0 because:
  Build cache is disabled
Skipping AarTransform: ~/.gradle/caches/transforms-3/bf1a1f31d3fd291141350a5f95f71ac2/transformed/navigation-runtime-2.7.0 as it is up-to-date.
Caching disabled for AarTransform: ~/.gradle/caches/transforms-3/92c29c4b255532babecd42314d8fdc89/transformed/jetified-play-services-auth-base-18.0.4 because:
  Build cache is disabled
Skipping AarTransform: ~/.gradle/caches/transforms-3/92c29c4b255532babecd42314d8fdc89/transformed/jetified-play-services-auth-base-18.0.4 as it is up-to-date.
Caching disabled for AarTransform: ~/.gradle/caches/transforms-3/66b0378c33ede1b033228e49dad9524a/transformed/legacy-support-core-ui-1.0.0 because:
  Build cache is disabled
Skipping AarTransform: ~/.gradle/caches/transforms-3/66b0378c33ede1b033228e49dad9524a/transformed/legacy-support-core-ui-1.0.0 as it is up-to-date.
Caching disabled for AarTransform: ~/.gradle/caches/transforms-3/061a33163253ca2b20f29868a72c12dc/transformed/jetified-material3-release because:
  Build cache is disabled
Skipping AarTransform: ~/.gradle/caches/transforms-3/061a33163253ca2b20f29868a72c12dc/transformed/jetified-material3-release as it is up-to-date.
Caching disabled for AarTransform: ~/.gradle/caches/transforms-3/9b17bc7c93fbf09b155b618530a901a6/transformed/jetified-viewpager2-1.0.0 because:
  Build cache is disabled
Caching disabled for AarTransform: ~/.gradle/caches/transforms-3/2cfbf6603ea66c174c7ccb8429cf167e/transformed/navigation-common-ktx-2.7.0 because:
  Build cache is disabled
Skipping AarTransform: ~/.gradle/caches/transforms-3/9b17bc7c93fbf09b155b618530a901a6/transformed/jetified-viewpager2-1.0.0 as it is up-to-date.
Skipping AarTransform: ~/.gradle/caches/transforms-3/2cfbf6603ea66c174c7ccb8429cf167e/transformed/navigation-common-ktx-2.7.0 as it is up-to-date.
Caching disabled for AarTransform: ~/.gradle/caches/transforms-3/7ff85eb923829d3039e7d6a37994c2be/transformed/jetified-credentials-play-services-auth-1.2.2 because:
  Build cache is disabled
Skipping AarTransform: ~/.gradle/caches/transforms-3/7ff85eb923829d3039e7d6a37994c2be/transformed/jetified-credentials-play-services-auth-1.2.2 as it is up-to-date.
Caching disabled for AarTransform: ~/.gradle/caches/transforms-3/5713208a47eec23b954ae0ca2083427b/transformed/jetified-credentials-1.2.2 because:
  Build cache is disabled
Skipping AarTransform: ~/.gradle/caches/transforms-3/5713208a47eec23b954ae0ca2083427b/transformed/jetified-credentials-1.2.2 as it is up-to-date.
Caching disabled for AarTransform: ~/.gradle/caches/transforms-3/83c2e7af98f64845bfb9325dbf1c5a1c/transformed/jetified-material-release because:
  Build cache is disabled
Skipping AarTransform: ~/.gradle/caches/transforms-3/83c2e7af98f64845bfb9325dbf1c5a1c/transformed/jetified-material-release as it is up-to-date.
Caching disabled for AarTransform: ~/.gradle/caches/transforms-3/a4a989285698a7d4539c76e75f39e9fb/transformed/jetified-appcompat-resources-1.6.1 because:
  Build cache is disabled
Skipping AarTransform: ~/.gradle/caches/transforms-3/a4a989285698a7d4539c76e75f39e9fb/transformed/jetified-appcompat-resources-1.6.1 as it is up-to-date.
Caching disabled for AarTransform: ~/.gradle/caches/transforms-3/b6095f41f72e5a29b902f1ef21484dd1/transformed/jetified-material3-window-size-class-release because:
  Build cache is disabled
Skipping AarTransform: ~/.gradle/caches/transforms-3/b6095f41f72e5a29b902f1ef21484dd1/transformed/jetified-material3-window-size-class-release as it is up-to-date.
Caching disabled for AarTransform: ~/.gradle/caches/transforms-3/a7ad36f58a6749e591d88a51cd5b7b5c/transformed/jetified-play-services-base-18.0.1 because:
  Build cache is disabled
Skipping AarTransform: ~/.gradle/caches/transforms-3/a7ad36f58a6749e591d88a51cd5b7b5c/transformed/jetified-play-services-base-18.0.1 as it is up-to-date.
Caching disabled for AarTransform: ~/.gradle/caches/transforms-3/28b8a30e393fe518d9ae0aee025282fd/transformed/jetified-coil-base-2.0.0 because:
  Build cache is disabled
Skipping AarTransform: ~/.gradle/caches/transforms-3/28b8a30e393fe518d9ae0aee025282fd/transformed/jetified-coil-base-2.0.0 as it is up-to-date.
Caching disabled for AarTransform: ~/.gradle/caches/transforms-3/6ca85b9e3b0b19038192d28e3fe8d0ab/transformed/jetified-material-icons-core-release because:
  Build cache is disabled
Skipping AarTransform: ~/.gradle/caches/transforms-3/6ca85b9e3b0b19038192d28e3fe8d0ab/transformed/jetified-material-icons-core-release as it is up-to-date.
Caching disabled for AarTransform: ~/.gradle/caches/transforms-3/e05b1ce225b2f306a2f1bcaa6cc4bb82/transformed/appcompat-1.6.1 because:
  Build cache is disabled
Caching disabled for AarTransform: ~/.gradle/caches/transforms-3/5395aa0a6ecb13ad0c511d3a340478af/transformed/jetified-msal-6.2.0 because:
  Build cache is disabled
Skipping AarTransform: ~/.gradle/caches/transforms-3/5395aa0a6ecb13ad0c511d3a340478af/transformed/jetified-msal-6.2.0 as it is up-to-date.
Skipping AarTransform: ~/.gradle/caches/transforms-3/e05b1ce225b2f306a2f1bcaa6cc4bb82/transformed/appcompat-1.6.1 as it is up-to-date.
Caching disabled for AarTransform: ~/.gradle/caches/transforms-3/1cae99ea7ffe8d6629ea2bcf1aca546c/transformed/work-runtime-ktx-2.8.1 because:
  Build cache is disabled
Skipping AarTransform: ~/.gradle/caches/transforms-3/1cae99ea7ffe8d6629ea2bcf1aca546c/transformed/work-runtime-ktx-2.8.1 as it is up-to-date.
Caching disabled for AarTransform: ~/.gradle/caches/transforms-3/9e19dd4eddf1526c596bfc7fac48dace/transformed/material-1.2.0 because:
  Build cache is disabled
Skipping AarTransform: ~/.gradle/caches/transforms-3/9e19dd4eddf1526c596bfc7fac48dace/transformed/material-1.2.0 as it is up-to-date.
Caching disabled for AarTransform: ~/.gradle/caches/transforms-3/1d16f4d928f2f2d491888191b97517fc/transformed/jetified-googleid-1.1.0 because:
  Build cache is disabled
Skipping AarTransform: ~/.gradle/caches/transforms-3/1d16f4d928f2f2d491888191b97517fc/transformed/jetified-googleid-1.1.0 as it is up-to-date.
Watching 167 directories to track changes
Watching 167 directories to track changes
Watching 167 directories to track changes
Caching disabled for task ':app:mergeDebugAssets' because:
  Build cache is disabled
Task ':app:mergeDebugAssets' is not up-to-date because:
  Class path of task ':app:mergeDebugAssets' has changed from 19511a89c2c60142f14e5c42d287bce4 to 884dfe0e653a3a2295bb6c56821b1ca5.
The input changes require a full rebuild for incremental task ':app:mergeDebugAssets'.
Watching 167 directories to track changes
Watching 168 directories to track changes
:app:mergeDebugAssets (Thread[Execution worker Thread 3,5,main]) completed. Took 0.354 secs.

> Task :app:processDebugManifestForPackage
Watching 165 directories to track changes
Caching disabled for task ':app:processDebugManifestForPackage' because:
  Build cache is disabled
Task ':app:processDebugManifestForPackage' is not up-to-date because:
  Class path of task ':app:processDebugManifestForPackage' has changed from 19511a89c2c60142f14e5c42d287bce4 to 884dfe0e653a3a2295bb6c56821b1ca5.
Watching 164 directories to track changes
Watching 169 directories to track changes
Resolve mutations for :app:processDebugResources (Thread[Execution worker Thread 3,5,main]) started.
:app:processDebugManifestForPackage (Thread[Execution worker Thread 2,5,main]) completed. Took 0.524 secs.
:app:processDebugResources (Thread[Execution worker Thread 2,5,main]) started.
Resolve mutations for :app:processDebugResources (Thread[Execution worker Thread 3,5,main]) completed. Took 0.003 secs.
Resolve mutations for :app:compressDebugAssets (Thread[Execution worker Thread 3,5,main]) started.
Resolve mutations for :app:compressDebugAssets (Thread[Execution worker Thread 3,5,main]) completed. Took 0.0 secs.
:app:compressDebugAssets (Thread[Execution worker Thread 3,5,main]) started.

> Task :app:compressDebugAssets
Watching 169 directories to track changes
Caching disabled for task ':app:compressDebugAssets' because:
  Build cache is disabled
Task ':app:compressDebugAssets' is not up-to-date because:
  Class path of task ':app:compressDebugAssets' has changed from 19511a89c2c60142f14e5c42d287bce4 to 884dfe0e653a3a2295bb6c56821b1ca5.
The input changes require a full rebuild for incremental task ':app:compressDebugAssets'.
Watching 169 directories to track changes
Watching 170 directories to track changes
:app:compressDebugAssets (Thread[Execution worker Thread 3,5,main]) completed. Took 0.02 secs.
Resolve mutations for :app:processDebugJavaRes (Thread[Execution worker Thread 3,5,main]) started.
Resolve mutations for :app:processDebugJavaRes (Thread[Execution worker Thread 3,5,main]) completed. Took 0.0 secs.
:app:processDebugJavaRes (Thread[Execution worker Thread 3,5,main]) started.

> Task :app:processDebugJavaRes NO-SOURCE
file or directory '~/android/studio/Projects/Photo.Gallery/app/src/main/resources', not found
Watching 170 directories to track changes
file or directory '~/android/studio/Projects/Photo.Gallery/app/src/debug/resources', not found
Watching 170 directories to track changes
Skipping task ':app:processDebugJavaRes' as it has no source files and no previous output files.
Resolve mutations for :app:checkDebugDuplicateClasses (Thread[Execution worker,5,main]) started.
Resolve mutations for :app:checkDebugDuplicateClasses (Thread[Execution worker,5,main]) completed. Took 0.0 secs.
:app:checkDebugDuplicateClasses (Thread[included builds,5,main]) started.
:app:processDebugJavaRes (Thread[Execution worker Thread 3,5,main]) completed. Took 0.016 secs.
Resolve mutations for :app:desugarDebugFileDependencies (Thread[Execution worker,5,main]) started.
Resolve mutations for :app:desugarDebugFileDependencies (Thread[Execution worker,5,main]) completed. Took 0.0 secs.
:app:desugarDebugFileDependencies (Thread[Execution worker,5,main]) started.

> Task :app:processDebugResources
Watching 169 directories to track changes
Watching 169 directories to track changes
Watching 169 directories to track changes
Watching 169 directories to track changes
Transforming aapt2-7.4.2-8841542-linux.jar (com.android.tools.build:aapt2:7.4.2-8841542) with Aapt2Extractor
Caching disabled for Aapt2Extractor: ~/.gradle/caches/modules-2/files-2.1/com.android.tools.build/aapt2/7.4.2-8841542/18f75f0ccef59800c37775c416aedc079cdc404d/aapt2-7.4.2-8841542-linux.jar because:
  Build cache is disabled
Skipping Aapt2Extractor: ~/.gradle/caches/modules-2/files-2.1/com.android.tools.build/aapt2/7.4.2-8841542/18f75f0ccef59800c37775c416aedc079cdc404d/aapt2-7.4.2-8841542-linux.jar as it is up-to-date.
Transforming viewbinding-7.4.2.aar (androidx.databinding:viewbinding:7.4.2) with JetifyTransform
Transforming viewbinding-7.4.2.aar (androidx.databinding:viewbinding:7.4.2) with ExtractAarTransform
Transforming viewbinding-7.4.2.aar (androidx.databinding:viewbinding:7.4.2) with AarResourcesCompilerTransform
Transforming accompanist-systemuicontroller-0.23.0.aar (com.google.accompanist:accompanist-systemuicontroller:0.23.0) with JetifyTransform
Transforming accompanist-systemuicontroller-0.23.0.aar (com.google.accompanist:accompanist-systemuicontroller:0.23.0) with ExtractAarTransform
Transforming accompanist-systemuicontroller-0.23.0.aar (com.google.accompanist:accompanist-systemuicontroller:0.23.0) with AarResourcesCompilerTransform
Transforming coil-compose-2.0.0.aar (io.coil-kt:coil-compose:2.0.0) with JetifyTransform
Transforming coil-compose-2.0.0.aar (io.coil-kt:coil-compose:2.0.0) with ExtractAarTransform
Transforming coil-compose-2.0.0.aar (io.coil-kt:coil-compose:2.0.0) with AarResourcesCompilerTransform
Transforming coil-compose-base-2.0.0.aar (io.coil-kt:coil-compose-base:2.0.0) with JetifyTransform
Transforming coil-compose-base-2.0.0.aar (io.coil-kt:coil-compose-base:2.0.0) with ExtractAarTransform
Transforming coil-compose-base-2.0.0.aar (io.coil-kt:coil-compose-base:2.0.0) with AarResourcesCompilerTransform
Transforming coil-2.0.0.aar (io.coil-kt:coil:2.0.0) with JetifyTransform
Transforming coil-2.0.0.aar (io.coil-kt:coil:2.0.0) with ExtractAarTransform
Transforming coil-2.0.0.aar (io.coil-kt:coil:2.0.0) with AarResourcesCompilerTransform
Transforming coil-base-2.0.0.aar (io.coil-kt:coil-base:2.0.0) with JetifyTransform
Transforming coil-base-2.0.0.aar (io.coil-kt:coil-base:2.0.0) with ExtractAarTransform
Transforming coil-base-2.0.0.aar (io.coil-kt:coil-base:2.0.0) with AarResourcesCompilerTransform
Transforming msal-6.2.0.aar (com.microsoft.identity.client:msal:6.2.0) with JetifyTransform
Transforming msal-6.2.0.aar (com.microsoft.identity.client:msal:6.2.0) with ExtractAarTransform
Transforming msal-6.2.0.aar (com.microsoft.identity.client:msal:6.2.0) with AarResourcesCompilerTransform
Transforming common-21.4.0.aar (com.microsoft.identity:common:21.4.0) with JetifyTransform
Transforming common-21.4.0.aar (com.microsoft.identity:common:21.4.0) with ExtractAarTransform
Transforming common-21.4.0.aar (com.microsoft.identity:common:21.4.0) with AarResourcesCompilerTransform
Transforming accompanist-drawablepainter-0.23.1.aar (com.google.accompanist:accompanist-drawablepainter:0.23.1) with JetifyTransform
Transforming accompanist-drawablepainter-0.23.1.aar (com.google.accompanist:accompanist-drawablepainter:0.23.1) with ExtractAarTransform
Transforming accompanist-drawablepainter-0.23.1.aar (com.google.accompanist:accompanist-drawablepainter:0.23.1) with AarResourcesCompilerTransform
Transforming credentials-1.2.2.aar (androidx.credentials:credentials:1.2.2) with JetifyTransform
Transforming credentials-1.2.2.aar (androidx.credentials:credentials:1.2.2) with ExtractAarTransform
Caching disabled for AarResourcesCompilerTransform: ~/.gradle/caches/transforms-3/94cab073bb099116bcdf05d4c23f20c8/transformed/jetified-viewbinding-7.4.2 because:
  Build cache is disabled
Skipping AarResourcesCompilerTransform: ~/.gradle/caches/transforms-3/94cab073bb099116bcdf05d4c23f20c8/transformed/jetified-viewbinding-7.4.2 as it is up-to-date.
Transforming credentials-1.2.2.aar (androidx.credentials:credentials:1.2.2) with AarResourcesCompilerTransform
Transforming credentials-1.2.2.aar (androidx.credentials:credentials:1.2.2) with JetifyTransform
Transforming credentials-1.2.2.aar (androidx.credentials:credentials:1.2.2) with ExtractAarTransform
Transforming credentials-1.2.2.aar (androidx.credentials:credentials:1.2.2) with AarResourcesCompilerTransform
Transforming credentials-play-services-auth-1.2.2.aar (androidx.credentials:credentials-play-services-auth:1.2.2) with JetifyTransform
Transforming credentials-play-services-auth-1.2.2.aar (androidx.credentials:credentials-play-services-auth:1.2.2) with ExtractAarTransform
Caching disabled for AarResourcesCompilerTransform: ~/.gradle/caches/transforms-3/bf8e33f871994f40a9487e20a975ed66/transformed/jetified-accompanist-systemuicontroller-0.23.0 because:
  Build cache is disabled
Transforming credentials-play-services-auth-1.2.2.aar (androidx.credentials:credentials-play-services-auth:1.2.2) with AarResourcesCompilerTransform
Transforming googleid-1.1.0.aar (com.google.android.libraries.identity.googleid:googleid:1.1.0) with JetifyTransform
Transforming googleid-1.1.0.aar (com.google.android.libraries.identity.googleid:googleid:1.1.0) with ExtractAarTransform
Transforming googleid-1.1.0.aar (com.google.android.libraries.identity.googleid:googleid:1.1.0) with AarResourcesCompilerTransform
Transforming work-runtime-ktx-2.8.1.aar (androidx.work:work-runtime-ktx:2.8.1) with JetifyTransform
Caching disabled for AarResourcesCompilerTransform: ~/.gradle/caches/transforms-3/4a16392ea9d502c6cfaf958d501f7b5c/transformed/jetified-coil-compose-2.0.0 because:
  Build cache is disabled
Skipping AarResourcesCompilerTransform: ~/.gradle/caches/transforms-3/4a16392ea9d502c6cfaf958d501f7b5c/transformed/jetified-coil-compose-2.0.0 as it is up-to-date.
Skipping AarResourcesCompilerTransform: ~/.gradle/caches/transforms-3/bf8e33f871994f40a9487e20a975ed66/transformed/jetified-accompanist-systemuicontroller-0.23.0 as it is up-to-date.
Transforming work-runtime-ktx-2.8.1.aar (androidx.work:work-runtime-ktx:2.8.1) with ExtractAarTransform
Transforming work-runtime-ktx-2.8.1.aar (androidx.work:work-runtime-ktx:2.8.1) with AarResourcesCompilerTransform
Transforming navigation-common-2.7.0.aar (androidx.navigation:navigation-common:2.7.0) with JetifyTransform
Transforming navigation-common-2.7.0.aar (androidx.navigation:navigation-common:2.7.0) with ExtractAarTransform
Transforming navigation-common-2.7.0.aar (androidx.navigation:navigation-common:2.7.0) with AarResourcesCompilerTransform
Transforming navigation-runtime-2.7.0.aar (androidx.navigation:navigation-runtime:2.7.0) with JetifyTransform
Transforming navigation-runtime-2.7.0.aar (androidx.navigation:navigation-runtime:2.7.0) with ExtractAarTransform
Transforming navigation-runtime-2.7.0.aar (androidx.navigation:navigation-runtime:2.7.0) with AarResourcesCompilerTransform
Transforming navigation-common-ktx-2.7.0.aar (androidx.navigation:navigation-common-ktx:2.7.0) with JetifyTransform
Transforming navigation-common-ktx-2.7.0.aar (androidx.navigation:navigation-common-ktx:2.7.0) with ExtractAarTransform
Transforming navigation-common-ktx-2.7.0.aar (androidx.navigation:navigation-common-ktx:2.7.0) with AarResourcesCompilerTransform
Transforming navigation-runtime-ktx-2.7.0.aar (androidx.navigation:navigation-runtime-ktx:2.7.0) with JetifyTransform
Transforming navigation-runtime-ktx-2.7.0.aar (androidx.navigation:navigation-runtime-ktx:2.7.0) with ExtractAarTransform
Transforming navigation-runtime-ktx-2.7.0.aar (androidx.navigation:navigation-runtime-ktx:2.7.0) with AarResourcesCompilerTransform
Transforming navigation-compose-2.7.0.aar (androidx.navigation:navigation-compose:2.7.0) with JetifyTransform
Transforming navigation-compose-2.7.0.aar (androidx.navigation:navigation-compose:2.7.0) with ExtractAarTransform
Transforming navigation-compose-2.7.0.aar (androidx.navigation:navigation-compose:2.7.0) with AarResourcesCompilerTransform
Transforming constraintlayout-2.1.3.aar (androidx.constraintlayout:constraintlayout:2.1.3) with JetifyTransform
Transforming constraintlayout-2.1.3.aar (androidx.constraintlayout:constraintlayout:2.1.3) with ExtractAarTransform
Transforming constraintlayout-2.1.3.aar (androidx.constraintlayout:constraintlayout:2.1.3) with AarResourcesCompilerTransform
Transforming material-1.2.0.aar (com.google.android.material:material:1.2.0) with JetifyTransform
Transforming material-1.2.0.aar (com.google.android.material:material:1.2.0) with ExtractAarTransform
Transforming material-1.2.0.aar (com.google.android.material:material:1.2.0) with AarResourcesCompilerTransform
Transforming appcompat-resources-1.6.1.aar (androidx.appcompat:appcompat-resources:1.6.1) with JetifyTransform
Transforming appcompat-resources-1.6.1.aar (androidx.appcompat:appcompat-resources:1.6.1) with ExtractAarTransform
Transforming appcompat-resources-1.6.1.aar (androidx.appcompat:appcompat-resources:1.6.1) with AarResourcesCompilerTransform
Transforming appcompat-1.6.1.aar (androidx.appcompat:appcompat:1.6.1) with JetifyTransform
Transforming appcompat-1.6.1.aar (androidx.appcompat:appcompat:1.6.1) with ExtractAarTransform
Transforming appcompat-1.6.1.aar (androidx.appcompat:appcompat:1.6.1) with AarResourcesCompilerTransform
Transforming material3-window-size-class-release.aar (androidx.compose.material3:material3-window-size-class-android:1.2.0) with JetifyTransform
Transforming material3-window-size-class-release.aar (androidx.compose.material3:material3-window-size-class-android:1.2.0) with ExtractAarTransform
Transforming material3-window-size-class-release.aar (androidx.compose.material3:material3-window-size-class-android:1.2.0) with AarResourcesCompilerTransform
Transforming material3-release.aar (androidx.compose.material3:material3-android:1.2.0) with JetifyTransform
Transforming material3-release.aar (androidx.compose.material3:material3-android:1.2.0) with ExtractAarTransform
Transforming material3-release.aar (androidx.compose.material3:material3-android:1.2.0) with AarResourcesCompilerTransform
Transforming glide-4.11.0.aar (com.github.bumptech.glide:glide:4.11.0) with JetifyTransform
Transforming glide-4.11.0.aar (com.github.bumptech.glide:glide:4.11.0) with ExtractAarTransform
Transforming glide-4.11.0.aar (com.github.bumptech.glide:glide:4.11.0) with AarResourcesCompilerTransform
Transforming viewpager2-1.0.0.aar (androidx.viewpager2:viewpager2:1.0.0) with JetifyTransform
Transforming viewpager2-1.0.0.aar (androidx.viewpager2:viewpager2:1.0.0) with ExtractAarTransform
Transforming viewpager2-1.0.0.aar (androidx.viewpager2:viewpager2:1.0.0) with AarResourcesCompilerTransform
Transforming play-services-auth-20.7.0.aar (com.google.android.gms:play-services-auth:20.7.0) with JetifyTransform
Transforming play-services-auth-20.7.0.aar (com.google.android.gms:play-services-auth:20.7.0) with ExtractAarTransform
Transforming play-services-auth-20.7.0.aar (com.google.android.gms:play-services-auth:20.7.0) with AarResourcesCompilerTransform
Transforming play-services-fido-20.1.0.aar (com.google.android.gms:play-services-fido:20.1.0) with JetifyTransform
Transforming play-services-fido-20.1.0.aar (com.google.android.gms:play-services-fido:20.1.0) with ExtractAarTransform
Transforming play-services-fido-20.1.0.aar (com.google.android.gms:play-services-fido:20.1.0) with AarResourcesCompilerTransform
Transforming play-services-fido-20.1.0.aar (com.google.android.gms:play-services-fido:20.1.0) with JetifyTransform
Transforming play-services-fido-20.1.0.aar (com.google.android.gms:play-services-fido:20.1.0) with ExtractAarTransform
Transforming play-services-fido-20.1.0.aar (com.google.android.gms:play-services-fido:20.1.0) with AarResourcesCompilerTransform
Transforming play-services-auth-api-phone-18.0.1.aar (com.google.android.gms:play-services-auth-api-phone:18.0.1) with JetifyTransform
Transforming play-services-auth-api-phone-18.0.1.aar (com.google.android.gms:play-services-auth-api-phone:18.0.1) with ExtractAarTransform
Transforming play-services-auth-api-phone-18.0.1.aar (com.google.android.gms:play-services-auth-api-phone:18.0.1) with AarResourcesCompilerTransform
Transforming play-services-auth-base-18.0.4.aar (com.google.android.gms:play-services-auth-base:18.0.4) with JetifyTransform
Transforming play-services-auth-base-18.0.4.aar (com.google.android.gms:play-services-auth-base:18.0.4) with ExtractAarTransform
Transforming play-services-auth-base-18.0.4.aar (com.google.android.gms:play-services-auth-base:18.0.4) with AarResourcesCompilerTransform
Transforming play-services-base-18.0.1.aar (com.google.android.gms:play-services-base:18.0.1) with JetifyTransform
Transforming play-services-base-18.0.1.aar (com.google.android.gms:play-services-base:18.0.1) with ExtractAarTransform
Transforming play-services-base-18.0.1.aar (com.google.android.gms:play-services-base:18.0.1) with AarResourcesCompilerTransform
Transforming play-services-base-18.0.1.aar (com.google.android.gms:play-services-base:18.0.1) with JetifyTransform
Transforming play-services-base-18.0.1.aar (com.google.android.gms:play-services-base:18.0.1) with ExtractAarTransform
Transforming play-services-base-18.0.1.aar (com.google.android.gms:play-services-base:18.0.1) with AarResourcesCompilerTransform
Transforming play-services-base-18.0.1.aar (com.google.android.gms:play-services-base:18.0.1) with JetifyTransform
Transforming play-services-base-18.0.1.aar (com.google.android.gms:play-services-base:18.0.1) with ExtractAarTransform
Transforming play-services-base-18.0.1.aar (com.google.android.gms:play-services-base:18.0.1) with AarResourcesCompilerTransform
Transforming play-services-base-18.0.1.aar (com.google.android.gms:play-services-base:18.0.1) with JetifyTransform
Transforming play-services-base-18.0.1.aar (com.google.android.gms:play-services-base:18.0.1) with ExtractAarTransform
Transforming play-services-base-18.0.1.aar (com.google.android.gms:play-services-base:18.0.1) with AarResourcesCompilerTransform
Transforming play-services-tasks-18.0.1.aar (com.google.android.gms:play-services-tasks:18.0.1) with JetifyTransform
Transforming play-services-tasks-18.0.1.aar (com.google.android.gms:play-services-tasks:18.0.1) with ExtractAarTransform
Transforming play-services-tasks-18.0.1.aar (com.google.android.gms:play-services-tasks:18.0.1) with AarResourcesCompilerTransform
Transforming play-services-tasks-18.0.1.aar (com.google.android.gms:play-services-tasks:18.0.1) with JetifyTransform
Transforming play-services-tasks-18.0.1.aar (com.google.android.gms:play-services-tasks:18.0.1) with ExtractAarTransform
Transforming play-services-tasks-18.0.1.aar (com.google.android.gms:play-services-tasks:18.0.1) with AarResourcesCompilerTransform
Transforming play-services-tasks-18.0.1.aar (com.google.android.gms:play-services-tasks:18.0.1) with JetifyTransform
Transforming play-services-tasks-18.0.1.aar (com.google.android.gms:play-services-tasks:18.0.1) with ExtractAarTransform
Transforming play-services-tasks-18.0.1.aar (com.google.android.gms:play-services-tasks:18.0.1) with AarResourcesCompilerTransform
Caching disabled for AarResourcesCompilerTransform: ~/.gradle/caches/transforms-3/1d16f4d928f2f2d491888191b97517fc/transformed/jetified-googleid-1.1.0 because:
  Build cache is disabled
Skipping AarResourcesCompilerTransform: ~/.gradle/caches/transforms-3/1d16f4d928f2f2d491888191b97517fc/transformed/jetified-googleid-1.1.0 as it is up-to-date.
Transforming play-services-tasks-18.0.1.aar (com.google.android.gms:play-services-tasks:18.0.1) with JetifyTransform
Transforming play-services-tasks-18.0.1.aar (com.google.android.gms:play-services-tasks:18.0.1) with ExtractAarTransform
Transforming play-services-tasks-18.0.1.aar (com.google.android.gms:play-services-tasks:18.0.1) with AarResourcesCompilerTransform
Transforming play-services-tasks-18.0.1.aar (com.google.android.gms:play-services-tasks:18.0.1) with JetifyTransform
Transforming play-services-tasks-18.0.1.aar (com.google.android.gms:play-services-tasks:18.0.1) with ExtractAarTransform
Transforming play-services-tasks-18.0.1.aar (com.google.android.gms:play-services-tasks:18.0.1) with AarResourcesCompilerTransform
Transforming play-services-basement-18.2.0.aar (com.google.android.gms:play-services-basement:18.2.0) with JetifyTransform
Transforming play-services-basement-18.2.0.aar (com.google.android.gms:play-services-basement:18.2.0) with ExtractAarTransform
Transforming play-services-basement-18.2.0.aar (com.google.android.gms:play-services-basement:18.2.0) with AarResourcesCompilerTransform
Transforming play-services-basement-18.2.0.aar (com.google.android.gms:play-services-basement:18.2.0) with JetifyTransform
Transforming play-services-basement-18.2.0.aar (com.google.android.gms:play-services-basement:18.2.0) with ExtractAarTransform
Transforming play-services-basement-18.2.0.aar (com.google.android.gms:play-services-basement:18.2.0) with AarResourcesCompilerTransform
Transforming play-services-basement-18.2.0.aar (com.google.android.gms:play-services-basement:18.2.0) with JetifyTransform
Transforming play-services-basement-18.2.0.aar (com.google.android.gms:play-services-basement:18.2.0) with ExtractAarTransform
Transforming play-services-basement-18.2.0.aar (com.google.android.gms:play-services-basement:18.2.0) with AarResourcesCompilerTransform
Transforming play-services-basement-18.2.0.aar (com.google.android.gms:play-services-basement:18.2.0) with JetifyTransform
Transforming play-services-basement-18.2.0.aar (com.google.android.gms:play-services-basement:18.2.0) with ExtractAarTransform
Caching disabled for AarResourcesCompilerTransform: ~/.gradle/caches/transforms-3/5713208a47eec23b954ae0ca2083427b/transformed/jetified-credentials-1.2.2 because:
  Build cache is disabled
Transforming play-services-basement-18.2.0.aar (com.google.android.gms:play-services-basement:18.2.0) with AarResourcesCompilerTransform
Skipping AarResourcesCompilerTransform: ~/.gradle/caches/transforms-3/5713208a47eec23b954ae0ca2083427b/transformed/jetified-credentials-1.2.2 as it is up-to-date.
Transforming play-services-basement-18.2.0.aar (com.google.android.gms:play-services-basement:18.2.0) with JetifyTransform
Transforming play-services-basement-18.2.0.aar (com.google.android.gms:play-services-basement:18.2.0) with ExtractAarTransform
Transforming play-services-basement-18.2.0.aar (com.google.android.gms:play-services-basement:18.2.0) with AarResourcesCompilerTransform
Transforming play-services-basement-18.2.0.aar (com.google.android.gms:play-services-basement:18.2.0) with JetifyTransform
Transforming play-services-basement-18.2.0.aar (com.google.android.gms:play-services-basement:18.2.0) with ExtractAarTransform
Transforming play-services-basement-18.2.0.aar (com.google.android.gms:play-services-basement:18.2.0) with AarResourcesCompilerTransform
Transforming fragment-1.3.6.aar (androidx.fragment:fragment:1.3.6) with JetifyTransform
Transforming fragment-1.3.6.aar (androidx.fragment:fragment:1.3.6) with ExtractAarTransform
Transforming fragment-1.3.6.aar (androidx.fragment:fragment:1.3.6) with AarResourcesCompilerTransform
Transforming fragment-1.3.6.aar (androidx.fragment:fragment:1.3.6) with JetifyTransform
Transforming fragment-1.3.6.aar (androidx.fragment:fragment:1.3.6) with ExtractAarTransform
Transforming fragment-1.3.6.aar (androidx.fragment:fragment:1.3.6) with AarResourcesCompilerTransform
Transforming fragment-1.3.6.aar (androidx.fragment:fragment:1.3.6) with JetifyTransform
Transforming fragment-1.3.6.aar (androidx.fragment:fragment:1.3.6) with ExtractAarTransform
Transforming fragment-1.3.6.aar (androidx.fragment:fragment:1.3.6) with AarResourcesCompilerTransform
Transforming fragment-1.3.6.aar (androidx.fragment:fragment:1.3.6) with JetifyTransform
Transforming fragment-1.3.6.aar (androidx.fragment:fragment:1.3.6) with ExtractAarTransform
Caching disabled for AarResourcesCompilerTransform: ~/.gradle/caches/transforms-3/fae7f0a32fa0484295f94dfaf9206b70/transformed/jetified-play-services-basement-18.2.0 because:
  Build cache is disabled
Skipping AarResourcesCompilerTransform: ~/.gradle/caches/transforms-3/fae7f0a32fa0484295f94dfaf9206b70/transformed/jetified-play-services-basement-18.2.0 as it is up-to-date.
Transforming fragment-1.3.6.aar (androidx.fragment:fragment:1.3.6) with AarResourcesCompilerTransform
Transforming fragment-1.3.6.aar (androidx.fragment:fragment:1.3.6) with JetifyTransform
Transforming fragment-1.3.6.aar (androidx.fragment:fragment:1.3.6) with ExtractAarTransform
Transforming fragment-1.3.6.aar (androidx.fragment:fragment:1.3.6) with AarResourcesCompilerTransform
Transforming browser-1.0.0.aar (androidx.browser:browser:1.0.0) with JetifyTransform
Transforming browser-1.0.0.aar (androidx.browser:browser:1.0.0) with ExtractAarTransform
Transforming browser-1.0.0.aar (androidx.browser:browser:1.0.0) with AarResourcesCompilerTransform
Transforming legacy-support-core-ui-1.0.0.aar (androidx.legacy:legacy-support-core-ui:1.0.0) with JetifyTransform
Transforming legacy-support-core-ui-1.0.0.aar (androidx.legacy:legacy-support-core-ui:1.0.0) with ExtractAarTransform
Transforming legacy-support-core-ui-1.0.0.aar (androidx.legacy:legacy-support-core-ui:1.0.0) with AarResourcesCompilerTransform
Caching disabled for AarResourcesCompilerTransform: ~/.gradle/caches/transforms-3/f2c612e0fb1a97a99a863e39f5508a21/transformed/jetified-play-services-tasks-18.0.1 because:
  Build cache is disabled
Skipping AarResourcesCompilerTransform: ~/.gradle/caches/transforms-3/f2c612e0fb1a97a99a863e39f5508a21/transformed/jetified-play-services-tasks-18.0.1 as it is up-to-date.
Transforming legacy-support-core-utils-1.0.0.aar (androidx.legacy:legacy-support-core-utils:1.0.0) with JetifyTransform
Transforming legacy-support-core-utils-1.0.0.aar (androidx.legacy:legacy-support-core-utils:1.0.0) with ExtractAarTransform
Transforming legacy-support-core-utils-1.0.0.aar (androidx.legacy:legacy-support-core-utils:1.0.0) with AarResourcesCompilerTransform
Transforming loader-1.0.0.aar (androidx.loader:loader:1.0.0) with JetifyTransform
Transforming loader-1.0.0.aar (androidx.loader:loader:1.0.0) with ExtractAarTransform
Transforming loader-1.0.0.aar (androidx.loader:loader:1.0.0) with AarResourcesCompilerTransform
Transforming loader-1.0.0.aar (androidx.loader:loader:1.0.0) with JetifyTransform
Transforming loader-1.0.0.aar (androidx.loader:loader:1.0.0) with ExtractAarTransform
Transforming loader-1.0.0.aar (androidx.loader:loader:1.0.0) with AarResourcesCompilerTransform
Transforming loader-1.0.0.aar (androidx.loader:loader:1.0.0) with JetifyTransform
Transforming loader-1.0.0.aar (androidx.loader:loader:1.0.0) with ExtractAarTransform
Transforming loader-1.0.0.aar (androidx.loader:loader:1.0.0) with AarResourcesCompilerTransform
Transforming material-release.aar (androidx.compose.material:material-android:1.6.1) with JetifyTransform
Transforming material-release.aar (androidx.compose.material:material-android:1.6.1) with ExtractAarTransform
Transforming material-release.aar (androidx.compose.material:material-android:1.6.1) with AarResourcesCompilerTransform
Transforming material-icons-core-release.aar (androidx.compose.material:material-icons-core-android:1.6.1) with JetifyTransform
Transforming material-icons-core-release.aar (androidx.compose.material:material-icons-core-android:1.6.1) with ExtractAarTransform
Transforming material-icons-core-release.aar (androidx.compose.material:material-icons-core-android:1.6.1) with AarResourcesCompilerTransform
Transforming material-ripple-release.aar (androidx.compose.material:material-ripple-android:1.6.1) with JetifyTransform
Transforming material-ripple-release.aar (androidx.compose.material:material-ripple-android:1.6.1) with ExtractAarTransform
Transforming material-ripple-release.aar (androidx.compose.material:material-ripple-android:1.6.1) with AarResourcesCompilerTransform
Transforming foundation-release.aar (androidx.compose.foundation:foundation-android:1.6.1) with JetifyTransform
Transforming foundation-release.aar (androidx.compose.foundation:foundation-android:1.6.1) with ExtractAarTransform
Transforming foundation-release.aar (androidx.compose.foundation:foundation-android:1.6.1) with AarResourcesCompilerTransform
Transforming foundation-layout-release.aar (androidx.compose.foundation:foundation-layout-android:1.6.1) with JetifyTransform
Transforming foundation-layout-release.aar (androidx.compose.foundation:foundation-layout-android:1.6.1) with ExtractAarTransform
Transforming foundation-layout-release.aar (androidx.compose.foundation:foundation-layout-android:1.6.1) with AarResourcesCompilerTransform
Transforming animation-core-release.aar (androidx.compose.animation:animation-core-android:1.6.1) with JetifyTransform
Transforming animation-core-release.aar (androidx.compose.animation:animation-core-android:1.6.1) with ExtractAarTransform
Transforming animation-core-release.aar (androidx.compose.animation:animation-core-android:1.6.1) with AarResourcesCompilerTransform
Transforming animation-release.aar (androidx.compose.animation:animation-android:1.6.1) with JetifyTransform
Transforming animation-release.aar (androidx.compose.animation:animation-android:1.6.1) with ExtractAarTransform
Transforming animation-release.aar (androidx.compose.animation:animation-android:1.6.1) with AarResourcesCompilerTransform
Transforming ui-tooling-data-release.aar (androidx.compose.ui:ui-tooling-data-android:1.6.1) with JetifyTransform
Transforming ui-tooling-data-release.aar (androidx.compose.ui:ui-tooling-data-android:1.6.1) with ExtractAarTransform
Transforming ui-tooling-data-release.aar (androidx.compose.ui:ui-tooling-data-android:1.6.1) with AarResourcesCompilerTransform
Transforming ui-geometry-release.aar (androidx.compose.ui:ui-geometry-android:1.6.1) with JetifyTransform
Transforming ui-geometry-release.aar (androidx.compose.ui:ui-geometry-android:1.6.1) with ExtractAarTransform
Transforming ui-geometry-release.aar (androidx.compose.ui:ui-geometry-android:1.6.1) with AarResourcesCompilerTransform
Transforming ui-unit-release.aar (androidx.compose.ui:ui-unit-android:1.6.1) with JetifyTransform
Transforming ui-unit-release.aar (androidx.compose.ui:ui-unit-android:1.6.1) with ExtractAarTransform
Transforming ui-unit-release.aar (androidx.compose.ui:ui-unit-android:1.6.1) with AarResourcesCompilerTransform
Transforming ui-util-release.aar (androidx.compose.ui:ui-util-android:1.6.1) with JetifyTransform
Transforming ui-util-release.aar (androidx.compose.ui:ui-util-android:1.6.1) with ExtractAarTransform
Transforming ui-util-release.aar (androidx.compose.ui:ui-util-android:1.6.1) with AarResourcesCompilerTransform
Transforming ui-text-release.aar (androidx.compose.ui:ui-text-android:1.6.1) with JetifyTransform
Transforming ui-text-release.aar (androidx.compose.ui:ui-text-android:1.6.1) with ExtractAarTransform
Transforming ui-text-release.aar (androidx.compose.ui:ui-text-android:1.6.1) with AarResourcesCompilerTransform
Transforming ui-graphics-release.aar (androidx.compose.ui:ui-graphics-android:1.6.1) with JetifyTransform
Transforming ui-graphics-release.aar (androidx.compose.ui:ui-graphics-android:1.6.1) with ExtractAarTransform
Transforming ui-graphics-release.aar (androidx.compose.ui:ui-graphics-android:1.6.1) with AarResourcesCompilerTransform
Transforming ui-tooling-preview-release.aar (androidx.compose.ui:ui-tooling-preview-android:1.6.1) with JetifyTransform
Transforming ui-tooling-preview-release.aar (androidx.compose.ui:ui-tooling-preview-android:1.6.1) with ExtractAarTransform
Transforming ui-tooling-preview-release.aar (androidx.compose.ui:ui-tooling-preview-android:1.6.1) with AarResourcesCompilerTransform
Transforming ui-tooling-release.aar (androidx.compose.ui:ui-tooling-android:1.6.1) with JetifyTransform
Transforming ui-tooling-release.aar (androidx.compose.ui:ui-tooling-android:1.6.1) with ExtractAarTransform
Transforming ui-tooling-release.aar (androidx.compose.ui:ui-tooling-android:1.6.1) with AarResourcesCompilerTransform
Transforming ui-test-manifest-1.6.1.aar (androidx.compose.ui:ui-test-manifest:1.6.1) with JetifyTransform
Transforming ui-test-manifest-1.6.1.aar (androidx.compose.ui:ui-test-manifest:1.6.1) with ExtractAarTransform
Transforming ui-test-manifest-1.6.1.aar (androidx.compose.ui:ui-test-manifest:1.6.1) with AarResourcesCompilerTransform
Transforming activity-1.7.1.aar (androidx.activity:activity:1.7.1) with JetifyTransform
Transforming activity-1.7.1.aar (androidx.activity:activity:1.7.1) with ExtractAarTransform
Transforming activity-1.7.1.aar (androidx.activity:activity:1.7.1) with AarResourcesCompilerTransform
Transforming activity-ktx-1.7.1.aar (androidx.activity:activity-ktx:1.7.1) with JetifyTransform
Transforming activity-ktx-1.7.1.aar (androidx.activity:activity-ktx:1.7.1) with ExtractAarTransform
Transforming activity-ktx-1.7.1.aar (androidx.activity:activity-ktx:1.7.1) with AarResourcesCompilerTransform
Transforming activity-compose-1.7.1.aar (androidx.activity:activity-compose:1.7.1) with JetifyTransform
Transforming activity-compose-1.7.1.aar (androidx.activity:activity-compose:1.7.1) with ExtractAarTransform
Transforming activity-compose-1.7.1.aar (androidx.activity:activity-compose:1.7.1) with AarResourcesCompilerTransform
Transforming ui-release.aar (androidx.compose.ui:ui-android:1.6.1) with JetifyTransform
Transforming ui-release.aar (androidx.compose.ui:ui-android:1.6.1) with ExtractAarTransform
Transforming ui-release.aar (androidx.compose.ui:ui-android:1.6.1) with AarResourcesCompilerTransform
Transforming savedstate-ktx-1.2.1.aar (androidx.savedstate:savedstate-ktx:1.2.1) with JetifyTransform
Transforming savedstate-ktx-1.2.1.aar (androidx.savedstate:savedstate-ktx:1.2.1) with ExtractAarTransform
Transforming savedstate-ktx-1.2.1.aar (androidx.savedstate:savedstate-ktx:1.2.1) with AarResourcesCompilerTransform
Transforming savedstate-1.2.1.aar (androidx.savedstate:savedstate:1.2.1) with JetifyTransform
Transforming savedstate-1.2.1.aar (androidx.savedstate:savedstate:1.2.1) with ExtractAarTransform
Transforming savedstate-1.2.1.aar (androidx.savedstate:savedstate:1.2.1) with AarResourcesCompilerTransform
Transforming work-runtime-2.8.1.aar (androidx.work:work-runtime:2.8.1) with JetifyTransform
Transforming work-runtime-2.8.1.aar (androidx.work:work-runtime:2.8.1) with ExtractAarTransform
Transforming work-runtime-2.8.1.aar (androidx.work:work-runtime:2.8.1) with AarResourcesCompilerTransform
Transforming emoji2-views-helper-1.3.0.aar (androidx.emoji2:emoji2-views-helper:1.3.0) with JetifyTransform
Transforming emoji2-views-helper-1.3.0.aar (androidx.emoji2:emoji2-views-helper:1.3.0) with ExtractAarTransform
Transforming emoji2-views-helper-1.3.0.aar (androidx.emoji2:emoji2-views-helper:1.3.0) with AarResourcesCompilerTransform
Transforming emoji2-1.3.0.aar (androidx.emoji2:emoji2:1.3.0) with JetifyTransform
Transforming emoji2-1.3.0.aar (androidx.emoji2:emoji2:1.3.0) with ExtractAarTransform
Transforming emoji2-1.3.0.aar (androidx.emoji2:emoji2:1.3.0) with AarResourcesCompilerTransform
Transforming lifecycle-process-2.6.1.aar (androidx.lifecycle:lifecycle-process:2.6.1) with JetifyTransform
Transforming lifecycle-process-2.6.1.aar (androidx.lifecycle:lifecycle-process:2.6.1) with ExtractAarTransform
Transforming lifecycle-process-2.6.1.aar (androidx.lifecycle:lifecycle-process:2.6.1) with AarResourcesCompilerTransform
Transforming lifecycle-service-2.6.1.aar (androidx.lifecycle:lifecycle-service:2.6.1) with JetifyTransform
Transforming lifecycle-service-2.6.1.aar (androidx.lifecycle:lifecycle-service:2.6.1) with ExtractAarTransform
Transforming lifecycle-service-2.6.1.aar (androidx.lifecycle:lifecycle-service:2.6.1) with AarResourcesCompilerTransform
Transforming lifecycle-livedata-2.6.1.aar (androidx.lifecycle:lifecycle-livedata:2.6.1) with JetifyTransform
Caching disabled for AarResourcesCompilerTransform: ~/.gradle/caches/transforms-3/400dd26017d2e15e0dbda5406f9ef695/transformed/fragment-1.3.6 because:
  Build cache is disabled
Transforming lifecycle-livedata-2.6.1.aar (androidx.lifecycle:lifecycle-livedata:2.6.1) with ExtractAarTransform
Transforming lifecycle-livedata-2.6.1.aar (androidx.lifecycle:lifecycle-livedata:2.6.1) with AarResourcesCompilerTransform
Transforming lifecycle-livedata-2.6.1.aar (androidx.lifecycle:lifecycle-livedata:2.6.1) with JetifyTransform
Skipping AarResourcesCompilerTransform: ~/.gradle/caches/transforms-3/400dd26017d2e15e0dbda5406f9ef695/transformed/fragment-1.3.6 as it is up-to-date.
Transforming lifecycle-livedata-2.6.1.aar (androidx.lifecycle:lifecycle-livedata:2.6.1) with ExtractAarTransform
Transforming lifecycle-livedata-2.6.1.aar (androidx.lifecycle:lifecycle-livedata:2.6.1) with AarResourcesCompilerTransform
Transforming lifecycle-livedata-core-2.6.1.aar (androidx.lifecycle:lifecycle-livedata-core:2.6.1) with JetifyTransform
Transforming lifecycle-livedata-core-2.6.1.aar (androidx.lifecycle:lifecycle-livedata-core:2.6.1) with ExtractAarTransform
Transforming lifecycle-livedata-core-2.6.1.aar (androidx.lifecycle:lifecycle-livedata-core:2.6.1) with AarResourcesCompilerTransform
Transforming lifecycle-viewmodel-2.6.1.aar (androidx.lifecycle:lifecycle-viewmodel:2.6.1) with JetifyTransform
Caching disabled for AarResourcesCompilerTransform: ~/.gradle/caches/transforms-3/0db2e5da926973a8cb8c4b07fbcec83d/transformed/legacy-support-core-utils-1.0.0 because:
  Build cache is disabled
Transforming lifecycle-viewmodel-2.6.1.aar (androidx.lifecycle:lifecycle-viewmodel:2.6.1) with ExtractAarTransform
Transforming lifecycle-viewmodel-2.6.1.aar (androidx.lifecycle:lifecycle-viewmodel:2.6.1) with AarResourcesCompilerTransform
Skipping AarResourcesCompilerTransform: ~/.gradle/caches/transforms-3/0db2e5da926973a8cb8c4b07fbcec83d/transformed/legacy-support-core-utils-1.0.0 as it is up-to-date.
Transforming lifecycle-viewmodel-2.6.1.aar (androidx.lifecycle:lifecycle-viewmodel:2.6.1) with JetifyTransform
Transforming lifecycle-viewmodel-2.6.1.aar (androidx.lifecycle:lifecycle-viewmodel:2.6.1) with ExtractAarTransform
Transforming lifecycle-viewmodel-2.6.1.aar (androidx.lifecycle:lifecycle-viewmodel:2.6.1) with AarResourcesCompilerTransform
Transforming lifecycle-viewmodel-savedstate-2.6.1.aar (androidx.lifecycle:lifecycle-viewmodel-savedstate:2.6.1) with JetifyTransform
Transforming lifecycle-viewmodel-savedstate-2.6.1.aar (androidx.lifecycle:lifecycle-viewmodel-savedstate:2.6.1) with ExtractAarTransform
Transforming lifecycle-viewmodel-savedstate-2.6.1.aar (androidx.lifecycle:lifecycle-viewmodel-savedstate:2.6.1) with AarResourcesCompilerTransform
Transforming lifecycle-runtime-ktx-2.6.1.aar (androidx.lifecycle:lifecycle-runtime-ktx:2.6.1) with JetifyTransform
Transforming lifecycle-runtime-ktx-2.6.1.aar (androidx.lifecycle:lifecycle-runtime-ktx:2.6.1) with ExtractAarTransform
Caching disabled for AarResourcesCompilerTransform: ~/.gradle/caches/transforms-3/66b0378c33ede1b033228e49dad9524a/transformed/legacy-support-core-ui-1.0.0 because:
  Build cache is disabled
Skipping AarResourcesCompilerTransform: ~/.gradle/caches/transforms-3/66b0378c33ede1b033228e49dad9524a/transformed/legacy-support-core-ui-1.0.0 as it is up-to-date.
Transforming lifecycle-runtime-ktx-2.6.1.aar (androidx.lifecycle:lifecycle-runtime-ktx:2.6.1) with AarResourcesCompilerTransform
Transforming recyclerview-1.3.0.aar (androidx.recyclerview:recyclerview:1.3.0) with JetifyTransform
Transforming recyclerview-1.3.0.aar (androidx.recyclerview:recyclerview:1.3.0) with ExtractAarTransform
Transforming recyclerview-1.3.0.aar (androidx.recyclerview:recyclerview:1.3.0) with AarResourcesCompilerTransform
Transforming recyclerview-1.3.0.aar (androidx.recyclerview:recyclerview:1.3.0) with JetifyTransform
Transforming recyclerview-1.3.0.aar (androidx.recyclerview:recyclerview:1.3.0) with ExtractAarTransform
Transforming recyclerview-1.3.0.aar (androidx.recyclerview:recyclerview:1.3.0) with AarResourcesCompilerTransform
Caching disabled for AarResourcesCompilerTransform: ~/.gradle/caches/transforms-3/902593fa1e00ea876e13c003ec91b9af/transformed/browser-1.0.0 because:
  Build cache is disabled
Skipping AarResourcesCompilerTransform: ~/.gradle/caches/transforms-3/902593fa1e00ea876e13c003ec91b9af/transformed/browser-1.0.0 as it is up-to-date.
Caching disabled for AarResourcesCompilerTransform: ~/.gradle/caches/transforms-3/5fbf3876ecb0a88b7dcccdd061affe0a/transformed/loader-1.0.0 because:
  Build cache is disabled
Skipping AarResourcesCompilerTransform: ~/.gradle/caches/transforms-3/5fbf3876ecb0a88b7dcccdd061affe0a/transformed/loader-1.0.0 as it is up-to-date.
Transforming drawerlayout-1.0.0.aar (androidx.drawerlayout:drawerlayout:1.0.0) with JetifyTransform
Transforming drawerlayout-1.0.0.aar (androidx.drawerlayout:drawerlayout:1.0.0) with ExtractAarTransform
Transforming drawerlayout-1.0.0.aar (androidx.drawerlayout:drawerlayout:1.0.0) with AarResourcesCompilerTransform
Transforming drawerlayout-1.0.0.aar (androidx.drawerlayout:drawerlayout:1.0.0) with JetifyTransform
Transforming drawerlayout-1.0.0.aar (androidx.drawerlayout:drawerlayout:1.0.0) with ExtractAarTransform
Transforming drawerlayout-1.0.0.aar (androidx.drawerlayout:drawerlayout:1.0.0) with AarResourcesCompilerTransform
Transforming coordinatorlayout-1.1.0.aar (androidx.coordinatorlayout:coordinatorlayout:1.1.0) with JetifyTransform
Transforming coordinatorlayout-1.1.0.aar (androidx.coordinatorlayout:coordinatorlayout:1.1.0) with ExtractAarTransform
Transforming coordinatorlayout-1.1.0.aar (androidx.coordinatorlayout:coordinatorlayout:1.1.0) with AarResourcesCompilerTransform
Transforming coordinatorlayout-1.1.0.aar (androidx.coordinatorlayout:coordinatorlayout:1.1.0) with JetifyTransform
Transforming coordinatorlayout-1.1.0.aar (androidx.coordinatorlayout:coordinatorlayout:1.1.0) with ExtractAarTransform
Transforming coordinatorlayout-1.1.0.aar (androidx.coordinatorlayout:coordinatorlayout:1.1.0) with AarResourcesCompilerTransform
Transforming viewpager-1.0.0.aar (androidx.viewpager:viewpager:1.0.0) with JetifyTransform
Transforming viewpager-1.0.0.aar (androidx.viewpager:viewpager:1.0.0) with ExtractAarTransform
Transforming viewpager-1.0.0.aar (androidx.viewpager:viewpager:1.0.0) with AarResourcesCompilerTransform
Caching disabled for AarResourcesCompilerTransform: ~/.gradle/caches/transforms-3/83c2e7af98f64845bfb9325dbf1c5a1c/transformed/jetified-material-release because:
  Build cache is disabled
Skipping AarResourcesCompilerTransform: ~/.gradle/caches/transforms-3/83c2e7af98f64845bfb9325dbf1c5a1c/transformed/jetified-material-release as it is up-to-date.
Transforming viewpager-1.0.0.aar (androidx.viewpager:viewpager:1.0.0) with JetifyTransform
Transforming viewpager-1.0.0.aar (androidx.viewpager:viewpager:1.0.0) with ExtractAarTransform
Transforming viewpager-1.0.0.aar (androidx.viewpager:viewpager:1.0.0) with AarResourcesCompilerTransform
Transforming slidingpanelayout-1.0.0.aar (androidx.slidingpanelayout:slidingpanelayout:1.0.0) with JetifyTransform
Transforming slidingpanelayout-1.0.0.aar (androidx.slidingpanelayout:slidingpanelayout:1.0.0) with ExtractAarTransform
Transforming slidingpanelayout-1.0.0.aar (androidx.slidingpanelayout:slidingpanelayout:1.0.0) with AarResourcesCompilerTransform
Transforming customview-1.0.0.aar (androidx.customview:customview:1.0.0) with JetifyTransform
Transforming customview-1.0.0.aar (androidx.customview:customview:1.0.0) with ExtractAarTransform
Transforming customview-1.0.0.aar (androidx.customview:customview:1.0.0) with AarResourcesCompilerTransform
Transforming customview-1.0.0.aar (androidx.customview:customview:1.0.0) with JetifyTransform
Transforming customview-1.0.0.aar (androidx.customview:customview:1.0.0) with ExtractAarTransform
Transforming customview-1.0.0.aar (androidx.customview:customview:1.0.0) with AarResourcesCompilerTransform
Transforming customview-1.0.0.aar (androidx.customview:customview:1.0.0) with JetifyTransform
Transforming customview-1.0.0.aar (androidx.customview:customview:1.0.0) with ExtractAarTransform
Transforming customview-1.0.0.aar (androidx.customview:customview:1.0.0) with AarResourcesCompilerTransform
Transforming customview-1.0.0.aar (androidx.customview:customview:1.0.0) with JetifyTransform
Transforming customview-1.0.0.aar (androidx.customview:customview:1.0.0) with ExtractAarTransform
Transforming customview-1.0.0.aar (androidx.customview:customview:1.0.0) with AarResourcesCompilerTransform
Transforming customview-1.0.0.aar (androidx.customview:customview:1.0.0) with JetifyTransform
Transforming customview-1.0.0.aar (androidx.customview:customview:1.0.0) with ExtractAarTransform
Transforming customview-1.0.0.aar (androidx.customview:customview:1.0.0) with AarResourcesCompilerTransform
Transforming customview-1.0.0.aar (androidx.customview:customview:1.0.0) with JetifyTransform
Caching disabled for AarResourcesCompilerTransform: ~/.gradle/caches/transforms-3/86c6b512118f207b0af6c1bfd4dea297/transformed/jetified-material-ripple-release because:
  Build cache is disabled
Transforming customview-1.0.0.aar (androidx.customview:customview:1.0.0) with ExtractAarTransform
Skipping AarResourcesCompilerTransform: ~/.gradle/caches/transforms-3/86c6b512118f207b0af6c1bfd4dea297/transformed/jetified-material-ripple-release as it is up-to-date.
Caching disabled for AarResourcesCompilerTransform: ~/.gradle/caches/transforms-3/b6c9f045fb2c75106aeba0d2cee3e5af/transformed/jetified-foundation-release because:
  Build cache is disabled
Skipping AarResourcesCompilerTransform: ~/.gradle/caches/transforms-3/b6c9f045fb2c75106aeba0d2cee3e5af/transformed/jetified-foundation-release as it is up-to-date.
Transforming customview-1.0.0.aar (androidx.customview:customview:1.0.0) with AarResourcesCompilerTransform
Transforming transition-1.2.0.aar (androidx.transition:transition:1.2.0) with JetifyTransform
Transforming transition-1.2.0.aar (androidx.transition:transition:1.2.0) with ExtractAarTransform
Transforming transition-1.2.0.aar (androidx.transition:transition:1.2.0) with AarResourcesCompilerTransform
Transforming vectordrawable-animated-1.1.0.aar (androidx.vectordrawable:vectordrawable-animated:1.1.0) with JetifyTransform
Transforming vectordrawable-animated-1.1.0.aar (androidx.vectordrawable:vectordrawable-animated:1.1.0) with ExtractAarTransform
Transforming vectordrawable-animated-1.1.0.aar (androidx.vectordrawable:vectordrawable-animated:1.1.0) with AarResourcesCompilerTransform
Transforming vectordrawable-1.1.0.aar (androidx.vectordrawable:vectordrawable:1.1.0) with JetifyTransform
Transforming vectordrawable-1.1.0.aar (androidx.vectordrawable:vectordrawable:1.1.0) with ExtractAarTransform
Transforming vectordrawable-1.1.0.aar (androidx.vectordrawable:vectordrawable:1.1.0) with AarResourcesCompilerTransform
Transforming vectordrawable-1.1.0.aar (androidx.vectordrawable:vectordrawable:1.1.0) with JetifyTransform
Transforming vectordrawable-1.1.0.aar (androidx.vectordrawable:vectordrawable:1.1.0) with ExtractAarTransform
Transforming vectordrawable-1.1.0.aar (androidx.vectordrawable:vectordrawable:1.1.0) with AarResourcesCompilerTransform
Transforming window-1.0.0.aar (androidx.window:window:1.0.0) with JetifyTransform
Transforming window-1.0.0.aar (androidx.window:window:1.0.0) with ExtractAarTransform
Transforming window-1.0.0.aar (androidx.window:window:1.0.0) with AarResourcesCompilerTransform
Transforming autofill-1.0.0.aar (androidx.autofill:autofill:1.0.0) with JetifyTransform
Transforming autofill-1.0.0.aar (androidx.autofill:autofill:1.0.0) with ExtractAarTransform
Transforming autofill-1.0.0.aar (androidx.autofill:autofill:1.0.0) with AarResourcesCompilerTransform
Transforming swiperefreshlayout-1.0.0.aar (androidx.swiperefreshlayout:swiperefreshlayout:1.0.0) with JetifyTransform
Transforming swiperefreshlayout-1.0.0.aar (androidx.swiperefreshlayout:swiperefreshlayout:1.0.0) with ExtractAarTransform
Transforming swiperefreshlayout-1.0.0.aar (androidx.swiperefreshlayout:swiperefreshlayout:1.0.0) with AarResourcesCompilerTransform
Transforming asynclayoutinflater-1.0.0.aar (androidx.asynclayoutinflater:asynclayoutinflater:1.0.0) with JetifyTransform
Transforming asynclayoutinflater-1.0.0.aar (androidx.asynclayoutinflater:asynclayoutinflater:1.0.0) with ExtractAarTransform
Transforming asynclayoutinflater-1.0.0.aar (androidx.asynclayoutinflater:asynclayoutinflater:1.0.0) with AarResourcesCompilerTransform
Transforming customview-poolingcontainer-1.0.0.aar (androidx.customview:customview-poolingcontainer:1.0.0) with JetifyTransform
Transforming customview-poolingcontainer-1.0.0.aar (androidx.customview:customview-poolingcontainer:1.0.0) with ExtractAarTransform
Transforming customview-poolingcontainer-1.0.0.aar (androidx.customview:customview-poolingcontainer:1.0.0) with AarResourcesCompilerTransform
Transforming core-ktx-1.12.0.aar (androidx.core:core-ktx:1.12.0) with JetifyTransform
Caching disabled for AarResourcesCompilerTransform: ~/.gradle/caches/transforms-3/cbf35b172e63244a7cdfbe0558057126/transformed/jetified-foundation-layout-release because:
  Build cache is disabled
Caching disabled for AarResourcesCompilerTransform: ~/.gradle/caches/transforms-3/6ca85b9e3b0b19038192d28e3fe8d0ab/transformed/jetified-material-icons-core-release because:
  Build cache is disabled
Skipping AarResourcesCompilerTransform: ~/.gradle/caches/transforms-3/cbf35b172e63244a7cdfbe0558057126/transformed/jetified-foundation-layout-release as it is up-to-date.
Transforming core-ktx-1.12.0.aar (androidx.core:core-ktx:1.12.0) with ExtractAarTransform
Transforming core-ktx-1.12.0.aar (androidx.core:core-ktx:1.12.0) with AarResourcesCompilerTransform
Transforming core-1.12.0.aar (androidx.core:core:1.12.0) with JetifyTransform
Transforming core-1.12.0.aar (androidx.core:core:1.12.0) with ExtractAarTransform
Transforming core-1.12.0.aar (androidx.core:core:1.12.0) with AarResourcesCompilerTransform
Transforming core-1.12.0.aar (androidx.core:core:1.12.0) with JetifyTransform
Caching disabled for AarResourcesCompilerTransform: ~/.gradle/caches/transforms-3/e2595fb66819c09fd65ae4a9e519b50b/transformed/jetified-animation-core-release because:
  Build cache is disabled
Skipping AarResourcesCompilerTransform: ~/.gradle/caches/transforms-3/6ca85b9e3b0b19038192d28e3fe8d0ab/transformed/jetified-material-icons-core-release as it is up-to-date.
Skipping AarResourcesCompilerTransform: ~/.gradle/caches/transforms-3/e2595fb66819c09fd65ae4a9e519b50b/transformed/jetified-animation-core-release as it is up-to-date.
Transforming core-1.12.0.aar (androidx.core:core:1.12.0) with ExtractAarTransform
Transforming core-1.12.0.aar (androidx.core:core:1.12.0) with AarResourcesCompilerTransform
Transforming core-1.12.0.aar (androidx.core:core:1.12.0) with JetifyTransform
Transforming core-1.12.0.aar (androidx.core:core:1.12.0) with ExtractAarTransform
Transforming core-1.12.0.aar (androidx.core:core:1.12.0) with AarResourcesCompilerTransform
Transforming core-1.12.0.aar (androidx.core:core:1.12.0) with JetifyTransform
Transforming core-1.12.0.aar (androidx.core:core:1.12.0) with ExtractAarTransform
Transforming core-1.12.0.aar (androidx.core:core:1.12.0) with AarResourcesCompilerTransform
Transforming core-1.12.0.aar (androidx.core:core:1.12.0) with JetifyTransform
Transforming core-1.12.0.aar (androidx.core:core:1.12.0) with ExtractAarTransform
Transforming core-1.12.0.aar (androidx.core:core:1.12.0) with AarResourcesCompilerTransform
Transforming core-1.12.0.aar (androidx.core:core:1.12.0) with JetifyTransform
Transforming core-1.12.0.aar (androidx.core:core:1.12.0) with ExtractAarTransform
Transforming core-1.12.0.aar (androidx.core:core:1.12.0) with AarResourcesCompilerTransform
Transforming core-1.12.0.aar (androidx.core:core:1.12.0) with JetifyTransform
Transforming core-1.12.0.aar (androidx.core:core:1.12.0) with ExtractAarTransform
Transforming core-1.12.0.aar (androidx.core:core:1.12.0) with AarResourcesCompilerTransform
Transforming core-1.12.0.aar (androidx.core:core:1.12.0) with JetifyTransform
Transforming core-1.12.0.aar (androidx.core:core:1.12.0) with ExtractAarTransform
Transforming core-1.12.0.aar (androidx.core:core:1.12.0) with AarResourcesCompilerTransform
Transforming core-1.12.0.aar (androidx.core:core:1.12.0) with JetifyTransform
Transforming core-1.12.0.aar (androidx.core:core:1.12.0) with ExtractAarTransform
Transforming core-1.12.0.aar (androidx.core:core:1.12.0) with AarResourcesCompilerTransform
Transforming core-1.12.0.aar (androidx.core:core:1.12.0) with JetifyTransform
Transforming core-1.12.0.aar (androidx.core:core:1.12.0) with ExtractAarTransform
Transforming core-1.12.0.aar (androidx.core:core:1.12.0) with AarResourcesCompilerTransform
Transforming core-1.12.0.aar (androidx.core:core:1.12.0) with JetifyTransform
Transforming core-1.12.0.aar (androidx.core:core:1.12.0) with ExtractAarTransform
Transforming core-1.12.0.aar (androidx.core:core:1.12.0) with AarResourcesCompilerTransform
Transforming core-1.12.0.aar (androidx.core:core:1.12.0) with JetifyTransform
Transforming core-1.12.0.aar (androidx.core:core:1.12.0) with ExtractAarTransform
Transforming core-1.12.0.aar (androidx.core:core:1.12.0) with AarResourcesCompilerTransform
Transforming core-1.12.0.aar (androidx.core:core:1.12.0) with JetifyTransform
Transforming core-1.12.0.aar (androidx.core:core:1.12.0) with ExtractAarTransform
Transforming core-1.12.0.aar (androidx.core:core:1.12.0) with AarResourcesCompilerTransform
Transforming core-1.12.0.aar (androidx.core:core:1.12.0) with JetifyTransform
Transforming core-1.12.0.aar (androidx.core:core:1.12.0) with ExtractAarTransform
Transforming core-1.12.0.aar (androidx.core:core:1.12.0) with AarResourcesCompilerTransform
Caching disabled for AarResourcesCompilerTransform: ~/.gradle/caches/transforms-3/b05fc11c0ba16ff3b6e03ce6d681b90d/transformed/jetified-animation-release because:
  Build cache is disabled
Transforming core-1.12.0.aar (androidx.core:core:1.12.0) with JetifyTransform
Transforming core-1.12.0.aar (androidx.core:core:1.12.0) with ExtractAarTransform
Transforming core-1.12.0.aar (androidx.core:core:1.12.0) with AarResourcesCompilerTransform
Skipping AarResourcesCompilerTransform: ~/.gradle/caches/transforms-3/b05fc11c0ba16ff3b6e03ce6d681b90d/transformed/jetified-animation-release as it is up-to-date.
Transforming core-1.12.0.aar (androidx.core:core:1.12.0) with JetifyTransform
Transforming core-1.12.0.aar (androidx.core:core:1.12.0) with ExtractAarTransform
Transforming core-1.12.0.aar (androidx.core:core:1.12.0) with AarResourcesCompilerTransform
Transforming core-1.12.0.aar (androidx.core:core:1.12.0) with JetifyTransform
Transforming core-1.12.0.aar (androidx.core:core:1.12.0) with ExtractAarTransform
Transforming core-1.12.0.aar (androidx.core:core:1.12.0) with AarResourcesCompilerTransform
Transforming core-1.12.0.aar (androidx.core:core:1.12.0) with JetifyTransform
Transforming core-1.12.0.aar (androidx.core:core:1.12.0) with ExtractAarTransform
Transforming core-1.12.0.aar (androidx.core:core:1.12.0) with AarResourcesCompilerTransform
Transforming lifecycle-runtime-2.6.1.aar (androidx.lifecycle:lifecycle-runtime:2.6.1) with JetifyTransform
Transforming lifecycle-runtime-2.6.1.aar (androidx.lifecycle:lifecycle-runtime:2.6.1) with ExtractAarTransform
Transforming lifecycle-runtime-2.6.1.aar (androidx.lifecycle:lifecycle-runtime:2.6.1) with AarResourcesCompilerTransform
Transforming lifecycle-viewmodel-compose-2.6.1.aar (androidx.lifecycle:lifecycle-viewmodel-compose:2.6.1) with JetifyTransform
Transforming lifecycle-viewmodel-compose-2.6.1.aar (androidx.lifecycle:lifecycle-viewmodel-compose:2.6.1) with ExtractAarTransform
Transforming lifecycle-viewmodel-compose-2.6.1.aar (androidx.lifecycle:lifecycle-viewmodel-compose:2.6.1) with AarResourcesCompilerTransform
Transforming lifecycle-viewmodel-ktx-2.6.1.aar (androidx.lifecycle:lifecycle-viewmodel-ktx:2.6.1) with JetifyTransform
Transforming lifecycle-viewmodel-ktx-2.6.1.aar (androidx.lifecycle:lifecycle-viewmodel-ktx:2.6.1) with ExtractAarTransform
Transforming lifecycle-viewmodel-ktx-2.6.1.aar (androidx.lifecycle:lifecycle-viewmodel-ktx:2.6.1) with AarResourcesCompilerTransform
Transforming runtime-saveable-release.aar (androidx.compose.runtime:runtime-saveable-android:1.6.1) with JetifyTransform
Transforming runtime-saveable-release.aar (androidx.compose.runtime:runtime-saveable-android:1.6.1) with ExtractAarTransform
Transforming runtime-saveable-release.aar (androidx.compose.runtime:runtime-saveable-android:1.6.1) with AarResourcesCompilerTransform
Transforming runtime-release.aar (androidx.compose.runtime:runtime-android:1.6.1) with JetifyTransform
Transforming runtime-release.aar (androidx.compose.runtime:runtime-android:1.6.1) with ExtractAarTransform
Transforming runtime-release.aar (androidx.compose.runtime:runtime-android:1.6.1) with AarResourcesCompilerTransform
Transforming datastore-preferences-1.0.0.aar (androidx.datastore:datastore-preferences:1.0.0) with JetifyTransform
Caching disabled for AarResourcesCompilerTransform: ~/.gradle/caches/transforms-3/1fb601fda73f4f605e8cd860ab2c7dff/transformed/jetified-ui-tooling-data-release because:
  Build cache is disabled
Transforming datastore-preferences-1.0.0.aar (androidx.datastore:datastore-preferences:1.0.0) with ExtractAarTransform
Transforming datastore-preferences-1.0.0.aar (androidx.datastore:datastore-preferences:1.0.0) with AarResourcesCompilerTransform
Transforming datastore-1.0.0.aar (androidx.datastore:datastore:1.0.0) with JetifyTransform
Skipping AarResourcesCompilerTransform: ~/.gradle/caches/transforms-3/1fb601fda73f4f605e8cd860ab2c7dff/transformed/jetified-ui-tooling-data-release as it is up-to-date.
Transforming datastore-1.0.0.aar (androidx.datastore:datastore:1.0.0) with ExtractAarTransform
Transforming datastore-1.0.0.aar (androidx.datastore:datastore:1.0.0) with AarResourcesCompilerTransform
Transforming room-runtime-2.5.0.aar (androidx.room:room-runtime:2.5.0) with JetifyTransform
Transforming room-runtime-2.5.0.aar (androidx.room:room-runtime:2.5.0) with ExtractAarTransform
Transforming room-runtime-2.5.0.aar (androidx.room:room-runtime:2.5.0) with AarResourcesCompilerTransform
Transforming documentfile-1.0.1.aar (androidx.documentfile:documentfile:1.0.1) with JetifyTransform
Caching disabled for AarResourcesCompilerTransform: ~/.gradle/caches/transforms-3/9842a4d437c4539be4001127dcd9b65f/transformed/jetified-ui-geometry-release because:
  Build cache is disabled
Skipping AarResourcesCompilerTransform: ~/.gradle/caches/transforms-3/9842a4d437c4539be4001127dcd9b65f/transformed/jetified-ui-geometry-release as it is up-to-date.
Transforming documentfile-1.0.1.aar (androidx.documentfile:documentfile:1.0.1) with ExtractAarTransform
Transforming documentfile-1.0.1.aar (androidx.documentfile:documentfile:1.0.1) with AarResourcesCompilerTransform
Transforming documentfile-1.0.1.aar (androidx.documentfile:documentfile:1.0.1) with JetifyTransform
Transforming documentfile-1.0.1.aar (androidx.documentfile:documentfile:1.0.1) with ExtractAarTransform
Transforming documentfile-1.0.1.aar (androidx.documentfile:documentfile:1.0.1) with AarResourcesCompilerTransform
Transforming security-crypto-1.1.0-alpha03.aar (androidx.security:security-crypto:1.1.0-alpha03) with JetifyTransform
Transforming security-crypto-1.1.0-alpha03.aar (androidx.security:security-crypto:1.1.0-alpha03) with ExtractAarTransform
Transforming security-crypto-1.1.0-alpha03.aar (androidx.security:security-crypto:1.1.0-alpha03) with AarResourcesCompilerTransform
Transforming cursoradapter-1.0.0.aar (androidx.cursoradapter:cursoradapter:1.0.0) with JetifyTransform
Transforming cursoradapter-1.0.0.aar (androidx.cursoradapter:cursoradapter:1.0.0) with ExtractAarTransform
Transforming cursoradapter-1.0.0.aar (androidx.cursoradapter:cursoradapter:1.0.0) with AarResourcesCompilerTransform
Transforming cursoradapter-1.0.0.aar (androidx.cursoradapter:cursoradapter:1.0.0) with JetifyTransform
Transforming cursoradapter-1.0.0.aar (androidx.cursoradapter:cursoradapter:1.0.0) with ExtractAarTransform
Transforming cursoradapter-1.0.0.aar (androidx.cursoradapter:cursoradapter:1.0.0) with AarResourcesCompilerTransform
Transforming cardview-1.0.0.aar (androidx.cardview:cardview:1.0.0) with JetifyTransform
Transforming cardview-1.0.0.aar (androidx.cardview:cardview:1.0.0) with ExtractAarTransform
Transforming cardview-1.0.0.aar (androidx.cardview:cardview:1.0.0) with AarResourcesCompilerTransform
Transforming gifdecoder-4.11.0.aar (com.github.bumptech.glide:gifdecoder:4.11.0) with JetifyTransform
Transforming gifdecoder-4.11.0.aar (com.github.bumptech.glide:gifdecoder:4.11.0) with ExtractAarTransform
Transforming gifdecoder-4.11.0.aar (com.github.bumptech.glide:gifdecoder:4.11.0) with AarResourcesCompilerTransform
Caching disabled for AarResourcesCompilerTransform: ~/.gradle/caches/transforms-3/d46d9e20913b2943a41edfbee6c3fc7b/transformed/jetified-ui-unit-release because:
  Build cache is disabled
Skipping AarResourcesCompilerTransform: ~/.gradle/caches/transforms-3/d46d9e20913b2943a41edfbee6c3fc7b/transformed/jetified-ui-unit-release as it is up-to-date.
Caching disabled for AarResourcesCompilerTransform: ~/.gradle/caches/transforms-3/3521de6b8848f9a8e2e8bf5a2173f78b/transformed/jetified-ui-util-release because:
  Build cache is disabled
Skipping AarResourcesCompilerTransform: ~/.gradle/caches/transforms-3/3521de6b8848f9a8e2e8bf5a2173f78b/transformed/jetified-ui-util-release as it is up-to-date.
Transforming interpolator-1.0.0.aar (androidx.interpolator:interpolator:1.0.0) with JetifyTransform
Transforming interpolator-1.0.0.aar (androidx.interpolator:interpolator:1.0.0) with ExtractAarTransform
Transforming interpolator-1.0.0.aar (androidx.interpolator:interpolator:1.0.0) with AarResourcesCompilerTransform
Transforming interpolator-1.0.0.aar (androidx.interpolator:interpolator:1.0.0) with JetifyTransform
Transforming interpolator-1.0.0.aar (androidx.interpolator:interpolator:1.0.0) with ExtractAarTransform
Transforming interpolator-1.0.0.aar (androidx.interpolator:interpolator:1.0.0) with AarResourcesCompilerTransform
Transforming interpolator-1.0.0.aar (androidx.interpolator:interpolator:1.0.0) with JetifyTransform
Transforming interpolator-1.0.0.aar (androidx.interpolator:interpolator:1.0.0) with ExtractAarTransform
Transforming interpolator-1.0.0.aar (androidx.interpolator:interpolator:1.0.0) with AarResourcesCompilerTransform
Transforming interpolator-1.0.0.aar (androidx.interpolator:interpolator:1.0.0) with JetifyTransform
Transforming interpolator-1.0.0.aar (androidx.interpolator:interpolator:1.0.0) with ExtractAarTransform
Transforming interpolator-1.0.0.aar (androidx.interpolator:interpolator:1.0.0) with AarResourcesCompilerTransform
Transforming interpolator-1.0.0.aar (androidx.interpolator:interpolator:1.0.0) with JetifyTransform
Transforming interpolator-1.0.0.aar (androidx.interpolator:interpolator:1.0.0) with ExtractAarTransform
Transforming interpolator-1.0.0.aar (androidx.interpolator:interpolator:1.0.0) with AarResourcesCompilerTransform
Caching disabled for AarResourcesCompilerTransform: ~/.gradle/caches/transforms-3/84c5ee758d54ed8d39985183b5170d2f/transformed/jetified-ui-text-release because:
  Build cache is disabled
Transforming core-runtime-2.2.0.aar (androidx.arch.core:core-runtime:2.2.0) with JetifyTransform
Transforming core-runtime-2.2.0.aar (androidx.arch.core:core-runtime:2.2.0) with ExtractAarTransform
Transforming core-runtime-2.2.0.aar (androidx.arch.core:core-runtime:2.2.0) with AarResourcesCompilerTransform
Transforming profileinstaller-1.3.0.aar (androidx.profileinstaller:profileinstaller:1.3.0) with JetifyTransform
Transforming profileinstaller-1.3.0.aar (androidx.profileinstaller:profileinstaller:1.3.0) with ExtractAarTransform
Transforming profileinstaller-1.3.0.aar (androidx.profileinstaller:profileinstaller:1.3.0) with AarResourcesCompilerTransform
Skipping AarResourcesCompilerTransform: ~/.gradle/caches/transforms-3/84c5ee758d54ed8d39985183b5170d2f/transformed/jetified-ui-text-release as it is up-to-date.
Transforming sqlite-framework-2.3.0.aar (androidx.sqlite:sqlite-framework:2.3.0) with JetifyTransform
Transforming sqlite-framework-2.3.0.aar (androidx.sqlite:sqlite-framework:2.3.0) with ExtractAarTransform
Transforming sqlite-framework-2.3.0.aar (androidx.sqlite:sqlite-framework:2.3.0) with AarResourcesCompilerTransform
Transforming versionedparcelable-1.1.1.aar (androidx.versionedparcelable:versionedparcelable:1.1.1) with JetifyTransform
Transforming versionedparcelable-1.1.1.aar (androidx.versionedparcelable:versionedparcelable:1.1.1) with ExtractAarTransform
Transforming versionedparcelable-1.1.1.aar (androidx.versionedparcelable:versionedparcelable:1.1.1) with AarResourcesCompilerTransform
Transforming startup-runtime-1.1.1.aar (androidx.startup:startup-runtime:1.1.1) with JetifyTransform
Transforming startup-runtime-1.1.1.aar (androidx.startup:startup-runtime:1.1.1) with ExtractAarTransform
Transforming startup-runtime-1.1.1.aar (androidx.startup:startup-runtime:1.1.1) with AarResourcesCompilerTransform
Transforming exifinterface-1.3.3.aar (androidx.exifinterface:exifinterface:1.3.3) with JetifyTransform
Transforming exifinterface-1.3.3.aar (androidx.exifinterface:exifinterface:1.3.3) with ExtractAarTransform
Transforming exifinterface-1.3.3.aar (androidx.exifinterface:exifinterface:1.3.3) with AarResourcesCompilerTransform
Transforming sqlite-2.3.0.aar (androidx.sqlite:sqlite:2.3.0) with JetifyTransform
Transforming sqlite-2.3.0.aar (androidx.sqlite:sqlite:2.3.0) with ExtractAarTransform
Transforming sqlite-2.3.0.aar (androidx.sqlite:sqlite:2.3.0) with AarResourcesCompilerTransform
Caching disabled for AarResourcesCompilerTransform: ~/.gradle/caches/transforms-3/7d4c28caa7e0fb3fe005a676364c2608/transformed/jetified-ui-tooling-preview-release because:
  Build cache is disabled
Transforming tracing-1.0.0.aar (androidx.tracing:tracing:1.0.0) with JetifyTransform
Transforming tracing-1.0.0.aar (androidx.tracing:tracing:1.0.0) with ExtractAarTransform
Transforming tracing-1.0.0.aar (androidx.tracing:tracing:1.0.0) with AarResourcesCompilerTransform
Skipping AarResourcesCompilerTransform: ~/.gradle/caches/transforms-3/7d4c28caa7e0fb3fe005a676364c2608/transformed/jetified-ui-tooling-preview-release as it is up-to-date.
Transforming localbroadcastmanager-1.0.0.aar (androidx.localbroadcastmanager:localbroadcastmanager:1.0.0) with JetifyTransform
Transforming localbroadcastmanager-1.0.0.aar (androidx.localbroadcastmanager:localbroadcastmanager:1.0.0) with ExtractAarTransform
Transforming localbroadcastmanager-1.0.0.aar (androidx.localbroadcastmanager:localbroadcastmanager:1.0.0) with AarResourcesCompilerTransform
Transforming print-1.0.0.aar (androidx.print:print:1.0.0) with JetifyTransform
Transforming print-1.0.0.aar (androidx.print:print:1.0.0) with ExtractAarTransform
Transforming print-1.0.0.aar (androidx.print:print:1.0.0) with AarResourcesCompilerTransform
Transforming annotation-experimental-1.4.0.aar (androidx.annotation:annotation-experimental:1.4.0) with JetifyTransform
Transforming annotation-experimental-1.4.0.aar (androidx.annotation:annotation-experimental:1.4.0) with ExtractAarTransform
Transforming annotation-experimental-1.4.0.aar (androidx.annotation:annotation-experimental:1.4.0) with AarResourcesCompilerTransform
Transforming android-2.5.0.aar (com.yubico.yubikit:android:2.5.0) with JetifyTransform
Transforming android-2.5.0.aar (com.yubico.yubikit:android:2.5.0) with ExtractAarTransform
Transforming android-2.5.0.aar (com.yubico.yubikit:android:2.5.0) with AarResourcesCompilerTransform
Caching disabled for AarResourcesCompilerTransform: ~/.gradle/caches/transforms-3/7b45d49ace10fab82120de3e53646a9a/transformed/jetified-ui-graphics-release because:
  Build cache is disabled
Skipping AarResourcesCompilerTransform: ~/.gradle/caches/transforms-3/7b45d49ace10fab82120de3e53646a9a/transformed/jetified-ui-graphics-release as it is up-to-date.
Caching disabled for AarResourcesCompilerTransform: ~/.gradle/caches/transforms-3/732bf3fcca27485691548d213a69ce32/transformed/jetified-ui-tooling-release because:
  Build cache is disabled
Skipping AarResourcesCompilerTransform: ~/.gradle/caches/transforms-3/732bf3fcca27485691548d213a69ce32/transformed/jetified-ui-tooling-release as it is up-to-date.
Caching disabled for AarResourcesCompilerTransform: ~/.gradle/caches/transforms-3/f729480fa7330d4bf857441478e9cd70/transformed/jetified-activity-ktx-1.7.1 because:
  Build cache is disabled
Skipping AarResourcesCompilerTransform: ~/.gradle/caches/transforms-3/f729480fa7330d4bf857441478e9cd70/transformed/jetified-activity-ktx-1.7.1 as it is up-to-date.
Caching disabled for AarResourcesCompilerTransform: ~/.gradle/caches/transforms-3/042e3e457431c3578cc10e80ca0e5c92/transformed/jetified-ui-test-manifest-1.6.1 because:
  Build cache is disabled
Skipping AarResourcesCompilerTransform: ~/.gradle/caches/transforms-3/042e3e457431c3578cc10e80ca0e5c92/transformed/jetified-ui-test-manifest-1.6.1 as it is up-to-date.
Caching disabled for AarResourcesCompilerTransform: ~/.gradle/caches/transforms-3/c2b1766b366bff151ea9bc1ce65f2b1b/transformed/jetified-activity-1.7.1 because:
  Build cache is disabled
Skipping AarResourcesCompilerTransform: ~/.gradle/caches/transforms-3/c2b1766b366bff151ea9bc1ce65f2b1b/transformed/jetified-activity-1.7.1 as it is up-to-date.
Caching disabled for AarResourcesCompilerTransform: ~/.gradle/caches/transforms-3/ab0296bff53da0f4182c704c11538309/transformed/jetified-activity-compose-1.7.1 because:
  Build cache is disabled
Skipping AarResourcesCompilerTransform: ~/.gradle/caches/transforms-3/ab0296bff53da0f4182c704c11538309/transformed/jetified-activity-compose-1.7.1 as it is up-to-date.
Caching disabled for AarResourcesCompilerTransform: ~/.gradle/caches/transforms-3/5a6f203f5e7fed813839d1d9e35f7205/transformed/jetified-ui-release because:
  Build cache is disabled
Skipping AarResourcesCompilerTransform: ~/.gradle/caches/transforms-3/5a6f203f5e7fed813839d1d9e35f7205/transformed/jetified-ui-release as it is up-to-date.
Caching disabled for AarResourcesCompilerTransform: ~/.gradle/caches/transforms-3/2e6e16267dc010e44b77ac72a21bd80d/transformed/jetified-savedstate-1.2.1 because:
  Build cache is disabled
Skipping AarResourcesCompilerTransform: ~/.gradle/caches/transforms-3/2e6e16267dc010e44b77ac72a21bd80d/transformed/jetified-savedstate-1.2.1 as it is up-to-date.
Caching disabled for AarResourcesCompilerTransform: ~/.gradle/caches/transforms-3/5fd0882d1d7d05fb40249dc663fa1f47/transformed/jetified-savedstate-ktx-1.2.1 because:
  Build cache is disabled
Caching disabled for AarResourcesCompilerTransform: ~/.gradle/caches/transforms-3/52104321998f44c84e9432a9e863a757/transformed/work-runtime-2.8.1 because:
  Build cache is disabled
Skipping AarResourcesCompilerTransform: ~/.gradle/caches/transforms-3/52104321998f44c84e9432a9e863a757/transformed/work-runtime-2.8.1 as it is up-to-date.
Skipping AarResourcesCompilerTransform: ~/.gradle/caches/transforms-3/5fd0882d1d7d05fb40249dc663fa1f47/transformed/jetified-savedstate-ktx-1.2.1 as it is up-to-date.
Caching disabled for AarResourcesCompilerTransform: ~/.gradle/caches/transforms-3/5f61254bc809342fde7e4d99b9dc0bd6/transformed/jetified-lifecycle-service-2.6.1 because:
  Build cache is disabled
Caching disabled for AarResourcesCompilerTransform: ~/.gradle/caches/transforms-3/cbe3b41e5ddfed288a93ecb397f38d58/transformed/jetified-emoji2-1.3.0 because:
  Build cache is disabled
Skipping AarResourcesCompilerTransform: ~/.gradle/caches/transforms-3/5f61254bc809342fde7e4d99b9dc0bd6/transformed/jetified-lifecycle-service-2.6.1 as it is up-to-date.
Skipping AarResourcesCompilerTransform: ~/.gradle/caches/transforms-3/cbe3b41e5ddfed288a93ecb397f38d58/transformed/jetified-emoji2-1.3.0 as it is up-to-date.
Caching disabled for AarResourcesCompilerTransform: ~/.gradle/caches/transforms-3/1a1c4affc70b8f7d95ddcadfbd2a35e3/transformed/jetified-lifecycle-process-2.6.1 because:
  Build cache is disabled
Skipping AarResourcesCompilerTransform: ~/.gradle/caches/transforms-3/1a1c4affc70b8f7d95ddcadfbd2a35e3/transformed/jetified-lifecycle-process-2.6.1 as it is up-to-date.
Caching disabled for AarResourcesCompilerTransform: ~/.gradle/caches/transforms-3/7d4a3ead9931ebc23018330c682f58e1/transformed/jetified-emoji2-views-helper-1.3.0 because:
  Build cache is disabled
Skipping AarResourcesCompilerTransform: ~/.gradle/caches/transforms-3/7d4a3ead9931ebc23018330c682f58e1/transformed/jetified-emoji2-views-helper-1.3.0 as it is up-to-date.
Caching disabled for AarResourcesCompilerTransform: ~/.gradle/caches/transforms-3/98b62496db80c5f7334c63c8ef1594c6/transformed/lifecycle-livedata-core-2.6.1 because:
  Build cache is disabled
Skipping AarResourcesCompilerTransform: ~/.gradle/caches/transforms-3/98b62496db80c5f7334c63c8ef1594c6/transformed/lifecycle-livedata-core-2.6.1 as it is up-to-date.
Caching disabled for AarResourcesCompilerTransform: ~/.gradle/caches/transforms-3/6e6fcd315d2914af4ad2cbb4faca5a8d/transformed/lifecycle-viewmodel-2.6.1 because:
  Build cache is disabled
Skipping AarResourcesCompilerTransform: ~/.gradle/caches/transforms-3/6e6fcd315d2914af4ad2cbb4faca5a8d/transformed/lifecycle-viewmodel-2.6.1 as it is up-to-date.
Caching disabled for AarResourcesCompilerTransform: ~/.gradle/caches/transforms-3/4cdb49b0d47ca31fbe8f7e71a27210c2/transformed/lifecycle-livedata-2.6.1 because:
  Build cache is disabled
Caching disabled for AarResourcesCompilerTransform: ~/.gradle/caches/transforms-3/b1c2f00c35df7bf87ac640531525b7b2/transformed/jetified-lifecycle-viewmodel-savedstate-2.6.1 because:
  Build cache is disabled
Skipping AarResourcesCompilerTransform: ~/.gradle/caches/transforms-3/b1c2f00c35df7bf87ac640531525b7b2/transformed/jetified-lifecycle-viewmodel-savedstate-2.6.1 as it is up-to-date.
Caching disabled for AarResourcesCompilerTransform: ~/.gradle/caches/transforms-3/ea37f1cdfe70b530b14333d13f4dfefd/transformed/jetified-lifecycle-runtime-ktx-2.6.1 because:
  Build cache is disabled
Skipping AarResourcesCompilerTransform: ~/.gradle/caches/transforms-3/ea37f1cdfe70b530b14333d13f4dfefd/transformed/jetified-lifecycle-runtime-ktx-2.6.1 as it is up-to-date.
Skipping AarResourcesCompilerTransform: ~/.gradle/caches/transforms-3/4cdb49b0d47ca31fbe8f7e71a27210c2/transformed/lifecycle-livedata-2.6.1 as it is up-to-date.
Caching disabled for AarResourcesCompilerTransform: ~/.gradle/caches/transforms-3/4091ae1981d7ed60785fe07ae06dd610/transformed/drawerlayout-1.0.0 because:
  Build cache is disabled
Skipping AarResourcesCompilerTransform: ~/.gradle/caches/transforms-3/4091ae1981d7ed60785fe07ae06dd610/transformed/drawerlayout-1.0.0 as it is up-to-date.
Caching disabled for AarResourcesCompilerTransform: ~/.gradle/caches/transforms-3/2b5b59ece6552c208019a847c09011bf/transformed/recyclerview-1.3.0 because:
  Build cache is disabled
Skipping AarResourcesCompilerTransform: ~/.gradle/caches/transforms-3/2b5b59ece6552c208019a847c09011bf/transformed/recyclerview-1.3.0 as it is up-to-date.
Caching disabled for AarResourcesCompilerTransform: ~/.gradle/caches/transforms-3/13c53372c38558e7012eae9655f785d8/transformed/viewpager-1.0.0 because:
  Build cache is disabled
Skipping AarResourcesCompilerTransform: ~/.gradle/caches/transforms-3/13c53372c38558e7012eae9655f785d8/transformed/viewpager-1.0.0 as it is up-to-date.
Caching disabled for AarResourcesCompilerTransform: ~/.gradle/caches/transforms-3/b0f6f3bf4ed4099b387a119d6361ee2c/transformed/coordinatorlayout-1.1.0 because:
  Build cache is disabled
Skipping AarResourcesCompilerTransform: ~/.gradle/caches/transforms-3/b0f6f3bf4ed4099b387a119d6361ee2c/transformed/coordinatorlayout-1.1.0 as it is up-to-date.
Caching disabled for AarResourcesCompilerTransform: ~/.gradle/caches/transforms-3/c9ac48e9f4f08ba22420df3489b43c0b/transformed/slidingpanelayout-1.0.0 because:
  Build cache is disabled
Skipping AarResourcesCompilerTransform: ~/.gradle/caches/transforms-3/c9ac48e9f4f08ba22420df3489b43c0b/transformed/slidingpanelayout-1.0.0 as it is up-to-date.
Caching disabled for AarResourcesCompilerTransform: ~/.gradle/caches/transforms-3/674afedd4adc863db6e27fb0dc6cd5f2/transformed/customview-1.0.0 because:
  Build cache is disabled
Skipping AarResourcesCompilerTransform: ~/.gradle/caches/transforms-3/674afedd4adc863db6e27fb0dc6cd5f2/transformed/customview-1.0.0 as it is up-to-date.
Caching disabled for AarResourcesCompilerTransform: ~/.gradle/caches/transforms-3/7632eae8281301dfe881ac645ed5b016/transformed/transition-1.2.0 because:
  Build cache is disabled
Skipping AarResourcesCompilerTransform: ~/.gradle/caches/transforms-3/7632eae8281301dfe881ac645ed5b016/transformed/transition-1.2.0 as it is up-to-date.
Caching disabled for AarResourcesCompilerTransform: ~/.gradle/caches/transforms-3/118a0cae2c4b44cec6097a60cd253593/transformed/vectordrawable-animated-1.1.0 because:
  Build cache is disabled
Skipping AarResourcesCompilerTransform: ~/.gradle/caches/transforms-3/118a0cae2c4b44cec6097a60cd253593/transformed/vectordrawable-animated-1.1.0 as it is up-to-date.
Caching disabled for AarResourcesCompilerTransform: ~/.gradle/caches/transforms-3/9b5817c3a92d7366c3231b0a6adc6bdc/transformed/vectordrawable-1.1.0 because:
  Build cache is disabled
Skipping AarResourcesCompilerTransform: ~/.gradle/caches/transforms-3/9b5817c3a92d7366c3231b0a6adc6bdc/transformed/vectordrawable-1.1.0 as it is up-to-date.
Caching disabled for AarResourcesCompilerTransform: ~/.gradle/caches/transforms-3/c168bdfce0b852075277c25af448ff71/transformed/jetified-window-1.0.0 because:
  Build cache is disabled
Skipping AarResourcesCompilerTransform: ~/.gradle/caches/transforms-3/c168bdfce0b852075277c25af448ff71/transformed/jetified-window-1.0.0 as it is up-to-date.
Caching disabled for AarResourcesCompilerTransform: ~/.gradle/caches/transforms-3/580ae2a1aa1989b013eb39607617f57b/transformed/jetified-autofill-1.0.0 because:
  Build cache is disabled
Skipping AarResourcesCompilerTransform: ~/.gradle/caches/transforms-3/580ae2a1aa1989b013eb39607617f57b/transformed/jetified-autofill-1.0.0 as it is up-to-date.
Caching disabled for AarResourcesCompilerTransform: ~/.gradle/caches/transforms-3/12ad9292926686a6f009320535c38240/transformed/swiperefreshlayout-1.0.0 because:
  Build cache is disabled
Skipping AarResourcesCompilerTransform: ~/.gradle/caches/transforms-3/12ad9292926686a6f009320535c38240/transformed/swiperefreshlayout-1.0.0 as it is up-to-date.
Caching disabled for AarResourcesCompilerTransform: ~/.gradle/caches/transforms-3/12a83c271ec221d1737fdd040cc60012/transformed/jetified-customview-poolingcontainer-1.0.0 because:
  Build cache is disabled
Skipping AarResourcesCompilerTransform: ~/.gradle/caches/transforms-3/12a83c271ec221d1737fdd040cc60012/transformed/jetified-customview-poolingcontainer-1.0.0 as it is up-to-date.
Caching disabled for AarResourcesCompilerTransform: ~/.gradle/caches/transforms-3/c1abece61dae1a21d2f3592e715f7295/transformed/asynclayoutinflater-1.0.0 because:
  Build cache is disabled
Skipping AarResourcesCompilerTransform: ~/.gradle/caches/transforms-3/c1abece61dae1a21d2f3592e715f7295/transformed/asynclayoutinflater-1.0.0 as it is up-to-date.
Caching disabled for AarResourcesCompilerTransform: ~/.gradle/caches/transforms-3/949fc41410247092c134eb3bd94f32ce/transformed/jetified-core-ktx-1.12.0 because:
  Build cache is disabled
Skipping AarResourcesCompilerTransform: ~/.gradle/caches/transforms-3/949fc41410247092c134eb3bd94f32ce/transformed/jetified-core-ktx-1.12.0 as it is up-to-date.
Caching disabled for AarResourcesCompilerTransform: ~/.gradle/caches/transforms-3/cceb94d81e4d8c63d43b8cad4df517ed/transformed/core-1.12.0 because:
  Build cache is disabled
Skipping AarResourcesCompilerTransform: ~/.gradle/caches/transforms-3/cceb94d81e4d8c63d43b8cad4df517ed/transformed/core-1.12.0 as it is up-to-date.
Caching disabled for AarResourcesCompilerTransform: ~/.gradle/caches/transforms-3/b000c700754713dc8e2803f1edacb360/transformed/lifecycle-runtime-2.6.1 because:
  Build cache is disabled
Skipping AarResourcesCompilerTransform: ~/.gradle/caches/transforms-3/b000c700754713dc8e2803f1edacb360/transformed/lifecycle-runtime-2.6.1 as it is up-to-date.
Caching disabled for AarResourcesCompilerTransform: ~/.gradle/caches/transforms-3/e9713df1858b49ad0683e30339f1fcbf/transformed/jetified-lifecycle-viewmodel-ktx-2.6.1 because:
  Build cache is disabled
Skipping AarResourcesCompilerTransform: ~/.gradle/caches/transforms-3/e9713df1858b49ad0683e30339f1fcbf/transformed/jetified-lifecycle-viewmodel-ktx-2.6.1 as it is up-to-date.
Caching disabled for AarResourcesCompilerTransform: ~/.gradle/caches/transforms-3/eb7450c57b306cbb82121c0806cab720/transformed/jetified-lifecycle-viewmodel-compose-2.6.1 because:
  Build cache is disabled
Skipping AarResourcesCompilerTransform: ~/.gradle/caches/transforms-3/eb7450c57b306cbb82121c0806cab720/transformed/jetified-lifecycle-viewmodel-compose-2.6.1 as it is up-to-date.
Caching disabled for AarResourcesCompilerTransform: ~/.gradle/caches/transforms-3/a625bd74c274bd3cfbd1753b62cf8fd3/transformed/jetified-runtime-release because:
  Build cache is disabled
Skipping AarResourcesCompilerTransform: ~/.gradle/caches/transforms-3/a625bd74c274bd3cfbd1753b62cf8fd3/transformed/jetified-runtime-release as it is up-to-date.
Caching disabled for AarResourcesCompilerTransform: ~/.gradle/caches/transforms-3/7f1e093fa79270458ef3640fc4e8a839/transformed/jetified-runtime-saveable-release because:
  Build cache is disabled
Skipping AarResourcesCompilerTransform: ~/.gradle/caches/transforms-3/7f1e093fa79270458ef3640fc4e8a839/transformed/jetified-runtime-saveable-release as it is up-to-date.
Caching disabled for AarResourcesCompilerTransform: ~/.gradle/caches/transforms-3/9b48c0ff091d6ce817371e99ad820b83/transformed/jetified-datastore-preferences-1.0.0 because:
  Build cache is disabled
Skipping AarResourcesCompilerTransform: ~/.gradle/caches/transforms-3/9b48c0ff091d6ce817371e99ad820b83/transformed/jetified-datastore-preferences-1.0.0 as it is up-to-date.
Caching disabled for AarResourcesCompilerTransform: ~/.gradle/caches/transforms-3/de6a55e483f993ea7168e29fbd28f33c/transformed/jetified-datastore-1.0.0 because:
  Build cache is disabled
Skipping AarResourcesCompilerTransform: ~/.gradle/caches/transforms-3/de6a55e483f993ea7168e29fbd28f33c/transformed/jetified-datastore-1.0.0 as it is up-to-date.
Caching disabled for AarResourcesCompilerTransform: ~/.gradle/caches/transforms-3/56bd582384ccdc7202015da1d0cac46f/transformed/jetified-security-crypto-1.1.0-alpha03 because:
  Build cache is disabled
Skipping AarResourcesCompilerTransform: ~/.gradle/caches/transforms-3/56bd582384ccdc7202015da1d0cac46f/transformed/jetified-security-crypto-1.1.0-alpha03 as it is up-to-date.
Caching disabled for AarResourcesCompilerTransform: ~/.gradle/caches/transforms-3/e20053a0a5aacac75533bfb9655cb504/transformed/room-runtime-2.5.0 because:
  Build cache is disabled
Skipping AarResourcesCompilerTransform: ~/.gradle/caches/transforms-3/e20053a0a5aacac75533bfb9655cb504/transformed/room-runtime-2.5.0 as it is up-to-date.
Caching disabled for AarResourcesCompilerTransform: ~/.gradle/caches/transforms-3/b2a1521e4152e0b34a7680a2d8b07346/transformed/documentfile-1.0.1 because:
  Build cache is disabled
Skipping AarResourcesCompilerTransform: ~/.gradle/caches/transforms-3/b2a1521e4152e0b34a7680a2d8b07346/transformed/documentfile-1.0.1 as it is up-to-date.
Caching disabled for AarResourcesCompilerTransform: ~/.gradle/caches/transforms-3/12300820f0d60b288a19d7ebf5066de8/transformed/cursoradapter-1.0.0 because:
  Build cache is disabled
Skipping AarResourcesCompilerTransform: ~/.gradle/caches/transforms-3/12300820f0d60b288a19d7ebf5066de8/transformed/cursoradapter-1.0.0 as it is up-to-date.
Caching disabled for AarResourcesCompilerTransform: ~/.gradle/caches/transforms-3/137175b3ff397a3ca8c7f030a9dc1e4b/transformed/jetified-gifdecoder-4.11.0 because:
  Build cache is disabled
Skipping AarResourcesCompilerTransform: ~/.gradle/caches/transforms-3/137175b3ff397a3ca8c7f030a9dc1e4b/transformed/jetified-gifdecoder-4.11.0 as it is up-to-date.
Caching disabled for AarResourcesCompilerTransform: ~/.gradle/caches/transforms-3/dcc90df5e29beb76e837b70cfc8a1b3a/transformed/cardview-1.0.0 because:
  Build cache is disabled
Caching disabled for AarResourcesCompilerTransform: ~/.gradle/caches/transforms-3/d41826fca4fd43026506b6eedd8999db/transformed/interpolator-1.0.0 because:
  Build cache is disabled
Skipping AarResourcesCompilerTransform: ~/.gradle/caches/transforms-3/dcc90df5e29beb76e837b70cfc8a1b3a/transformed/cardview-1.0.0 as it is up-to-date.
Skipping AarResourcesCompilerTransform: ~/.gradle/caches/transforms-3/d41826fca4fd43026506b6eedd8999db/transformed/interpolator-1.0.0 as it is up-to-date.
Caching disabled for AarResourcesCompilerTransform: ~/.gradle/caches/transforms-3/6121addbf7f66609874aebfb23638732/transformed/jetified-profileinstaller-1.3.0 because:
  Build cache is disabled
Skipping AarResourcesCompilerTransform: ~/.gradle/caches/transforms-3/6121addbf7f66609874aebfb23638732/transformed/jetified-profileinstaller-1.3.0 as it is up-to-date.
Caching disabled for AarResourcesCompilerTransform: ~/.gradle/caches/transforms-3/42d42e9fdc10b3a8efed0d75b71fafe6/transformed/core-runtime-2.2.0 because:
  Build cache is disabled
Skipping AarResourcesCompilerTransform: ~/.gradle/caches/transforms-3/42d42e9fdc10b3a8efed0d75b71fafe6/transformed/core-runtime-2.2.0 as it is up-to-date.
Caching disabled for AarResourcesCompilerTransform: ~/.gradle/caches/transforms-3/155663d16d0a0a2fe7a7ba743223ac03/transformed/jetified-startup-runtime-1.1.1 because:
  Build cache is disabled
Skipping AarResourcesCompilerTransform: ~/.gradle/caches/transforms-3/155663d16d0a0a2fe7a7ba743223ac03/transformed/jetified-startup-runtime-1.1.1 as it is up-to-date.
Caching disabled for AarResourcesCompilerTransform: ~/.gradle/caches/transforms-3/48ceb8176866b80a099305b2f41fd291/transformed/exifinterface-1.3.3 because:
  Build cache is disabled
Skipping AarResourcesCompilerTransform: ~/.gradle/caches/transforms-3/48ceb8176866b80a099305b2f41fd291/transformed/exifinterface-1.3.3 as it is up-to-date.
Caching disabled for AarResourcesCompilerTransform: ~/.gradle/caches/transforms-3/6b41cd243c6fb9e77bc51f77916faca1/transformed/sqlite-framework-2.3.0 because:
  Build cache is disabled
Skipping AarResourcesCompilerTransform: ~/.gradle/caches/transforms-3/6b41cd243c6fb9e77bc51f77916faca1/transformed/sqlite-framework-2.3.0 as it is up-to-date.
Caching disabled for AarResourcesCompilerTransform: ~/.gradle/caches/transforms-3/03f7efd144c869dc5e7d802beb82fc16/transformed/versionedparcelable-1.1.1 because:
  Build cache is disabled
Skipping AarResourcesCompilerTransform: ~/.gradle/caches/transforms-3/03f7efd144c869dc5e7d802beb82fc16/transformed/versionedparcelable-1.1.1 as it is up-to-date.
Caching disabled for AarResourcesCompilerTransform: ~/.gradle/caches/transforms-3/3bc6d5d8ff448b4e13035810680677de/transformed/jetified-tracing-1.0.0 because:
  Build cache is disabled
Skipping AarResourcesCompilerTransform: ~/.gradle/caches/transforms-3/3bc6d5d8ff448b4e13035810680677de/transformed/jetified-tracing-1.0.0 as it is up-to-date.
Caching disabled for AarResourcesCompilerTransform: ~/.gradle/caches/transforms-3/72dad178ce6ab4f7001753075b0e37f5/transformed/sqlite-2.3.0 because:
  Build cache is disabled
Skipping AarResourcesCompilerTransform: ~/.gradle/caches/transforms-3/72dad178ce6ab4f7001753075b0e37f5/transformed/sqlite-2.3.0 as it is up-to-date.
Caching disabled for AarResourcesCompilerTransform: ~/.gradle/caches/transforms-3/b60f11540f0a45297b86659eb77708d8/transformed/localbroadcastmanager-1.0.0 because:
  Build cache is disabled
Skipping AarResourcesCompilerTransform: ~/.gradle/caches/transforms-3/b60f11540f0a45297b86659eb77708d8/transformed/localbroadcastmanager-1.0.0 as it is up-to-date.
Caching disabled for AarResourcesCompilerTransform: ~/.gradle/caches/transforms-3/07890a703d0cf6d7a86bcc92f59f3175/transformed/print-1.0.0 because:
  Build cache is disabled
Skipping AarResourcesCompilerTransform: ~/.gradle/caches/transforms-3/07890a703d0cf6d7a86bcc92f59f3175/transformed/print-1.0.0 as it is up-to-date.
Caching disabled for AarResourcesCompilerTransform: ~/.gradle/caches/transforms-3/8afce72244a911c0605c3d6d7e95dc8c/transformed/jetified-android-2.5.0 because:
  Build cache is disabled
Skipping AarResourcesCompilerTransform: ~/.gradle/caches/transforms-3/8afce72244a911c0605c3d6d7e95dc8c/transformed/jetified-android-2.5.0 as it is up-to-date.
Caching disabled for AarResourcesCompilerTransform: ~/.gradle/caches/transforms-3/bf1a1f31d3fd291141350a5f95f71ac2/transformed/navigation-runtime-2.7.0 because:
  Build cache is disabled
Skipping AarResourcesCompilerTransform: ~/.gradle/caches/transforms-3/bf1a1f31d3fd291141350a5f95f71ac2/transformed/navigation-runtime-2.7.0 as it is up-to-date.
Caching disabled for AarResourcesCompilerTransform: ~/.gradle/caches/transforms-3/8feeef3945a1f3bf72a7656b99debed4/transformed/jetified-glide-4.11.0 because:
  Build cache is disabled
Skipping AarResourcesCompilerTransform: ~/.gradle/caches/transforms-3/8feeef3945a1f3bf72a7656b99debed4/transformed/jetified-glide-4.11.0 as it is up-to-date.
Caching disabled for AarResourcesCompilerTransform: ~/.gradle/caches/transforms-3/bba89aa6501c852a9ecaced807b153b4/transformed/jetified-annotation-experimental-1.4.0 because:
  Build cache is disabled
Caching disabled for AarResourcesCompilerTransform: ~/.gradle/caches/transforms-3/a7ad36f58a6749e591d88a51cd5b7b5c/transformed/jetified-play-services-base-18.0.1 because:
  Build cache is disabled
Skipping AarResourcesCompilerTransform: ~/.gradle/caches/transforms-3/bba89aa6501c852a9ecaced807b153b4/transformed/jetified-annotation-experimental-1.4.0 as it is up-to-date.
Skipping AarResourcesCompilerTransform: ~/.gradle/caches/transforms-3/a7ad36f58a6749e591d88a51cd5b7b5c/transformed/jetified-play-services-base-18.0.1 as it is up-to-date.
Caching disabled for AarResourcesCompilerTransform: ~/.gradle/caches/transforms-3/93778559c8409c7dbf0caaa1b2d252ac/transformed/jetified-coil-2.0.0 because:
  Build cache is disabled
Skipping AarResourcesCompilerTransform: ~/.gradle/caches/transforms-3/93778559c8409c7dbf0caaa1b2d252ac/transformed/jetified-coil-2.0.0 as it is up-to-date.
Caching disabled for AarResourcesCompilerTransform: ~/.gradle/caches/transforms-3/6ba5227b30be8ace71f45008339a7641/transformed/jetified-accompanist-drawablepainter-0.23.1 because:
  Build cache is disabled
Skipping AarResourcesCompilerTransform: ~/.gradle/caches/transforms-3/6ba5227b30be8ace71f45008339a7641/transformed/jetified-accompanist-drawablepainter-0.23.1 as it is up-to-date.
Caching disabled for AarResourcesCompilerTransform: ~/.gradle/caches/transforms-3/28b8a30e393fe518d9ae0aee025282fd/transformed/jetified-coil-base-2.0.0 because:
  Build cache is disabled
Skipping AarResourcesCompilerTransform: ~/.gradle/caches/transforms-3/28b8a30e393fe518d9ae0aee025282fd/transformed/jetified-coil-base-2.0.0 as it is up-to-date.
Caching disabled for AarResourcesCompilerTransform: ~/.gradle/caches/transforms-3/7ff85eb923829d3039e7d6a37994c2be/transformed/jetified-credentials-play-services-auth-1.2.2 because:
  Build cache is disabled
Caching disabled for AarResourcesCompilerTransform: ~/.gradle/caches/transforms-3/90ed19349c73e3a702f875e3ee32cf3e/transformed/jetified-play-services-auth-api-phone-18.0.1 because:
  Build cache is disabled
Skipping AarResourcesCompilerTransform: ~/.gradle/caches/transforms-3/90ed19349c73e3a702f875e3ee32cf3e/transformed/jetified-play-services-auth-api-phone-18.0.1 as it is up-to-date.
Skipping AarResourcesCompilerTransform: ~/.gradle/caches/transforms-3/7ff85eb923829d3039e7d6a37994c2be/transformed/jetified-credentials-play-services-auth-1.2.2 as it is up-to-date.
Caching disabled for AarResourcesCompilerTransform: ~/.gradle/caches/transforms-3/2cfbf6603ea66c174c7ccb8429cf167e/transformed/navigation-common-ktx-2.7.0 because:
  Build cache is disabled
Skipping AarResourcesCompilerTransform: ~/.gradle/caches/transforms-3/2cfbf6603ea66c174c7ccb8429cf167e/transformed/navigation-common-ktx-2.7.0 as it is up-to-date.
Caching disabled for AarResourcesCompilerTransform: ~/.gradle/caches/transforms-3/eaf4160b542b0499b6b73f7db65252d7/transformed/jetified-coil-compose-base-2.0.0 because:
  Build cache is disabled
Skipping AarResourcesCompilerTransform: ~/.gradle/caches/transforms-3/eaf4160b542b0499b6b73f7db65252d7/transformed/jetified-coil-compose-base-2.0.0 as it is up-to-date.
Caching disabled for AarResourcesCompilerTransform: ~/.gradle/caches/transforms-3/691e2ddca74f0afe60043bb1a3af1d8c/transformed/jetified-common-21.4.0 because:
  Build cache is disabled
Skipping AarResourcesCompilerTransform: ~/.gradle/caches/transforms-3/691e2ddca74f0afe60043bb1a3af1d8c/transformed/jetified-common-21.4.0 as it is up-to-date.
Caching disabled for AarResourcesCompilerTransform: ~/.gradle/caches/transforms-3/5395aa0a6ecb13ad0c511d3a340478af/transformed/jetified-msal-6.2.0 because:
  Build cache is disabled
Skipping AarResourcesCompilerTransform: ~/.gradle/caches/transforms-3/5395aa0a6ecb13ad0c511d3a340478af/transformed/jetified-msal-6.2.0 as it is up-to-date.
Caching disabled for AarResourcesCompilerTransform: ~/.gradle/caches/transforms-3/a4a989285698a7d4539c76e75f39e9fb/transformed/jetified-appcompat-resources-1.6.1 because:
  Build cache is disabled
Skipping AarResourcesCompilerTransform: ~/.gradle/caches/transforms-3/a4a989285698a7d4539c76e75f39e9fb/transformed/jetified-appcompat-resources-1.6.1 as it is up-to-date.
Caching disabled for AarResourcesCompilerTransform: ~/.gradle/caches/transforms-3/b6095f41f72e5a29b902f1ef21484dd1/transformed/jetified-material3-window-size-class-release because:
  Build cache is disabled
Skipping AarResourcesCompilerTransform: ~/.gradle/caches/transforms-3/b6095f41f72e5a29b902f1ef21484dd1/transformed/jetified-material3-window-size-class-release as it is up-to-date.
Caching disabled for AarResourcesCompilerTransform: ~/.gradle/caches/transforms-3/66f77465e979a17d511311b5910b38ae/transformed/jetified-play-services-auth-20.7.0 because:
  Build cache is disabled
Skipping AarResourcesCompilerTransform: ~/.gradle/caches/transforms-3/66f77465e979a17d511311b5910b38ae/transformed/jetified-play-services-auth-20.7.0 as it is up-to-date.
Caching disabled for AarResourcesCompilerTransform: ~/.gradle/caches/transforms-3/db0a4a75452c37002f2b2876252588df/transformed/navigation-common-2.7.0 because:
  Build cache is disabled
Skipping AarResourcesCompilerTransform: ~/.gradle/caches/transforms-3/db0a4a75452c37002f2b2876252588df/transformed/navigation-common-2.7.0 as it is up-to-date.
Caching disabled for AarResourcesCompilerTransform: ~/.gradle/caches/transforms-3/061a33163253ca2b20f29868a72c12dc/transformed/jetified-material3-release because:
  Build cache is disabled
Skipping AarResourcesCompilerTransform: ~/.gradle/caches/transforms-3/061a33163253ca2b20f29868a72c12dc/transformed/jetified-material3-release as it is up-to-date.
Caching disabled for AarResourcesCompilerTransform: ~/.gradle/caches/transforms-3/66a760f6e63c09010c25a975f2158b0f/transformed/navigation-runtime-ktx-2.7.0 because:
  Build cache is disabled
Skipping AarResourcesCompilerTransform: ~/.gradle/caches/transforms-3/66a760f6e63c09010c25a975f2158b0f/transformed/navigation-runtime-ktx-2.7.0 as it is up-to-date.
Caching disabled for AarResourcesCompilerTransform: ~/.gradle/caches/transforms-3/92c29c4b255532babecd42314d8fdc89/transformed/jetified-play-services-auth-base-18.0.4 because:
  Build cache is disabled
Skipping AarResourcesCompilerTransform: ~/.gradle/caches/transforms-3/92c29c4b255532babecd42314d8fdc89/transformed/jetified-play-services-auth-base-18.0.4 as it is up-to-date.
Caching disabled for AarResourcesCompilerTransform: ~/.gradle/caches/transforms-3/2255a581edd9e694cdd5fc201e351b32/transformed/jetified-navigation-compose-2.7.0 because:
  Build cache is disabled
Skipping AarResourcesCompilerTransform: ~/.gradle/caches/transforms-3/2255a581edd9e694cdd5fc201e351b32/transformed/jetified-navigation-compose-2.7.0 as it is up-to-date.
Caching disabled for AarResourcesCompilerTransform: ~/.gradle/caches/transforms-3/9b17bc7c93fbf09b155b618530a901a6/transformed/jetified-viewpager2-1.0.0 because:
  Build cache is disabled
Skipping AarResourcesCompilerTransform: ~/.gradle/caches/transforms-3/9b17bc7c93fbf09b155b618530a901a6/transformed/jetified-viewpager2-1.0.0 as it is up-to-date.
Caching disabled for AarResourcesCompilerTransform: ~/.gradle/caches/transforms-3/9d078f321e9c9b40b737fbfeda2c24d6/transformed/constraintlayout-2.1.3 because:
  Build cache is disabled
Skipping AarResourcesCompilerTransform: ~/.gradle/caches/transforms-3/9d078f321e9c9b40b737fbfeda2c24d6/transformed/constraintlayout-2.1.3 as it is up-to-date.
Caching disabled for AarResourcesCompilerTransform: ~/.gradle/caches/transforms-3/3c5a8b745dd1c9841f3eb1e5f8227414/transformed/jetified-play-services-fido-20.1.0 because:
  Build cache is disabled
Skipping AarResourcesCompilerTransform: ~/.gradle/caches/transforms-3/3c5a8b745dd1c9841f3eb1e5f8227414/transformed/jetified-play-services-fido-20.1.0 as it is up-to-date.
Caching disabled for AarResourcesCompilerTransform: ~/.gradle/caches/transforms-3/9e19dd4eddf1526c596bfc7fac48dace/transformed/material-1.2.0 because:
  Build cache is disabled
Skipping AarResourcesCompilerTransform: ~/.gradle/caches/transforms-3/9e19dd4eddf1526c596bfc7fac48dace/transformed/material-1.2.0 as it is up-to-date.
Caching disabled for AarResourcesCompilerTransform: ~/.gradle/caches/transforms-3/e05b1ce225b2f306a2f1bcaa6cc4bb82/transformed/appcompat-1.6.1 because:
  Build cache is disabled
Skipping AarResourcesCompilerTransform: ~/.gradle/caches/transforms-3/e05b1ce225b2f306a2f1bcaa6cc4bb82/transformed/appcompat-1.6.1 as it is up-to-date.
Caching disabled for AarResourcesCompilerTransform: ~/.gradle/caches/transforms-3/1cae99ea7ffe8d6629ea2bcf1aca546c/transformed/work-runtime-ktx-2.8.1 because:
  Build cache is disabled
Skipping AarResourcesCompilerTransform: ~/.gradle/caches/transforms-3/1cae99ea7ffe8d6629ea2bcf1aca546c/transformed/work-runtime-ktx-2.8.1 as it is up-to-date.
Transforming viewbinding-7.4.2.aar (androidx.databinding:viewbinding:7.4.2) with JetifyTransform
Transforming viewbinding-7.4.2.aar (androidx.databinding:viewbinding:7.4.2) with ExtractAarTransform
Transforming viewbinding-7.4.2.aar (androidx.databinding:viewbinding:7.4.2) with LibrarySymbolTableTransform
Transforming accompanist-systemuicontroller-0.23.0.aar (com.google.accompanist:accompanist-systemuicontroller:0.23.0) with JetifyTransform
Transforming accompanist-systemuicontroller-0.23.0.aar (com.google.accompanist:accompanist-systemuicontroller:0.23.0) with ExtractAarTransform
Transforming accompanist-systemuicontroller-0.23.0.aar (com.google.accompanist:accompanist-systemuicontroller:0.23.0) with LibrarySymbolTableTransform
Transforming coil-compose-2.0.0.aar (io.coil-kt:coil-compose:2.0.0) with JetifyTransform
Transforming coil-compose-2.0.0.aar (io.coil-kt:coil-compose:2.0.0) with ExtractAarTransform
Transforming coil-compose-2.0.0.aar (io.coil-kt:coil-compose:2.0.0) with LibrarySymbolTableTransform
Transforming coil-compose-base-2.0.0.aar (io.coil-kt:coil-compose-base:2.0.0) with JetifyTransform
Transforming coil-compose-base-2.0.0.aar (io.coil-kt:coil-compose-base:2.0.0) with ExtractAarTransform
Transforming coil-compose-base-2.0.0.aar (io.coil-kt:coil-compose-base:2.0.0) with LibrarySymbolTableTransform
Transforming coil-2.0.0.aar (io.coil-kt:coil:2.0.0) with JetifyTransform
Transforming coil-2.0.0.aar (io.coil-kt:coil:2.0.0) with ExtractAarTransform
Transforming coil-2.0.0.aar (io.coil-kt:coil:2.0.0) with LibrarySymbolTableTransform
Transforming coil-base-2.0.0.aar (io.coil-kt:coil-base:2.0.0) with JetifyTransform
Transforming coil-base-2.0.0.aar (io.coil-kt:coil-base:2.0.0) with ExtractAarTransform
Transforming coil-base-2.0.0.aar (io.coil-kt:coil-base:2.0.0) with LibrarySymbolTableTransform
Transforming msal-6.2.0.aar (com.microsoft.identity.client:msal:6.2.0) with JetifyTransform
Transforming msal-6.2.0.aar (com.microsoft.identity.client:msal:6.2.0) with ExtractAarTransform
Transforming msal-6.2.0.aar (com.microsoft.identity.client:msal:6.2.0) with LibrarySymbolTableTransform
Transforming common-21.4.0.aar (com.microsoft.identity:common:21.4.0) with JetifyTransform
Transforming common-21.4.0.aar (com.microsoft.identity:common:21.4.0) with ExtractAarTransform
Transforming common-21.4.0.aar (com.microsoft.identity:common:21.4.0) with LibrarySymbolTableTransform
Transforming accompanist-drawablepainter-0.23.1.aar (com.google.accompanist:accompanist-drawablepainter:0.23.1) with JetifyTransform
Transforming accompanist-drawablepainter-0.23.1.aar (com.google.accompanist:accompanist-drawablepainter:0.23.1) with ExtractAarTransform
Transforming accompanist-drawablepainter-0.23.1.aar (com.google.accompanist:accompanist-drawablepainter:0.23.1) with LibrarySymbolTableTransform
Transforming credentials-1.2.2.aar (androidx.credentials:credentials:1.2.2) with JetifyTransform
Transforming credentials-1.2.2.aar (androidx.credentials:credentials:1.2.2) with ExtractAarTransform
Transforming credentials-1.2.2.aar (androidx.credentials:credentials:1.2.2) with LibrarySymbolTableTransform
Transforming credentials-1.2.2.aar (androidx.credentials:credentials:1.2.2) with JetifyTransform
Transforming credentials-1.2.2.aar (androidx.credentials:credentials:1.2.2) with ExtractAarTransform
Transforming credentials-1.2.2.aar (androidx.credentials:credentials:1.2.2) with LibrarySymbolTableTransform
Transforming credentials-play-services-auth-1.2.2.aar (androidx.credentials:credentials-play-services-auth:1.2.2) with JetifyTransform
Transforming credentials-play-services-auth-1.2.2.aar (androidx.credentials:credentials-play-services-auth:1.2.2) with ExtractAarTransform
Transforming credentials-play-services-auth-1.2.2.aar (androidx.credentials:credentials-play-services-auth:1.2.2) with LibrarySymbolTableTransform
Transforming googleid-1.1.0.aar (com.google.android.libraries.identity.googleid:googleid:1.1.0) with JetifyTransform
Transforming googleid-1.1.0.aar (com.google.android.libraries.identity.googleid:googleid:1.1.0) with ExtractAarTransform
Transforming googleid-1.1.0.aar (com.google.android.libraries.identity.googleid:googleid:1.1.0) with LibrarySymbolTableTransform
Transforming work-runtime-ktx-2.8.1.aar (androidx.work:work-runtime-ktx:2.8.1) with JetifyTransform
Transforming work-runtime-ktx-2.8.1.aar (androidx.work:work-runtime-ktx:2.8.1) with ExtractAarTransform
Transforming work-runtime-ktx-2.8.1.aar (androidx.work:work-runtime-ktx:2.8.1) with LibrarySymbolTableTransform
Transforming navigation-common-2.7.0.aar (androidx.navigation:navigation-common:2.7.0) with JetifyTransform
Transforming navigation-common-2.7.0.aar (androidx.navigation:navigation-common:2.7.0) with ExtractAarTransform
Transforming navigation-common-2.7.0.aar (androidx.navigation:navigation-common:2.7.0) with LibrarySymbolTableTransform
Transforming navigation-runtime-2.7.0.aar (androidx.navigation:navigation-runtime:2.7.0) with JetifyTransform
Transforming navigation-runtime-2.7.0.aar (androidx.navigation:navigation-runtime:2.7.0) with ExtractAarTransform
Transforming navigation-runtime-2.7.0.aar (androidx.navigation:navigation-runtime:2.7.0) with LibrarySymbolTableTransform
Transforming navigation-common-ktx-2.7.0.aar (androidx.navigation:navigation-common-ktx:2.7.0) with JetifyTransform
Transforming navigation-common-ktx-2.7.0.aar (androidx.navigation:navigation-common-ktx:2.7.0) with ExtractAarTransform
Transforming navigation-common-ktx-2.7.0.aar (androidx.navigation:navigation-common-ktx:2.7.0) with LibrarySymbolTableTransform
Transforming navigation-runtime-ktx-2.7.0.aar (androidx.navigation:navigation-runtime-ktx:2.7.0) with JetifyTransform
Transforming navigation-runtime-ktx-2.7.0.aar (androidx.navigation:navigation-runtime-ktx:2.7.0) with ExtractAarTransform
Transforming navigation-runtime-ktx-2.7.0.aar (androidx.navigation:navigation-runtime-ktx:2.7.0) with LibrarySymbolTableTransform
Transforming navigation-compose-2.7.0.aar (androidx.navigation:navigation-compose:2.7.0) with JetifyTransform
Transforming navigation-compose-2.7.0.aar (androidx.navigation:navigation-compose:2.7.0) with ExtractAarTransform
Transforming navigation-compose-2.7.0.aar (androidx.navigation:navigation-compose:2.7.0) with LibrarySymbolTableTransform
Transforming constraintlayout-2.1.3.aar (androidx.constraintlayout:constraintlayout:2.1.3) with JetifyTransform
Transforming constraintlayout-2.1.3.aar (androidx.constraintlayout:constraintlayout:2.1.3) with ExtractAarTransform
Transforming constraintlayout-2.1.3.aar (androidx.constraintlayout:constraintlayout:2.1.3) with LibrarySymbolTableTransform
Transforming material-1.2.0.aar (com.google.android.material:material:1.2.0) with JetifyTransform
Transforming material-1.2.0.aar (com.google.android.material:material:1.2.0) with ExtractAarTransform
Transforming material-1.2.0.aar (com.google.android.material:material:1.2.0) with LibrarySymbolTableTransform
Transforming appcompat-resources-1.6.1.aar (androidx.appcompat:appcompat-resources:1.6.1) with JetifyTransform
Transforming appcompat-resources-1.6.1.aar (androidx.appcompat:appcompat-resources:1.6.1) with ExtractAarTransform
Transforming appcompat-resources-1.6.1.aar (androidx.appcompat:appcompat-resources:1.6.1) with LibrarySymbolTableTransform
Transforming appcompat-1.6.1.aar (androidx.appcompat:appcompat:1.6.1) with JetifyTransform
Transforming appcompat-1.6.1.aar (androidx.appcompat:appcompat:1.6.1) with ExtractAarTransform
Transforming appcompat-1.6.1.aar (androidx.appcompat:appcompat:1.6.1) with LibrarySymbolTableTransform
Transforming material3-window-size-class-release.aar (androidx.compose.material3:material3-window-size-class-android:1.2.0) with JetifyTransform
Caching disabled for LibrarySymbolTableTransform: ~/.gradle/caches/transforms-3/94cab073bb099116bcdf05d4c23f20c8/transformed/jetified-viewbinding-7.4.2 because:
  Build cache is disabled
Transforming material3-window-size-class-release.aar (androidx.compose.material3:material3-window-size-class-android:1.2.0) with ExtractAarTransform
Caching disabled for LibrarySymbolTableTransform: ~/.gradle/caches/transforms-3/4a16392ea9d502c6cfaf958d501f7b5c/transformed/jetified-coil-compose-2.0.0 because:
  Build cache is disabled
Transforming material3-window-size-class-release.aar (androidx.compose.material3:material3-window-size-class-android:1.2.0) with LibrarySymbolTableTransform
Transforming material3-release.aar (androidx.compose.material3:material3-android:1.2.0) with JetifyTransform
Skipping LibrarySymbolTableTransform: ~/.gradle/caches/transforms-3/4a16392ea9d502c6cfaf958d501f7b5c/transformed/jetified-coil-compose-2.0.0 as it is up-to-date.
Transforming material3-release.aar (androidx.compose.material3:material3-android:1.2.0) with ExtractAarTransform
Transforming material3-release.aar (androidx.compose.material3:material3-android:1.2.0) with LibrarySymbolTableTransform
Transforming glide-4.11.0.aar (com.github.bumptech.glide:glide:4.11.0) with JetifyTransform
Skipping LibrarySymbolTableTransform: ~/.gradle/caches/transforms-3/94cab073bb099116bcdf05d4c23f20c8/transformed/jetified-viewbinding-7.4.2 as it is up-to-date.
Transforming glide-4.11.0.aar (com.github.bumptech.glide:glide:4.11.0) with ExtractAarTransform
Transforming glide-4.11.0.aar (com.github.bumptech.glide:glide:4.11.0) with LibrarySymbolTableTransform
Transforming viewpager2-1.0.0.aar (androidx.viewpager2:viewpager2:1.0.0) with JetifyTransform
Transforming viewpager2-1.0.0.aar (androidx.viewpager2:viewpager2:1.0.0) with ExtractAarTransform
Transforming viewpager2-1.0.0.aar (androidx.viewpager2:viewpager2:1.0.0) with LibrarySymbolTableTransform
Transforming play-services-auth-20.7.0.aar (com.google.android.gms:play-services-auth:20.7.0) with JetifyTransform
Caching disabled for LibrarySymbolTableTransform: ~/.gradle/caches/transforms-3/bf8e33f871994f40a9487e20a975ed66/transformed/jetified-accompanist-systemuicontroller-0.23.0 because:
  Build cache is disabled
Skipping LibrarySymbolTableTransform: ~/.gradle/caches/transforms-3/bf8e33f871994f40a9487e20a975ed66/transformed/jetified-accompanist-systemuicontroller-0.23.0 as it is up-to-date.
Transforming play-services-auth-20.7.0.aar (com.google.android.gms:play-services-auth:20.7.0) with ExtractAarTransform
Transforming play-services-auth-20.7.0.aar (com.google.android.gms:play-services-auth:20.7.0) with LibrarySymbolTableTransform
Transforming play-services-fido-20.1.0.aar (com.google.android.gms:play-services-fido:20.1.0) with JetifyTransform
Transforming play-services-fido-20.1.0.aar (com.google.android.gms:play-services-fido:20.1.0) with ExtractAarTransform
Transforming play-services-fido-20.1.0.aar (com.google.android.gms:play-services-fido:20.1.0) with LibrarySymbolTableTransform
Transforming play-services-fido-20.1.0.aar (com.google.android.gms:play-services-fido:20.1.0) with JetifyTransform
Transforming play-services-fido-20.1.0.aar (com.google.android.gms:play-services-fido:20.1.0) with ExtractAarTransform
Transforming play-services-fido-20.1.0.aar (com.google.android.gms:play-services-fido:20.1.0) with LibrarySymbolTableTransform
Transforming play-services-auth-api-phone-18.0.1.aar (com.google.android.gms:play-services-auth-api-phone:18.0.1) with JetifyTransform
Transforming play-services-auth-api-phone-18.0.1.aar (com.google.android.gms:play-services-auth-api-phone:18.0.1) with ExtractAarTransform
Transforming play-services-auth-api-phone-18.0.1.aar (com.google.android.gms:play-services-auth-api-phone:18.0.1) with LibrarySymbolTableTransform
Transforming play-services-auth-base-18.0.4.aar (com.google.android.gms:play-services-auth-base:18.0.4) with JetifyTransform
Transforming play-services-auth-base-18.0.4.aar (com.google.android.gms:play-services-auth-base:18.0.4) with ExtractAarTransform
Transforming play-services-auth-base-18.0.4.aar (com.google.android.gms:play-services-auth-base:18.0.4) with LibrarySymbolTableTransform
Transforming play-services-base-18.0.1.aar (com.google.android.gms:play-services-base:18.0.1) with JetifyTransform
Transforming play-services-base-18.0.1.aar (com.google.android.gms:play-services-base:18.0.1) with ExtractAarTransform
Transforming play-services-base-18.0.1.aar (com.google.android.gms:play-services-base:18.0.1) with LibrarySymbolTableTransform
Transforming play-services-base-18.0.1.aar (com.google.android.gms:play-services-base:18.0.1) with JetifyTransform
Transforming play-services-base-18.0.1.aar (com.google.android.gms:play-services-base:18.0.1) with ExtractAarTransform
Transforming play-services-base-18.0.1.aar (com.google.android.gms:play-services-base:18.0.1) with LibrarySymbolTableTransform
Transforming play-services-base-18.0.1.aar (com.google.android.gms:play-services-base:18.0.1) with JetifyTransform
Transforming play-services-base-18.0.1.aar (com.google.android.gms:play-services-base:18.0.1) with ExtractAarTransform
Transforming play-services-base-18.0.1.aar (com.google.android.gms:play-services-base:18.0.1) with LibrarySymbolTableTransform
Transforming play-services-base-18.0.1.aar (com.google.android.gms:play-services-base:18.0.1) with JetifyTransform
Transforming play-services-base-18.0.1.aar (com.google.android.gms:play-services-base:18.0.1) with ExtractAarTransform
Transforming play-services-base-18.0.1.aar (com.google.android.gms:play-services-base:18.0.1) with LibrarySymbolTableTransform
Transforming play-services-tasks-18.0.1.aar (com.google.android.gms:play-services-tasks:18.0.1) with JetifyTransform
Transforming play-services-tasks-18.0.1.aar (com.google.android.gms:play-services-tasks:18.0.1) with ExtractAarTransform
Transforming play-services-tasks-18.0.1.aar (com.google.android.gms:play-services-tasks:18.0.1) with LibrarySymbolTableTransform
Transforming play-services-tasks-18.0.1.aar (com.google.android.gms:play-services-tasks:18.0.1) with JetifyTransform
Transforming play-services-tasks-18.0.1.aar (com.google.android.gms:play-services-tasks:18.0.1) with ExtractAarTransform
Caching disabled for LibrarySymbolTableTransform: ~/.gradle/caches/transforms-3/2cfbf6603ea66c174c7ccb8429cf167e/transformed/navigation-common-ktx-2.7.0 because:
  Build cache is disabled
Transforming play-services-tasks-18.0.1.aar (com.google.android.gms:play-services-tasks:18.0.1) with LibrarySymbolTableTransform
Transforming play-services-tasks-18.0.1.aar (com.google.android.gms:play-services-tasks:18.0.1) with JetifyTransform
Transforming play-services-tasks-18.0.1.aar (com.google.android.gms:play-services-tasks:18.0.1) with ExtractAarTransform
Transforming play-services-tasks-18.0.1.aar (com.google.android.gms:play-services-tasks:18.0.1) with LibrarySymbolTableTransform
Transforming play-services-tasks-18.0.1.aar (com.google.android.gms:play-services-tasks:18.0.1) with JetifyTransform
Transforming play-services-tasks-18.0.1.aar (com.google.android.gms:play-services-tasks:18.0.1) with ExtractAarTransform
Transforming play-services-tasks-18.0.1.aar (com.google.android.gms:play-services-tasks:18.0.1) with LibrarySymbolTableTransform
Transforming play-services-tasks-18.0.1.aar (com.google.android.gms:play-services-tasks:18.0.1) with JetifyTransform
Transforming play-services-tasks-18.0.1.aar (com.google.android.gms:play-services-tasks:18.0.1) with ExtractAarTransform
Transforming play-services-tasks-18.0.1.aar (com.google.android.gms:play-services-tasks:18.0.1) with LibrarySymbolTableTransform
Transforming play-services-basement-18.2.0.aar (com.google.android.gms:play-services-basement:18.2.0) with JetifyTransform
Transforming play-services-basement-18.2.0.aar (com.google.android.gms:play-services-basement:18.2.0) with ExtractAarTransform
Transforming play-services-basement-18.2.0.aar (com.google.android.gms:play-services-basement:18.2.0) with LibrarySymbolTableTransform
Transforming play-services-basement-18.2.0.aar (com.google.android.gms:play-services-basement:18.2.0) with JetifyTransform
Transforming play-services-basement-18.2.0.aar (com.google.android.gms:play-services-basement:18.2.0) with ExtractAarTransform
Caching disabled for LibrarySymbolTableTransform: ~/.gradle/caches/transforms-3/1d16f4d928f2f2d491888191b97517fc/transformed/jetified-googleid-1.1.0 because:
  Build cache is disabled
Transforming play-services-basement-18.2.0.aar (com.google.android.gms:play-services-basement:18.2.0) with LibrarySymbolTableTransform
Transforming play-services-basement-18.2.0.aar (com.google.android.gms:play-services-basement:18.2.0) with JetifyTransform
Transforming play-services-basement-18.2.0.aar (com.google.android.gms:play-services-basement:18.2.0) with ExtractAarTransform
Skipping LibrarySymbolTableTransform: ~/.gradle/caches/transforms-3/2cfbf6603ea66c174c7ccb8429cf167e/transformed/navigation-common-ktx-2.7.0 as it is up-to-date.
Transforming play-services-basement-18.2.0.aar (com.google.android.gms:play-services-basement:18.2.0) with LibrarySymbolTableTransform
Transforming play-services-basement-18.2.0.aar (com.google.android.gms:play-services-basement:18.2.0) with JetifyTransform
Skipping LibrarySymbolTableTransform: ~/.gradle/caches/transforms-3/1d16f4d928f2f2d491888191b97517fc/transformed/jetified-googleid-1.1.0 as it is up-to-date.
Transforming play-services-basement-18.2.0.aar (com.google.android.gms:play-services-basement:18.2.0) with ExtractAarTransform
Transforming play-services-basement-18.2.0.aar (com.google.android.gms:play-services-basement:18.2.0) with LibrarySymbolTableTransform
Transforming play-services-basement-18.2.0.aar (com.google.android.gms:play-services-basement:18.2.0) with JetifyTransform
Caching disabled for LibrarySymbolTableTransform: ~/.gradle/caches/transforms-3/66a760f6e63c09010c25a975f2158b0f/transformed/navigation-runtime-ktx-2.7.0 because:
  Build cache is disabled
Transforming play-services-basement-18.2.0.aar (com.google.android.gms:play-services-basement:18.2.0) with ExtractAarTransform
Transforming play-services-basement-18.2.0.aar (com.google.android.gms:play-services-basement:18.2.0) with LibrarySymbolTableTransform
Skipping LibrarySymbolTableTransform: ~/.gradle/caches/transforms-3/66a760f6e63c09010c25a975f2158b0f/transformed/navigation-runtime-ktx-2.7.0 as it is up-to-date.
Transforming play-services-basement-18.2.0.aar (com.google.android.gms:play-services-basement:18.2.0) with JetifyTransform
Transforming play-services-basement-18.2.0.aar (com.google.android.gms:play-services-basement:18.2.0) with ExtractAarTransform
Transforming play-services-basement-18.2.0.aar (com.google.android.gms:play-services-basement:18.2.0) with LibrarySymbolTableTransform
Transforming fragment-1.3.6.aar (androidx.fragment:fragment:1.3.6) with JetifyTransform
Transforming fragment-1.3.6.aar (androidx.fragment:fragment:1.3.6) with ExtractAarTransform
Transforming fragment-1.3.6.aar (androidx.fragment:fragment:1.3.6) with LibrarySymbolTableTransform
Transforming fragment-1.3.6.aar (androidx.fragment:fragment:1.3.6) with JetifyTransform
Transforming fragment-1.3.6.aar (androidx.fragment:fragment:1.3.6) with ExtractAarTransform
Transforming fragment-1.3.6.aar (androidx.fragment:fragment:1.3.6) with LibrarySymbolTableTransform
Transforming fragment-1.3.6.aar (androidx.fragment:fragment:1.3.6) with JetifyTransform
Transforming fragment-1.3.6.aar (androidx.fragment:fragment:1.3.6) with ExtractAarTransform
Transforming fragment-1.3.6.aar (androidx.fragment:fragment:1.3.6) with LibrarySymbolTableTransform
Transforming fragment-1.3.6.aar (androidx.fragment:fragment:1.3.6) with JetifyTransform
Transforming fragment-1.3.6.aar (androidx.fragment:fragment:1.3.6) with ExtractAarTransform
Transforming fragment-1.3.6.aar (androidx.fragment:fragment:1.3.6) with LibrarySymbolTableTransform
Transforming fragment-1.3.6.aar (androidx.fragment:fragment:1.3.6) with JetifyTransform
Transforming fragment-1.3.6.aar (androidx.fragment:fragment:1.3.6) with ExtractAarTransform
Transforming fragment-1.3.6.aar (androidx.fragment:fragment:1.3.6) with LibrarySymbolTableTransform
Transforming browser-1.0.0.aar (androidx.browser:browser:1.0.0) with JetifyTransform
Transforming browser-1.0.0.aar (androidx.browser:browser:1.0.0) with ExtractAarTransform
Transforming browser-1.0.0.aar (androidx.browser:browser:1.0.0) with LibrarySymbolTableTransform
Transforming legacy-support-core-ui-1.0.0.aar (androidx.legacy:legacy-support-core-ui:1.0.0) with JetifyTransform
Transforming legacy-support-core-ui-1.0.0.aar (androidx.legacy:legacy-support-core-ui:1.0.0) with ExtractAarTransform
Transforming legacy-support-core-ui-1.0.0.aar (androidx.legacy:legacy-support-core-ui:1.0.0) with LibrarySymbolTableTransform
Transforming legacy-support-core-utils-1.0.0.aar (androidx.legacy:legacy-support-core-utils:1.0.0) with JetifyTransform
Transforming legacy-support-core-utils-1.0.0.aar (androidx.legacy:legacy-support-core-utils:1.0.0) with ExtractAarTransform
Transforming legacy-support-core-utils-1.0.0.aar (androidx.legacy:legacy-support-core-utils:1.0.0) with LibrarySymbolTableTransform
Caching disabled for LibrarySymbolTableTransform: ~/.gradle/caches/transforms-3/061a33163253ca2b20f29868a72c12dc/transformed/jetified-material3-release because:
  Build cache is disabled
Transforming loader-1.0.0.aar (androidx.loader:loader:1.0.0) with JetifyTransform
Transforming loader-1.0.0.aar (androidx.loader:loader:1.0.0) with ExtractAarTransform
Skipping LibrarySymbolTableTransform: ~/.gradle/caches/transforms-3/061a33163253ca2b20f29868a72c12dc/transformed/jetified-material3-release as it is up-to-date.
Caching disabled for LibrarySymbolTableTransform: ~/.gradle/caches/transforms-3/66f77465e979a17d511311b5910b38ae/transformed/jetified-play-services-auth-20.7.0 because:
  Build cache is disabled
Transforming loader-1.0.0.aar (androidx.loader:loader:1.0.0) with LibrarySymbolTableTransform
Transforming loader-1.0.0.aar (androidx.loader:loader:1.0.0) with JetifyTransform
Transforming loader-1.0.0.aar (androidx.loader:loader:1.0.0) with ExtractAarTransform
Transforming loader-1.0.0.aar (androidx.loader:loader:1.0.0) with LibrarySymbolTableTransform
Transforming loader-1.0.0.aar (androidx.loader:loader:1.0.0) with JetifyTransform
Transforming loader-1.0.0.aar (androidx.loader:loader:1.0.0) with ExtractAarTransform
Transforming loader-1.0.0.aar (androidx.loader:loader:1.0.0) with LibrarySymbolTableTransform
Transforming material-release.aar (androidx.compose.material:material-android:1.6.1) with JetifyTransform
Skipping LibrarySymbolTableTransform: ~/.gradle/caches/transforms-3/66f77465e979a17d511311b5910b38ae/transformed/jetified-play-services-auth-20.7.0 as it is up-to-date.
Transforming material-release.aar (androidx.compose.material:material-android:1.6.1) with ExtractAarTransform
Transforming material-release.aar (androidx.compose.material:material-android:1.6.1) with LibrarySymbolTableTransform
Transforming material-icons-core-release.aar (androidx.compose.material:material-icons-core-android:1.6.1) with JetifyTransform
Transforming material-icons-core-release.aar (androidx.compose.material:material-icons-core-android:1.6.1) with ExtractAarTransform
Transforming material-icons-core-release.aar (androidx.compose.material:material-icons-core-android:1.6.1) with LibrarySymbolTableTransform
Transforming material-ripple-release.aar (androidx.compose.material:material-ripple-android:1.6.1) with JetifyTransform
Transforming material-ripple-release.aar (androidx.compose.material:material-ripple-android:1.6.1) with ExtractAarTransform
Transforming material-ripple-release.aar (androidx.compose.material:material-ripple-android:1.6.1) with LibrarySymbolTableTransform
Transforming foundation-release.aar (androidx.compose.foundation:foundation-android:1.6.1) with JetifyTransform
Transforming foundation-release.aar (androidx.compose.foundation:foundation-android:1.6.1) with ExtractAarTransform
Transforming foundation-release.aar (androidx.compose.foundation:foundation-android:1.6.1) with LibrarySymbolTableTransform
Transforming foundation-layout-release.aar (androidx.compose.foundation:foundation-layout-android:1.6.1) with JetifyTransform
Transforming foundation-layout-release.aar (androidx.compose.foundation:foundation-layout-android:1.6.1) with ExtractAarTransform
Transforming foundation-layout-release.aar (androidx.compose.foundation:foundation-layout-android:1.6.1) with LibrarySymbolTableTransform
Transforming animation-core-release.aar (androidx.compose.animation:animation-core-android:1.6.1) with JetifyTransform
Transforming animation-core-release.aar (androidx.compose.animation:animation-core-android:1.6.1) with ExtractAarTransform
Caching disabled for LibrarySymbolTableTransform: ~/.gradle/caches/transforms-3/3c5a8b745dd1c9841f3eb1e5f8227414/transformed/jetified-play-services-fido-20.1.0 because:
  Build cache is disabled
Caching disabled for LibrarySymbolTableTransform: ~/.gradle/caches/transforms-3/a7ad36f58a6749e591d88a51cd5b7b5c/transformed/jetified-play-services-base-18.0.1 because:
  Build cache is disabled
Skipping LibrarySymbolTableTransform: ~/.gradle/caches/transforms-3/3c5a8b745dd1c9841f3eb1e5f8227414/transformed/jetified-play-services-fido-20.1.0 as it is up-to-date.
Skipping LibrarySymbolTableTransform: ~/.gradle/caches/transforms-3/a7ad36f58a6749e591d88a51cd5b7b5c/transformed/jetified-play-services-base-18.0.1 as it is up-to-date.
Caching disabled for LibrarySymbolTableTransform: ~/.gradle/caches/transforms-3/f2c612e0fb1a97a99a863e39f5508a21/transformed/jetified-play-services-tasks-18.0.1 because:
  Build cache is disabled
Transforming animation-core-release.aar (androidx.compose.animation:animation-core-android:1.6.1) with LibrarySymbolTableTransform
Transforming animation-release.aar (androidx.compose.animation:animation-android:1.6.1) with JetifyTransform
Transforming animation-release.aar (androidx.compose.animation:animation-android:1.6.1) with ExtractAarTransform
Transforming animation-release.aar (androidx.compose.animation:animation-android:1.6.1) with LibrarySymbolTableTransform
Transforming ui-tooling-data-release.aar (androidx.compose.ui:ui-tooling-data-android:1.6.1) with JetifyTransform
Transforming ui-tooling-data-release.aar (androidx.compose.ui:ui-tooling-data-android:1.6.1) with ExtractAarTransform
Transforming ui-tooling-data-release.aar (androidx.compose.ui:ui-tooling-data-android:1.6.1) with LibrarySymbolTableTransform
Transforming ui-geometry-release.aar (androidx.compose.ui:ui-geometry-android:1.6.1) with JetifyTransform
Transforming ui-geometry-release.aar (androidx.compose.ui:ui-geometry-android:1.6.1) with ExtractAarTransform
Transforming ui-geometry-release.aar (androidx.compose.ui:ui-geometry-android:1.6.1) with LibrarySymbolTableTransform
Transforming ui-unit-release.aar (androidx.compose.ui:ui-unit-android:1.6.1) with JetifyTransform
Skipping LibrarySymbolTableTransform: ~/.gradle/caches/transforms-3/f2c612e0fb1a97a99a863e39f5508a21/transformed/jetified-play-services-tasks-18.0.1 as it is up-to-date.
Transforming ui-unit-release.aar (androidx.compose.ui:ui-unit-android:1.6.1) with ExtractAarTransform
Transforming ui-unit-release.aar (androidx.compose.ui:ui-unit-android:1.6.1) with LibrarySymbolTableTransform
Transforming ui-util-release.aar (androidx.compose.ui:ui-util-android:1.6.1) with JetifyTransform
Transforming ui-util-release.aar (androidx.compose.ui:ui-util-android:1.6.1) with ExtractAarTransform
Transforming ui-util-release.aar (androidx.compose.ui:ui-util-android:1.6.1) with LibrarySymbolTableTransform
Transforming ui-text-release.aar (androidx.compose.ui:ui-text-android:1.6.1) with JetifyTransform
Transforming ui-text-release.aar (androidx.compose.ui:ui-text-android:1.6.1) with ExtractAarTransform
Transforming ui-text-release.aar (androidx.compose.ui:ui-text-android:1.6.1) with LibrarySymbolTableTransform
Transforming ui-graphics-release.aar (androidx.compose.ui:ui-graphics-android:1.6.1) with JetifyTransform
Transforming ui-graphics-release.aar (androidx.compose.ui:ui-graphics-android:1.6.1) with ExtractAarTransform
Transforming ui-graphics-release.aar (androidx.compose.ui:ui-graphics-android:1.6.1) with LibrarySymbolTableTransform
Caching disabled for LibrarySymbolTableTransform: ~/.gradle/caches/transforms-3/400dd26017d2e15e0dbda5406f9ef695/transformed/fragment-1.3.6 because:
  Build cache is disabled
Skipping LibrarySymbolTableTransform: ~/.gradle/caches/transforms-3/400dd26017d2e15e0dbda5406f9ef695/transformed/fragment-1.3.6 as it is up-to-date.
Transforming ui-tooling-preview-release.aar (androidx.compose.ui:ui-tooling-preview-android:1.6.1) with JetifyTransform
Transforming ui-tooling-preview-release.aar (androidx.compose.ui:ui-tooling-preview-android:1.6.1) with ExtractAarTransform
Transforming ui-tooling-preview-release.aar (androidx.compose.ui:ui-tooling-preview-android:1.6.1) with LibrarySymbolTableTransform
Transforming ui-tooling-release.aar (androidx.compose.ui:ui-tooling-android:1.6.1) with JetifyTransform
Caching disabled for LibrarySymbolTableTransform: ~/.gradle/caches/transforms-3/fae7f0a32fa0484295f94dfaf9206b70/transformed/jetified-play-services-basement-18.2.0 because:
  Build cache is disabled
Skipping LibrarySymbolTableTransform: ~/.gradle/caches/transforms-3/fae7f0a32fa0484295f94dfaf9206b70/transformed/jetified-play-services-basement-18.2.0 as it is up-to-date.
Transforming ui-tooling-release.aar (androidx.compose.ui:ui-tooling-android:1.6.1) with ExtractAarTransform
Transforming ui-tooling-release.aar (androidx.compose.ui:ui-tooling-android:1.6.1) with LibrarySymbolTableTransform
Transforming ui-test-manifest-1.6.1.aar (androidx.compose.ui:ui-test-manifest:1.6.1) with JetifyTransform
Transforming ui-test-manifest-1.6.1.aar (androidx.compose.ui:ui-test-manifest:1.6.1) with ExtractAarTransform
Transforming ui-test-manifest-1.6.1.aar (androidx.compose.ui:ui-test-manifest:1.6.1) with LibrarySymbolTableTransform
Transforming activity-1.7.1.aar (androidx.activity:activity:1.7.1) with JetifyTransform
Transforming activity-1.7.1.aar (androidx.activity:activity:1.7.1) with ExtractAarTransform
Transforming activity-1.7.1.aar (androidx.activity:activity:1.7.1) with LibrarySymbolTableTransform
Transforming activity-ktx-1.7.1.aar (androidx.activity:activity-ktx:1.7.1) with JetifyTransform
Transforming activity-ktx-1.7.1.aar (androidx.activity:activity-ktx:1.7.1) with ExtractAarTransform
Transforming activity-ktx-1.7.1.aar (androidx.activity:activity-ktx:1.7.1) with LibrarySymbolTableTransform
Transforming activity-compose-1.7.1.aar (androidx.activity:activity-compose:1.7.1) with JetifyTransform
Transforming activity-compose-1.7.1.aar (androidx.activity:activity-compose:1.7.1) with ExtractAarTransform
Caching disabled for LibrarySymbolTableTransform: ~/.gradle/caches/transforms-3/66b0378c33ede1b033228e49dad9524a/transformed/legacy-support-core-ui-1.0.0 because:
  Build cache is disabled
Skipping LibrarySymbolTableTransform: ~/.gradle/caches/transforms-3/66b0378c33ede1b033228e49dad9524a/transformed/legacy-support-core-ui-1.0.0 as it is up-to-date.
Transforming activity-compose-1.7.1.aar (androidx.activity:activity-compose:1.7.1) with LibrarySymbolTableTransform
Transforming ui-release.aar (androidx.compose.ui:ui-android:1.6.1) with JetifyTransform
Transforming ui-release.aar (androidx.compose.ui:ui-android:1.6.1) with ExtractAarTransform
Transforming ui-release.aar (androidx.compose.ui:ui-android:1.6.1) with LibrarySymbolTableTransform
Caching disabled for LibrarySymbolTableTransform: ~/.gradle/caches/transforms-3/902593fa1e00ea876e13c003ec91b9af/transformed/browser-1.0.0 because:
  Build cache is disabled
Skipping LibrarySymbolTableTransform: ~/.gradle/caches/transforms-3/902593fa1e00ea876e13c003ec91b9af/transformed/browser-1.0.0 as it is up-to-date.
Transforming savedstate-ktx-1.2.1.aar (androidx.savedstate:savedstate-ktx:1.2.1) with JetifyTransform
Transforming savedstate-ktx-1.2.1.aar (androidx.savedstate:savedstate-ktx:1.2.1) with ExtractAarTransform
Transforming savedstate-ktx-1.2.1.aar (androidx.savedstate:savedstate-ktx:1.2.1) with LibrarySymbolTableTransform
Transforming savedstate-1.2.1.aar (androidx.savedstate:savedstate:1.2.1) with JetifyTransform
Transforming savedstate-1.2.1.aar (androidx.savedstate:savedstate:1.2.1) with ExtractAarTransform
Transforming savedstate-1.2.1.aar (androidx.savedstate:savedstate:1.2.1) with LibrarySymbolTableTransform
Transforming work-runtime-2.8.1.aar (androidx.work:work-runtime:2.8.1) with JetifyTransform
Transforming work-runtime-2.8.1.aar (androidx.work:work-runtime:2.8.1) with ExtractAarTransform
Transforming work-runtime-2.8.1.aar (androidx.work:work-runtime:2.8.1) with LibrarySymbolTableTransform
Caching disabled for LibrarySymbolTableTransform: ~/.gradle/caches/transforms-3/0db2e5da926973a8cb8c4b07fbcec83d/transformed/legacy-support-core-utils-1.0.0 because:
  Build cache is disabled
Skipping LibrarySymbolTableTransform: ~/.gradle/caches/transforms-3/0db2e5da926973a8cb8c4b07fbcec83d/transformed/legacy-support-core-utils-1.0.0 as it is up-to-date.
Transforming emoji2-views-helper-1.3.0.aar (androidx.emoji2:emoji2-views-helper:1.3.0) with JetifyTransform
Transforming emoji2-views-helper-1.3.0.aar (androidx.emoji2:emoji2-views-helper:1.3.0) with ExtractAarTransform
Transforming emoji2-views-helper-1.3.0.aar (androidx.emoji2:emoji2-views-helper:1.3.0) with LibrarySymbolTableTransform
Transforming emoji2-1.3.0.aar (androidx.emoji2:emoji2:1.3.0) with JetifyTransform
Transforming emoji2-1.3.0.aar (androidx.emoji2:emoji2:1.3.0) with ExtractAarTransform
Transforming emoji2-1.3.0.aar (androidx.emoji2:emoji2:1.3.0) with LibrarySymbolTableTransform
Transforming lifecycle-process-2.6.1.aar (androidx.lifecycle:lifecycle-process:2.6.1) with JetifyTransform
Caching disabled for LibrarySymbolTableTransform: ~/.gradle/caches/transforms-3/5fbf3876ecb0a88b7dcccdd061affe0a/transformed/loader-1.0.0 because:
  Build cache is disabled
Skipping LibrarySymbolTableTransform: ~/.gradle/caches/transforms-3/5fbf3876ecb0a88b7dcccdd061affe0a/transformed/loader-1.0.0 as it is up-to-date.
Transforming lifecycle-process-2.6.1.aar (androidx.lifecycle:lifecycle-process:2.6.1) with ExtractAarTransform
Transforming lifecycle-process-2.6.1.aar (androidx.lifecycle:lifecycle-process:2.6.1) with LibrarySymbolTableTransform
Transforming lifecycle-service-2.6.1.aar (androidx.lifecycle:lifecycle-service:2.6.1) with JetifyTransform
Transforming lifecycle-service-2.6.1.aar (androidx.lifecycle:lifecycle-service:2.6.1) with ExtractAarTransform
Transforming lifecycle-service-2.6.1.aar (androidx.lifecycle:lifecycle-service:2.6.1) with LibrarySymbolTableTransform
Transforming lifecycle-livedata-2.6.1.aar (androidx.lifecycle:lifecycle-livedata:2.6.1) with JetifyTransform
Transforming lifecycle-livedata-2.6.1.aar (androidx.lifecycle:lifecycle-livedata:2.6.1) with ExtractAarTransform
Transforming lifecycle-livedata-2.6.1.aar (androidx.lifecycle:lifecycle-livedata:2.6.1) with LibrarySymbolTableTransform
Transforming lifecycle-livedata-2.6.1.aar (androidx.lifecycle:lifecycle-livedata:2.6.1) with JetifyTransform
Transforming lifecycle-livedata-2.6.1.aar (androidx.lifecycle:lifecycle-livedata:2.6.1) with ExtractAarTransform
Transforming lifecycle-livedata-2.6.1.aar (androidx.lifecycle:lifecycle-livedata:2.6.1) with LibrarySymbolTableTransform
Transforming lifecycle-livedata-core-2.6.1.aar (androidx.lifecycle:lifecycle-livedata-core:2.6.1) with JetifyTransform
Transforming lifecycle-livedata-core-2.6.1.aar (androidx.lifecycle:lifecycle-livedata-core:2.6.1) with ExtractAarTransform
Transforming lifecycle-livedata-core-2.6.1.aar (androidx.lifecycle:lifecycle-livedata-core:2.6.1) with LibrarySymbolTableTransform
Transforming lifecycle-viewmodel-2.6.1.aar (androidx.lifecycle:lifecycle-viewmodel:2.6.1) with JetifyTransform
Transforming lifecycle-viewmodel-2.6.1.aar (androidx.lifecycle:lifecycle-viewmodel:2.6.1) with ExtractAarTransform
Transforming lifecycle-viewmodel-2.6.1.aar (androidx.lifecycle:lifecycle-viewmodel:2.6.1) with LibrarySymbolTableTransform
Transforming lifecycle-viewmodel-2.6.1.aar (androidx.lifecycle:lifecycle-viewmodel:2.6.1) with JetifyTransform
Transforming lifecycle-viewmodel-2.6.1.aar (androidx.lifecycle:lifecycle-viewmodel:2.6.1) with ExtractAarTransform
Transforming lifecycle-viewmodel-2.6.1.aar (androidx.lifecycle:lifecycle-viewmodel:2.6.1) with LibrarySymbolTableTransform
Caching disabled for LibrarySymbolTableTransform: ~/.gradle/caches/transforms-3/86c6b512118f207b0af6c1bfd4dea297/transformed/jetified-material-ripple-release because:
  Build cache is disabled
Skipping LibrarySymbolTableTransform: ~/.gradle/caches/transforms-3/86c6b512118f207b0af6c1bfd4dea297/transformed/jetified-material-ripple-release as it is up-to-date.
Caching disabled for LibrarySymbolTableTransform: ~/.gradle/caches/transforms-3/6ca85b9e3b0b19038192d28e3fe8d0ab/transformed/jetified-material-icons-core-release because:
  Build cache is disabled
Skipping LibrarySymbolTableTransform: ~/.gradle/caches/transforms-3/6ca85b9e3b0b19038192d28e3fe8d0ab/transformed/jetified-material-icons-core-release as it is up-to-date.
Caching disabled for LibrarySymbolTableTransform: ~/.gradle/caches/transforms-3/83c2e7af98f64845bfb9325dbf1c5a1c/transformed/jetified-material-release because:
  Build cache is disabled
Skipping LibrarySymbolTableTransform: ~/.gradle/caches/transforms-3/83c2e7af98f64845bfb9325dbf1c5a1c/transformed/jetified-material-release as it is up-to-date.
Transforming lifecycle-viewmodel-savedstate-2.6.1.aar (androidx.lifecycle:lifecycle-viewmodel-savedstate:2.6.1) with JetifyTransform
Transforming lifecycle-viewmodel-savedstate-2.6.1.aar (androidx.lifecycle:lifecycle-viewmodel-savedstate:2.6.1) with ExtractAarTransform
Transforming lifecycle-viewmodel-savedstate-2.6.1.aar (androidx.lifecycle:lifecycle-viewmodel-savedstate:2.6.1) with LibrarySymbolTableTransform
Transforming lifecycle-runtime-ktx-2.6.1.aar (androidx.lifecycle:lifecycle-runtime-ktx:2.6.1) with JetifyTransform
Transforming lifecycle-runtime-ktx-2.6.1.aar (androidx.lifecycle:lifecycle-runtime-ktx:2.6.1) with ExtractAarTransform
Transforming lifecycle-runtime-ktx-2.6.1.aar (androidx.lifecycle:lifecycle-runtime-ktx:2.6.1) with LibrarySymbolTableTransform
Transforming recyclerview-1.3.0.aar (androidx.recyclerview:recyclerview:1.3.0) with JetifyTransform
Transforming recyclerview-1.3.0.aar (androidx.recyclerview:recyclerview:1.3.0) with ExtractAarTransform
Transforming recyclerview-1.3.0.aar (androidx.recyclerview:recyclerview:1.3.0) with LibrarySymbolTableTransform
Transforming recyclerview-1.3.0.aar (androidx.recyclerview:recyclerview:1.3.0) with JetifyTransform
Transforming recyclerview-1.3.0.aar (androidx.recyclerview:recyclerview:1.3.0) with ExtractAarTransform
Transforming recyclerview-1.3.0.aar (androidx.recyclerview:recyclerview:1.3.0) with LibrarySymbolTableTransform
Transforming drawerlayout-1.0.0.aar (androidx.drawerlayout:drawerlayout:1.0.0) with JetifyTransform
Transforming drawerlayout-1.0.0.aar (androidx.drawerlayout:drawerlayout:1.0.0) with ExtractAarTransform
Transforming drawerlayout-1.0.0.aar (androidx.drawerlayout:drawerlayout:1.0.0) with LibrarySymbolTableTransform
Transforming drawerlayout-1.0.0.aar (androidx.drawerlayout:drawerlayout:1.0.0) with JetifyTransform
Transforming drawerlayout-1.0.0.aar (androidx.drawerlayout:drawerlayout:1.0.0) with ExtractAarTransform
Transforming drawerlayout-1.0.0.aar (androidx.drawerlayout:drawerlayout:1.0.0) with LibrarySymbolTableTransform
Transforming coordinatorlayout-1.1.0.aar (androidx.coordinatorlayout:coordinatorlayout:1.1.0) with JetifyTransform
Transforming coordinatorlayout-1.1.0.aar (androidx.coordinatorlayout:coordinatorlayout:1.1.0) with ExtractAarTransform
Transforming coordinatorlayout-1.1.0.aar (androidx.coordinatorlayout:coordinatorlayout:1.1.0) with LibrarySymbolTableTransform
Transforming coordinatorlayout-1.1.0.aar (androidx.coordinatorlayout:coordinatorlayout:1.1.0) with JetifyTransform
Transforming coordinatorlayout-1.1.0.aar (androidx.coordinatorlayout:coordinatorlayout:1.1.0) with ExtractAarTransform
Transforming coordinatorlayout-1.1.0.aar (androidx.coordinatorlayout:coordinatorlayout:1.1.0) with LibrarySymbolTableTransform
Caching disabled for LibrarySymbolTableTransform: ~/.gradle/caches/transforms-3/cbf35b172e63244a7cdfbe0558057126/transformed/jetified-foundation-layout-release because:
  Build cache is disabled
Skipping LibrarySymbolTableTransform: ~/.gradle/caches/transforms-3/cbf35b172e63244a7cdfbe0558057126/transformed/jetified-foundation-layout-release as it is up-to-date.
Transforming viewpager-1.0.0.aar (androidx.viewpager:viewpager:1.0.0) with JetifyTransform
Transforming viewpager-1.0.0.aar (androidx.viewpager:viewpager:1.0.0) with ExtractAarTransform
Transforming viewpager-1.0.0.aar (androidx.viewpager:viewpager:1.0.0) with LibrarySymbolTableTransform
Transforming viewpager-1.0.0.aar (androidx.viewpager:viewpager:1.0.0) with JetifyTransform
Transforming viewpager-1.0.0.aar (androidx.viewpager:viewpager:1.0.0) with ExtractAarTransform
Transforming viewpager-1.0.0.aar (androidx.viewpager:viewpager:1.0.0) with LibrarySymbolTableTransform
Transforming slidingpanelayout-1.0.0.aar (androidx.slidingpanelayout:slidingpanelayout:1.0.0) with JetifyTransform
Transforming slidingpanelayout-1.0.0.aar (androidx.slidingpanelayout:slidingpanelayout:1.0.0) with ExtractAarTransform
Transforming slidingpanelayout-1.0.0.aar (androidx.slidingpanelayout:slidingpanelayout:1.0.0) with LibrarySymbolTableTransform
Transforming customview-1.0.0.aar (androidx.customview:customview:1.0.0) with JetifyTransform
Transforming customview-1.0.0.aar (androidx.customview:customview:1.0.0) with ExtractAarTransform
Transforming customview-1.0.0.aar (androidx.customview:customview:1.0.0) with LibrarySymbolTableTransform
Transforming customview-1.0.0.aar (androidx.customview:customview:1.0.0) with JetifyTransform
Transforming customview-1.0.0.aar (androidx.customview:customview:1.0.0) with ExtractAarTransform
Transforming customview-1.0.0.aar (androidx.customview:customview:1.0.0) with LibrarySymbolTableTransform
Transforming customview-1.0.0.aar (androidx.customview:customview:1.0.0) with JetifyTransform
Transforming customview-1.0.0.aar (androidx.customview:customview:1.0.0) with ExtractAarTransform
Transforming customview-1.0.0.aar (androidx.customview:customview:1.0.0) with LibrarySymbolTableTransform
Transforming customview-1.0.0.aar (androidx.customview:customview:1.0.0) with JetifyTransform
Caching disabled for LibrarySymbolTableTransform: ~/.gradle/caches/transforms-3/b6c9f045fb2c75106aeba0d2cee3e5af/transformed/jetified-foundation-release because:
  Build cache is disabled
Skipping LibrarySymbolTableTransform: ~/.gradle/caches/transforms-3/b6c9f045fb2c75106aeba0d2cee3e5af/transformed/jetified-foundation-release as it is up-to-date.
Transforming customview-1.0.0.aar (androidx.customview:customview:1.0.0) with ExtractAarTransform
Transforming customview-1.0.0.aar (androidx.customview:customview:1.0.0) with LibrarySymbolTableTransform
Transforming customview-1.0.0.aar (androidx.customview:customview:1.0.0) with JetifyTransform
Transforming customview-1.0.0.aar (androidx.customview:customview:1.0.0) with ExtractAarTransform
Transforming customview-1.0.0.aar (androidx.customview:customview:1.0.0) with LibrarySymbolTableTransform
Transforming customview-1.0.0.aar (androidx.customview:customview:1.0.0) with JetifyTransform
Transforming customview-1.0.0.aar (androidx.customview:customview:1.0.0) with ExtractAarTransform
Transforming customview-1.0.0.aar (androidx.customview:customview:1.0.0) with LibrarySymbolTableTransform
Transforming transition-1.2.0.aar (androidx.transition:transition:1.2.0) with JetifyTransform
Transforming transition-1.2.0.aar (androidx.transition:transition:1.2.0) with ExtractAarTransform
Transforming transition-1.2.0.aar (androidx.transition:transition:1.2.0) with LibrarySymbolTableTransform
Transforming vectordrawable-animated-1.1.0.aar (androidx.vectordrawable:vectordrawable-animated:1.1.0) with JetifyTransform
Transforming vectordrawable-animated-1.1.0.aar (androidx.vectordrawable:vectordrawable-animated:1.1.0) with ExtractAarTransform
Transforming vectordrawable-animated-1.1.0.aar (androidx.vectordrawable:vectordrawable-animated:1.1.0) with LibrarySymbolTableTransform
Transforming vectordrawable-1.1.0.aar (androidx.vectordrawable:vectordrawable:1.1.0) with JetifyTransform
Transforming vectordrawable-1.1.0.aar (androidx.vectordrawable:vectordrawable:1.1.0) with ExtractAarTransform
Caching disabled for LibrarySymbolTableTransform: ~/.gradle/caches/transforms-3/e2595fb66819c09fd65ae4a9e519b50b/transformed/jetified-animation-core-release because:
  Build cache is disabled
Caching disabled for LibrarySymbolTableTransform: ~/.gradle/caches/transforms-3/b05fc11c0ba16ff3b6e03ce6d681b90d/transformed/jetified-animation-release because:
  Build cache is disabled
Skipping LibrarySymbolTableTransform: ~/.gradle/caches/transforms-3/b05fc11c0ba16ff3b6e03ce6d681b90d/transformed/jetified-animation-release as it is up-to-date.
Skipping LibrarySymbolTableTransform: ~/.gradle/caches/transforms-3/e2595fb66819c09fd65ae4a9e519b50b/transformed/jetified-animation-core-release as it is up-to-date.
Transforming vectordrawable-1.1.0.aar (androidx.vectordrawable:vectordrawable:1.1.0) with LibrarySymbolTableTransform
Transforming vectordrawable-1.1.0.aar (androidx.vectordrawable:vectordrawable:1.1.0) with JetifyTransform
Transforming vectordrawable-1.1.0.aar (androidx.vectordrawable:vectordrawable:1.1.0) with ExtractAarTransform
Transforming vectordrawable-1.1.0.aar (androidx.vectordrawable:vectordrawable:1.1.0) with LibrarySymbolTableTransform
Transforming window-1.0.0.aar (androidx.window:window:1.0.0) with JetifyTransform
Transforming window-1.0.0.aar (androidx.window:window:1.0.0) with ExtractAarTransform
Transforming window-1.0.0.aar (androidx.window:window:1.0.0) with LibrarySymbolTableTransform
Transforming autofill-1.0.0.aar (androidx.autofill:autofill:1.0.0) with JetifyTransform
Transforming autofill-1.0.0.aar (androidx.autofill:autofill:1.0.0) with ExtractAarTransform
Transforming autofill-1.0.0.aar (androidx.autofill:autofill:1.0.0) with LibrarySymbolTableTransform
Transforming swiperefreshlayout-1.0.0.aar (androidx.swiperefreshlayout:swiperefreshlayout:1.0.0) with JetifyTransform
Transforming swiperefreshlayout-1.0.0.aar (androidx.swiperefreshlayout:swiperefreshlayout:1.0.0) with ExtractAarTransform
Transforming swiperefreshlayout-1.0.0.aar (androidx.swiperefreshlayout:swiperefreshlayout:1.0.0) with LibrarySymbolTableTransform
Transforming asynclayoutinflater-1.0.0.aar (androidx.asynclayoutinflater:asynclayoutinflater:1.0.0) with JetifyTransform
Transforming asynclayoutinflater-1.0.0.aar (androidx.asynclayoutinflater:asynclayoutinflater:1.0.0) with ExtractAarTransform
Transforming asynclayoutinflater-1.0.0.aar (androidx.asynclayoutinflater:asynclayoutinflater:1.0.0) with LibrarySymbolTableTransform
Transforming customview-poolingcontainer-1.0.0.aar (androidx.customview:customview-poolingcontainer:1.0.0) with JetifyTransform
Transforming customview-poolingcontainer-1.0.0.aar (androidx.customview:customview-poolingcontainer:1.0.0) with ExtractAarTransform
Transforming customview-poolingcontainer-1.0.0.aar (androidx.customview:customview-poolingcontainer:1.0.0) with LibrarySymbolTableTransform
Transforming core-ktx-1.12.0.aar (androidx.core:core-ktx:1.12.0) with JetifyTransform
Transforming core-ktx-1.12.0.aar (androidx.core:core-ktx:1.12.0) with ExtractAarTransform
Transforming core-ktx-1.12.0.aar (androidx.core:core-ktx:1.12.0) with LibrarySymbolTableTransform
Transforming core-1.12.0.aar (androidx.core:core:1.12.0) with JetifyTransform
Transforming core-1.12.0.aar (androidx.core:core:1.12.0) with ExtractAarTransform
Caching disabled for LibrarySymbolTableTransform: ~/.gradle/caches/transforms-3/1fb601fda73f4f605e8cd860ab2c7dff/transformed/jetified-ui-tooling-data-release because:
  Build cache is disabled
Skipping LibrarySymbolTableTransform: ~/.gradle/caches/transforms-3/1fb601fda73f4f605e8cd860ab2c7dff/transformed/jetified-ui-tooling-data-release as it is up-to-date.
Caching disabled for LibrarySymbolTableTransform: ~/.gradle/caches/transforms-3/9842a4d437c4539be4001127dcd9b65f/transformed/jetified-ui-geometry-release because:
  Build cache is disabled
Transforming core-1.12.0.aar (androidx.core:core:1.12.0) with LibrarySymbolTableTransform
Transforming core-1.12.0.aar (androidx.core:core:1.12.0) with JetifyTransform
Skipping LibrarySymbolTableTransform: ~/.gradle/caches/transforms-3/9842a4d437c4539be4001127dcd9b65f/transformed/jetified-ui-geometry-release as it is up-to-date.
Transforming core-1.12.0.aar (androidx.core:core:1.12.0) with ExtractAarTransform
Transforming core-1.12.0.aar (androidx.core:core:1.12.0) with LibrarySymbolTableTransform
Transforming core-1.12.0.aar (androidx.core:core:1.12.0) with JetifyTransform
Transforming core-1.12.0.aar (androidx.core:core:1.12.0) with ExtractAarTransform
Caching disabled for LibrarySymbolTableTransform: ~/.gradle/caches/transforms-3/d46d9e20913b2943a41edfbee6c3fc7b/transformed/jetified-ui-unit-release because:
  Build cache is disabled
Skipping LibrarySymbolTableTransform: ~/.gradle/caches/transforms-3/d46d9e20913b2943a41edfbee6c3fc7b/transformed/jetified-ui-unit-release as it is up-to-date.
Caching disabled for LibrarySymbolTableTransform: ~/.gradle/caches/transforms-3/3521de6b8848f9a8e2e8bf5a2173f78b/transformed/jetified-ui-util-release because:
  Build cache is disabled
Skipping LibrarySymbolTableTransform: ~/.gradle/caches/transforms-3/3521de6b8848f9a8e2e8bf5a2173f78b/transformed/jetified-ui-util-release as it is up-to-date.
Transforming core-1.12.0.aar (androidx.core:core:1.12.0) with LibrarySymbolTableTransform
Transforming core-1.12.0.aar (androidx.core:core:1.12.0) with JetifyTransform
Transforming core-1.12.0.aar (androidx.core:core:1.12.0) with ExtractAarTransform
Transforming core-1.12.0.aar (androidx.core:core:1.12.0) with LibrarySymbolTableTransform
Transforming core-1.12.0.aar (androidx.core:core:1.12.0) with JetifyTransform
Transforming core-1.12.0.aar (androidx.core:core:1.12.0) with ExtractAarTransform
Transforming core-1.12.0.aar (androidx.core:core:1.12.0) with LibrarySymbolTableTransform
Transforming core-1.12.0.aar (androidx.core:core:1.12.0) with JetifyTransform
Transforming core-1.12.0.aar (androidx.core:core:1.12.0) with ExtractAarTransform
Transforming core-1.12.0.aar (androidx.core:core:1.12.0) with LibrarySymbolTableTransform
Transforming core-1.12.0.aar (androidx.core:core:1.12.0) with JetifyTransform
Transforming core-1.12.0.aar (androidx.core:core:1.12.0) with ExtractAarTransform
Transforming core-1.12.0.aar (androidx.core:core:1.12.0) with LibrarySymbolTableTransform
Transforming core-1.12.0.aar (androidx.core:core:1.12.0) with JetifyTransform
Transforming core-1.12.0.aar (androidx.core:core:1.12.0) with ExtractAarTransform
Transforming core-1.12.0.aar (androidx.core:core:1.12.0) with LibrarySymbolTableTransform
Transforming core-1.12.0.aar (androidx.core:core:1.12.0) with JetifyTransform
Caching disabled for LibrarySymbolTableTransform: ~/.gradle/caches/transforms-3/84c5ee758d54ed8d39985183b5170d2f/transformed/jetified-ui-text-release because:
  Build cache is disabled
Caching disabled for LibrarySymbolTableTransform: ~/.gradle/caches/transforms-3/7b45d49ace10fab82120de3e53646a9a/transformed/jetified-ui-graphics-release because:
  Build cache is disabled
Skipping LibrarySymbolTableTransform: ~/.gradle/caches/transforms-3/7b45d49ace10fab82120de3e53646a9a/transformed/jetified-ui-graphics-release as it is up-to-date.
Caching disabled for LibrarySymbolTableTransform: ~/.gradle/caches/transforms-3/7d4c28caa7e0fb3fe005a676364c2608/transformed/jetified-ui-tooling-preview-release because:
  Build cache is disabled
Skipping LibrarySymbolTableTransform: ~/.gradle/caches/transforms-3/7d4c28caa7e0fb3fe005a676364c2608/transformed/jetified-ui-tooling-preview-release as it is up-to-date.
Skipping LibrarySymbolTableTransform: ~/.gradle/caches/transforms-3/84c5ee758d54ed8d39985183b5170d2f/transformed/jetified-ui-text-release as it is up-to-date.
Transforming core-1.12.0.aar (androidx.core:core:1.12.0) with ExtractAarTransform
Transforming core-1.12.0.aar (androidx.core:core:1.12.0) with LibrarySymbolTableTransform
Transforming core-1.12.0.aar (androidx.core:core:1.12.0) with JetifyTransform
Transforming core-1.12.0.aar (androidx.core:core:1.12.0) with ExtractAarTransform
Transforming core-1.12.0.aar (androidx.core:core:1.12.0) with LibrarySymbolTableTransform
Transforming core-1.12.0.aar (androidx.core:core:1.12.0) with JetifyTransform
Transforming core-1.12.0.aar (androidx.core:core:1.12.0) with ExtractAarTransform
Transforming core-1.12.0.aar (androidx.core:core:1.12.0) with LibrarySymbolTableTransform
Transforming core-1.12.0.aar (androidx.core:core:1.12.0) with JetifyTransform
Transforming core-1.12.0.aar (androidx.core:core:1.12.0) with ExtractAarTransform
Transforming core-1.12.0.aar (androidx.core:core:1.12.0) with LibrarySymbolTableTransform
Transforming core-1.12.0.aar (androidx.core:core:1.12.0) with JetifyTransform
Transforming core-1.12.0.aar (androidx.core:core:1.12.0) with ExtractAarTransform
Transforming core-1.12.0.aar (androidx.core:core:1.12.0) with LibrarySymbolTableTransform
Transforming core-1.12.0.aar (androidx.core:core:1.12.0) with JetifyTransform
Transforming core-1.12.0.aar (androidx.core:core:1.12.0) with ExtractAarTransform
Transforming core-1.12.0.aar (androidx.core:core:1.12.0) with LibrarySymbolTableTransform
Transforming core-1.12.0.aar (androidx.core:core:1.12.0) with JetifyTransform
Transforming core-1.12.0.aar (androidx.core:core:1.12.0) with ExtractAarTransform
Transforming core-1.12.0.aar (androidx.core:core:1.12.0) with LibrarySymbolTableTransform
Transforming core-1.12.0.aar (androidx.core:core:1.12.0) with JetifyTransform
Transforming core-1.12.0.aar (androidx.core:core:1.12.0) with ExtractAarTransform
Transforming core-1.12.0.aar (androidx.core:core:1.12.0) with LibrarySymbolTableTransform
Transforming core-1.12.0.aar (androidx.core:core:1.12.0) with JetifyTransform
Transforming core-1.12.0.aar (androidx.core:core:1.12.0) with ExtractAarTransform
Transforming core-1.12.0.aar (androidx.core:core:1.12.0) with LibrarySymbolTableTransform
Caching disabled for LibrarySymbolTableTransform: ~/.gradle/caches/transforms-3/732bf3fcca27485691548d213a69ce32/transformed/jetified-ui-tooling-release because:
  Build cache is disabled
Caching disabled for LibrarySymbolTableTransform: ~/.gradle/caches/transforms-3/c2b1766b366bff151ea9bc1ce65f2b1b/transformed/jetified-activity-1.7.1 because:
  Build cache is disabled
Skipping LibrarySymbolTableTransform: ~/.gradle/caches/transforms-3/c2b1766b366bff151ea9bc1ce65f2b1b/transformed/jetified-activity-1.7.1 as it is up-to-date.
Transforming core-1.12.0.aar (androidx.core:core:1.12.0) with JetifyTransform
Transforming core-1.12.0.aar (androidx.core:core:1.12.0) with ExtractAarTransform
Transforming core-1.12.0.aar (androidx.core:core:1.12.0) with LibrarySymbolTableTransform
Transforming lifecycle-runtime-2.6.1.aar (androidx.lifecycle:lifecycle-runtime:2.6.1) with JetifyTransform
Transforming lifecycle-runtime-2.6.1.aar (androidx.lifecycle:lifecycle-runtime:2.6.1) with ExtractAarTransform
Transforming lifecycle-runtime-2.6.1.aar (androidx.lifecycle:lifecycle-runtime:2.6.1) with LibrarySymbolTableTransform
Transforming lifecycle-viewmodel-compose-2.6.1.aar (androidx.lifecycle:lifecycle-viewmodel-compose:2.6.1) with JetifyTransform
Transforming lifecycle-viewmodel-compose-2.6.1.aar (androidx.lifecycle:lifecycle-viewmodel-compose:2.6.1) with ExtractAarTransform
Transforming lifecycle-viewmodel-compose-2.6.1.aar (androidx.lifecycle:lifecycle-viewmodel-compose:2.6.1) with LibrarySymbolTableTransform
Transforming lifecycle-viewmodel-ktx-2.6.1.aar (androidx.lifecycle:lifecycle-viewmodel-ktx:2.6.1) with JetifyTransform
Transforming lifecycle-viewmodel-ktx-2.6.1.aar (androidx.lifecycle:lifecycle-viewmodel-ktx:2.6.1) with ExtractAarTransform
Transforming lifecycle-viewmodel-ktx-2.6.1.aar (androidx.lifecycle:lifecycle-viewmodel-ktx:2.6.1) with LibrarySymbolTableTransform
Transforming runtime-saveable-release.aar (androidx.compose.runtime:runtime-saveable-android:1.6.1) with JetifyTransform
Transforming runtime-saveable-release.aar (androidx.compose.runtime:runtime-saveable-android:1.6.1) with ExtractAarTransform
Transforming runtime-saveable-release.aar (androidx.compose.runtime:runtime-saveable-android:1.6.1) with LibrarySymbolTableTransform
Transforming runtime-release.aar (androidx.compose.runtime:runtime-android:1.6.1) with JetifyTransform
Transforming runtime-release.aar (androidx.compose.runtime:runtime-android:1.6.1) with ExtractAarTransform
Transforming runtime-release.aar (androidx.compose.runtime:runtime-android:1.6.1) with LibrarySymbolTableTransform
Transforming datastore-preferences-1.0.0.aar (androidx.datastore:datastore-preferences:1.0.0) with JetifyTransform
Transforming datastore-preferences-1.0.0.aar (androidx.datastore:datastore-preferences:1.0.0) with ExtractAarTransform
Transforming datastore-preferences-1.0.0.aar (androidx.datastore:datastore-preferences:1.0.0) with LibrarySymbolTableTransform
Caching disabled for LibrarySymbolTableTransform: ~/.gradle/caches/transforms-3/042e3e457431c3578cc10e80ca0e5c92/transformed/jetified-ui-test-manifest-1.6.1 because:
  Build cache is disabled
Skipping LibrarySymbolTableTransform: ~/.gradle/caches/transforms-3/042e3e457431c3578cc10e80ca0e5c92/transformed/jetified-ui-test-manifest-1.6.1 as it is up-to-date.
Skipping LibrarySymbolTableTransform: ~/.gradle/caches/transforms-3/732bf3fcca27485691548d213a69ce32/transformed/jetified-ui-tooling-release as it is up-to-date.
Transforming datastore-1.0.0.aar (androidx.datastore:datastore:1.0.0) with JetifyTransform
Transforming datastore-1.0.0.aar (androidx.datastore:datastore:1.0.0) with ExtractAarTransform
Transforming datastore-1.0.0.aar (androidx.datastore:datastore:1.0.0) with LibrarySymbolTableTransform
Transforming room-runtime-2.5.0.aar (androidx.room:room-runtime:2.5.0) with JetifyTransform
Transforming room-runtime-2.5.0.aar (androidx.room:room-runtime:2.5.0) with ExtractAarTransform
Transforming room-runtime-2.5.0.aar (androidx.room:room-runtime:2.5.0) with LibrarySymbolTableTransform
Transforming documentfile-1.0.1.aar (androidx.documentfile:documentfile:1.0.1) with JetifyTransform
Transforming documentfile-1.0.1.aar (androidx.documentfile:documentfile:1.0.1) with ExtractAarTransform
Transforming documentfile-1.0.1.aar (androidx.documentfile:documentfile:1.0.1) with LibrarySymbolTableTransform
Transforming documentfile-1.0.1.aar (androidx.documentfile:documentfile:1.0.1) with JetifyTransform
Transforming documentfile-1.0.1.aar (androidx.documentfile:documentfile:1.0.1) with ExtractAarTransform
Transforming documentfile-1.0.1.aar (androidx.documentfile:documentfile:1.0.1) with LibrarySymbolTableTransform
Transforming security-crypto-1.1.0-alpha03.aar (androidx.security:security-crypto:1.1.0-alpha03) with JetifyTransform
Transforming security-crypto-1.1.0-alpha03.aar (androidx.security:security-crypto:1.1.0-alpha03) with ExtractAarTransform
Transforming security-crypto-1.1.0-alpha03.aar (androidx.security:security-crypto:1.1.0-alpha03) with LibrarySymbolTableTransform
Transforming cursoradapter-1.0.0.aar (androidx.cursoradapter:cursoradapter:1.0.0) with JetifyTransform
Transforming cursoradapter-1.0.0.aar (androidx.cursoradapter:cursoradapter:1.0.0) with ExtractAarTransform
Transforming cursoradapter-1.0.0.aar (androidx.cursoradapter:cursoradapter:1.0.0) with LibrarySymbolTableTransform
Transforming cursoradapter-1.0.0.aar (androidx.cursoradapter:cursoradapter:1.0.0) with JetifyTransform
Caching disabled for LibrarySymbolTableTransform: ~/.gradle/caches/transforms-3/ab0296bff53da0f4182c704c11538309/transformed/jetified-activity-compose-1.7.1 because:
  Build cache is disabled
Skipping LibrarySymbolTableTransform: ~/.gradle/caches/transforms-3/ab0296bff53da0f4182c704c11538309/transformed/jetified-activity-compose-1.7.1 as it is up-to-date.
Transforming cursoradapter-1.0.0.aar (androidx.cursoradapter:cursoradapter:1.0.0) with ExtractAarTransform
Transforming cursoradapter-1.0.0.aar (androidx.cursoradapter:cursoradapter:1.0.0) with LibrarySymbolTableTransform
Caching disabled for LibrarySymbolTableTransform: ~/.gradle/caches/transforms-3/5a6f203f5e7fed813839d1d9e35f7205/transformed/jetified-ui-release because:
  Build cache is disabled
Transforming cardview-1.0.0.aar (androidx.cardview:cardview:1.0.0) with JetifyTransform
Transforming cardview-1.0.0.aar (androidx.cardview:cardview:1.0.0) with ExtractAarTransform
Skipping LibrarySymbolTableTransform: ~/.gradle/caches/transforms-3/5a6f203f5e7fed813839d1d9e35f7205/transformed/jetified-ui-release as it is up-to-date.
Transforming cardview-1.0.0.aar (androidx.cardview:cardview:1.0.0) with LibrarySymbolTableTransform
Transforming gifdecoder-4.11.0.aar (com.github.bumptech.glide:gifdecoder:4.11.0) with JetifyTransform
Transforming gifdecoder-4.11.0.aar (com.github.bumptech.glide:gifdecoder:4.11.0) with ExtractAarTransform
Transforming gifdecoder-4.11.0.aar (com.github.bumptech.glide:gifdecoder:4.11.0) with LibrarySymbolTableTransform
Transforming interpolator-1.0.0.aar (androidx.interpolator:interpolator:1.0.0) with JetifyTransform
Transforming interpolator-1.0.0.aar (androidx.interpolator:interpolator:1.0.0) with ExtractAarTransform
Transforming interpolator-1.0.0.aar (androidx.interpolator:interpolator:1.0.0) with LibrarySymbolTableTransform
Transforming interpolator-1.0.0.aar (androidx.interpolator:interpolator:1.0.0) with JetifyTransform
Transforming interpolator-1.0.0.aar (androidx.interpolator:interpolator:1.0.0) with ExtractAarTransform
Transforming interpolator-1.0.0.aar (androidx.interpolator:interpolator:1.0.0) with LibrarySymbolTableTransform
Transforming interpolator-1.0.0.aar (androidx.interpolator:interpolator:1.0.0) with JetifyTransform
Transforming interpolator-1.0.0.aar (androidx.interpolator:interpolator:1.0.0) with ExtractAarTransform
Transforming interpolator-1.0.0.aar (androidx.interpolator:interpolator:1.0.0) with LibrarySymbolTableTransform
Transforming interpolator-1.0.0.aar (androidx.interpolator:interpolator:1.0.0) with JetifyTransform
Caching disabled for LibrarySymbolTableTransform: ~/.gradle/caches/transforms-3/f729480fa7330d4bf857441478e9cd70/transformed/jetified-activity-ktx-1.7.1 because:
  Build cache is disabled
Skipping LibrarySymbolTableTransform: ~/.gradle/caches/transforms-3/f729480fa7330d4bf857441478e9cd70/transformed/jetified-activity-ktx-1.7.1 as it is up-to-date.
Caching disabled for LibrarySymbolTableTransform: ~/.gradle/caches/transforms-3/2e6e16267dc010e44b77ac72a21bd80d/transformed/jetified-savedstate-1.2.1 because:
  Build cache is disabled
Caching disabled for LibrarySymbolTableTransform: ~/.gradle/caches/transforms-3/5fd0882d1d7d05fb40249dc663fa1f47/transformed/jetified-savedstate-ktx-1.2.1 because:
  Build cache is disabled
Skipping LibrarySymbolTableTransform: ~/.gradle/caches/transforms-3/5fd0882d1d7d05fb40249dc663fa1f47/transformed/jetified-savedstate-ktx-1.2.1 as it is up-to-date.
Skipping LibrarySymbolTableTransform: ~/.gradle/caches/transforms-3/2e6e16267dc010e44b77ac72a21bd80d/transformed/jetified-savedstate-1.2.1 as it is up-to-date.
Transforming interpolator-1.0.0.aar (androidx.interpolator:interpolator:1.0.0) with ExtractAarTransform
Transforming interpolator-1.0.0.aar (androidx.interpolator:interpolator:1.0.0) with LibrarySymbolTableTransform
Transforming interpolator-1.0.0.aar (androidx.interpolator:interpolator:1.0.0) with JetifyTransform
Transforming interpolator-1.0.0.aar (androidx.interpolator:interpolator:1.0.0) with ExtractAarTransform
Transforming interpolator-1.0.0.aar (androidx.interpolator:interpolator:1.0.0) with LibrarySymbolTableTransform
Transforming core-runtime-2.2.0.aar (androidx.arch.core:core-runtime:2.2.0) with JetifyTransform
Transforming core-runtime-2.2.0.aar (androidx.arch.core:core-runtime:2.2.0) with ExtractAarTransform
Transforming core-runtime-2.2.0.aar (androidx.arch.core:core-runtime:2.2.0) with LibrarySymbolTableTransform
Transforming profileinstaller-1.3.0.aar (androidx.profileinstaller:profileinstaller:1.3.0) with JetifyTransform
Transforming profileinstaller-1.3.0.aar (androidx.profileinstaller:profileinstaller:1.3.0) with ExtractAarTransform
Transforming profileinstaller-1.3.0.aar (androidx.profileinstaller:profileinstaller:1.3.0) with LibrarySymbolTableTransform
Transforming sqlite-framework-2.3.0.aar (androidx.sqlite:sqlite-framework:2.3.0) with JetifyTransform
Transforming sqlite-framework-2.3.0.aar (androidx.sqlite:sqlite-framework:2.3.0) with ExtractAarTransform
Transforming sqlite-framework-2.3.0.aar (androidx.sqlite:sqlite-framework:2.3.0) with LibrarySymbolTableTransform
Transforming versionedparcelable-1.1.1.aar (androidx.versionedparcelable:versionedparcelable:1.1.1) with JetifyTransform
Transforming versionedparcelable-1.1.1.aar (androidx.versionedparcelable:versionedparcelable:1.1.1) with ExtractAarTransform
Transforming versionedparcelable-1.1.1.aar (androidx.versionedparcelable:versionedparcelable:1.1.1) with LibrarySymbolTableTransform
Transforming startup-runtime-1.1.1.aar (androidx.startup:startup-runtime:1.1.1) with JetifyTransform
Transforming startup-runtime-1.1.1.aar (androidx.startup:startup-runtime:1.1.1) with ExtractAarTransform
Transforming startup-runtime-1.1.1.aar (androidx.startup:startup-runtime:1.1.1) with LibrarySymbolTableTransform
Transforming exifinterface-1.3.3.aar (androidx.exifinterface:exifinterface:1.3.3) with JetifyTransform
Transforming exifinterface-1.3.3.aar (androidx.exifinterface:exifinterface:1.3.3) with ExtractAarTransform
Transforming exifinterface-1.3.3.aar (androidx.exifinterface:exifinterface:1.3.3) with LibrarySymbolTableTransform
Transforming sqlite-2.3.0.aar (androidx.sqlite:sqlite:2.3.0) with JetifyTransform
Transforming sqlite-2.3.0.aar (androidx.sqlite:sqlite:2.3.0) with ExtractAarTransform
Transforming sqlite-2.3.0.aar (androidx.sqlite:sqlite:2.3.0) with LibrarySymbolTableTransform
Transforming tracing-1.0.0.aar (androidx.tracing:tracing:1.0.0) with JetifyTransform
Transforming tracing-1.0.0.aar (androidx.tracing:tracing:1.0.0) with ExtractAarTransform
Transforming tracing-1.0.0.aar (androidx.tracing:tracing:1.0.0) with LibrarySymbolTableTransform
Caching disabled for LibrarySymbolTableTransform: ~/.gradle/caches/transforms-3/cbe3b41e5ddfed288a93ecb397f38d58/transformed/jetified-emoji2-1.3.0 because:
  Build cache is disabled
Transforming localbroadcastmanager-1.0.0.aar (androidx.localbroadcastmanager:localbroadcastmanager:1.0.0) with JetifyTransform
Skipping LibrarySymbolTableTransform: ~/.gradle/caches/transforms-3/cbe3b41e5ddfed288a93ecb397f38d58/transformed/jetified-emoji2-1.3.0 as it is up-to-date.
Transforming localbroadcastmanager-1.0.0.aar (androidx.localbroadcastmanager:localbroadcastmanager:1.0.0) with ExtractAarTransform
Transforming localbroadcastmanager-1.0.0.aar (androidx.localbroadcastmanager:localbroadcastmanager:1.0.0) with LibrarySymbolTableTransform
Transforming print-1.0.0.aar (androidx.print:print:1.0.0) with JetifyTransform
Transforming print-1.0.0.aar (androidx.print:print:1.0.0) with ExtractAarTransform
Transforming print-1.0.0.aar (androidx.print:print:1.0.0) with LibrarySymbolTableTransform
Caching disabled for LibrarySymbolTableTransform: ~/.gradle/caches/transforms-3/52104321998f44c84e9432a9e863a757/transformed/work-runtime-2.8.1 because:
  Build cache is disabled
Skipping LibrarySymbolTableTransform: ~/.gradle/caches/transforms-3/52104321998f44c84e9432a9e863a757/transformed/work-runtime-2.8.1 as it is up-to-date.
Caching disabled for LibrarySymbolTableTransform: ~/.gradle/caches/transforms-3/7d4a3ead9931ebc23018330c682f58e1/transformed/jetified-emoji2-views-helper-1.3.0 because:
  Build cache is disabled
Skipping LibrarySymbolTableTransform: ~/.gradle/caches/transforms-3/7d4a3ead9931ebc23018330c682f58e1/transformed/jetified-emoji2-views-helper-1.3.0 as it is up-to-date.
Transforming annotation-experimental-1.4.0.aar (androidx.annotation:annotation-experimental:1.4.0) with JetifyTransform
Transforming annotation-experimental-1.4.0.aar (androidx.annotation:annotation-experimental:1.4.0) with ExtractAarTransform
Transforming annotation-experimental-1.4.0.aar (androidx.annotation:annotation-experimental:1.4.0) with LibrarySymbolTableTransform
Transforming android-2.5.0.aar (com.yubico.yubikit:android:2.5.0) with JetifyTransform
Transforming android-2.5.0.aar (com.yubico.yubikit:android:2.5.0) with ExtractAarTransform
Transforming android-2.5.0.aar (com.yubico.yubikit:android:2.5.0) with LibrarySymbolTableTransform
Caching disabled for LibrarySymbolTableTransform: ~/.gradle/caches/transforms-3/1a1c4affc70b8f7d95ddcadfbd2a35e3/transformed/jetified-lifecycle-process-2.6.1 because:
  Build cache is disabled
Skipping LibrarySymbolTableTransform: ~/.gradle/caches/transforms-3/1a1c4affc70b8f7d95ddcadfbd2a35e3/transformed/jetified-lifecycle-process-2.6.1 as it is up-to-date.
Caching disabled for LibrarySymbolTableTransform: ~/.gradle/caches/transforms-3/5f61254bc809342fde7e4d99b9dc0bd6/transformed/jetified-lifecycle-service-2.6.1 because:
  Build cache is disabled
Skipping LibrarySymbolTableTransform: ~/.gradle/caches/transforms-3/5f61254bc809342fde7e4d99b9dc0bd6/transformed/jetified-lifecycle-service-2.6.1 as it is up-to-date.
Caching disabled for LibrarySymbolTableTransform: ~/.gradle/caches/transforms-3/98b62496db80c5f7334c63c8ef1594c6/transformed/lifecycle-livedata-core-2.6.1 because:
  Build cache is disabled
Skipping LibrarySymbolTableTransform: ~/.gradle/caches/transforms-3/98b62496db80c5f7334c63c8ef1594c6/transformed/lifecycle-livedata-core-2.6.1 as it is up-to-date.
Caching disabled for LibrarySymbolTableTransform: ~/.gradle/caches/transforms-3/4cdb49b0d47ca31fbe8f7e71a27210c2/transformed/lifecycle-livedata-2.6.1 because:
  Build cache is disabled
Skipping LibrarySymbolTableTransform: ~/.gradle/caches/transforms-3/4cdb49b0d47ca31fbe8f7e71a27210c2/transformed/lifecycle-livedata-2.6.1 as it is up-to-date.
Caching disabled for LibrarySymbolTableTransform: ~/.gradle/caches/transforms-3/6e6fcd315d2914af4ad2cbb4faca5a8d/transformed/lifecycle-viewmodel-2.6.1 because:
  Build cache is disabled
Skipping LibrarySymbolTableTransform: ~/.gradle/caches/transforms-3/6e6fcd315d2914af4ad2cbb4faca5a8d/transformed/lifecycle-viewmodel-2.6.1 as it is up-to-date.
Caching disabled for LibrarySymbolTableTransform: ~/.gradle/caches/transforms-3/b1c2f00c35df7bf87ac640531525b7b2/transformed/jetified-lifecycle-viewmodel-savedstate-2.6.1 because:
  Build cache is disabled
Skipping LibrarySymbolTableTransform: ~/.gradle/caches/transforms-3/b1c2f00c35df7bf87ac640531525b7b2/transformed/jetified-lifecycle-viewmodel-savedstate-2.6.1 as it is up-to-date.
Caching disabled for LibrarySymbolTableTransform: ~/.gradle/caches/transforms-3/ea37f1cdfe70b530b14333d13f4dfefd/transformed/jetified-lifecycle-runtime-ktx-2.6.1 because:
  Build cache is disabled
Skipping LibrarySymbolTableTransform: ~/.gradle/caches/transforms-3/ea37f1cdfe70b530b14333d13f4dfefd/transformed/jetified-lifecycle-runtime-ktx-2.6.1 as it is up-to-date.
Caching disabled for LibrarySymbolTableTransform: ~/.gradle/caches/transforms-3/2b5b59ece6552c208019a847c09011bf/transformed/recyclerview-1.3.0 because:
  Build cache is disabled
Skipping LibrarySymbolTableTransform: ~/.gradle/caches/transforms-3/2b5b59ece6552c208019a847c09011bf/transformed/recyclerview-1.3.0 as it is up-to-date.
Caching disabled for LibrarySymbolTableTransform: ~/.gradle/caches/transforms-3/4091ae1981d7ed60785fe07ae06dd610/transformed/drawerlayout-1.0.0 because:
  Build cache is disabled
Skipping LibrarySymbolTableTransform: ~/.gradle/caches/transforms-3/4091ae1981d7ed60785fe07ae06dd610/transformed/drawerlayout-1.0.0 as it is up-to-date.
Caching disabled for LibrarySymbolTableTransform: ~/.gradle/caches/transforms-3/b0f6f3bf4ed4099b387a119d6361ee2c/transformed/coordinatorlayout-1.1.0 because:
  Build cache is disabled
Skipping LibrarySymbolTableTransform: ~/.gradle/caches/transforms-3/b0f6f3bf4ed4099b387a119d6361ee2c/transformed/coordinatorlayout-1.1.0 as it is up-to-date.
Caching disabled for LibrarySymbolTableTransform: ~/.gradle/caches/transforms-3/13c53372c38558e7012eae9655f785d8/transformed/viewpager-1.0.0 because:
  Build cache is disabled
Skipping LibrarySymbolTableTransform: ~/.gradle/caches/transforms-3/13c53372c38558e7012eae9655f785d8/transformed/viewpager-1.0.0 as it is up-to-date.
Caching disabled for LibrarySymbolTableTransform: ~/.gradle/caches/transforms-3/674afedd4adc863db6e27fb0dc6cd5f2/transformed/customview-1.0.0 because:
  Build cache is disabled
Skipping LibrarySymbolTableTransform: ~/.gradle/caches/transforms-3/674afedd4adc863db6e27fb0dc6cd5f2/transformed/customview-1.0.0 as it is up-to-date.
Caching disabled for LibrarySymbolTableTransform: ~/.gradle/caches/transforms-3/c9ac48e9f4f08ba22420df3489b43c0b/transformed/slidingpanelayout-1.0.0 because:
  Build cache is disabled
Skipping LibrarySymbolTableTransform: ~/.gradle/caches/transforms-3/c9ac48e9f4f08ba22420df3489b43c0b/transformed/slidingpanelayout-1.0.0 as it is up-to-date.
Caching disabled for LibrarySymbolTableTransform: ~/.gradle/caches/transforms-3/9b5817c3a92d7366c3231b0a6adc6bdc/transformed/vectordrawable-1.1.0 because:
  Build cache is disabled
Caching disabled for LibrarySymbolTableTransform: ~/.gradle/caches/transforms-3/118a0cae2c4b44cec6097a60cd253593/transformed/vectordrawable-animated-1.1.0 because:
  Build cache is disabled
Skipping LibrarySymbolTableTransform: ~/.gradle/caches/transforms-3/9b5817c3a92d7366c3231b0a6adc6bdc/transformed/vectordrawable-1.1.0 as it is up-to-date.
Caching disabled for LibrarySymbolTableTransform: ~/.gradle/caches/transforms-3/7632eae8281301dfe881ac645ed5b016/transformed/transition-1.2.0 because:
  Build cache is disabled
Skipping LibrarySymbolTableTransform: ~/.gradle/caches/transforms-3/118a0cae2c4b44cec6097a60cd253593/transformed/vectordrawable-animated-1.1.0 as it is up-to-date.
Skipping LibrarySymbolTableTransform: ~/.gradle/caches/transforms-3/7632eae8281301dfe881ac645ed5b016/transformed/transition-1.2.0 as it is up-to-date.
Caching disabled for LibrarySymbolTableTransform: ~/.gradle/caches/transforms-3/580ae2a1aa1989b013eb39607617f57b/transformed/jetified-autofill-1.0.0 because:
  Build cache is disabled
Skipping LibrarySymbolTableTransform: ~/.gradle/caches/transforms-3/580ae2a1aa1989b013eb39607617f57b/transformed/jetified-autofill-1.0.0 as it is up-to-date.
Caching disabled for LibrarySymbolTableTransform: ~/.gradle/caches/transforms-3/12ad9292926686a6f009320535c38240/transformed/swiperefreshlayout-1.0.0 because:
  Build cache is disabled
Skipping LibrarySymbolTableTransform: ~/.gradle/caches/transforms-3/12ad9292926686a6f009320535c38240/transformed/swiperefreshlayout-1.0.0 as it is up-to-date.
Caching disabled for LibrarySymbolTableTransform: ~/.gradle/caches/transforms-3/c1abece61dae1a21d2f3592e715f7295/transformed/asynclayoutinflater-1.0.0 because:
  Build cache is disabled
Skipping LibrarySymbolTableTransform: ~/.gradle/caches/transforms-3/c1abece61dae1a21d2f3592e715f7295/transformed/asynclayoutinflater-1.0.0 as it is up-to-date.
Caching disabled for LibrarySymbolTableTransform: ~/.gradle/caches/transforms-3/c168bdfce0b852075277c25af448ff71/transformed/jetified-window-1.0.0 because:
  Build cache is disabled
Skipping LibrarySymbolTableTransform: ~/.gradle/caches/transforms-3/c168bdfce0b852075277c25af448ff71/transformed/jetified-window-1.0.0 as it is up-to-date.
Caching disabled for LibrarySymbolTableTransform: ~/.gradle/caches/transforms-3/12a83c271ec221d1737fdd040cc60012/transformed/jetified-customview-poolingcontainer-1.0.0 because:
  Build cache is disabled
Skipping LibrarySymbolTableTransform: ~/.gradle/caches/transforms-3/12a83c271ec221d1737fdd040cc60012/transformed/jetified-customview-poolingcontainer-1.0.0 as it is up-to-date.
Caching disabled for LibrarySymbolTableTransform: ~/.gradle/caches/transforms-3/cceb94d81e4d8c63d43b8cad4df517ed/transformed/core-1.12.0 because:
  Build cache is disabled
Skipping LibrarySymbolTableTransform: ~/.gradle/caches/transforms-3/cceb94d81e4d8c63d43b8cad4df517ed/transformed/core-1.12.0 as it is up-to-date.
Caching disabled for LibrarySymbolTableTransform: ~/.gradle/caches/transforms-3/949fc41410247092c134eb3bd94f32ce/transformed/jetified-core-ktx-1.12.0 because:
  Build cache is disabled
Skipping LibrarySymbolTableTransform: ~/.gradle/caches/transforms-3/949fc41410247092c134eb3bd94f32ce/transformed/jetified-core-ktx-1.12.0 as it is up-to-date.
Caching disabled for LibrarySymbolTableTransform: ~/.gradle/caches/transforms-3/eb7450c57b306cbb82121c0806cab720/transformed/jetified-lifecycle-viewmodel-compose-2.6.1 because:
  Build cache is disabled
Skipping LibrarySymbolTableTransform: ~/.gradle/caches/transforms-3/eb7450c57b306cbb82121c0806cab720/transformed/jetified-lifecycle-viewmodel-compose-2.6.1 as it is up-to-date.
Caching disabled for LibrarySymbolTableTransform: ~/.gradle/caches/transforms-3/b000c700754713dc8e2803f1edacb360/transformed/lifecycle-runtime-2.6.1 because:
  Build cache is disabled
Skipping LibrarySymbolTableTransform: ~/.gradle/caches/transforms-3/b000c700754713dc8e2803f1edacb360/transformed/lifecycle-runtime-2.6.1 as it is up-to-date.
Caching disabled for LibrarySymbolTableTransform: ~/.gradle/caches/transforms-3/7f1e093fa79270458ef3640fc4e8a839/transformed/jetified-runtime-saveable-release because:
  Build cache is disabled
Skipping LibrarySymbolTableTransform: ~/.gradle/caches/transforms-3/7f1e093fa79270458ef3640fc4e8a839/transformed/jetified-runtime-saveable-release as it is up-to-date.
Caching disabled for LibrarySymbolTableTransform: ~/.gradle/caches/transforms-3/e9713df1858b49ad0683e30339f1fcbf/transformed/jetified-lifecycle-viewmodel-ktx-2.6.1 because:
  Build cache is disabled
Skipping LibrarySymbolTableTransform: ~/.gradle/caches/transforms-3/e9713df1858b49ad0683e30339f1fcbf/transformed/jetified-lifecycle-viewmodel-ktx-2.6.1 as it is up-to-date.
Caching disabled for LibrarySymbolTableTransform: ~/.gradle/caches/transforms-3/e20053a0a5aacac75533bfb9655cb504/transformed/room-runtime-2.5.0 because:
  Build cache is disabled
Caching disabled for LibrarySymbolTableTransform: ~/.gradle/caches/transforms-3/de6a55e483f993ea7168e29fbd28f33c/transformed/jetified-datastore-1.0.0 because:
  Build cache is disabled
Skipping LibrarySymbolTableTransform: ~/.gradle/caches/transforms-3/e20053a0a5aacac75533bfb9655cb504/transformed/room-runtime-2.5.0 as it is up-to-date.
Skipping LibrarySymbolTableTransform: ~/.gradle/caches/transforms-3/de6a55e483f993ea7168e29fbd28f33c/transformed/jetified-datastore-1.0.0 as it is up-to-date.
Caching disabled for LibrarySymbolTableTransform: ~/.gradle/caches/transforms-3/a625bd74c274bd3cfbd1753b62cf8fd3/transformed/jetified-runtime-release because:
  Build cache is disabled
Skipping LibrarySymbolTableTransform: ~/.gradle/caches/transforms-3/a625bd74c274bd3cfbd1753b62cf8fd3/transformed/jetified-runtime-release as it is up-to-date.
Caching disabled for LibrarySymbolTableTransform: ~/.gradle/caches/transforms-3/9b48c0ff091d6ce817371e99ad820b83/transformed/jetified-datastore-preferences-1.0.0 because:
  Build cache is disabled
Caching disabled for LibrarySymbolTableTransform: ~/.gradle/caches/transforms-3/b2a1521e4152e0b34a7680a2d8b07346/transformed/documentfile-1.0.1 because:
  Build cache is disabled
Skipping LibrarySymbolTableTransform: ~/.gradle/caches/transforms-3/9b48c0ff091d6ce817371e99ad820b83/transformed/jetified-datastore-preferences-1.0.0 as it is up-to-date.
Skipping LibrarySymbolTableTransform: ~/.gradle/caches/transforms-3/b2a1521e4152e0b34a7680a2d8b07346/transformed/documentfile-1.0.1 as it is up-to-date.
Caching disabled for LibrarySymbolTableTransform: ~/.gradle/caches/transforms-3/56bd582384ccdc7202015da1d0cac46f/transformed/jetified-security-crypto-1.1.0-alpha03 because:
  Build cache is disabled
Skipping LibrarySymbolTableTransform: ~/.gradle/caches/transforms-3/56bd582384ccdc7202015da1d0cac46f/transformed/jetified-security-crypto-1.1.0-alpha03 as it is up-to-date.
Caching disabled for LibrarySymbolTableTransform: ~/.gradle/caches/transforms-3/dcc90df5e29beb76e837b70cfc8a1b3a/transformed/cardview-1.0.0 because:
  Build cache is disabled
Skipping LibrarySymbolTableTransform: ~/.gradle/caches/transforms-3/dcc90df5e29beb76e837b70cfc8a1b3a/transformed/cardview-1.0.0 as it is up-to-date.
Caching disabled for LibrarySymbolTableTransform: ~/.gradle/caches/transforms-3/137175b3ff397a3ca8c7f030a9dc1e4b/transformed/jetified-gifdecoder-4.11.0 because:
  Build cache is disabled
Caching disabled for LibrarySymbolTableTransform: ~/.gradle/caches/transforms-3/12300820f0d60b288a19d7ebf5066de8/transformed/cursoradapter-1.0.0 because:
  Build cache is disabled
Skipping LibrarySymbolTableTransform: ~/.gradle/caches/transforms-3/137175b3ff397a3ca8c7f030a9dc1e4b/transformed/jetified-gifdecoder-4.11.0 as it is up-to-date.
Skipping LibrarySymbolTableTransform: ~/.gradle/caches/transforms-3/12300820f0d60b288a19d7ebf5066de8/transformed/cursoradapter-1.0.0 as it is up-to-date.
Caching disabled for LibrarySymbolTableTransform: ~/.gradle/caches/transforms-3/d41826fca4fd43026506b6eedd8999db/transformed/interpolator-1.0.0 because:
  Build cache is disabled
Skipping LibrarySymbolTableTransform: ~/.gradle/caches/transforms-3/d41826fca4fd43026506b6eedd8999db/transformed/interpolator-1.0.0 as it is up-to-date.
Caching disabled for LibrarySymbolTableTransform: ~/.gradle/caches/transforms-3/42d42e9fdc10b3a8efed0d75b71fafe6/transformed/core-runtime-2.2.0 because:
  Build cache is disabled
Skipping LibrarySymbolTableTransform: ~/.gradle/caches/transforms-3/42d42e9fdc10b3a8efed0d75b71fafe6/transformed/core-runtime-2.2.0 as it is up-to-date.
Caching disabled for LibrarySymbolTableTransform: ~/.gradle/caches/transforms-3/6121addbf7f66609874aebfb23638732/transformed/jetified-profileinstaller-1.3.0 because:
  Build cache is disabled
Skipping LibrarySymbolTableTransform: ~/.gradle/caches/transforms-3/6121addbf7f66609874aebfb23638732/transformed/jetified-profileinstaller-1.3.0 as it is up-to-date.
Caching disabled for LibrarySymbolTableTransform: ~/.gradle/caches/transforms-3/6b41cd243c6fb9e77bc51f77916faca1/transformed/sqlite-framework-2.3.0 because:
  Build cache is disabled
Skipping LibrarySymbolTableTransform: ~/.gradle/caches/transforms-3/6b41cd243c6fb9e77bc51f77916faca1/transformed/sqlite-framework-2.3.0 as it is up-to-date.
Caching disabled for LibrarySymbolTableTransform: ~/.gradle/caches/transforms-3/03f7efd144c869dc5e7d802beb82fc16/transformed/versionedparcelable-1.1.1 because:
  Build cache is disabled
Caching disabled for LibrarySymbolTableTransform: ~/.gradle/caches/transforms-3/155663d16d0a0a2fe7a7ba743223ac03/transformed/jetified-startup-runtime-1.1.1 because:
  Build cache is disabled
Skipping LibrarySymbolTableTransform: ~/.gradle/caches/transforms-3/155663d16d0a0a2fe7a7ba743223ac03/transformed/jetified-startup-runtime-1.1.1 as it is up-to-date.
Skipping LibrarySymbolTableTransform: ~/.gradle/caches/transforms-3/03f7efd144c869dc5e7d802beb82fc16/transformed/versionedparcelable-1.1.1 as it is up-to-date.
Caching disabled for LibrarySymbolTableTransform: ~/.gradle/caches/transforms-3/48ceb8176866b80a099305b2f41fd291/transformed/exifinterface-1.3.3 because:
  Build cache is disabled
Skipping LibrarySymbolTableTransform: ~/.gradle/caches/transforms-3/48ceb8176866b80a099305b2f41fd291/transformed/exifinterface-1.3.3 as it is up-to-date.
Caching disabled for LibrarySymbolTableTransform: ~/.gradle/caches/transforms-3/3bc6d5d8ff448b4e13035810680677de/transformed/jetified-tracing-1.0.0 because:
  Build cache is disabled
Skipping LibrarySymbolTableTransform: ~/.gradle/caches/transforms-3/3bc6d5d8ff448b4e13035810680677de/transformed/jetified-tracing-1.0.0 as it is up-to-date.
Caching disabled for LibrarySymbolTableTransform: ~/.gradle/caches/transforms-3/72dad178ce6ab4f7001753075b0e37f5/transformed/sqlite-2.3.0 because:
  Build cache is disabled
Skipping LibrarySymbolTableTransform: ~/.gradle/caches/transforms-3/72dad178ce6ab4f7001753075b0e37f5/transformed/sqlite-2.3.0 as it is up-to-date.
Caching disabled for LibrarySymbolTableTransform: ~/.gradle/caches/transforms-3/b60f11540f0a45297b86659eb77708d8/transformed/localbroadcastmanager-1.0.0 because:
  Build cache is disabled
Skipping LibrarySymbolTableTransform: ~/.gradle/caches/transforms-3/b60f11540f0a45297b86659eb77708d8/transformed/localbroadcastmanager-1.0.0 as it is up-to-date.
Caching disabled for LibrarySymbolTableTransform: ~/.gradle/caches/transforms-3/8afce72244a911c0605c3d6d7e95dc8c/transformed/jetified-android-2.5.0 because:
  Build cache is disabled
Skipping LibrarySymbolTableTransform: ~/.gradle/caches/transforms-3/8afce72244a911c0605c3d6d7e95dc8c/transformed/jetified-android-2.5.0 as it is up-to-date.
Caching disabled for LibrarySymbolTableTransform: ~/.gradle/caches/transforms-3/07890a703d0cf6d7a86bcc92f59f3175/transformed/print-1.0.0 because:
  Build cache is disabled
Caching disabled for LibrarySymbolTableTransform: ~/.gradle/caches/transforms-3/bba89aa6501c852a9ecaced807b153b4/transformed/jetified-annotation-experimental-1.4.0 because:
  Build cache is disabled
Skipping LibrarySymbolTableTransform: ~/.gradle/caches/transforms-3/bba89aa6501c852a9ecaced807b153b4/transformed/jetified-annotation-experimental-1.4.0 as it is up-to-date.
Skipping LibrarySymbolTableTransform: ~/.gradle/caches/transforms-3/07890a703d0cf6d7a86bcc92f59f3175/transformed/print-1.0.0 as it is up-to-date.
Caching disabled for LibrarySymbolTableTransform: ~/.gradle/caches/transforms-3/b6095f41f72e5a29b902f1ef21484dd1/transformed/jetified-material3-window-size-class-release because:
  Build cache is disabled
Skipping LibrarySymbolTableTransform: ~/.gradle/caches/transforms-3/b6095f41f72e5a29b902f1ef21484dd1/transformed/jetified-material3-window-size-class-release as it is up-to-date.
Caching disabled for LibrarySymbolTableTransform: ~/.gradle/caches/transforms-3/8feeef3945a1f3bf72a7656b99debed4/transformed/jetified-glide-4.11.0 because:
  Build cache is disabled
Skipping LibrarySymbolTableTransform: ~/.gradle/caches/transforms-3/8feeef3945a1f3bf72a7656b99debed4/transformed/jetified-glide-4.11.0 as it is up-to-date.
Caching disabled for LibrarySymbolTableTransform: ~/.gradle/caches/transforms-3/92c29c4b255532babecd42314d8fdc89/transformed/jetified-play-services-auth-base-18.0.4 because:
  Build cache is disabled
Skipping LibrarySymbolTableTransform: ~/.gradle/caches/transforms-3/92c29c4b255532babecd42314d8fdc89/transformed/jetified-play-services-auth-base-18.0.4 as it is up-to-date.
Caching disabled for LibrarySymbolTableTransform: ~/.gradle/caches/transforms-3/5713208a47eec23b954ae0ca2083427b/transformed/jetified-credentials-1.2.2 because:
  Build cache is disabled
Skipping LibrarySymbolTableTransform: ~/.gradle/caches/transforms-3/5713208a47eec23b954ae0ca2083427b/transformed/jetified-credentials-1.2.2 as it is up-to-date.
Caching disabled for LibrarySymbolTableTransform: ~/.gradle/caches/transforms-3/5395aa0a6ecb13ad0c511d3a340478af/transformed/jetified-msal-6.2.0 because:
  Build cache is disabled
Skipping LibrarySymbolTableTransform: ~/.gradle/caches/transforms-3/5395aa0a6ecb13ad0c511d3a340478af/transformed/jetified-msal-6.2.0 as it is up-to-date.
Caching disabled for LibrarySymbolTableTransform: ~/.gradle/caches/transforms-3/9b17bc7c93fbf09b155b618530a901a6/transformed/jetified-viewpager2-1.0.0 because:
  Build cache is disabled
Skipping LibrarySymbolTableTransform: ~/.gradle/caches/transforms-3/9b17bc7c93fbf09b155b618530a901a6/transformed/jetified-viewpager2-1.0.0 as it is up-to-date.
Caching disabled for LibrarySymbolTableTransform: ~/.gradle/caches/transforms-3/2255a581edd9e694cdd5fc201e351b32/transformed/jetified-navigation-compose-2.7.0 because:
  Build cache is disabled
Skipping LibrarySymbolTableTransform: ~/.gradle/caches/transforms-3/2255a581edd9e694cdd5fc201e351b32/transformed/jetified-navigation-compose-2.7.0 as it is up-to-date.
Caching disabled for LibrarySymbolTableTransform: ~/.gradle/caches/transforms-3/eaf4160b542b0499b6b73f7db65252d7/transformed/jetified-coil-compose-base-2.0.0 because:
  Build cache is disabled
Skipping LibrarySymbolTableTransform: ~/.gradle/caches/transforms-3/eaf4160b542b0499b6b73f7db65252d7/transformed/jetified-coil-compose-base-2.0.0 as it is up-to-date.
Caching disabled for LibrarySymbolTableTransform: ~/.gradle/caches/transforms-3/bf1a1f31d3fd291141350a5f95f71ac2/transformed/navigation-runtime-2.7.0 because:
  Build cache is disabled
Skipping LibrarySymbolTableTransform: ~/.gradle/caches/transforms-3/bf1a1f31d3fd291141350a5f95f71ac2/transformed/navigation-runtime-2.7.0 as it is up-to-date.
Caching disabled for LibrarySymbolTableTransform: ~/.gradle/caches/transforms-3/a4a989285698a7d4539c76e75f39e9fb/transformed/jetified-appcompat-resources-1.6.1 because:
  Build cache is disabled
Skipping LibrarySymbolTableTransform: ~/.gradle/caches/transforms-3/a4a989285698a7d4539c76e75f39e9fb/transformed/jetified-appcompat-resources-1.6.1 as it is up-to-date.
Caching disabled for LibrarySymbolTableTransform: ~/.gradle/caches/transforms-3/e05b1ce225b2f306a2f1bcaa6cc4bb82/transformed/appcompat-1.6.1 because:
  Build cache is disabled
Skipping LibrarySymbolTableTransform: ~/.gradle/caches/transforms-3/e05b1ce225b2f306a2f1bcaa6cc4bb82/transformed/appcompat-1.6.1 as it is up-to-date.
Caching disabled for LibrarySymbolTableTransform: ~/.gradle/caches/transforms-3/9d078f321e9c9b40b737fbfeda2c24d6/transformed/constraintlayout-2.1.3 because:
  Build cache is disabled
Skipping LibrarySymbolTableTransform: ~/.gradle/caches/transforms-3/9d078f321e9c9b40b737fbfeda2c24d6/transformed/constraintlayout-2.1.3 as it is up-to-date.
Caching disabled for LibrarySymbolTableTransform: ~/.gradle/caches/transforms-3/db0a4a75452c37002f2b2876252588df/transformed/navigation-common-2.7.0 because:
  Build cache is disabled
Skipping LibrarySymbolTableTransform: ~/.gradle/caches/transforms-3/db0a4a75452c37002f2b2876252588df/transformed/navigation-common-2.7.0 as it is up-to-date.
Caching disabled for LibrarySymbolTableTransform: ~/.gradle/caches/transforms-3/90ed19349c73e3a702f875e3ee32cf3e/transformed/jetified-play-services-auth-api-phone-18.0.1 because:
  Build cache is disabled
Skipping LibrarySymbolTableTransform: ~/.gradle/caches/transforms-3/90ed19349c73e3a702f875e3ee32cf3e/transformed/jetified-play-services-auth-api-phone-18.0.1 as it is up-to-date.
Caching disabled for LibrarySymbolTableTransform: ~/.gradle/caches/transforms-3/1cae99ea7ffe8d6629ea2bcf1aca546c/transformed/work-runtime-ktx-2.8.1 because:
  Build cache is disabled
Skipping LibrarySymbolTableTransform: ~/.gradle/caches/transforms-3/1cae99ea7ffe8d6629ea2bcf1aca546c/transformed/work-runtime-ktx-2.8.1 as it is up-to-date.
Caching disabled for LibrarySymbolTableTransform: ~/.gradle/caches/transforms-3/9e19dd4eddf1526c596bfc7fac48dace/transformed/material-1.2.0 because:
  Build cache is disabled
Skipping LibrarySymbolTableTransform: ~/.gradle/caches/transforms-3/9e19dd4eddf1526c596bfc7fac48dace/transformed/material-1.2.0 as it is up-to-date.
Caching disabled for LibrarySymbolTableTransform: ~/.gradle/caches/transforms-3/93778559c8409c7dbf0caaa1b2d252ac/transformed/jetified-coil-2.0.0 because:
  Build cache is disabled
Skipping LibrarySymbolTableTransform: ~/.gradle/caches/transforms-3/93778559c8409c7dbf0caaa1b2d252ac/transformed/jetified-coil-2.0.0 as it is up-to-date.
Caching disabled for LibrarySymbolTableTransform: ~/.gradle/caches/transforms-3/7ff85eb923829d3039e7d6a37994c2be/transformed/jetified-credentials-play-services-auth-1.2.2 because:
  Build cache is disabled
Skipping LibrarySymbolTableTransform: ~/.gradle/caches/transforms-3/7ff85eb923829d3039e7d6a37994c2be/transformed/jetified-credentials-play-services-auth-1.2.2 as it is up-to-date.
Caching disabled for LibrarySymbolTableTransform: ~/.gradle/caches/transforms-3/6ba5227b30be8ace71f45008339a7641/transformed/jetified-accompanist-drawablepainter-0.23.1 because:
  Build cache is disabled
Skipping LibrarySymbolTableTransform: ~/.gradle/caches/transforms-3/6ba5227b30be8ace71f45008339a7641/transformed/jetified-accompanist-drawablepainter-0.23.1 as it is up-to-date.
Caching disabled for LibrarySymbolTableTransform: ~/.gradle/caches/transforms-3/28b8a30e393fe518d9ae0aee025282fd/transformed/jetified-coil-base-2.0.0 because:
  Build cache is disabled
Skipping LibrarySymbolTableTransform: ~/.gradle/caches/transforms-3/28b8a30e393fe518d9ae0aee025282fd/transformed/jetified-coil-base-2.0.0 as it is up-to-date.
Caching disabled for LibrarySymbolTableTransform: ~/.gradle/caches/transforms-3/691e2ddca74f0afe60043bb1a3af1d8c/transformed/jetified-common-21.4.0 because:
  Build cache is disabled
Skipping LibrarySymbolTableTransform: ~/.gradle/caches/transforms-3/691e2ddca74f0afe60043bb1a3af1d8c/transformed/jetified-common-21.4.0 as it is up-to-date.
Caching disabled for task ':app:processDebugResources' because:
  Build cache is disabled
Task ':app:processDebugResources' is not up-to-date because:
  Task has failed previously.
The input changes require a full rebuild for incremental task ':app:processDebugResources'.
Watching 169 directories to track changes
Watching 169 directories to track changes
Watching 169 directories to track changes
Watching 169 directories to track changes
AAPT2 aapt2-7.4.2-8841542-linux Daemon #0: starting

> Task :app:checkDebugDuplicateClasses
Watching 170 directories to track changes
Transforming viewbinding-7.4.2.aar (androidx.databinding:viewbinding:7.4.2) with JetifyTransform
Transforming viewbinding-7.4.2.aar (androidx.databinding:viewbinding:7.4.2) with AarToClassTransform
Transforming accompanist-systemuicontroller-0.23.0.aar (com.google.accompanist:accompanist-systemuicontroller:0.23.0) with JetifyTransform
Transforming accompanist-systemuicontroller-0.23.0.aar (com.google.accompanist:accompanist-systemuicontroller:0.23.0) with AarToClassTransform
Transforming coil-compose-2.0.0.aar (io.coil-kt:coil-compose:2.0.0) with JetifyTransform
Transforming coil-compose-2.0.0.aar (io.coil-kt:coil-compose:2.0.0) with AarToClassTransform
Transforming coil-compose-base-2.0.0.aar (io.coil-kt:coil-compose-base:2.0.0) with JetifyTransform
Transforming coil-compose-base-2.0.0.aar (io.coil-kt:coil-compose-base:2.0.0) with AarToClassTransform
Transforming coil-2.0.0.aar (io.coil-kt:coil:2.0.0) with JetifyTransform
Transforming coil-2.0.0.aar (io.coil-kt:coil:2.0.0) with AarToClassTransform
Transforming coil-base-2.0.0.aar (io.coil-kt:coil-base:2.0.0) with JetifyTransform
Transforming coil-base-2.0.0.aar (io.coil-kt:coil-base:2.0.0) with AarToClassTransform
Transforming msal-6.2.0.aar (com.microsoft.identity.client:msal:6.2.0) with JetifyTransform
Transforming msal-6.2.0.aar (com.microsoft.identity.client:msal:6.2.0) with AarToClassTransform
Transforming common-21.4.0.aar (com.microsoft.identity:common:21.4.0) with JetifyTransform
Transforming common-21.4.0.aar (com.microsoft.identity:common:21.4.0) with AarToClassTransform
Transforming accompanist-drawablepainter-0.23.1.aar (com.google.accompanist:accompanist-drawablepainter:0.23.1) with JetifyTransform
Transforming accompanist-drawablepainter-0.23.1.aar (com.google.accompanist:accompanist-drawablepainter:0.23.1) with AarToClassTransform
Transforming credentials-1.2.2.aar (androidx.credentials:credentials:1.2.2) with JetifyTransform
Transforming credentials-1.2.2.aar (androidx.credentials:credentials:1.2.2) with AarToClassTransform
Transforming credentials-1.2.2.aar (androidx.credentials:credentials:1.2.2) with JetifyTransform
Transforming credentials-1.2.2.aar (androidx.credentials:credentials:1.2.2) with AarToClassTransform
Transforming credentials-play-services-auth-1.2.2.aar (androidx.credentials:credentials-play-services-auth:1.2.2) with JetifyTransform
Transforming credentials-play-services-auth-1.2.2.aar (androidx.credentials:credentials-play-services-auth:1.2.2) with AarToClassTransform
Transforming googleid-1.1.0.aar (com.google.android.libraries.identity.googleid:googleid:1.1.0) with JetifyTransform
Transforming googleid-1.1.0.aar (com.google.android.libraries.identity.googleid:googleid:1.1.0) with AarToClassTransform
Transforming work-runtime-ktx-2.8.1.aar (androidx.work:work-runtime-ktx:2.8.1) with JetifyTransform
Transforming work-runtime-ktx-2.8.1.aar (androidx.work:work-runtime-ktx:2.8.1) with AarToClassTransform
Transforming navigation-common-2.7.0.aar (androidx.navigation:navigation-common:2.7.0) with JetifyTransform
Transforming navigation-common-2.7.0.aar (androidx.navigation:navigation-common:2.7.0) with AarToClassTransform
Transforming navigation-runtime-2.7.0.aar (androidx.navigation:navigation-runtime:2.7.0) with JetifyTransform
Transforming navigation-runtime-2.7.0.aar (androidx.navigation:navigation-runtime:2.7.0) with AarToClassTransform
Transforming navigation-common-ktx-2.7.0.aar (androidx.navigation:navigation-common-ktx:2.7.0) with JetifyTransform
Transforming navigation-common-ktx-2.7.0.aar (androidx.navigation:navigation-common-ktx:2.7.0) with AarToClassTransform
Transforming navigation-runtime-ktx-2.7.0.aar (androidx.navigation:navigation-runtime-ktx:2.7.0) with JetifyTransform
Transforming navigation-runtime-ktx-2.7.0.aar (androidx.navigation:navigation-runtime-ktx:2.7.0) with AarToClassTransform
Transforming navigation-compose-2.7.0.aar (androidx.navigation:navigation-compose:2.7.0) with JetifyTransform
Transforming navigation-compose-2.7.0.aar (androidx.navigation:navigation-compose:2.7.0) with AarToClassTransform
Transforming constraintlayout-2.1.3.aar (androidx.constraintlayout:constraintlayout:2.1.3) with JetifyTransform
Transforming constraintlayout-2.1.3.aar (androidx.constraintlayout:constraintlayout:2.1.3) with AarToClassTransform
Transforming material-1.2.0.aar (com.google.android.material:material:1.2.0) with JetifyTransform
Transforming material-1.2.0.aar (com.google.android.material:material:1.2.0) with AarToClassTransform
Transforming appcompat-resources-1.6.1.aar (androidx.appcompat:appcompat-resources:1.6.1) with JetifyTransform
Transforming appcompat-resources-1.6.1.aar (androidx.appcompat:appcompat-resources:1.6.1) with AarToClassTransform
Transforming appcompat-1.6.1.aar (androidx.appcompat:appcompat:1.6.1) with JetifyTransform
Transforming appcompat-1.6.1.aar (androidx.appcompat:appcompat:1.6.1) with AarToClassTransform
Transforming material3-window-size-class-release.aar (androidx.compose.material3:material3-window-size-class-android:1.2.0) with JetifyTransform
Transforming material3-window-size-class-release.aar (androidx.compose.material3:material3-window-size-class-android:1.2.0) with AarToClassTransform
Caching disabled for AarToClassTransform: ~/.gradle/caches/transforms-3/7a4791795eabd99f4d79935f3fda53c7/transformed/jetified-viewbinding-7.4.2.aar because:
  Build cache is disabled
Skipping AarToClassTransform: ~/.gradle/caches/transforms-3/7a4791795eabd99f4d79935f3fda53c7/transformed/jetified-viewbinding-7.4.2.aar as it is up-to-date.
Transforming viewbinding-7.4.2.aar (androidx.databinding:viewbinding:7.4.2) with EnumerateClassesTransform
Caching disabled for AarToClassTransform: ~/.gradle/caches/transforms-3/8706650dfdf8601596176e7054659556/transformed/jetified-accompanist-systemuicontroller-0.23.0.aar because:
  Build cache is disabled
Caching disabled for EnumerateClassesTransform: ~/.gradle/caches/transforms-3/3f063e15aa5f617bcef12065e5b0b10f/transformed/jetified-viewbinding-7.4.2-runtime.jar because:
  Build cache is disabled
Skipping EnumerateClassesTransform: ~/.gradle/caches/transforms-3/3f063e15aa5f617bcef12065e5b0b10f/transformed/jetified-viewbinding-7.4.2-runtime.jar as it is up-to-date.
Transforming material3-release.aar (androidx.compose.material3:material3-android:1.2.0) with JetifyTransform
Skipping AarToClassTransform: ~/.gradle/caches/transforms-3/8706650dfdf8601596176e7054659556/transformed/jetified-accompanist-systemuicontroller-0.23.0.aar as it is up-to-date.
Transforming material3-release.aar (androidx.compose.material3:material3-android:1.2.0) with AarToClassTransform
Transforming accompanist-systemuicontroller-0.23.0.aar (com.google.accompanist:accompanist-systemuicontroller:0.23.0) with EnumerateClassesTransform
Transforming glide-4.11.0.aar (com.github.bumptech.glide:glide:4.11.0) with JetifyTransform
Transforming glide-4.11.0.aar (com.github.bumptech.glide:glide:4.11.0) with AarToClassTransform
Transforming viewpager2-1.0.0.aar (androidx.viewpager2:viewpager2:1.0.0) with JetifyTransform
Transforming viewpager2-1.0.0.aar (androidx.viewpager2:viewpager2:1.0.0) with AarToClassTransform
Transforming play-services-auth-20.7.0.aar (com.google.android.gms:play-services-auth:20.7.0) with JetifyTransform
Transforming play-services-auth-20.7.0.aar (com.google.android.gms:play-services-auth:20.7.0) with AarToClassTransform
Transforming play-services-fido-20.1.0.aar (com.google.android.gms:play-services-fido:20.1.0) with JetifyTransform
Transforming play-services-fido-20.1.0.aar (com.google.android.gms:play-services-fido:20.1.0) with AarToClassTransform
Transforming play-services-fido-20.1.0.aar (com.google.android.gms:play-services-fido:20.1.0) with JetifyTransform
Transforming play-services-fido-20.1.0.aar (com.google.android.gms:play-services-fido:20.1.0) with AarToClassTransform
Transforming play-services-auth-api-phone-18.0.1.aar (com.google.android.gms:play-services-auth-api-phone:18.0.1) with JetifyTransform
Transforming play-services-auth-api-phone-18.0.1.aar (com.google.android.gms:play-services-auth-api-phone:18.0.1) with AarToClassTransform
Transforming play-services-auth-base-18.0.4.aar (com.google.android.gms:play-services-auth-base:18.0.4) with JetifyTransform
Transforming play-services-auth-base-18.0.4.aar (com.google.android.gms:play-services-auth-base:18.0.4) with AarToClassTransform
Transforming play-services-base-18.0.1.aar (com.google.android.gms:play-services-base:18.0.1) with JetifyTransform
Transforming play-services-base-18.0.1.aar (com.google.android.gms:play-services-base:18.0.1) with AarToClassTransform
Transforming play-services-base-18.0.1.aar (com.google.android.gms:play-services-base:18.0.1) with JetifyTransform
Transforming play-services-base-18.0.1.aar (com.google.android.gms:play-services-base:18.0.1) with AarToClassTransform
Transforming play-services-base-18.0.1.aar (com.google.android.gms:play-services-base:18.0.1) with JetifyTransform
Transforming play-services-base-18.0.1.aar (com.google.android.gms:play-services-base:18.0.1) with AarToClassTransform
Transforming play-services-base-18.0.1.aar (com.google.android.gms:play-services-base:18.0.1) with JetifyTransform
Transforming play-services-base-18.0.1.aar (com.google.android.gms:play-services-base:18.0.1) with AarToClassTransform
Transforming play-services-tasks-18.0.1.aar (com.google.android.gms:play-services-tasks:18.0.1) with JetifyTransform
Caching disabled for AarToClassTransform: ~/.gradle/caches/transforms-3/b8a7b8bf07dc719e86e918c6741d4429/transformed/jetified-accompanist-drawablepainter-0.23.1.aar because:
  Build cache is disabled
Transforming play-services-tasks-18.0.1.aar (com.google.android.gms:play-services-tasks:18.0.1) with AarToClassTransform
Transforming play-services-tasks-18.0.1.aar (com.google.android.gms:play-services-tasks:18.0.1) with JetifyTransform
Skipping AarToClassTransform: ~/.gradle/caches/transforms-3/b8a7b8bf07dc719e86e918c6741d4429/transformed/jetified-accompanist-drawablepainter-0.23.1.aar as it is up-to-date.
Transforming play-services-tasks-18.0.1.aar (com.google.android.gms:play-services-tasks:18.0.1) with AarToClassTransform
Transforming play-services-tasks-18.0.1.aar (com.google.android.gms:play-services-tasks:18.0.1) with JetifyTransform
Transforming play-services-tasks-18.0.1.aar (com.google.android.gms:play-services-tasks:18.0.1) with AarToClassTransform
Transforming accompanist-drawablepainter-0.23.1.aar (com.google.accompanist:accompanist-drawablepainter:0.23.1) with EnumerateClassesTransform
Caching disabled for EnumerateClassesTransform: ~/.gradle/caches/transforms-3/232a2d60b156671b50edb45a40b59fd8/transformed/jetified-accompanist-systemuicontroller-0.23.0-runtime.jar because:
  Build cache is disabled
Transforming play-services-tasks-18.0.1.aar (com.google.android.gms:play-services-tasks:18.0.1) with JetifyTransform
Skipping EnumerateClassesTransform: ~/.gradle/caches/transforms-3/232a2d60b156671b50edb45a40b59fd8/transformed/jetified-accompanist-systemuicontroller-0.23.0-runtime.jar as it is up-to-date.
Transforming play-services-tasks-18.0.1.aar (com.google.android.gms:play-services-tasks:18.0.1) with AarToClassTransform
Transforming play-services-tasks-18.0.1.aar (com.google.android.gms:play-services-tasks:18.0.1) with JetifyTransform
Transforming play-services-tasks-18.0.1.aar (com.google.android.gms:play-services-tasks:18.0.1) with AarToClassTransform
Transforming play-services-basement-18.2.0.aar (com.google.android.gms:play-services-basement:18.2.0) with JetifyTransform
Transforming play-services-basement-18.2.0.aar (com.google.android.gms:play-services-basement:18.2.0) with AarToClassTransform
Transforming play-services-basement-18.2.0.aar (com.google.android.gms:play-services-basement:18.2.0) with JetifyTransform
Transforming play-services-basement-18.2.0.aar (com.google.android.gms:play-services-basement:18.2.0) with AarToClassTransform
Transforming play-services-basement-18.2.0.aar (com.google.android.gms:play-services-basement:18.2.0) with JetifyTransform
Transforming play-services-basement-18.2.0.aar (com.google.android.gms:play-services-basement:18.2.0) with AarToClassTransform
Transforming play-services-basement-18.2.0.aar (com.google.android.gms:play-services-basement:18.2.0) with JetifyTransform
Transforming play-services-basement-18.2.0.aar (com.google.android.gms:play-services-basement:18.2.0) with AarToClassTransform
Transforming play-services-basement-18.2.0.aar (com.google.android.gms:play-services-basement:18.2.0) with JetifyTransform
Transforming play-services-basement-18.2.0.aar (com.google.android.gms:play-services-basement:18.2.0) with AarToClassTransform
Transforming play-services-basement-18.2.0.aar (com.google.android.gms:play-services-basement:18.2.0) with JetifyTransform
Transforming play-services-basement-18.2.0.aar (com.google.android.gms:play-services-basement:18.2.0) with AarToClassTransform
Transforming fragment-1.3.6.aar (androidx.fragment:fragment:1.3.6) with JetifyTransform
Transforming fragment-1.3.6.aar (androidx.fragment:fragment:1.3.6) with AarToClassTransform
Transforming fragment-1.3.6.aar (androidx.fragment:fragment:1.3.6) with JetifyTransform
Transforming fragment-1.3.6.aar (androidx.fragment:fragment:1.3.6) with AarToClassTransform
Caching disabled for EnumerateClassesTransform: ~/.gradle/caches/transforms-3/56482dd2f1f4a122f21bc7e7edff8ad4/transformed/jetified-accompanist-drawablepainter-0.23.1-runtime.jar because:
  Build cache is disabled
Transforming fragment-1.3.6.aar (androidx.fragment:fragment:1.3.6) with JetifyTransform
Transforming fragment-1.3.6.aar (androidx.fragment:fragment:1.3.6) with AarToClassTransform
Skipping EnumerateClassesTransform: ~/.gradle/caches/transforms-3/56482dd2f1f4a122f21bc7e7edff8ad4/transformed/jetified-accompanist-drawablepainter-0.23.1-runtime.jar as it is up-to-date.
Caching disabled for AarToClassTransform: ~/.gradle/caches/transforms-3/c3ec7e99300d58ebc3879c06855204e5/transformed/jetified-play-services-tasks-18.0.1.aar because:
  Build cache is disabled
Skipping AarToClassTransform: ~/.gradle/caches/transforms-3/c3ec7e99300d58ebc3879c06855204e5/transformed/jetified-play-services-tasks-18.0.1.aar as it is up-to-date.
Transforming fragment-1.3.6.aar (androidx.fragment:fragment:1.3.6) with JetifyTransform
Transforming fragment-1.3.6.aar (androidx.fragment:fragment:1.3.6) with AarToClassTransform
Transforming fragment-1.3.6.aar (androidx.fragment:fragment:1.3.6) with JetifyTransform
Transforming fragment-1.3.6.aar (androidx.fragment:fragment:1.3.6) with AarToClassTransform
Transforming browser-1.0.0.aar (androidx.browser:browser:1.0.0) with JetifyTransform
Transforming browser-1.0.0.aar (androidx.browser:browser:1.0.0) with AarToClassTransform
Transforming legacy-support-core-ui-1.0.0.aar (androidx.legacy:legacy-support-core-ui:1.0.0) with JetifyTransform
Transforming legacy-support-core-ui-1.0.0.aar (androidx.legacy:legacy-support-core-ui:1.0.0) with AarToClassTransform
Transforming legacy-support-core-utils-1.0.0.aar (androidx.legacy:legacy-support-core-utils:1.0.0) with JetifyTransform
Transforming legacy-support-core-utils-1.0.0.aar (androidx.legacy:legacy-support-core-utils:1.0.0) with AarToClassTransform
Transforming loader-1.0.0.aar (androidx.loader:loader:1.0.0) with JetifyTransform
Transforming play-services-tasks-18.0.1.aar (com.google.android.gms:play-services-tasks:18.0.1) with EnumerateClassesTransform
Transforming loader-1.0.0.aar (androidx.loader:loader:1.0.0) with AarToClassTransform
Transforming loader-1.0.0.aar (androidx.loader:loader:1.0.0) with JetifyTransform
Transforming loader-1.0.0.aar (androidx.loader:loader:1.0.0) with AarToClassTransform
Transforming play-services-tasks-18.0.1.aar (com.google.android.gms:play-services-tasks:18.0.1) with EnumerateClassesTransform
Transforming loader-1.0.0.aar (androidx.loader:loader:1.0.0) with JetifyTransform
Transforming loader-1.0.0.aar (androidx.loader:loader:1.0.0) with AarToClassTransform
Transforming material-release.aar (androidx.compose.material:material-android:1.6.1) with JetifyTransform
Transforming material-release.aar (androidx.compose.material:material-android:1.6.1) with AarToClassTransform
Transforming material-icons-core-release.aar (androidx.compose.material:material-icons-core-android:1.6.1) with JetifyTransform
Transforming material-icons-core-release.aar (androidx.compose.material:material-icons-core-android:1.6.1) with AarToClassTransform
Transforming material-ripple-release.aar (androidx.compose.material:material-ripple-android:1.6.1) with JetifyTransform
Transforming material-ripple-release.aar (androidx.compose.material:material-ripple-android:1.6.1) with AarToClassTransform
Transforming foundation-release.aar (androidx.compose.foundation:foundation-android:1.6.1) with JetifyTransform
Transforming foundation-release.aar (androidx.compose.foundation:foundation-android:1.6.1) with AarToClassTransform
Transforming foundation-layout-release.aar (androidx.compose.foundation:foundation-layout-android:1.6.1) with JetifyTransform
Transforming foundation-layout-release.aar (androidx.compose.foundation:foundation-layout-android:1.6.1) with AarToClassTransform
Transforming animation-core-release.aar (androidx.compose.animation:animation-core-android:1.6.1) with JetifyTransform
Caching disabled for EnumerateClassesTransform: ~/.gradle/caches/transforms-3/d042781fd6abff671e72dc20662a6799/transformed/jetified-play-services-tasks-18.0.1-runtime.jar because:
  Build cache is disabled
Transforming animation-core-release.aar (androidx.compose.animation:animation-core-android:1.6.1) with AarToClassTransform
Transforming animation-release.aar (androidx.compose.animation:animation-android:1.6.1) with JetifyTransform
Skipping EnumerateClassesTransform: ~/.gradle/caches/transforms-3/d042781fd6abff671e72dc20662a6799/transformed/jetified-play-services-tasks-18.0.1-runtime.jar as it is up-to-date.
Transforming animation-release.aar (androidx.compose.animation:animation-android:1.6.1) with AarToClassTransform
Transforming ui-tooling-data-release.aar (androidx.compose.ui:ui-tooling-data-android:1.6.1) with JetifyTransform
Transforming ui-tooling-data-release.aar (androidx.compose.ui:ui-tooling-data-android:1.6.1) with AarToClassTransform
Transforming ui-geometry-release.aar (androidx.compose.ui:ui-geometry-android:1.6.1) with JetifyTransform
Transforming ui-geometry-release.aar (androidx.compose.ui:ui-geometry-android:1.6.1) with AarToClassTransform
Transforming ui-unit-release.aar (androidx.compose.ui:ui-unit-android:1.6.1) with JetifyTransform
Transforming ui-unit-release.aar (androidx.compose.ui:ui-unit-android:1.6.1) with AarToClassTransform
Transforming ui-util-release.aar (androidx.compose.ui:ui-util-android:1.6.1) with JetifyTransform
Transforming ui-util-release.aar (androidx.compose.ui:ui-util-android:1.6.1) with AarToClassTransform
Transforming ui-text-release.aar (androidx.compose.ui:ui-text-android:1.6.1) with JetifyTransform
Transforming ui-text-release.aar (androidx.compose.ui:ui-text-android:1.6.1) with AarToClassTransform
Transforming ui-graphics-release.aar (androidx.compose.ui:ui-graphics-android:1.6.1) with JetifyTransform
Transforming ui-graphics-release.aar (androidx.compose.ui:ui-graphics-android:1.6.1) with AarToClassTransform
Transforming ui-tooling-preview-release.aar (androidx.compose.ui:ui-tooling-preview-android:1.6.1) with JetifyTransform
Transforming ui-tooling-preview-release.aar (androidx.compose.ui:ui-tooling-preview-android:1.6.1) with AarToClassTransform
Transforming ui-tooling-release.aar (androidx.compose.ui:ui-tooling-android:1.6.1) with JetifyTransform
Transforming ui-tooling-release.aar (androidx.compose.ui:ui-tooling-android:1.6.1) with AarToClassTransform
Transforming ui-test-manifest-1.6.1.aar (androidx.compose.ui:ui-test-manifest:1.6.1) with JetifyTransform
Transforming ui-test-manifest-1.6.1.aar (androidx.compose.ui:ui-test-manifest:1.6.1) with AarToClassTransform
Transforming activity-1.7.1.aar (androidx.activity:activity:1.7.1) with JetifyTransform
Transforming activity-1.7.1.aar (androidx.activity:activity:1.7.1) with AarToClassTransform
Transforming activity-ktx-1.7.1.aar (androidx.activity:activity-ktx:1.7.1) with JetifyTransform
Transforming activity-ktx-1.7.1.aar (androidx.activity:activity-ktx:1.7.1) with AarToClassTransform
Transforming activity-compose-1.7.1.aar (androidx.activity:activity-compose:1.7.1) with JetifyTransform
Transforming activity-compose-1.7.1.aar (androidx.activity:activity-compose:1.7.1) with AarToClassTransform
Transforming ui-release.aar (androidx.compose.ui:ui-android:1.6.1) with JetifyTransform
Transforming ui-release.aar (androidx.compose.ui:ui-android:1.6.1) with AarToClassTransform
Transforming savedstate-ktx-1.2.1.aar (androidx.savedstate:savedstate-ktx:1.2.1) with JetifyTransform
Transforming savedstate-ktx-1.2.1.aar (androidx.savedstate:savedstate-ktx:1.2.1) with AarToClassTransform
Transforming savedstate-1.2.1.aar (androidx.savedstate:savedstate:1.2.1) with JetifyTransform
Transforming savedstate-1.2.1.aar (androidx.savedstate:savedstate:1.2.1) with AarToClassTransform
Transforming work-runtime-2.8.1.aar (androidx.work:work-runtime:2.8.1) with JetifyTransform
Transforming work-runtime-2.8.1.aar (androidx.work:work-runtime:2.8.1) with AarToClassTransform
Transforming emoji2-views-helper-1.3.0.aar (androidx.emoji2:emoji2-views-helper:1.3.0) with JetifyTransform
Transforming emoji2-views-helper-1.3.0.aar (androidx.emoji2:emoji2-views-helper:1.3.0) with AarToClassTransform
Transforming emoji2-1.3.0.aar (androidx.emoji2:emoji2:1.3.0) with JetifyTransform
Transforming emoji2-1.3.0.aar (androidx.emoji2:emoji2:1.3.0) with AarToClassTransform
Transforming lifecycle-process-2.6.1.aar (androidx.lifecycle:lifecycle-process:2.6.1) with JetifyTransform
Transforming lifecycle-process-2.6.1.aar (androidx.lifecycle:lifecycle-process:2.6.1) with AarToClassTransform
Caching disabled for AarToClassTransform: ~/.gradle/caches/transforms-3/51dbf7227dd0b7c81041028b04d99d78/transformed/jetified-play-services-basement-18.2.0.aar because:
  Build cache is disabled
Transforming lifecycle-service-2.6.1.aar (androidx.lifecycle:lifecycle-service:2.6.1) with JetifyTransform
Transforming lifecycle-service-2.6.1.aar (androidx.lifecycle:lifecycle-service:2.6.1) with AarToClassTransform
Skipping AarToClassTransform: ~/.gradle/caches/transforms-3/51dbf7227dd0b7c81041028b04d99d78/transformed/jetified-play-services-basement-18.2.0.aar as it is up-to-date.
Transforming lifecycle-livedata-2.6.1.aar (androidx.lifecycle:lifecycle-livedata:2.6.1) with JetifyTransform
Transforming lifecycle-livedata-2.6.1.aar (androidx.lifecycle:lifecycle-livedata:2.6.1) with AarToClassTransform
Transforming lifecycle-livedata-2.6.1.aar (androidx.lifecycle:lifecycle-livedata:2.6.1) with JetifyTransform
Transforming lifecycle-livedata-2.6.1.aar (androidx.lifecycle:lifecycle-livedata:2.6.1) with AarToClassTransform
Transforming play-services-basement-18.2.0.aar (com.google.android.gms:play-services-basement:18.2.0) with EnumerateClassesTransform
Transforming lifecycle-livedata-core-2.6.1.aar (androidx.lifecycle:lifecycle-livedata-core:2.6.1) with JetifyTransform
Transforming lifecycle-livedata-core-2.6.1.aar (androidx.lifecycle:lifecycle-livedata-core:2.6.1) with AarToClassTransform
Transforming lifecycle-viewmodel-2.6.1.aar (androidx.lifecycle:lifecycle-viewmodel:2.6.1) with JetifyTransform
Transforming play-services-basement-18.2.0.aar (com.google.android.gms:play-services-basement:18.2.0) with EnumerateClassesTransform
Transforming lifecycle-viewmodel-2.6.1.aar (androidx.lifecycle:lifecycle-viewmodel:2.6.1) with AarToClassTransform
Transforming lifecycle-viewmodel-2.6.1.aar (androidx.lifecycle:lifecycle-viewmodel:2.6.1) with JetifyTransform
Transforming lifecycle-viewmodel-2.6.1.aar (androidx.lifecycle:lifecycle-viewmodel:2.6.1) with AarToClassTransform
Transforming lifecycle-viewmodel-savedstate-2.6.1.aar (androidx.lifecycle:lifecycle-viewmodel-savedstate:2.6.1) with JetifyTransform
Transforming lifecycle-viewmodel-savedstate-2.6.1.aar (androidx.lifecycle:lifecycle-viewmodel-savedstate:2.6.1) with AarToClassTransform
Transforming lifecycle-runtime-ktx-2.6.1.aar (androidx.lifecycle:lifecycle-runtime-ktx:2.6.1) with JetifyTransform
Transforming lifecycle-runtime-ktx-2.6.1.aar (androidx.lifecycle:lifecycle-runtime-ktx:2.6.1) with AarToClassTransform
Transforming recyclerview-1.3.0.aar (androidx.recyclerview:recyclerview:1.3.0) with JetifyTransform
Transforming recyclerview-1.3.0.aar (androidx.recyclerview:recyclerview:1.3.0) with AarToClassTransform
Transforming recyclerview-1.3.0.aar (androidx.recyclerview:recyclerview:1.3.0) with JetifyTransform
Transforming recyclerview-1.3.0.aar (androidx.recyclerview:recyclerview:1.3.0) with AarToClassTransform
Transforming drawerlayout-1.0.0.aar (androidx.drawerlayout:drawerlayout:1.0.0) with JetifyTransform
Caching disabled for EnumerateClassesTransform: ~/.gradle/caches/transforms-3/336dee3286310ccc4913ced4ee198e5a/transformed/jetified-play-services-basement-18.2.0-runtime.jar because:
  Build cache is disabled
Skipping EnumerateClassesTransform: ~/.gradle/caches/transforms-3/336dee3286310ccc4913ced4ee198e5a/transformed/jetified-play-services-basement-18.2.0-runtime.jar as it is up-to-date.
Transforming drawerlayout-1.0.0.aar (androidx.drawerlayout:drawerlayout:1.0.0) with AarToClassTransform
Transforming drawerlayout-1.0.0.aar (androidx.drawerlayout:drawerlayout:1.0.0) with JetifyTransform
Transforming drawerlayout-1.0.0.aar (androidx.drawerlayout:drawerlayout:1.0.0) with AarToClassTransform
Transforming coordinatorlayout-1.1.0.aar (androidx.coordinatorlayout:coordinatorlayout:1.1.0) with JetifyTransform
Transforming coordinatorlayout-1.1.0.aar (androidx.coordinatorlayout:coordinatorlayout:1.1.0) with AarToClassTransform
Transforming coordinatorlayout-1.1.0.aar (androidx.coordinatorlayout:coordinatorlayout:1.1.0) with JetifyTransform
Transforming coordinatorlayout-1.1.0.aar (androidx.coordinatorlayout:coordinatorlayout:1.1.0) with AarToClassTransform
Transforming viewpager-1.0.0.aar (androidx.viewpager:viewpager:1.0.0) with JetifyTransform
Transforming viewpager-1.0.0.aar (androidx.viewpager:viewpager:1.0.0) with AarToClassTransform
Transforming viewpager-1.0.0.aar (androidx.viewpager:viewpager:1.0.0) with JetifyTransform
Transforming viewpager-1.0.0.aar (androidx.viewpager:viewpager:1.0.0) with AarToClassTransform
Transforming slidingpanelayout-1.0.0.aar (androidx.slidingpanelayout:slidingpanelayout:1.0.0) with JetifyTransform
Transforming slidingpanelayout-1.0.0.aar (androidx.slidingpanelayout:slidingpanelayout:1.0.0) with AarToClassTransform
Transforming customview-1.0.0.aar (androidx.customview:customview:1.0.0) with JetifyTransform
Transforming customview-1.0.0.aar (androidx.customview:customview:1.0.0) with AarToClassTransform
Transforming customview-1.0.0.aar (androidx.customview:customview:1.0.0) with JetifyTransform
Transforming customview-1.0.0.aar (androidx.customview:customview:1.0.0) with AarToClassTransform
Transforming customview-1.0.0.aar (androidx.customview:customview:1.0.0) with JetifyTransform
Transforming customview-1.0.0.aar (androidx.customview:customview:1.0.0) with AarToClassTransform
Caching disabled for AarToClassTransform: ~/.gradle/caches/modules-2/files-2.1/androidx.fragment/fragment/1.3.6/6391fc504e7c0f24051ac8b9da3f0ba4d1241dff/fragment-1.3.6.aar because:
  Build cache is disabled
Transforming customview-1.0.0.aar (androidx.customview:customview:1.0.0) with JetifyTransform
Skipping AarToClassTransform: ~/.gradle/caches/modules-2/files-2.1/androidx.fragment/fragment/1.3.6/6391fc504e7c0f24051ac8b9da3f0ba4d1241dff/fragment-1.3.6.aar as it is up-to-date.
Transforming fragment-1.3.6.aar (androidx.fragment:fragment:1.3.6) with EnumerateClassesTransform
Transforming customview-1.0.0.aar (androidx.customview:customview:1.0.0) with AarToClassTransform
Transforming customview-1.0.0.aar (androidx.customview:customview:1.0.0) with JetifyTransform
Transforming customview-1.0.0.aar (androidx.customview:customview:1.0.0) with AarToClassTransform
Transforming customview-1.0.0.aar (androidx.customview:customview:1.0.0) with JetifyTransform
Transforming customview-1.0.0.aar (androidx.customview:customview:1.0.0) with AarToClassTransform
Transforming transition-1.2.0.aar (androidx.transition:transition:1.2.0) with JetifyTransform
Transforming transition-1.2.0.aar (androidx.transition:transition:1.2.0) with AarToClassTransform
Transforming vectordrawable-animated-1.1.0.aar (androidx.vectordrawable:vectordrawable-animated:1.1.0) with JetifyTransform
Transforming vectordrawable-animated-1.1.0.aar (androidx.vectordrawable:vectordrawable-animated:1.1.0) with AarToClassTransform
Transforming vectordrawable-1.1.0.aar (androidx.vectordrawable:vectordrawable:1.1.0) with JetifyTransform
Transforming vectordrawable-1.1.0.aar (androidx.vectordrawable:vectordrawable:1.1.0) with AarToClassTransform
Transforming vectordrawable-1.1.0.aar (androidx.vectordrawable:vectordrawable:1.1.0) with JetifyTransform
Transforming vectordrawable-1.1.0.aar (androidx.vectordrawable:vectordrawable:1.1.0) with AarToClassTransform
Transforming window-1.0.0.aar (androidx.window:window:1.0.0) with JetifyTransform
Transforming window-1.0.0.aar (androidx.window:window:1.0.0) with AarToClassTransform
Transforming autofill-1.0.0.aar (androidx.autofill:autofill:1.0.0) with JetifyTransform
Transforming autofill-1.0.0.aar (androidx.autofill:autofill:1.0.0) with AarToClassTransform
Transforming swiperefreshlayout-1.0.0.aar (androidx.swiperefreshlayout:swiperefreshlayout:1.0.0) with JetifyTransform
Transforming swiperefreshlayout-1.0.0.aar (androidx.swiperefreshlayout:swiperefreshlayout:1.0.0) with AarToClassTransform
Transforming asynclayoutinflater-1.0.0.aar (androidx.asynclayoutinflater:asynclayoutinflater:1.0.0) with JetifyTransform
Transforming asynclayoutinflater-1.0.0.aar (androidx.asynclayoutinflater:asynclayoutinflater:1.0.0) with AarToClassTransform
Transforming customview-poolingcontainer-1.0.0.aar (androidx.customview:customview-poolingcontainer:1.0.0) with JetifyTransform
Transforming customview-poolingcontainer-1.0.0.aar (androidx.customview:customview-poolingcontainer:1.0.0) with AarToClassTransform
Transforming core-ktx-1.12.0.aar (androidx.core:core-ktx:1.12.0) with JetifyTransform
Transforming core-ktx-1.12.0.aar (androidx.core:core-ktx:1.12.0) with AarToClassTransform
Transforming core-1.12.0.aar (androidx.core:core:1.12.0) with JetifyTransform
Transforming fragment-1.3.6.aar (androidx.fragment:fragment:1.3.6) with EnumerateClassesTransform
Transforming core-1.12.0.aar (androidx.core:core:1.12.0) with AarToClassTransform
Transforming core-1.12.0.aar (androidx.core:core:1.12.0) with JetifyTransform
Transforming core-1.12.0.aar (androidx.core:core:1.12.0) with AarToClassTransform
Transforming core-1.12.0.aar (androidx.core:core:1.12.0) with JetifyTransform
Transforming core-1.12.0.aar (androidx.core:core:1.12.0) with AarToClassTransform
Transforming core-1.12.0.aar (androidx.core:core:1.12.0) with JetifyTransform
Transforming core-1.12.0.aar (androidx.core:core:1.12.0) with AarToClassTransform
Transforming core-1.12.0.aar (androidx.core:core:1.12.0) with JetifyTransform
Transforming core-1.12.0.aar (androidx.core:core:1.12.0) with AarToClassTransform
Transforming core-1.12.0.aar (androidx.core:core:1.12.0) with JetifyTransform
Transforming core-1.12.0.aar (androidx.core:core:1.12.0) with AarToClassTransform
Transforming core-1.12.0.aar (androidx.core:core:1.12.0) with JetifyTransform
Transforming core-1.12.0.aar (androidx.core:core:1.12.0) with AarToClassTransform
Transforming core-1.12.0.aar (androidx.core:core:1.12.0) with JetifyTransform
Transforming core-1.12.0.aar (androidx.core:core:1.12.0) with AarToClassTransform
Transforming core-1.12.0.aar (androidx.core:core:1.12.0) with JetifyTransform
Transforming core-1.12.0.aar (androidx.core:core:1.12.0) with AarToClassTransform
Caching disabled for EnumerateClassesTransform: ~/.gradle/caches/transforms-3/5af0b4142f8e7b01fc135d6589881d7f/transformed/fragment-1.3.6-runtime.jar because:
  Build cache is disabled
Skipping EnumerateClassesTransform: ~/.gradle/caches/transforms-3/5af0b4142f8e7b01fc135d6589881d7f/transformed/fragment-1.3.6-runtime.jar as it is up-to-date.
Transforming core-1.12.0.aar (androidx.core:core:1.12.0) with JetifyTransform
Transforming core-1.12.0.aar (androidx.core:core:1.12.0) with AarToClassTransform
Transforming core-1.12.0.aar (androidx.core:core:1.12.0) with JetifyTransform
Transforming core-1.12.0.aar (androidx.core:core:1.12.0) with AarToClassTransform
Transforming core-1.12.0.aar (androidx.core:core:1.12.0) with JetifyTransform
Transforming core-1.12.0.aar (androidx.core:core:1.12.0) with AarToClassTransform
Transforming core-1.12.0.aar (androidx.core:core:1.12.0) with JetifyTransform
Transforming core-1.12.0.aar (androidx.core:core:1.12.0) with AarToClassTransform
Transforming core-1.12.0.aar (androidx.core:core:1.12.0) with JetifyTransform
Transforming core-1.12.0.aar (androidx.core:core:1.12.0) with AarToClassTransform
Transforming core-1.12.0.aar (androidx.core:core:1.12.0) with JetifyTransform
Transforming core-1.12.0.aar (androidx.core:core:1.12.0) with AarToClassTransform
Transforming core-1.12.0.aar (androidx.core:core:1.12.0) with JetifyTransform
Transforming core-1.12.0.aar (androidx.core:core:1.12.0) with AarToClassTransform
Transforming core-1.12.0.aar (androidx.core:core:1.12.0) with JetifyTransform
Transforming core-1.12.0.aar (androidx.core:core:1.12.0) with AarToClassTransform
Transforming core-1.12.0.aar (androidx.core:core:1.12.0) with JetifyTransform
Transforming core-1.12.0.aar (androidx.core:core:1.12.0) with AarToClassTransform
Transforming lifecycle-runtime-2.6.1.aar (androidx.lifecycle:lifecycle-runtime:2.6.1) with JetifyTransform
Transforming lifecycle-runtime-2.6.1.aar (androidx.lifecycle:lifecycle-runtime:2.6.1) with AarToClassTransform
Transforming lifecycle-viewmodel-compose-2.6.1.aar (androidx.lifecycle:lifecycle-viewmodel-compose:2.6.1) with JetifyTransform
Transforming lifecycle-viewmodel-compose-2.6.1.aar (androidx.lifecycle:lifecycle-viewmodel-compose:2.6.1) with AarToClassTransform
Transforming lifecycle-viewmodel-ktx-2.6.1.aar (androidx.lifecycle:lifecycle-viewmodel-ktx:2.6.1) with JetifyTransform
Caching disabled for AarToClassTransform: ~/.gradle/caches/modules-2/files-2.1/androidx.legacy/legacy-support-core-ui/1.0.0/61a264f996046e059f889914050fae1e75d3b702/legacy-support-core-ui-1.0.0.aar because:
  Build cache is disabled
Transforming lifecycle-viewmodel-ktx-2.6.1.aar (androidx.lifecycle:lifecycle-viewmodel-ktx:2.6.1) with AarToClassTransform
Transforming runtime-saveable-release.aar (androidx.compose.runtime:runtime-saveable-android:1.6.1) with JetifyTransform
Skipping AarToClassTransform: ~/.gradle/caches/modules-2/files-2.1/androidx.legacy/legacy-support-core-ui/1.0.0/61a264f996046e059f889914050fae1e75d3b702/legacy-support-core-ui-1.0.0.aar as it is up-to-date.
Transforming runtime-saveable-release.aar (androidx.compose.runtime:runtime-saveable-android:1.6.1) with AarToClassTransform
Transforming runtime-release.aar (androidx.compose.runtime:runtime-android:1.6.1) with JetifyTransform
Transforming legacy-support-core-ui-1.0.0.aar (androidx.legacy:legacy-support-core-ui:1.0.0) with EnumerateClassesTransform
Transforming runtime-release.aar (androidx.compose.runtime:runtime-android:1.6.1) with AarToClassTransform
Transforming datastore-preferences-1.0.0.aar (androidx.datastore:datastore-preferences:1.0.0) with JetifyTransform
Transforming datastore-preferences-1.0.0.aar (androidx.datastore:datastore-preferences:1.0.0) with AarToClassTransform
Transforming datastore-1.0.0.aar (androidx.datastore:datastore:1.0.0) with JetifyTransform
Transforming datastore-1.0.0.aar (androidx.datastore:datastore:1.0.0) with AarToClassTransform
Transforming room-runtime-2.5.0.aar (androidx.room:room-runtime:2.5.0) with JetifyTransform
Transforming room-runtime-2.5.0.aar (androidx.room:room-runtime:2.5.0) with AarToClassTransform
Transforming documentfile-1.0.1.aar (androidx.documentfile:documentfile:1.0.1) with JetifyTransform
Transforming documentfile-1.0.1.aar (androidx.documentfile:documentfile:1.0.1) with AarToClassTransform
Transforming documentfile-1.0.1.aar (androidx.documentfile:documentfile:1.0.1) with JetifyTransform
Transforming documentfile-1.0.1.aar (androidx.documentfile:documentfile:1.0.1) with AarToClassTransform
Transforming security-crypto-1.1.0-alpha03.aar (androidx.security:security-crypto:1.1.0-alpha03) with JetifyTransform
Transforming security-crypto-1.1.0-alpha03.aar (androidx.security:security-crypto:1.1.0-alpha03) with AarToClassTransform
Transforming cursoradapter-1.0.0.aar (androidx.cursoradapter:cursoradapter:1.0.0) with JetifyTransform
Transforming cursoradapter-1.0.0.aar (androidx.cursoradapter:cursoradapter:1.0.0) with AarToClassTransform
Transforming cursoradapter-1.0.0.aar (androidx.cursoradapter:cursoradapter:1.0.0) with JetifyTransform
Transforming cursoradapter-1.0.0.aar (androidx.cursoradapter:cursoradapter:1.0.0) with AarToClassTransform
Caching disabled for AarToClassTransform: ~/.gradle/caches/modules-2/files-2.1/androidx.browser/browser/1.0.0/c7b63c6b23d0f3080adda99145248901b5921e4f/browser-1.0.0.aar because:
  Build cache is disabled
Skipping AarToClassTransform: ~/.gradle/caches/modules-2/files-2.1/androidx.browser/browser/1.0.0/c7b63c6b23d0f3080adda99145248901b5921e4f/browser-1.0.0.aar as it is up-to-date.
Transforming browser-1.0.0.aar (androidx.browser:browser:1.0.0) with EnumerateClassesTransform
Caching disabled for EnumerateClassesTransform: ~/.gradle/caches/transforms-3/58d93420fc1880ab57ea2a13a12b6a15/transformed/legacy-support-core-ui-1.0.0-runtime.jar because:
  Build cache is disabled
Skipping EnumerateClassesTransform: ~/.gradle/caches/transforms-3/58d93420fc1880ab57ea2a13a12b6a15/transformed/legacy-support-core-ui-1.0.0-runtime.jar as it is up-to-date.
Transforming cardview-1.0.0.aar (androidx.cardview:cardview:1.0.0) with JetifyTransform
Transforming cardview-1.0.0.aar (androidx.cardview:cardview:1.0.0) with AarToClassTransform
Transforming gifdecoder-4.11.0.aar (com.github.bumptech.glide:gifdecoder:4.11.0) with JetifyTransform
Transforming gifdecoder-4.11.0.aar (com.github.bumptech.glide:gifdecoder:4.11.0) with AarToClassTransform
Transforming interpolator-1.0.0.aar (androidx.interpolator:interpolator:1.0.0) with JetifyTransform
Transforming interpolator-1.0.0.aar (androidx.interpolator:interpolator:1.0.0) with AarToClassTransform
Transforming interpolator-1.0.0.aar (androidx.interpolator:interpolator:1.0.0) with JetifyTransform
Transforming interpolator-1.0.0.aar (androidx.interpolator:interpolator:1.0.0) with AarToClassTransform
Transforming interpolator-1.0.0.aar (androidx.interpolator:interpolator:1.0.0) with JetifyTransform
Transforming interpolator-1.0.0.aar (androidx.interpolator:interpolator:1.0.0) with AarToClassTransform
Transforming interpolator-1.0.0.aar (androidx.interpolator:interpolator:1.0.0) with JetifyTransform
Transforming interpolator-1.0.0.aar (androidx.interpolator:interpolator:1.0.0) with AarToClassTransform
Transforming interpolator-1.0.0.aar (androidx.interpolator:interpolator:1.0.0) with JetifyTransform
Caching disabled for EnumerateClassesTransform: ~/.gradle/caches/transforms-3/f97df51678fb140e2f898891a2d7cdbd/transformed/browser-1.0.0-runtime.jar because:
  Build cache is disabled
Skipping EnumerateClassesTransform: ~/.gradle/caches/transforms-3/f97df51678fb140e2f898891a2d7cdbd/transformed/browser-1.0.0-runtime.jar as it is up-to-date.
Transforming interpolator-1.0.0.aar (androidx.interpolator:interpolator:1.0.0) with AarToClassTransform
Caching disabled for AarToClassTransform: ~/.gradle/caches/modules-2/files-2.1/androidx.legacy/legacy-support-core-utils/1.0.0/9b9570042115da8629519090dfeb71df75da59fc/legacy-support-core-utils-1.0.0.aar because:
  Build cache is disabled
Skipping AarToClassTransform: ~/.gradle/caches/modules-2/files-2.1/androidx.legacy/legacy-support-core-utils/1.0.0/9b9570042115da8629519090dfeb71df75da59fc/legacy-support-core-utils-1.0.0.aar as it is up-to-date.
Transforming legacy-support-core-utils-1.0.0.aar (androidx.legacy:legacy-support-core-utils:1.0.0) with EnumerateClassesTransform
Transforming core-runtime-2.2.0.aar (androidx.arch.core:core-runtime:2.2.0) with JetifyTransform
Transforming core-runtime-2.2.0.aar (androidx.arch.core:core-runtime:2.2.0) with AarToClassTransform
Transforming profileinstaller-1.3.0.aar (androidx.profileinstaller:profileinstaller:1.3.0) with JetifyTransform
Transforming profileinstaller-1.3.0.aar (androidx.profileinstaller:profileinstaller:1.3.0) with AarToClassTransform
Transforming sqlite-framework-2.3.0.aar (androidx.sqlite:sqlite-framework:2.3.0) with JetifyTransform
Transforming sqlite-framework-2.3.0.aar (androidx.sqlite:sqlite-framework:2.3.0) with AarToClassTransform
Transforming versionedparcelable-1.1.1.aar (androidx.versionedparcelable:versionedparcelable:1.1.1) with JetifyTransform
Transforming versionedparcelable-1.1.1.aar (androidx.versionedparcelable:versionedparcelable:1.1.1) with AarToClassTransform
Transforming startup-runtime-1.1.1.aar (androidx.startup:startup-runtime:1.1.1) with JetifyTransform
Transforming startup-runtime-1.1.1.aar (androidx.startup:startup-runtime:1.1.1) with AarToClassTransform
Transforming exifinterface-1.3.3.aar (androidx.exifinterface:exifinterface:1.3.3) with JetifyTransform
Transforming exifinterface-1.3.3.aar (androidx.exifinterface:exifinterface:1.3.3) with AarToClassTransform
Transforming sqlite-2.3.0.aar (androidx.sqlite:sqlite:2.3.0) with JetifyTransform
Transforming sqlite-2.3.0.aar (androidx.sqlite:sqlite:2.3.0) with AarToClassTransform
Transforming tracing-1.0.0.aar (androidx.tracing:tracing:1.0.0) with JetifyTransform
Transforming tracing-1.0.0.aar (androidx.tracing:tracing:1.0.0) with AarToClassTransform
Transforming localbroadcastmanager-1.0.0.aar (androidx.localbroadcastmanager:localbroadcastmanager:1.0.0) with JetifyTransform
Transforming localbroadcastmanager-1.0.0.aar (androidx.localbroadcastmanager:localbroadcastmanager:1.0.0) with AarToClassTransform
Transforming print-1.0.0.aar (androidx.print:print:1.0.0) with JetifyTransform
Caching disabled for AarToClassTransform: ~/.gradle/caches/modules-2/files-2.1/androidx.loader/loader/1.0.0/8af8b6cec0da85c207d03e15840e0722cbc71e70/loader-1.0.0.aar because:
  Build cache is disabled
Skipping AarToClassTransform: ~/.gradle/caches/modules-2/files-2.1/androidx.loader/loader/1.0.0/8af8b6cec0da85c207d03e15840e0722cbc71e70/loader-1.0.0.aar as it is up-to-date.
Caching disabled for EnumerateClassesTransform: ~/.gradle/caches/transforms-3/6a9c57864b0cecab066a0134545d551f/transformed/legacy-support-core-utils-1.0.0-runtime.jar because:
  Build cache is disabled
Skipping EnumerateClassesTransform: ~/.gradle/caches/transforms-3/6a9c57864b0cecab066a0134545d551f/transformed/legacy-support-core-utils-1.0.0-runtime.jar as it is up-to-date.
Transforming print-1.0.0.aar (androidx.print:print:1.0.0) with AarToClassTransform
Transforming loader-1.0.0.aar (androidx.loader:loader:1.0.0) with EnumerateClassesTransform
Transforming annotation-experimental-1.4.0.aar (androidx.annotation:annotation-experimental:1.4.0) with JetifyTransform
Transforming annotation-experimental-1.4.0.aar (androidx.annotation:annotation-experimental:1.4.0) with AarToClassTransform
Transforming android-2.5.0.aar (com.yubico.yubikit:android:2.5.0) with JetifyTransform
Transforming android-2.5.0.aar (com.yubico.yubikit:android:2.5.0) with AarToClassTransform
Transforming loader-1.0.0.aar (androidx.loader:loader:1.0.0) with EnumerateClassesTransform
Transforming loader-1.0.0.aar (androidx.loader:loader:1.0.0) with EnumerateClassesTransform
Caching disabled for EnumerateClassesTransform: ~/.gradle/caches/transforms-3/9227ad998b7289e86f2bcfe58c19848a/transformed/loader-1.0.0-runtime.jar because:
  Build cache is disabled
Skipping EnumerateClassesTransform: ~/.gradle/caches/transforms-3/9227ad998b7289e86f2bcfe58c19848a/transformed/loader-1.0.0-runtime.jar as it is up-to-date.
Caching disabled for AarToClassTransform: ~/.gradle/caches/transforms-3/72e3f9363b04b0348e7b24b99f1ba1a8/transformed/jetified-material-release.aar because:
  Build cache is disabled
Caching disabled for AarToClassTransform: ~/.gradle/caches/transforms-3/a0fba9fa0c6e374ed3fc3b80303c2519/transformed/jetified-material-icons-core-release.aar because:
  Build cache is disabled
Skipping AarToClassTransform: ~/.gradle/caches/transforms-3/72e3f9363b04b0348e7b24b99f1ba1a8/transformed/jetified-material-release.aar as it is up-to-date.
Transforming material-release.aar (androidx.compose.material:material-android:1.6.1) with EnumerateClassesTransform
Skipping AarToClassTransform: ~/.gradle/caches/transforms-3/a0fba9fa0c6e374ed3fc3b80303c2519/transformed/jetified-material-icons-core-release.aar as it is up-to-date.
Transforming material-icons-core-release.aar (androidx.compose.material:material-icons-core-android:1.6.1) with EnumerateClassesTransform
Caching disabled for AarToClassTransform: ~/.gradle/caches/transforms-3/c17b5f676de85d4849f82895166a5447/transformed/jetified-material-ripple-release.aar because:
  Build cache is disabled
Caching disabled for EnumerateClassesTransform: ~/.gradle/caches/transforms-3/1a9c72c2d17fb582e66eeab8a3551c7c/transformed/jetified-material-release-runtime.jar because:
  Build cache is disabled
Skipping AarToClassTransform: ~/.gradle/caches/transforms-3/c17b5f676de85d4849f82895166a5447/transformed/jetified-material-ripple-release.aar as it is up-to-date.
Skipping EnumerateClassesTransform: ~/.gradle/caches/transforms-3/1a9c72c2d17fb582e66eeab8a3551c7c/transformed/jetified-material-release-runtime.jar as it is up-to-date.
Transforming material-ripple-release.aar (androidx.compose.material:material-ripple-android:1.6.1) with EnumerateClassesTransform
Caching disabled for EnumerateClassesTransform: ~/.gradle/caches/transforms-3/0c5a21147900451a33964344bb6ac3b2/transformed/jetified-material-icons-core-release-runtime.jar because:
  Build cache is disabled
Skipping EnumerateClassesTransform: ~/.gradle/caches/transforms-3/0c5a21147900451a33964344bb6ac3b2/transformed/jetified-material-icons-core-release-runtime.jar as it is up-to-date.
Caching disabled for AarToClassTransform: ~/.gradle/caches/transforms-3/508b26ff1c6c33e2e204ee9aaea4ecc1/transformed/jetified-foundation-release.aar because:
  Build cache is disabled
Skipping AarToClassTransform: ~/.gradle/caches/transforms-3/508b26ff1c6c33e2e204ee9aaea4ecc1/transformed/jetified-foundation-release.aar as it is up-to-date.
Transforming foundation-release.aar (androidx.compose.foundation:foundation-android:1.6.1) with EnumerateClassesTransform
Caching disabled for AarToClassTransform: ~/.gradle/caches/transforms-3/52b5d64c58b9d777c757ddfa684b9030/transformed/jetified-foundation-layout-release.aar because:
  Build cache is disabled
Skipping AarToClassTransform: ~/.gradle/caches/transforms-3/52b5d64c58b9d777c757ddfa684b9030/transformed/jetified-foundation-layout-release.aar as it is up-to-date.
Transforming foundation-layout-release.aar (androidx.compose.foundation:foundation-layout-android:1.6.1) with EnumerateClassesTransform
Caching disabled for EnumerateClassesTransform: ~/.gradle/caches/transforms-3/08fef6ad315af2196b44e20666a3656d/transformed/jetified-foundation-release-runtime.jar because:
  Build cache is disabled
Skipping EnumerateClassesTransform: ~/.gradle/caches/transforms-3/08fef6ad315af2196b44e20666a3656d/transformed/jetified-foundation-release-runtime.jar as it is up-to-date.
Caching disabled for EnumerateClassesTransform: ~/.gradle/caches/transforms-3/cbfeb7f0facf0863170753a727108131/transformed/jetified-material-ripple-release-runtime.jar because:
  Build cache is disabled
Skipping EnumerateClassesTransform: ~/.gradle/caches/transforms-3/cbfeb7f0facf0863170753a727108131/transformed/jetified-material-ripple-release-runtime.jar as it is up-to-date.
Caching disabled for AarToClassTransform: ~/.gradle/caches/transforms-3/488f16fe966e0faa12a34d13ba0906d1/transformed/jetified-animation-release.aar because:
  Build cache is disabled
Skipping AarToClassTransform: ~/.gradle/caches/transforms-3/488f16fe966e0faa12a34d13ba0906d1/transformed/jetified-animation-release.aar as it is up-to-date.
Transforming animation-release.aar (androidx.compose.animation:animation-android:1.6.1) with EnumerateClassesTransform
Caching disabled for EnumerateClassesTransform: ~/.gradle/caches/transforms-3/cde6a2e7b161d67963bd0aa058800109/transformed/jetified-foundation-layout-release-runtime.jar because:
  Build cache is disabled
Skipping EnumerateClassesTransform: ~/.gradle/caches/transforms-3/cde6a2e7b161d67963bd0aa058800109/transformed/jetified-foundation-layout-release-runtime.jar as it is up-to-date.
Caching disabled for AarToClassTransform: ~/.gradle/caches/transforms-3/5d19fa23ae03d36a1469afadb947cddf/transformed/jetified-animation-core-release.aar because:
  Build cache is disabled
Skipping AarToClassTransform: ~/.gradle/caches/transforms-3/5d19fa23ae03d36a1469afadb947cddf/transformed/jetified-animation-core-release.aar as it is up-to-date.
Transforming animation-core-release.aar (androidx.compose.animation:animation-core-android:1.6.1) with EnumerateClassesTransform
Caching disabled for AarToClassTransform: ~/.gradle/caches/transforms-3/ad79c276e4750205ee9d9633ebb9b61d/transformed/jetified-ui-tooling-data-release.aar because:
  Build cache is disabled
Skipping AarToClassTransform: ~/.gradle/caches/transforms-3/ad79c276e4750205ee9d9633ebb9b61d/transformed/jetified-ui-tooling-data-release.aar as it is up-to-date.
Transforming ui-tooling-data-release.aar (androidx.compose.ui:ui-tooling-data-android:1.6.1) with EnumerateClassesTransform
Caching disabled for EnumerateClassesTransform: ~/.gradle/caches/transforms-3/43dcf4df915df04345616e61c3a7ba6f/transformed/jetified-animation-release-runtime.jar because:
  Build cache is disabled
Skipping EnumerateClassesTransform: ~/.gradle/caches/transforms-3/43dcf4df915df04345616e61c3a7ba6f/transformed/jetified-animation-release-runtime.jar as it is up-to-date.
Caching disabled for EnumerateClassesTransform: ~/.gradle/caches/transforms-3/8ad36adfe79788aa7c6c415a495881e3/transformed/jetified-animation-core-release-runtime.jar because:
  Build cache is disabled
Skipping EnumerateClassesTransform: ~/.gradle/caches/transforms-3/8ad36adfe79788aa7c6c415a495881e3/transformed/jetified-animation-core-release-runtime.jar as it is up-to-date.
Caching disabled for EnumerateClassesTransform: ~/.gradle/caches/transforms-3/862d78ce703d0b3c3a46a23af1db99a9/transformed/jetified-ui-tooling-data-release-runtime.jar because:
  Build cache is disabled
Skipping EnumerateClassesTransform: ~/.gradle/caches/transforms-3/862d78ce703d0b3c3a46a23af1db99a9/transformed/jetified-ui-tooling-data-release-runtime.jar as it is up-to-date.
Caching disabled for AarToClassTransform: ~/.gradle/caches/transforms-3/c2755b6aef22617892067aca0f32e3af/transformed/jetified-ui-geometry-release.aar because:
  Build cache is disabled
Skipping AarToClassTransform: ~/.gradle/caches/transforms-3/c2755b6aef22617892067aca0f32e3af/transformed/jetified-ui-geometry-release.aar as it is up-to-date.
Transforming ui-geometry-release.aar (androidx.compose.ui:ui-geometry-android:1.6.1) with EnumerateClassesTransform
Caching disabled for AarToClassTransform: ~/.gradle/caches/transforms-3/dabed43554e64dc5aa957cb9d84b8991/transformed/jetified-ui-unit-release.aar because:
  Build cache is disabled
Skipping AarToClassTransform: ~/.gradle/caches/transforms-3/dabed43554e64dc5aa957cb9d84b8991/transformed/jetified-ui-unit-release.aar as it is up-to-date.
Caching disabled for AarToClassTransform: ~/.gradle/caches/transforms-3/88bbaabf0fad315f9744efbe30234d67/transformed/jetified-ui-util-release.aar because:
  Build cache is disabled
Skipping AarToClassTransform: ~/.gradle/caches/transforms-3/88bbaabf0fad315f9744efbe30234d67/transformed/jetified-ui-util-release.aar as it is up-to-date.
Transforming ui-util-release.aar (androidx.compose.ui:ui-util-android:1.6.1) with EnumerateClassesTransform
Transforming ui-unit-release.aar (androidx.compose.ui:ui-unit-android:1.6.1) with EnumerateClassesTransform
Caching disabled for EnumerateClassesTransform: ~/.gradle/caches/transforms-3/978dd01f4a90163874ec61acad2022e2/transformed/jetified-ui-unit-release-runtime.jar because:
  Build cache is disabled
Skipping EnumerateClassesTransform: ~/.gradle/caches/transforms-3/978dd01f4a90163874ec61acad2022e2/transformed/jetified-ui-unit-release-runtime.jar as it is up-to-date.
Caching disabled for EnumerateClassesTransform: ~/.gradle/caches/transforms-3/debc314cec7bc9aaeec1a85e8bb992c8/transformed/jetified-ui-geometry-release-runtime.jar because:
  Build cache is disabled
Skipping EnumerateClassesTransform: ~/.gradle/caches/transforms-3/debc314cec7bc9aaeec1a85e8bb992c8/transformed/jetified-ui-geometry-release-runtime.jar as it is up-to-date.
Caching disabled for EnumerateClassesTransform: ~/.gradle/caches/transforms-3/c57df2df6e8c86771e594dcfa4a2f7c9/transformed/jetified-ui-util-release-runtime.jar because:
  Build cache is disabled
Skipping EnumerateClassesTransform: ~/.gradle/caches/transforms-3/c57df2df6e8c86771e594dcfa4a2f7c9/transformed/jetified-ui-util-release-runtime.jar as it is up-to-date.
Caching disabled for AarToClassTransform: ~/.gradle/caches/transforms-3/f5ff0f58a90787a5a393f0916bb05b44/transformed/jetified-ui-tooling-preview-release.aar because:
  Build cache is disabled
Skipping AarToClassTransform: ~/.gradle/caches/transforms-3/f5ff0f58a90787a5a393f0916bb05b44/transformed/jetified-ui-tooling-preview-release.aar as it is up-to-date.
Transforming ui-tooling-preview-release.aar (androidx.compose.ui:ui-tooling-preview-android:1.6.1) with EnumerateClassesTransform
Caching disabled for AarToClassTransform: ~/.gradle/caches/transforms-3/2981522107752e903907fc274a7beab4/transformed/jetified-ui-text-release.aar because:
  Build cache is disabled
Skipping AarToClassTransform: ~/.gradle/caches/transforms-3/2981522107752e903907fc274a7beab4/transformed/jetified-ui-text-release.aar as it is up-to-date.
Transforming ui-text-release.aar (androidx.compose.ui:ui-text-android:1.6.1) with EnumerateClassesTransform
Caching disabled for AarToClassTransform: ~/.gradle/caches/transforms-3/f475bb5870a42dc3217a3ef257a81932/transformed/jetified-ui-graphics-release.aar because:
  Build cache is disabled
Skipping AarToClassTransform: ~/.gradle/caches/transforms-3/f475bb5870a42dc3217a3ef257a81932/transformed/jetified-ui-graphics-release.aar as it is up-to-date.
Transforming ui-graphics-release.aar (androidx.compose.ui:ui-graphics-android:1.6.1) with EnumerateClassesTransform
Caching disabled for EnumerateClassesTransform: ~/.gradle/caches/transforms-3/82576cabf8b6a43e158502f08c115218/transformed/jetified-ui-graphics-release-runtime.jar because:
  Build cache is disabled
Skipping EnumerateClassesTransform: ~/.gradle/caches/transforms-3/82576cabf8b6a43e158502f08c115218/transformed/jetified-ui-graphics-release-runtime.jar as it is up-to-date.
Caching disabled for EnumerateClassesTransform: ~/.gradle/caches/transforms-3/59b5b01cc5e0e0ea224173bc9dd64fa9/transformed/jetified-ui-tooling-preview-release-runtime.jar because:
  Build cache is disabled
Skipping EnumerateClassesTransform: ~/.gradle/caches/transforms-3/59b5b01cc5e0e0ea224173bc9dd64fa9/transformed/jetified-ui-tooling-preview-release-runtime.jar as it is up-to-date.
Caching disabled for EnumerateClassesTransform: ~/.gradle/caches/transforms-3/9db0d1c18d44a80edc55d8acb508abf1/transformed/jetified-ui-text-release-runtime.jar because:
  Build cache is disabled
Skipping EnumerateClassesTransform: ~/.gradle/caches/transforms-3/9db0d1c18d44a80edc55d8acb508abf1/transformed/jetified-ui-text-release-runtime.jar as it is up-to-date.
Caching disabled for AarToClassTransform: ~/.gradle/caches/transforms-3/96d0396ab9c67718ced28bada4c8d171/transformed/jetified-ui-test-manifest-1.6.1.aar because:
  Build cache is disabled
Skipping AarToClassTransform: ~/.gradle/caches/transforms-3/96d0396ab9c67718ced28bada4c8d171/transformed/jetified-ui-test-manifest-1.6.1.aar as it is up-to-date.
Transforming ui-test-manifest-1.6.1.aar (androidx.compose.ui:ui-test-manifest:1.6.1) with EnumerateClassesTransform
Caching disabled for AarToClassTransform: ~/.gradle/caches/transforms-3/532e0ffa77c25499978955ad1dbc414e/transformed/jetified-ui-tooling-release.aar because:
  Build cache is disabled
Skipping AarToClassTransform: ~/.gradle/caches/transforms-3/532e0ffa77c25499978955ad1dbc414e/transformed/jetified-ui-tooling-release.aar as it is up-to-date.
Transforming ui-tooling-release.aar (androidx.compose.ui:ui-tooling-android:1.6.1) with EnumerateClassesTransform
Caching disabled for AarToClassTransform: ~/.gradle/caches/transforms-3/0e2b843bb1d4208209df2abd761f3359/transformed/jetified-activity-1.7.1.aar because:
  Build cache is disabled
Skipping AarToClassTransform: ~/.gradle/caches/transforms-3/0e2b843bb1d4208209df2abd761f3359/transformed/jetified-activity-1.7.1.aar as it is up-to-date.
Transforming activity-1.7.1.aar (androidx.activity:activity:1.7.1) with EnumerateClassesTransform
Caching disabled for EnumerateClassesTransform: ~/.gradle/caches/transforms-3/f711ff37c4e67db58e9031b3d202992a/transformed/jetified-ui-tooling-release-runtime.jar because:
  Build cache is disabled
Skipping EnumerateClassesTransform: ~/.gradle/caches/transforms-3/f711ff37c4e67db58e9031b3d202992a/transformed/jetified-ui-tooling-release-runtime.jar as it is up-to-date.
Caching disabled for EnumerateClassesTransform: ~/.gradle/caches/transforms-3/e193ea8e2e2d719a5d47b7ea0cf8a04c/transformed/jetified-ui-test-manifest-1.6.1-runtime.jar because:
  Build cache is disabled
Skipping EnumerateClassesTransform: ~/.gradle/caches/transforms-3/e193ea8e2e2d719a5d47b7ea0cf8a04c/transformed/jetified-ui-test-manifest-1.6.1-runtime.jar as it is up-to-date.
Caching disabled for EnumerateClassesTransform: ~/.gradle/caches/transforms-3/8d9f172d3277f6d548f5d072f6cb2711/transformed/jetified-activity-1.7.1-runtime.jar because:
  Build cache is disabled
Skipping EnumerateClassesTransform: ~/.gradle/caches/transforms-3/8d9f172d3277f6d548f5d072f6cb2711/transformed/jetified-activity-1.7.1-runtime.jar as it is up-to-date.
Caching disabled for AarToClassTransform: ~/.gradle/caches/transforms-3/5e2e8c126ce6c7632b7f4cab90b5ede8/transformed/jetified-activity-ktx-1.7.1.aar because:
  Build cache is disabled
Caching disabled for AarToClassTransform: ~/.gradle/caches/transforms-3/dbfaff4c63679d1a6fc6d053dcf78c9a/transformed/jetified-activity-compose-1.7.1.aar because:
  Build cache is disabled
Skipping AarToClassTransform: ~/.gradle/caches/transforms-3/dbfaff4c63679d1a6fc6d053dcf78c9a/transformed/jetified-activity-compose-1.7.1.aar as it is up-to-date.
Transforming activity-compose-1.7.1.aar (androidx.activity:activity-compose:1.7.1) with EnumerateClassesTransform
Caching disabled for AarToClassTransform: ~/.gradle/caches/transforms-3/58dbaffb5f9e8876b06bae316edcc9ba/transformed/jetified-ui-release.aar because:
  Build cache is disabled
Skipping AarToClassTransform: ~/.gradle/caches/transforms-3/58dbaffb5f9e8876b06bae316edcc9ba/transformed/jetified-ui-release.aar as it is up-to-date.
Transforming ui-release.aar (androidx.compose.ui:ui-android:1.6.1) with EnumerateClassesTransform
Skipping AarToClassTransform: ~/.gradle/caches/transforms-3/5e2e8c126ce6c7632b7f4cab90b5ede8/transformed/jetified-activity-ktx-1.7.1.aar as it is up-to-date.
Transforming activity-ktx-1.7.1.aar (androidx.activity:activity-ktx:1.7.1) with EnumerateClassesTransform
Caching disabled for EnumerateClassesTransform: ~/.gradle/caches/transforms-3/0b28032c6d28341d9bee73ba63ea130f/transformed/jetified-activity-compose-1.7.1-runtime.jar because:
  Build cache is disabled
Skipping EnumerateClassesTransform: ~/.gradle/caches/transforms-3/0b28032c6d28341d9bee73ba63ea130f/transformed/jetified-activity-compose-1.7.1-runtime.jar as it is up-to-date.
Caching disabled for EnumerateClassesTransform: ~/.gradle/caches/transforms-3/8c71a4b2a7b3f307b699e8d7678dbcb9/transformed/jetified-activity-ktx-1.7.1-runtime.jar because:
  Build cache is disabled
Skipping EnumerateClassesTransform: ~/.gradle/caches/transforms-3/8c71a4b2a7b3f307b699e8d7678dbcb9/transformed/jetified-activity-ktx-1.7.1-runtime.jar as it is up-to-date.
Caching disabled for EnumerateClassesTransform: ~/.gradle/caches/transforms-3/b672221bea55d1229c718b5d82066b97/transformed/jetified-ui-release-runtime.jar because:
  Build cache is disabled
Skipping EnumerateClassesTransform: ~/.gradle/caches/transforms-3/b672221bea55d1229c718b5d82066b97/transformed/jetified-ui-release-runtime.jar as it is up-to-date.
Caching disabled for AarToClassTransform: ~/.gradle/caches/transforms-3/0b4d191d83df3c81090f0eb78ff1aa84/transformed/jetified-savedstate-ktx-1.2.1.aar because:
  Build cache is disabled
Skipping AarToClassTransform: ~/.gradle/caches/transforms-3/0b4d191d83df3c81090f0eb78ff1aa84/transformed/jetified-savedstate-ktx-1.2.1.aar as it is up-to-date.
Transforming savedstate-ktx-1.2.1.aar (androidx.savedstate:savedstate-ktx:1.2.1) with EnumerateClassesTransform
Caching disabled for AarToClassTransform: ~/.gradle/caches/transforms-3/fbd58cf003ab4d340d705029671688ae/transformed/jetified-savedstate-1.2.1.aar because:
  Build cache is disabled
Skipping AarToClassTransform: ~/.gradle/caches/transforms-3/fbd58cf003ab4d340d705029671688ae/transformed/jetified-savedstate-1.2.1.aar as it is up-to-date.
Transforming savedstate-1.2.1.aar (androidx.savedstate:savedstate:1.2.1) with EnumerateClassesTransform
Caching disabled for AarToClassTransform: ~/.gradle/caches/modules-2/files-2.1/androidx.work/work-runtime/2.8.1/93cf8448789a8a2abf56c11a71e8cfda9f6647e4/work-runtime-2.8.1.aar because:
  Build cache is disabled
Skipping AarToClassTransform: ~/.gradle/caches/modules-2/files-2.1/androidx.work/work-runtime/2.8.1/93cf8448789a8a2abf56c11a71e8cfda9f6647e4/work-runtime-2.8.1.aar as it is up-to-date.
Transforming work-runtime-2.8.1.aar (androidx.work:work-runtime:2.8.1) with EnumerateClassesTransform
Caching disabled for EnumerateClassesTransform: ~/.gradle/caches/transforms-3/5e7ae0ad2e40b762ff9fce7578b59470/transformed/jetified-savedstate-ktx-1.2.1-runtime.jar because:
  Build cache is disabled
Skipping EnumerateClassesTransform: ~/.gradle/caches/transforms-3/5e7ae0ad2e40b762ff9fce7578b59470/transformed/jetified-savedstate-ktx-1.2.1-runtime.jar as it is up-to-date.
Caching disabled for EnumerateClassesTransform: ~/.gradle/caches/transforms-3/cda660765993fff64b517132c05f238c/transformed/jetified-savedstate-1.2.1-runtime.jar because:
  Build cache is disabled
Skipping EnumerateClassesTransform: ~/.gradle/caches/transforms-3/cda660765993fff64b517132c05f238c/transformed/jetified-savedstate-1.2.1-runtime.jar as it is up-to-date.
Caching disabled for EnumerateClassesTransform: ~/.gradle/caches/transforms-3/4fa9cf0b97226f95e919a6a8b50755bb/transformed/work-runtime-2.8.1-runtime.jar because:
  Build cache is disabled
Skipping EnumerateClassesTransform: ~/.gradle/caches/transforms-3/4fa9cf0b97226f95e919a6a8b50755bb/transformed/work-runtime-2.8.1-runtime.jar as it is up-to-date.
Caching disabled for AarToClassTransform: ~/.gradle/caches/transforms-3/a75b42b4aac847e994c1dbf4ba557b17/transformed/jetified-emoji2-views-helper-1.3.0.aar because:
  Build cache is disabled
Skipping AarToClassTransform: ~/.gradle/caches/transforms-3/a75b42b4aac847e994c1dbf4ba557b17/transformed/jetified-emoji2-views-helper-1.3.0.aar as it is up-to-date.
Transforming emoji2-views-helper-1.3.0.aar (androidx.emoji2:emoji2-views-helper:1.3.0) with EnumerateClassesTransform
Caching disabled for AarToClassTransform: ~/.gradle/caches/transforms-3/03b0a9e791fb07e433302d369caa568c/transformed/jetified-emoji2-1.3.0.aar because:
  Build cache is disabled
Skipping AarToClassTransform: ~/.gradle/caches/transforms-3/03b0a9e791fb07e433302d369caa568c/transformed/jetified-emoji2-1.3.0.aar as it is up-to-date.
Transforming emoji2-1.3.0.aar (androidx.emoji2:emoji2:1.3.0) with EnumerateClassesTransform
Caching disabled for AarToClassTransform: ~/.gradle/caches/transforms-3/70e9d77b2c45cf6ca28fcbf443dadb3b/transformed/jetified-lifecycle-process-2.6.1.aar because:
  Build cache is disabled
Skipping AarToClassTransform: ~/.gradle/caches/transforms-3/70e9d77b2c45cf6ca28fcbf443dadb3b/transformed/jetified-lifecycle-process-2.6.1.aar as it is up-to-date.
Transforming lifecycle-process-2.6.1.aar (androidx.lifecycle:lifecycle-process:2.6.1) with EnumerateClassesTransform
Caching disabled for EnumerateClassesTransform: ~/.gradle/caches/transforms-3/f40600d43b21f6c73ef184d701306f5f/transformed/jetified-emoji2-views-helper-1.3.0-runtime.jar because:
  Build cache is disabled
Skipping EnumerateClassesTransform: ~/.gradle/caches/transforms-3/f40600d43b21f6c73ef184d701306f5f/transformed/jetified-emoji2-views-helper-1.3.0-runtime.jar as it is up-to-date.
Caching disabled for EnumerateClassesTransform: ~/.gradle/caches/transforms-3/73fbe8b61a65ff31351df5f0a3c92fc4/transformed/jetified-emoji2-1.3.0-runtime.jar because:
  Build cache is disabled
Skipping EnumerateClassesTransform: ~/.gradle/caches/transforms-3/73fbe8b61a65ff31351df5f0a3c92fc4/transformed/jetified-emoji2-1.3.0-runtime.jar as it is up-to-date.
Caching disabled for EnumerateClassesTransform: ~/.gradle/caches/transforms-3/4ccc9870b2002a3649485af3f55a2cfe/transformed/jetified-lifecycle-process-2.6.1-runtime.jar because:
  Build cache is disabled
Skipping EnumerateClassesTransform: ~/.gradle/caches/transforms-3/4ccc9870b2002a3649485af3f55a2cfe/transformed/jetified-lifecycle-process-2.6.1-runtime.jar as it is up-to-date.
Caching disabled for AarToClassTransform: ~/.gradle/caches/modules-2/files-2.1/androidx.lifecycle/lifecycle-livedata/2.6.1/e7f6d9e232bf035af69c030917c1ccda8e840b57/lifecycle-livedata-2.6.1.aar because:
  Build cache is disabled
Skipping AarToClassTransform: ~/.gradle/caches/modules-2/files-2.1/androidx.lifecycle/lifecycle-livedata/2.6.1/e7f6d9e232bf035af69c030917c1ccda8e840b57/lifecycle-livedata-2.6.1.aar as it is up-to-date.
Transforming lifecycle-livedata-2.6.1.aar (androidx.lifecycle:lifecycle-livedata:2.6.1) with EnumerateClassesTransform
Transforming lifecycle-livedata-2.6.1.aar (androidx.lifecycle:lifecycle-livedata:2.6.1) with EnumerateClassesTransform
Caching disabled for AarToClassTransform: ~/.gradle/caches/transforms-3/02e1827d0a78655e539bbc19685e8077/transformed/jetified-lifecycle-service-2.6.1.aar because:
  Build cache is disabled
Skipping AarToClassTransform: ~/.gradle/caches/transforms-3/02e1827d0a78655e539bbc19685e8077/transformed/jetified-lifecycle-service-2.6.1.aar as it is up-to-date.
Transforming lifecycle-service-2.6.1.aar (androidx.lifecycle:lifecycle-service:2.6.1) with EnumerateClassesTransform
Caching disabled for EnumerateClassesTransform: ~/.gradle/caches/transforms-3/21ce0f0efcf3c169174eb17c34e854eb/transformed/lifecycle-livedata-2.6.1-runtime.jar because:
  Build cache is disabled
Skipping EnumerateClassesTransform: ~/.gradle/caches/transforms-3/21ce0f0efcf3c169174eb17c34e854eb/transformed/lifecycle-livedata-2.6.1-runtime.jar as it is up-to-date.
Caching disabled for EnumerateClassesTransform: ~/.gradle/caches/transforms-3/b98fd4d1b06bcd40e97aed9556edf8ba/transformed/jetified-lifecycle-service-2.6.1-runtime.jar because:
  Build cache is disabled
Skipping EnumerateClassesTransform: ~/.gradle/caches/transforms-3/b98fd4d1b06bcd40e97aed9556edf8ba/transformed/jetified-lifecycle-service-2.6.1-runtime.jar as it is up-to-date.
Transforming lifecycle-common-2.6.1.jar (androidx.lifecycle:lifecycle-common:2.6.1) with JetifyTransform
Caching disabled for AarToClassTransform: ~/.gradle/caches/modules-2/files-2.1/androidx.lifecycle/lifecycle-livedata-core/2.6.1/23f66885a260f0a2cd6540927ea8795484afd2da/lifecycle-livedata-core-2.6.1.aar because:
  Build cache is disabled
Skipping AarToClassTransform: ~/.gradle/caches/modules-2/files-2.1/androidx.lifecycle/lifecycle-livedata-core/2.6.1/23f66885a260f0a2cd6540927ea8795484afd2da/lifecycle-livedata-core-2.6.1.aar as it is up-to-date.
Transforming lifecycle-livedata-core-2.6.1.aar (androidx.lifecycle:lifecycle-livedata-core:2.6.1) with EnumerateClassesTransform
Caching disabled for JetifyTransform: ~/.gradle/caches/modules-2/files-2.1/androidx.lifecycle/lifecycle-common/2.6.1/10f354fdb64868baecd67128560c5a0d6312c495/lifecycle-common-2.6.1.jar because:
  Build cache is disabled
Skipping JetifyTransform: ~/.gradle/caches/modules-2/files-2.1/androidx.lifecycle/lifecycle-common/2.6.1/10f354fdb64868baecd67128560c5a0d6312c495/lifecycle-common-2.6.1.jar as it is up-to-date.
Transforming lifecycle-common-2.6.1.jar (androidx.lifecycle:lifecycle-common:2.6.1) with IdentityTransform
Caching disabled for EnumerateClassesTransform: ~/.gradle/caches/transforms-3/8b2b52ab28cab1e1cc5ef3d208bb6ba8/transformed/lifecycle-livedata-core-2.6.1-runtime.jar because:
  Build cache is disabled
Skipping EnumerateClassesTransform: ~/.gradle/caches/transforms-3/8b2b52ab28cab1e1cc5ef3d208bb6ba8/transformed/lifecycle-livedata-core-2.6.1-runtime.jar as it is up-to-date.
Caching disabled for AarToClassTransform: ~/.gradle/caches/modules-2/files-2.1/androidx.lifecycle/lifecycle-viewmodel/2.6.1/fa35bfdbbe0e7df1573e377cbdd15de35176141d/lifecycle-viewmodel-2.6.1.aar because:
  Build cache is disabled
Skipping AarToClassTransform: ~/.gradle/caches/modules-2/files-2.1/androidx.lifecycle/lifecycle-viewmodel/2.6.1/fa35bfdbbe0e7df1573e377cbdd15de35176141d/lifecycle-viewmodel-2.6.1.aar as it is up-to-date.
Transforming lifecycle-viewmodel-2.6.1.aar (androidx.lifecycle:lifecycle-viewmodel:2.6.1) with EnumerateClassesTransform
Caching disabled for IdentityTransform: ~/.gradle/caches/modules-2/files-2.1/androidx.lifecycle/lifecycle-common/2.6.1/10f354fdb64868baecd67128560c5a0d6312c495/lifecycle-common-2.6.1.jar because:
  Build cache is disabled
Skipping IdentityTransform: ~/.gradle/caches/modules-2/files-2.1/androidx.lifecycle/lifecycle-common/2.6.1/10f354fdb64868baecd67128560c5a0d6312c495/lifecycle-common-2.6.1.jar as it is up-to-date.
Transforming lifecycle-common-2.6.1.jar (androidx.lifecycle:lifecycle-common:2.6.1) with EnumerateClassesTransform
Transforming lifecycle-viewmodel-2.6.1.aar (androidx.lifecycle:lifecycle-viewmodel:2.6.1) with EnumerateClassesTransform
Caching disabled for EnumerateClassesTransform: ~/.gradle/caches/transforms-3/157c145a1f7d42cac3223653575e2319/transformed/lifecycle-viewmodel-2.6.1-runtime.jar because:
  Build cache is disabled
Skipping EnumerateClassesTransform: ~/.gradle/caches/transforms-3/157c145a1f7d42cac3223653575e2319/transformed/lifecycle-viewmodel-2.6.1-runtime.jar as it is up-to-date.
Transforming lifecycle-common-java8-2.6.1.jar (androidx.lifecycle:lifecycle-common-java8:2.6.1) with JetifyTransform
Caching disabled for EnumerateClassesTransform: ~/.gradle/caches/modules-2/files-2.1/androidx.lifecycle/lifecycle-common/2.6.1/10f354fdb64868baecd67128560c5a0d6312c495/lifecycle-common-2.6.1.jar because:
  Build cache is disabled
Skipping EnumerateClassesTransform: ~/.gradle/caches/modules-2/files-2.1/androidx.lifecycle/lifecycle-common/2.6.1/10f354fdb64868baecd67128560c5a0d6312c495/lifecycle-common-2.6.1.jar as it is up-to-date.
Caching disabled for AarToClassTransform: ~/.gradle/caches/transforms-3/c6cade79a9bc90bfb794cdaa3bff3b86/transformed/jetified-lifecycle-viewmodel-savedstate-2.6.1.aar because:
  Build cache is disabled
Skipping AarToClassTransform: ~/.gradle/caches/transforms-3/c6cade79a9bc90bfb794cdaa3bff3b86/transformed/jetified-lifecycle-viewmodel-savedstate-2.6.1.aar as it is up-to-date.
Transforming lifecycle-viewmodel-savedstate-2.6.1.aar (androidx.lifecycle:lifecycle-viewmodel-savedstate:2.6.1) with EnumerateClassesTransform
Caching disabled for AarToClassTransform: ~/.gradle/caches/transforms-3/7051b2c6d987550ae1e15937acaa4354/transformed/jetified-lifecycle-runtime-ktx-2.6.1.aar because:
  Build cache is disabled
Skipping AarToClassTransform: ~/.gradle/caches/transforms-3/7051b2c6d987550ae1e15937acaa4354/transformed/jetified-lifecycle-runtime-ktx-2.6.1.aar as it is up-to-date.
Transforming lifecycle-runtime-ktx-2.6.1.aar (androidx.lifecycle:lifecycle-runtime-ktx:2.6.1) with EnumerateClassesTransform
Caching disabled for JetifyTransform: ~/.gradle/caches/modules-2/files-2.1/androidx.lifecycle/lifecycle-common-java8/2.6.1/2ad14aed781c4a73ed4dbb421966d408a0a06686/lifecycle-common-java8-2.6.1.jar because:
  Build cache is disabled
Skipping JetifyTransform: ~/.gradle/caches/modules-2/files-2.1/androidx.lifecycle/lifecycle-common-java8/2.6.1/2ad14aed781c4a73ed4dbb421966d408a0a06686/lifecycle-common-java8-2.6.1.jar as it is up-to-date.
Transforming lifecycle-common-java8-2.6.1.jar (androidx.lifecycle:lifecycle-common-java8:2.6.1) with IdentityTransform
Caching disabled for EnumerateClassesTransform: ~/.gradle/caches/transforms-3/cdaa17010d4760b91368173c4d552408/transformed/jetified-lifecycle-viewmodel-savedstate-2.6.1-runtime.jar because:
  Build cache is disabled
Skipping EnumerateClassesTransform: ~/.gradle/caches/transforms-3/cdaa17010d4760b91368173c4d552408/transformed/jetified-lifecycle-viewmodel-savedstate-2.6.1-runtime.jar as it is up-to-date.
Caching disabled for IdentityTransform: ~/.gradle/caches/modules-2/files-2.1/androidx.lifecycle/lifecycle-common-java8/2.6.1/2ad14aed781c4a73ed4dbb421966d408a0a06686/lifecycle-common-java8-2.6.1.jar because:
  Build cache is disabled
Skipping IdentityTransform: ~/.gradle/caches/modules-2/files-2.1/androidx.lifecycle/lifecycle-common-java8/2.6.1/2ad14aed781c4a73ed4dbb421966d408a0a06686/lifecycle-common-java8-2.6.1.jar as it is up-to-date.
Transforming lifecycle-common-java8-2.6.1.jar (androidx.lifecycle:lifecycle-common-java8:2.6.1) with EnumerateClassesTransform
Caching disabled for EnumerateClassesTransform: ~/.gradle/caches/transforms-3/f5c048b3c4515442cb60502b8e1b7d25/transformed/jetified-lifecycle-runtime-ktx-2.6.1-runtime.jar because:
  Build cache is disabled
Skipping EnumerateClassesTransform: ~/.gradle/caches/transforms-3/f5c048b3c4515442cb60502b8e1b7d25/transformed/jetified-lifecycle-runtime-ktx-2.6.1-runtime.jar as it is up-to-date.
Caching disabled for AarToClassTransform: ~/.gradle/caches/modules-2/files-2.1/androidx.recyclerview/recyclerview/1.3.0/57b0dfda0105b96dd2f8a6af4eabaa3daa77ce51/recyclerview-1.3.0.aar because:
  Build cache is disabled
Skipping AarToClassTransform: ~/.gradle/caches/modules-2/files-2.1/androidx.recyclerview/recyclerview/1.3.0/57b0dfda0105b96dd2f8a6af4eabaa3daa77ce51/recyclerview-1.3.0.aar as it is up-to-date.
Transforming recyclerview-1.3.0.aar (androidx.recyclerview:recyclerview:1.3.0) with EnumerateClassesTransform
Transforming recyclerview-1.3.0.aar (androidx.recyclerview:recyclerview:1.3.0) with EnumerateClassesTransform
Caching disabled for EnumerateClassesTransform: ~/.gradle/caches/modules-2/files-2.1/androidx.lifecycle/lifecycle-common-java8/2.6.1/2ad14aed781c4a73ed4dbb421966d408a0a06686/lifecycle-common-java8-2.6.1.jar because:
  Build cache is disabled
Skipping EnumerateClassesTransform: ~/.gradle/caches/modules-2/files-2.1/androidx.lifecycle/lifecycle-common-java8/2.6.1/2ad14aed781c4a73ed4dbb421966d408a0a06686/lifecycle-common-java8-2.6.1.jar as it is up-to-date.
Caching disabled for EnumerateClassesTransform: ~/.gradle/caches/transforms-3/b42a809b4e9a4e4c5dffb1bdfc0549ae/transformed/recyclerview-1.3.0-runtime.jar because:
  Build cache is disabled
Skipping EnumerateClassesTransform: ~/.gradle/caches/transforms-3/b42a809b4e9a4e4c5dffb1bdfc0549ae/transformed/recyclerview-1.3.0-runtime.jar as it is up-to-date.
Caching disabled for AarToClassTransform: ~/.gradle/caches/modules-2/files-2.1/androidx.drawerlayout/drawerlayout/1.0.0/dd02c7e207136e1272b33815cc61e57676ed13a2/drawerlayout-1.0.0.aar because:
  Build cache is disabled
Skipping AarToClassTransform: ~/.gradle/caches/modules-2/files-2.1/androidx.drawerlayout/drawerlayout/1.0.0/dd02c7e207136e1272b33815cc61e57676ed13a2/drawerlayout-1.0.0.aar as it is up-to-date.
Transforming drawerlayout-1.0.0.aar (androidx.drawerlayout:drawerlayout:1.0.0) with EnumerateClassesTransform
Transforming drawerlayout-1.0.0.aar (androidx.drawerlayout:drawerlayout:1.0.0) with EnumerateClassesTransform
Caching disabled for AarToClassTransform: ~/.gradle/caches/modules-2/files-2.1/androidx.coordinatorlayout/coordinatorlayout/1.1.0/8eeb7baf75b9595d017642a460df5af3bb9fa4e1/coordinatorlayout-1.1.0.aar because:
  Build cache is disabled
Skipping AarToClassTransform: ~/.gradle/caches/modules-2/files-2.1/androidx.coordinatorlayout/coordinatorlayout/1.1.0/8eeb7baf75b9595d017642a460df5af3bb9fa4e1/coordinatorlayout-1.1.0.aar as it is up-to-date.
Transforming coordinatorlayout-1.1.0.aar (androidx.coordinatorlayout:coordinatorlayout:1.1.0) with EnumerateClassesTransform
Caching disabled for EnumerateClassesTransform: ~/.gradle/caches/transforms-3/2f6dfb14b1e2dda124e106efd6126e58/transformed/drawerlayout-1.0.0-runtime.jar because:
  Build cache is disabled
Skipping EnumerateClassesTransform: ~/.gradle/caches/transforms-3/2f6dfb14b1e2dda124e106efd6126e58/transformed/drawerlayout-1.0.0-runtime.jar as it is up-to-date.
Transforming coordinatorlayout-1.1.0.aar (androidx.coordinatorlayout:coordinatorlayout:1.1.0) with EnumerateClassesTransform
Caching disabled for EnumerateClassesTransform: ~/.gradle/caches/transforms-3/a239b5bf43d5dbd05947b93a2b114e02/transformed/coordinatorlayout-1.1.0-runtime.jar because:
  Build cache is disabled
Skipping EnumerateClassesTransform: ~/.gradle/caches/transforms-3/a239b5bf43d5dbd05947b93a2b114e02/transformed/coordinatorlayout-1.1.0-runtime.jar as it is up-to-date.
Caching disabled for AarToClassTransform: ~/.gradle/caches/modules-2/files-2.1/androidx.slidingpanelayout/slidingpanelayout/1.0.0/37eba9ccbf09b75cc4aa78a5e182d5b8ba79ad6a/slidingpanelayout-1.0.0.aar because:
  Build cache is disabled
Skipping AarToClassTransform: ~/.gradle/caches/modules-2/files-2.1/androidx.slidingpanelayout/slidingpanelayout/1.0.0/37eba9ccbf09b75cc4aa78a5e182d5b8ba79ad6a/slidingpanelayout-1.0.0.aar as it is up-to-date.
Transforming slidingpanelayout-1.0.0.aar (androidx.slidingpanelayout:slidingpanelayout:1.0.0) with EnumerateClassesTransform
Caching disabled for AarToClassTransform: ~/.gradle/caches/modules-2/files-2.1/androidx.viewpager/viewpager/1.0.0/1f90e13820f96c2fb868f9674079a551678d68b2/viewpager-1.0.0.aar because:
  Build cache is disabled
Skipping AarToClassTransform: ~/.gradle/caches/modules-2/files-2.1/androidx.viewpager/viewpager/1.0.0/1f90e13820f96c2fb868f9674079a551678d68b2/viewpager-1.0.0.aar as it is up-to-date.
Transforming viewpager-1.0.0.aar (androidx.viewpager:viewpager:1.0.0) with EnumerateClassesTransform
Transforming viewpager-1.0.0.aar (androidx.viewpager:viewpager:1.0.0) with EnumerateClassesTransform
Caching disabled for EnumerateClassesTransform: ~/.gradle/caches/transforms-3/3eb1dabcd09eba1963cdd9cb5c04ee40/transformed/viewpager-1.0.0-runtime.jar because:
  Build cache is disabled
Skipping EnumerateClassesTransform: ~/.gradle/caches/transforms-3/3eb1dabcd09eba1963cdd9cb5c04ee40/transformed/viewpager-1.0.0-runtime.jar as it is up-to-date.
Caching disabled for EnumerateClassesTransform: ~/.gradle/caches/transforms-3/a4bce4d8e2efe9bfb7458764b4fd01e1/transformed/slidingpanelayout-1.0.0-runtime.jar because:
  Build cache is disabled
Skipping EnumerateClassesTransform: ~/.gradle/caches/transforms-3/a4bce4d8e2efe9bfb7458764b4fd01e1/transformed/slidingpanelayout-1.0.0-runtime.jar as it is up-to-date.
Caching disabled for AarToClassTransform: ~/.gradle/caches/modules-2/files-2.1/androidx.customview/customview/1.0.0/30f5ff6075d112f8076e733b24410e68159735b6/customview-1.0.0.aar because:
  Build cache is disabled
Skipping AarToClassTransform: ~/.gradle/caches/modules-2/files-2.1/androidx.customview/customview/1.0.0/30f5ff6075d112f8076e733b24410e68159735b6/customview-1.0.0.aar as it is up-to-date.
Transforming customview-1.0.0.aar (androidx.customview:customview:1.0.0) with EnumerateClassesTransform
Transforming customview-1.0.0.aar (androidx.customview:customview:1.0.0) with EnumerateClassesTransform
Transforming customview-1.0.0.aar (androidx.customview:customview:1.0.0) with EnumerateClassesTransform
Caching disabled for EnumerateClassesTransform: ~/.gradle/caches/transforms-3/af92a1b72cd046c6b0ceeea9a20eea1c/transformed/customview-1.0.0-runtime.jar because:
  Build cache is disabled
Skipping EnumerateClassesTransform: ~/.gradle/caches/transforms-3/af92a1b72cd046c6b0ceeea9a20eea1c/transformed/customview-1.0.0-runtime.jar as it is up-to-date.
Caching disabled for AarToClassTransform: ~/.gradle/caches/modules-2/files-2.1/androidx.vectordrawable/vectordrawable-animated/1.1.0/fcda1161354501471c30a4e077af6b5c4d4eddc6/vectordrawable-animated-1.1.0.aar because:
  Build cache is disabled
Skipping AarToClassTransform: ~/.gradle/caches/modules-2/files-2.1/androidx.vectordrawable/vectordrawable-animated/1.1.0/fcda1161354501471c30a4e077af6b5c4d4eddc6/vectordrawable-animated-1.1.0.aar as it is up-to-date.
Transforming vectordrawable-animated-1.1.0.aar (androidx.vectordrawable:vectordrawable-animated:1.1.0) with EnumerateClassesTransform
Caching disabled for AarToClassTransform: ~/.gradle/caches/modules-2/files-2.1/androidx.transition/transition/1.2.0/28003577e8b32f5417bfe899bbdc7a333dc81c9f/transition-1.2.0.aar because:
  Build cache is disabled
Skipping AarToClassTransform: ~/.gradle/caches/modules-2/files-2.1/androidx.transition/transition/1.2.0/28003577e8b32f5417bfe899bbdc7a333dc81c9f/transition-1.2.0.aar as it is up-to-date.
Transforming transition-1.2.0.aar (androidx.transition:transition:1.2.0) with EnumerateClassesTransform
Caching disabled for AarToClassTransform: ~/.gradle/caches/modules-2/files-2.1/androidx.vectordrawable/vectordrawable/1.1.0/eac7a364fff534035a2a6cb17770a1288315f69f/vectordrawable-1.1.0.aar because:
  Build cache is disabled
Skipping AarToClassTransform: ~/.gradle/caches/modules-2/files-2.1/androidx.vectordrawable/vectordrawable/1.1.0/eac7a364fff534035a2a6cb17770a1288315f69f/vectordrawable-1.1.0.aar as it is up-to-date.
Transforming vectordrawable-1.1.0.aar (androidx.vectordrawable:vectordrawable:1.1.0) with EnumerateClassesTransform
Caching disabled for EnumerateClassesTransform: ~/.gradle/caches/transforms-3/426336a09327f3bdc81a6e2c29e2a0d2/transformed/transition-1.2.0-runtime.jar because:
  Build cache is disabled
Skipping EnumerateClassesTransform: ~/.gradle/caches/transforms-3/426336a09327f3bdc81a6e2c29e2a0d2/transformed/transition-1.2.0-runtime.jar as it is up-to-date.
Transforming vectordrawable-1.1.0.aar (androidx.vectordrawable:vectordrawable:1.1.0) with EnumerateClassesTransform
Caching disabled for EnumerateClassesTransform: ~/.gradle/caches/transforms-3/23e22bc26e5b19c7a2adbad93f193d51/transformed/vectordrawable-animated-1.1.0-runtime.jar because:
  Build cache is disabled
Skipping EnumerateClassesTransform: ~/.gradle/caches/transforms-3/23e22bc26e5b19c7a2adbad93f193d51/transformed/vectordrawable-animated-1.1.0-runtime.jar as it is up-to-date.
Caching disabled for EnumerateClassesTransform: ~/.gradle/caches/transforms-3/fe9a875e330ae610107187f64a6f86ea/transformed/vectordrawable-1.1.0-runtime.jar because:
  Build cache is disabled
Skipping EnumerateClassesTransform: ~/.gradle/caches/transforms-3/fe9a875e330ae610107187f64a6f86ea/transformed/vectordrawable-1.1.0-runtime.jar as it is up-to-date.
Caching disabled for AarToClassTransform: ~/.gradle/caches/modules-2/files-2.1/androidx.swiperefreshlayout/swiperefreshlayout/1.0.0/4fd265b80a2b0fbeb062ab2bc4b1487521507762/swiperefreshlayout-1.0.0.aar because:
  Build cache is disabled
Skipping AarToClassTransform: ~/.gradle/caches/modules-2/files-2.1/androidx.swiperefreshlayout/swiperefreshlayout/1.0.0/4fd265b80a2b0fbeb062ab2bc4b1487521507762/swiperefreshlayout-1.0.0.aar as it is up-to-date.
Transforming swiperefreshlayout-1.0.0.aar (androidx.swiperefreshlayout:swiperefreshlayout:1.0.0) with EnumerateClassesTransform
Caching disabled for AarToClassTransform: ~/.gradle/caches/transforms-3/f9f0b1a9f89995bba5e0038683c322d8/transformed/jetified-window-1.0.0.aar because:
  Build cache is disabled
Skipping AarToClassTransform: ~/.gradle/caches/transforms-3/f9f0b1a9f89995bba5e0038683c322d8/transformed/jetified-window-1.0.0.aar as it is up-to-date.
Transforming window-1.0.0.aar (androidx.window:window:1.0.0) with EnumerateClassesTransform
Caching disabled for AarToClassTransform: ~/.gradle/caches/transforms-3/2df6627acb5b4fc3ee3a6107b526a42a/transformed/jetified-autofill-1.0.0.aar because:
  Build cache is disabled
Skipping AarToClassTransform: ~/.gradle/caches/transforms-3/2df6627acb5b4fc3ee3a6107b526a42a/transformed/jetified-autofill-1.0.0.aar as it is up-to-date.
Transforming autofill-1.0.0.aar (androidx.autofill:autofill:1.0.0) with EnumerateClassesTransform
Caching disabled for EnumerateClassesTransform: ~/.gradle/caches/transforms-3/51b42ecc38ad94fa272f8b33adcba5fa/transformed/swiperefreshlayout-1.0.0-runtime.jar because:
  Build cache is disabled
Skipping EnumerateClassesTransform: ~/.gradle/caches/transforms-3/51b42ecc38ad94fa272f8b33adcba5fa/transformed/swiperefreshlayout-1.0.0-runtime.jar as it is up-to-date.
Caching disabled for EnumerateClassesTransform: ~/.gradle/caches/transforms-3/489b50ec6e3f9042cc03f54fe975ab56/transformed/jetified-window-1.0.0-runtime.jar because:
  Build cache is disabled
Skipping EnumerateClassesTransform: ~/.gradle/caches/transforms-3/489b50ec6e3f9042cc03f54fe975ab56/transformed/jetified-window-1.0.0-runtime.jar as it is up-to-date.
Caching disabled for EnumerateClassesTransform: ~/.gradle/caches/transforms-3/9eecd62ddc920a410d11ad0804b7e4ee/transformed/jetified-autofill-1.0.0-runtime.jar because:
  Build cache is disabled
Skipping EnumerateClassesTransform: ~/.gradle/caches/transforms-3/9eecd62ddc920a410d11ad0804b7e4ee/transformed/jetified-autofill-1.0.0-runtime.jar as it is up-to-date.
Caching disabled for AarToClassTransform: ~/.gradle/caches/modules-2/files-2.1/androidx.asynclayoutinflater/asynclayoutinflater/1.0.0/5ffa788d19a6863799f25cb50d4fdfb0ec649037/asynclayoutinflater-1.0.0.aar because:
  Build cache is disabled
Skipping AarToClassTransform: ~/.gradle/caches/modules-2/files-2.1/androidx.asynclayoutinflater/asynclayoutinflater/1.0.0/5ffa788d19a6863799f25cb50d4fdfb0ec649037/asynclayoutinflater-1.0.0.aar as it is up-to-date.
Transforming asynclayoutinflater-1.0.0.aar (androidx.asynclayoutinflater:asynclayoutinflater:1.0.0) with EnumerateClassesTransform
Caching disabled for AarToClassTransform: ~/.gradle/caches/transforms-3/5606a7f05c419e8ea8ab441cdd12bb0d/transformed/jetified-core-ktx-1.12.0.aar because:
  Build cache is disabled
Skipping AarToClassTransform: ~/.gradle/caches/transforms-3/5606a7f05c419e8ea8ab441cdd12bb0d/transformed/jetified-core-ktx-1.12.0.aar as it is up-to-date.
Transforming core-ktx-1.12.0.aar (androidx.core:core-ktx:1.12.0) with EnumerateClassesTransform
Caching disabled for AarToClassTransform: ~/.gradle/caches/transforms-3/5ba37802d6572bdc79190f2a59a6d1e8/transformed/jetified-customview-poolingcontainer-1.0.0.aar because:
  Build cache is disabled
Skipping AarToClassTransform: ~/.gradle/caches/transforms-3/5ba37802d6572bdc79190f2a59a6d1e8/transformed/jetified-customview-poolingcontainer-1.0.0.aar as it is up-to-date.
Transforming customview-poolingcontainer-1.0.0.aar (androidx.customview:customview-poolingcontainer:1.0.0) with EnumerateClassesTransform
Caching disabled for EnumerateClassesTransform: ~/.gradle/caches/transforms-3/c99540371452103118e5d526239f2f4f/transformed/asynclayoutinflater-1.0.0-runtime.jar because:
  Build cache is disabled
Skipping EnumerateClassesTransform: ~/.gradle/caches/transforms-3/c99540371452103118e5d526239f2f4f/transformed/asynclayoutinflater-1.0.0-runtime.jar as it is up-to-date.
Caching disabled for EnumerateClassesTransform: ~/.gradle/caches/transforms-3/f70725a600b6f893a864495d73f39adb/transformed/jetified-core-ktx-1.12.0-runtime.jar because:
  Build cache is disabled
Skipping EnumerateClassesTransform: ~/.gradle/caches/transforms-3/f70725a600b6f893a864495d73f39adb/transformed/jetified-core-ktx-1.12.0-runtime.jar as it is up-to-date.
Caching disabled for EnumerateClassesTransform: ~/.gradle/caches/transforms-3/96c600f7f0eadfaef27cc7c790abf38b/transformed/jetified-customview-poolingcontainer-1.0.0-runtime.jar because:
  Build cache is disabled
Skipping EnumerateClassesTransform: ~/.gradle/caches/transforms-3/96c600f7f0eadfaef27cc7c790abf38b/transformed/jetified-customview-poolingcontainer-1.0.0-runtime.jar as it is up-to-date.
Caching disabled for AarToClassTransform: ~/.gradle/caches/modules-2/files-2.1/androidx.core/core/1.12.0/5aa3088ed93ba8ebaea2b8a83befdfa829339e7a/core-1.12.0.aar because:
  Build cache is disabled
Skipping AarToClassTransform: ~/.gradle/caches/modules-2/files-2.1/androidx.core/core/1.12.0/5aa3088ed93ba8ebaea2b8a83befdfa829339e7a/core-1.12.0.aar as it is up-to-date.
Transforming core-1.12.0.aar (androidx.core:core:1.12.0) with EnumerateClassesTransform
Transforming core-1.12.0.aar (androidx.core:core:1.12.0) with EnumerateClassesTransform
Transforming core-1.12.0.aar (androidx.core:core:1.12.0) with EnumerateClassesTransform
Caching disabled for EnumerateClassesTransform: ~/.gradle/caches/transforms-3/bffb58485e093ddeb37629f5229708d9/transformed/core-1.12.0-runtime.jar because:
  Build cache is disabled
Skipping EnumerateClassesTransform: ~/.gradle/caches/transforms-3/bffb58485e093ddeb37629f5229708d9/transformed/core-1.12.0-runtime.jar as it is up-to-date.
Caching disabled for AarToClassTransform: ~/.gradle/caches/transforms-3/596df15d482b8643b47cfc1a630d49f1/transformed/jetified-lifecycle-viewmodel-ktx-2.6.1.aar because:
  Build cache is disabled
Skipping AarToClassTransform: ~/.gradle/caches/transforms-3/596df15d482b8643b47cfc1a630d49f1/transformed/jetified-lifecycle-viewmodel-ktx-2.6.1.aar as it is up-to-date.
Transforming lifecycle-viewmodel-ktx-2.6.1.aar (androidx.lifecycle:lifecycle-viewmodel-ktx:2.6.1) with EnumerateClassesTransform
Caching disabled for AarToClassTransform: ~/.gradle/caches/transforms-3/35b7ff9ec62d27ea618b5e732a676237/transformed/jetified-lifecycle-viewmodel-compose-2.6.1.aar because:
  Build cache is disabled
Skipping AarToClassTransform: ~/.gradle/caches/transforms-3/35b7ff9ec62d27ea618b5e732a676237/transformed/jetified-lifecycle-viewmodel-compose-2.6.1.aar as it is up-to-date.
Transforming lifecycle-viewmodel-compose-2.6.1.aar (androidx.lifecycle:lifecycle-viewmodel-compose:2.6.1) with EnumerateClassesTransform
Caching disabled for AarToClassTransform: ~/.gradle/caches/modules-2/files-2.1/androidx.lifecycle/lifecycle-runtime/2.6.1/f0ef27053faa89b3ec06c4f118cea0a15edde35b/lifecycle-runtime-2.6.1.aar because:
  Build cache is disabled
Caching disabled for EnumerateClassesTransform: ~/.gradle/caches/transforms-3/6d9b227f5624b8e4a889f80bd18287ec/transformed/jetified-lifecycle-viewmodel-ktx-2.6.1-runtime.jar because:
  Build cache is disabled
Skipping AarToClassTransform: ~/.gradle/caches/modules-2/files-2.1/androidx.lifecycle/lifecycle-runtime/2.6.1/f0ef27053faa89b3ec06c4f118cea0a15edde35b/lifecycle-runtime-2.6.1.aar as it is up-to-date.
Skipping EnumerateClassesTransform: ~/.gradle/caches/transforms-3/6d9b227f5624b8e4a889f80bd18287ec/transformed/jetified-lifecycle-viewmodel-ktx-2.6.1-runtime.jar as it is up-to-date.
Transforming lifecycle-runtime-2.6.1.aar (androidx.lifecycle:lifecycle-runtime:2.6.1) with EnumerateClassesTransform
Caching disabled for EnumerateClassesTransform: ~/.gradle/caches/transforms-3/8044ace3814e79aba8cf786aa99926a2/transformed/jetified-lifecycle-viewmodel-compose-2.6.1-runtime.jar because:
  Build cache is disabled
Skipping EnumerateClassesTransform: ~/.gradle/caches/transforms-3/8044ace3814e79aba8cf786aa99926a2/transformed/jetified-lifecycle-viewmodel-compose-2.6.1-runtime.jar as it is up-to-date.
Caching disabled for EnumerateClassesTransform: ~/.gradle/caches/transforms-3/9c95783f529173ffef8cc66a8eac5061/transformed/lifecycle-runtime-2.6.1-runtime.jar because:
  Build cache is disabled
Skipping EnumerateClassesTransform: ~/.gradle/caches/transforms-3/9c95783f529173ffef8cc66a8eac5061/transformed/lifecycle-runtime-2.6.1-runtime.jar as it is up-to-date.
Caching disabled for AarToClassTransform: ~/.gradle/caches/transforms-3/ab665d3dca769fd80bd3dc99d96cc12b/transformed/jetified-runtime-saveable-release.aar because:
  Build cache is disabled
Skipping AarToClassTransform: ~/.gradle/caches/transforms-3/ab665d3dca769fd80bd3dc99d96cc12b/transformed/jetified-runtime-saveable-release.aar as it is up-to-date.
Transforming runtime-saveable-release.aar (androidx.compose.runtime:runtime-saveable-android:1.6.1) with EnumerateClassesTransform
Caching disabled for EnumerateClassesTransform: ~/.gradle/caches/transforms-3/ada187765177107bdc062f2789015a8b/transformed/jetified-runtime-saveable-release-runtime.jar because:
  Build cache is disabled
Caching disabled for AarToClassTransform: ~/.gradle/caches/transforms-3/89dd08a7448cedfc581bf172952472fd/transformed/jetified-datastore-preferences-1.0.0.aar because:
  Build cache is disabled
Skipping EnumerateClassesTransform: ~/.gradle/caches/transforms-3/ada187765177107bdc062f2789015a8b/transformed/jetified-runtime-saveable-release-runtime.jar as it is up-to-date.
Skipping AarToClassTransform: ~/.gradle/caches/transforms-3/89dd08a7448cedfc581bf172952472fd/transformed/jetified-datastore-preferences-1.0.0.aar as it is up-to-date.
Transforming datastore-preferences-1.0.0.aar (androidx.datastore:datastore-preferences:1.0.0) with EnumerateClassesTransform
Caching disabled for AarToClassTransform: ~/.gradle/caches/transforms-3/eb611f3e33387d852f9beb2ef457e41d/transformed/jetified-runtime-release.aar because:
  Build cache is disabled
Skipping AarToClassTransform: ~/.gradle/caches/transforms-3/eb611f3e33387d852f9beb2ef457e41d/transformed/jetified-runtime-release.aar as it is up-to-date.
Transforming runtime-release.aar (androidx.compose.runtime:runtime-android:1.6.1) with EnumerateClassesTransform
Caching disabled for EnumerateClassesTransform: ~/.gradle/caches/transforms-3/c077d4e37f8dfdb330683d4731385156/transformed/jetified-runtime-release-runtime.jar because:
  Build cache is disabled
Caching disabled for EnumerateClassesTransform: ~/.gradle/caches/transforms-3/cc1897065bed503ee29e3cf594c6b54c/transformed/jetified-datastore-preferences-1.0.0-runtime.jar because:
  Build cache is disabled
Skipping EnumerateClassesTransform: ~/.gradle/caches/transforms-3/c077d4e37f8dfdb330683d4731385156/transformed/jetified-runtime-release-runtime.jar as it is up-to-date.
Skipping EnumerateClassesTransform: ~/.gradle/caches/transforms-3/cc1897065bed503ee29e3cf594c6b54c/transformed/jetified-datastore-preferences-1.0.0-runtime.jar as it is up-to-date.
Transforming datastore-preferences-core-1.0.0.jar (androidx.datastore:datastore-preferences-core:1.0.0) with JetifyTransform
Caching disabled for AarToClassTransform: ~/.gradle/caches/transforms-3/e31511fc0f0d3e4ff19d95add923aa3d/transformed/jetified-datastore-1.0.0.aar because:
  Build cache is disabled
Skipping AarToClassTransform: ~/.gradle/caches/transforms-3/e31511fc0f0d3e4ff19d95add923aa3d/transformed/jetified-datastore-1.0.0.aar as it is up-to-date.
Transforming datastore-1.0.0.aar (androidx.datastore:datastore:1.0.0) with EnumerateClassesTransform
Transforming datastore-core-1.0.0.jar (androidx.datastore:datastore-core:1.0.0) with JetifyTransform
Caching disabled for EnumerateClassesTransform: ~/.gradle/caches/transforms-3/896cc0271339944545a33439adcb4074/transformed/jetified-datastore-1.0.0-runtime.jar because:
  Build cache is disabled
Skipping EnumerateClassesTransform: ~/.gradle/caches/transforms-3/896cc0271339944545a33439adcb4074/transformed/jetified-datastore-1.0.0-runtime.jar as it is up-to-date.
Transforming kotlinx-coroutines-core-jvm-1.7.1.jar (org.jetbrains.kotlinx:kotlinx-coroutines-core-jvm:1.7.1) with JetifyTransform
Caching disabled for JetifyTransform: ~/.gradle/caches/modules-2/files-2.1/androidx.datastore/datastore-preferences-core/1.0.0/403f64499b9a8994f5f7010329ddd1ee5c919ed5/datastore-preferences-core-1.0.0.jar because:
  Build cache is disabled
Skipping JetifyTransform: ~/.gradle/caches/modules-2/files-2.1/androidx.datastore/datastore-preferences-core/1.0.0/403f64499b9a8994f5f7010329ddd1ee5c919ed5/datastore-preferences-core-1.0.0.jar as it is up-to-date.
Transforming datastore-preferences-core-1.0.0.jar (androidx.datastore:datastore-preferences-core:1.0.0) with IdentityTransform
Caching disabled for JetifyTransform: ~/.gradle/caches/modules-2/files-2.1/androidx.datastore/datastore-core/1.0.0/91b04fb657294e2906d95dce6a9e5a851f6125c1/datastore-core-1.0.0.jar because:
  Build cache is disabled
Skipping JetifyTransform: ~/.gradle/caches/modules-2/files-2.1/androidx.datastore/datastore-core/1.0.0/91b04fb657294e2906d95dce6a9e5a851f6125c1/datastore-core-1.0.0.jar as it is up-to-date.
Transforming datastore-core-1.0.0.jar (androidx.datastore:datastore-core:1.0.0) with IdentityTransform
Caching disabled for IdentityTransform: ~/.gradle/caches/transforms-3/2fb593235e7fa7c4498f06b37707ced9/transformed/jetified-datastore-core-1.0.0.jar because:
  Build cache is disabled
Skipping IdentityTransform: ~/.gradle/caches/transforms-3/2fb593235e7fa7c4498f06b37707ced9/transformed/jetified-datastore-core-1.0.0.jar as it is up-to-date.
Transforming datastore-core-1.0.0.jar (androidx.datastore:datastore-core:1.0.0) with EnumerateClassesTransform
Caching disabled for JetifyTransform: ~/.gradle/caches/modules-2/files-2.1/org.jetbrains.kotlinx/kotlinx-coroutines-core-jvm/1.7.1/63a0779cf668e2a47d13fda7c3b0c4f8dc7762f4/kotlinx-coroutines-core-jvm-1.7.1.jar because:
  Build cache is disabled
Skipping JetifyTransform: ~/.gradle/caches/modules-2/files-2.1/org.jetbrains.kotlinx/kotlinx-coroutines-core-jvm/1.7.1/63a0779cf668e2a47d13fda7c3b0c4f8dc7762f4/kotlinx-coroutines-core-jvm-1.7.1.jar as it is up-to-date.
Transforming kotlinx-coroutines-core-jvm-1.7.1.jar (org.jetbrains.kotlinx:kotlinx-coroutines-core-jvm:1.7.1) with IdentityTransform
Caching disabled for IdentityTransform: ~/.gradle/caches/transforms-3/bb62a6f8417eca36dfb0eeac57d26c0d/transformed/jetified-datastore-preferences-core-1.0.0.jar because:
  Build cache is disabled
Skipping IdentityTransform: ~/.gradle/caches/transforms-3/bb62a6f8417eca36dfb0eeac57d26c0d/transformed/jetified-datastore-preferences-core-1.0.0.jar as it is up-to-date.
Transforming datastore-preferences-core-1.0.0.jar (androidx.datastore:datastore-preferences-core:1.0.0) with EnumerateClassesTransform
Caching disabled for EnumerateClassesTransform: ~/.gradle/caches/transforms-3/2fb593235e7fa7c4498f06b37707ced9/transformed/jetified-datastore-core-1.0.0.jar because:
  Build cache is disabled
Skipping EnumerateClassesTransform: ~/.gradle/caches/transforms-3/2fb593235e7fa7c4498f06b37707ced9/transformed/jetified-datastore-core-1.0.0.jar as it is up-to-date.
Caching disabled for IdentityTransform: ~/.gradle/caches/transforms-3/fdea97d7eb58820ef1c9b339505c2970/transformed/jetified-kotlinx-coroutines-core-jvm-1.7.1.jar because:
  Build cache is disabled
Skipping IdentityTransform: ~/.gradle/caches/transforms-3/fdea97d7eb58820ef1c9b339505c2970/transformed/jetified-kotlinx-coroutines-core-jvm-1.7.1.jar as it is up-to-date.
Transforming kotlinx-coroutines-core-jvm-1.7.1.jar (org.jetbrains.kotlinx:kotlinx-coroutines-core-jvm:1.7.1) with EnumerateClassesTransform
Transforming kotlinx-coroutines-android-1.7.1.jar (org.jetbrains.kotlinx:kotlinx-coroutines-android:1.7.1) with JetifyTransform
Caching disabled for EnumerateClassesTransform: ~/.gradle/caches/transforms-3/bb62a6f8417eca36dfb0eeac57d26c0d/transformed/jetified-datastore-preferences-core-1.0.0.jar because:
  Build cache is disabled
Skipping EnumerateClassesTransform: ~/.gradle/caches/transforms-3/bb62a6f8417eca36dfb0eeac57d26c0d/transformed/jetified-datastore-preferences-core-1.0.0.jar as it is up-to-date.
Caching disabled for JetifyTransform: ~/.gradle/caches/modules-2/files-2.1/org.jetbrains.kotlinx/kotlinx-coroutines-android/1.7.1/c2d86b569f10b7fc7e28d3f50c0eed97897d77a7/kotlinx-coroutines-android-1.7.1.jar because:
  Build cache is disabled
Skipping JetifyTransform: ~/.gradle/caches/modules-2/files-2.1/org.jetbrains.kotlinx/kotlinx-coroutines-android/1.7.1/c2d86b569f10b7fc7e28d3f50c0eed97897d77a7/kotlinx-coroutines-android-1.7.1.jar as it is up-to-date.
Transforming kotlinx-coroutines-android-1.7.1.jar (org.jetbrains.kotlinx:kotlinx-coroutines-android:1.7.1) with IdentityTransform
Caching disabled for EnumerateClassesTransform: ~/.gradle/caches/transforms-3/fdea97d7eb58820ef1c9b339505c2970/transformed/jetified-kotlinx-coroutines-core-jvm-1.7.1.jar because:
  Build cache is disabled
Skipping EnumerateClassesTransform: ~/.gradle/caches/transforms-3/fdea97d7eb58820ef1c9b339505c2970/transformed/jetified-kotlinx-coroutines-core-jvm-1.7.1.jar as it is up-to-date.
Transforming room-common-2.5.0.jar (androidx.room:room-common:2.5.0) with JetifyTransform
Caching disabled for AarToClassTransform: ~/.gradle/caches/modules-2/files-2.1/androidx.room/room-runtime/2.5.0/42a70249423cc0d4245c0a072d4796eae2c4a867/room-runtime-2.5.0.aar because:
  Build cache is disabled
Skipping AarToClassTransform: ~/.gradle/caches/modules-2/files-2.1/androidx.room/room-runtime/2.5.0/42a70249423cc0d4245c0a072d4796eae2c4a867/room-runtime-2.5.0.aar as it is up-to-date.
Caching disabled for IdentityTransform: ~/.gradle/caches/transforms-3/9253a67f951f909e17543d26feadab79/transformed/jetified-kotlinx-coroutines-android-1.7.1.jar because:
  Build cache is disabled
Transforming room-runtime-2.5.0.aar (androidx.room:room-runtime:2.5.0) with EnumerateClassesTransform
Skipping IdentityTransform: ~/.gradle/caches/transforms-3/9253a67f951f909e17543d26feadab79/transformed/jetified-kotlinx-coroutines-android-1.7.1.jar as it is up-to-date.
Transforming kotlinx-coroutines-android-1.7.1.jar (org.jetbrains.kotlinx:kotlinx-coroutines-android:1.7.1) with EnumerateClassesTransform
Caching disabled for EnumerateClassesTransform: ~/.gradle/caches/transforms-3/cea279370378b8c80434ffaaac7518a9/transformed/room-runtime-2.5.0-runtime.jar because:
  Build cache is disabled
Skipping EnumerateClassesTransform: ~/.gradle/caches/transforms-3/cea279370378b8c80434ffaaac7518a9/transformed/room-runtime-2.5.0-runtime.jar as it is up-to-date.
Caching disabled for EnumerateClassesTransform: ~/.gradle/caches/transforms-3/9253a67f951f909e17543d26feadab79/transformed/jetified-kotlinx-coroutines-android-1.7.1.jar because:
  Build cache is disabled
Skipping EnumerateClassesTransform: ~/.gradle/caches/transforms-3/9253a67f951f909e17543d26feadab79/transformed/jetified-kotlinx-coroutines-android-1.7.1.jar as it is up-to-date.
Transforming kotlin-stdlib-jdk8-1.8.20.jar (org.jetbrains.kotlin:kotlin-stdlib-jdk8:1.8.20) with JetifyTransform
Caching disabled for JetifyTransform: ~/.gradle/caches/modules-2/files-2.1/androidx.room/room-common/2.5.0/829a83fb92f1696a8a32f3beea884dfc87b2693/room-common-2.5.0.jar because:
  Build cache is disabled
Skipping JetifyTransform: ~/.gradle/caches/modules-2/files-2.1/androidx.room/room-common/2.5.0/829a83fb92f1696a8a32f3beea884dfc87b2693/room-common-2.5.0.jar as it is up-to-date.
Transforming gson-2.9.1.jar (com.google.code.gson:gson:2.9.1) with JetifyTransform
Transforming room-common-2.5.0.jar (androidx.room:room-common:2.5.0) with IdentityTransform
Caching disabled for JetifyTransform: ~/.gradle/caches/modules-2/files-2.1/com.google.code.gson/gson/2.9.1/2cc2131b98ebfb04e2b2c7dfb84431f4045096b/gson-2.9.1.jar because:
  Build cache is disabled
Caching disabled for JetifyTransform: ~/.gradle/caches/modules-2/files-2.1/org.jetbrains.kotlin/kotlin-stdlib-jdk8/1.8.20/73576ddf378c5b4f1f6b449fe6b119b8183fc078/kotlin-stdlib-jdk8-1.8.20.jar because:
  Build cache is disabled
Skipping JetifyTransform: ~/.gradle/caches/modules-2/files-2.1/com.google.code.gson/gson/2.9.1/2cc2131b98ebfb04e2b2c7dfb84431f4045096b/gson-2.9.1.jar as it is up-to-date.
Skipping JetifyTransform: ~/.gradle/caches/modules-2/files-2.1/org.jetbrains.kotlin/kotlin-stdlib-jdk8/1.8.20/73576ddf378c5b4f1f6b449fe6b119b8183fc078/kotlin-stdlib-jdk8-1.8.20.jar as it is up-to-date.
Transforming gson-2.9.1.jar (com.google.code.gson:gson:2.9.1) with IdentityTransform
Transforming kotlin-stdlib-jdk8-1.8.20.jar (org.jetbrains.kotlin:kotlin-stdlib-jdk8:1.8.20) with IdentityTransform
Caching disabled for IdentityTransform: ~/.gradle/caches/modules-2/files-2.1/androidx.room/room-common/2.5.0/829a83fb92f1696a8a32f3beea884dfc87b2693/room-common-2.5.0.jar because:
  Build cache is disabled
Skipping IdentityTransform: ~/.gradle/caches/modules-2/files-2.1/androidx.room/room-common/2.5.0/829a83fb92f1696a8a32f3beea884dfc87b2693/room-common-2.5.0.jar as it is up-to-date.
Transforming room-common-2.5.0.jar (androidx.room:room-common:2.5.0) with EnumerateClassesTransform
Caching disabled for IdentityTransform: ~/.gradle/caches/transforms-3/020818945adb8934366db36456f750aa/transformed/jetified-kotlin-stdlib-jdk8-1.8.20.jar because:
  Build cache is disabled
Skipping IdentityTransform: ~/.gradle/caches/transforms-3/020818945adb8934366db36456f750aa/transformed/jetified-kotlin-stdlib-jdk8-1.8.20.jar as it is up-to-date.
Transforming kotlin-stdlib-jdk8-1.8.20.jar (org.jetbrains.kotlin:kotlin-stdlib-jdk8:1.8.20) with EnumerateClassesTransform
Caching disabled for IdentityTransform: ~/.gradle/caches/transforms-3/fc3ac7c5d7ca3a706a911bd0d5ce650b/transformed/jetified-gson-2.9.1.jar because:
  Build cache is disabled
Skipping IdentityTransform: ~/.gradle/caches/transforms-3/fc3ac7c5d7ca3a706a911bd0d5ce650b/transformed/jetified-gson-2.9.1.jar as it is up-to-date.
Transforming gson-2.9.1.jar (com.google.code.gson:gson:2.9.1) with EnumerateClassesTransform
Caching disabled for EnumerateClassesTransform: ~/.gradle/caches/modules-2/files-2.1/androidx.room/room-common/2.5.0/829a83fb92f1696a8a32f3beea884dfc87b2693/room-common-2.5.0.jar because:
  Build cache is disabled
Skipping EnumerateClassesTransform: ~/.gradle/caches/modules-2/files-2.1/androidx.room/room-common/2.5.0/829a83fb92f1696a8a32f3beea884dfc87b2693/room-common-2.5.0.jar as it is up-to-date.
Caching disabled for EnumerateClassesTransform: ~/.gradle/caches/transforms-3/fc3ac7c5d7ca3a706a911bd0d5ce650b/transformed/jetified-gson-2.9.1.jar because:
  Build cache is disabled
Skipping EnumerateClassesTransform: ~/.gradle/caches/transforms-3/fc3ac7c5d7ca3a706a911bd0d5ce650b/transformed/jetified-gson-2.9.1.jar as it is up-to-date.
Caching disabled for EnumerateClassesTransform: ~/.gradle/caches/transforms-3/020818945adb8934366db36456f750aa/transformed/jetified-kotlin-stdlib-jdk8-1.8.20.jar because:
  Build cache is disabled
Skipping EnumerateClassesTransform: ~/.gradle/caches/transforms-3/020818945adb8934366db36456f750aa/transformed/jetified-kotlin-stdlib-jdk8-1.8.20.jar as it is up-to-date.
Caching disabled for AarToClassTransform: ~/.gradle/caches/modules-2/files-2.1/androidx.documentfile/documentfile/1.0.1/e824bb6e7fc36ec03857da400aa31e136c73cc68/documentfile-1.0.1.aar because:
  Build cache is disabled
Skipping AarToClassTransform: ~/.gradle/caches/modules-2/files-2.1/androidx.documentfile/documentfile/1.0.1/e824bb6e7fc36ec03857da400aa31e136c73cc68/documentfile-1.0.1.aar as it is up-to-date.
Transforming documentfile-1.0.1.aar (androidx.documentfile:documentfile:1.0.1) with EnumerateClassesTransform
Transforming documentfile-1.0.1.aar (androidx.documentfile:documentfile:1.0.1) with EnumerateClassesTransform
Caching disabled for AarToClassTransform: ~/.gradle/caches/transforms-3/2825ef768a3847af4cdb0b960ea5acb5/transformed/jetified-security-crypto-1.1.0-alpha03.aar because:
  Build cache is disabled
Caching disabled for EnumerateClassesTransform: ~/.gradle/caches/transforms-3/46d03d15c4e5a431b025172a18d64c9e/transformed/documentfile-1.0.1-runtime.jar because:
  Build cache is disabled
Skipping AarToClassTransform: ~/.gradle/caches/transforms-3/2825ef768a3847af4cdb0b960ea5acb5/transformed/jetified-security-crypto-1.1.0-alpha03.aar as it is up-to-date.
Skipping EnumerateClassesTransform: ~/.gradle/caches/transforms-3/46d03d15c4e5a431b025172a18d64c9e/transformed/documentfile-1.0.1-runtime.jar as it is up-to-date.
Transforming security-crypto-1.1.0-alpha03.aar (androidx.security:security-crypto:1.1.0-alpha03) with EnumerateClassesTransform
Caching disabled for AarToClassTransform: ~/.gradle/caches/modules-2/files-2.1/androidx.cursoradapter/cursoradapter/1.0.0/74014983a86b83cbce534dec4e7aa9312f5f5d82/cursoradapter-1.0.0.aar because:
  Build cache is disabled
Caching disabled for EnumerateClassesTransform: ~/.gradle/caches/transforms-3/2193561bce85fa44ec2e49814717d2d7/transformed/jetified-security-crypto-1.1.0-alpha03-runtime.jar because:
  Build cache is disabled
Skipping AarToClassTransform: ~/.gradle/caches/modules-2/files-2.1/androidx.cursoradapter/cursoradapter/1.0.0/74014983a86b83cbce534dec4e7aa9312f5f5d82/cursoradapter-1.0.0.aar as it is up-to-date.
Skipping EnumerateClassesTransform: ~/.gradle/caches/transforms-3/2193561bce85fa44ec2e49814717d2d7/transformed/jetified-security-crypto-1.1.0-alpha03-runtime.jar as it is up-to-date.
Transforming cursoradapter-1.0.0.aar (androidx.cursoradapter:cursoradapter:1.0.0) with EnumerateClassesTransform
Transforming cursoradapter-1.0.0.aar (androidx.cursoradapter:cursoradapter:1.0.0) with EnumerateClassesTransform
Transforming resourceinspection-annotation-1.0.1.jar (androidx.resourceinspection:resourceinspection-annotation:1.0.1) with JetifyTransform
Caching disabled for EnumerateClassesTransform: ~/.gradle/caches/transforms-3/6a1103e2255728eed5a46663e9143b4d/transformed/cursoradapter-1.0.0-runtime.jar because:
  Build cache is disabled
Skipping EnumerateClassesTransform: ~/.gradle/caches/transforms-3/6a1103e2255728eed5a46663e9143b4d/transformed/cursoradapter-1.0.0-runtime.jar as it is up-to-date.
Caching disabled for JetifyTransform: ~/.gradle/caches/modules-2/files-2.1/androidx.resourceinspection/resourceinspection-annotation/1.0.1/8c21f8ff5d96d5d52c948707f7e4d6ca6773feef/resourceinspection-annotation-1.0.1.jar because:
  Build cache is disabled
Skipping JetifyTransform: ~/.gradle/caches/modules-2/files-2.1/androidx.resourceinspection/resourceinspection-annotation/1.0.1/8c21f8ff5d96d5d52c948707f7e4d6ca6773feef/resourceinspection-annotation-1.0.1.jar as it is up-to-date.
Transforming resourceinspection-annotation-1.0.1.jar (androidx.resourceinspection:resourceinspection-annotation:1.0.1) with IdentityTransform
Caching disabled for AarToClassTransform: ~/.gradle/caches/transforms-3/02401fa65d3f2a4eeb4e8c2c5dc86415/transformed/jetified-gifdecoder-4.11.0.aar because:
  Build cache is disabled
Skipping AarToClassTransform: ~/.gradle/caches/transforms-3/02401fa65d3f2a4eeb4e8c2c5dc86415/transformed/jetified-gifdecoder-4.11.0.aar as it is up-to-date.
Transforming gifdecoder-4.11.0.aar (com.github.bumptech.glide:gifdecoder:4.11.0) with EnumerateClassesTransform
Caching disabled for AarToClassTransform: ~/.gradle/caches/modules-2/files-2.1/androidx.cardview/cardview/1.0.0/158dbc2e2bc502815821191b04446b8f663c1874/cardview-1.0.0.aar because:
  Build cache is disabled
Skipping AarToClassTransform: ~/.gradle/caches/modules-2/files-2.1/androidx.cardview/cardview/1.0.0/158dbc2e2bc502815821191b04446b8f663c1874/cardview-1.0.0.aar as it is up-to-date.
Transforming cardview-1.0.0.aar (androidx.cardview:cardview:1.0.0) with EnumerateClassesTransform
Caching disabled for EnumerateClassesTransform: ~/.gradle/caches/transforms-3/bf3fdd2deb182dca272fbd5c6a1270d5/transformed/jetified-gifdecoder-4.11.0-runtime.jar because:
  Build cache is disabled
Skipping EnumerateClassesTransform: ~/.gradle/caches/transforms-3/bf3fdd2deb182dca272fbd5c6a1270d5/transformed/jetified-gifdecoder-4.11.0-runtime.jar as it is up-to-date.
Caching disabled for IdentityTransform: ~/.gradle/caches/transforms-3/8efe665aaf7b753cddca2470333dbcfa/transformed/jetified-resourceinspection-annotation-1.0.1.jar because:
  Build cache is disabled
Skipping IdentityTransform: ~/.gradle/caches/transforms-3/8efe665aaf7b753cddca2470333dbcfa/transformed/jetified-resourceinspection-annotation-1.0.1.jar as it is up-to-date.
Transforming resourceinspection-annotation-1.0.1.jar (androidx.resourceinspection:resourceinspection-annotation:1.0.1) with EnumerateClassesTransform
Caching disabled for EnumerateClassesTransform: ~/.gradle/caches/transforms-3/a06f8b5f10f139d96e98feb15add3d25/transformed/cardview-1.0.0-runtime.jar because:
  Build cache is disabled
Skipping EnumerateClassesTransform: ~/.gradle/caches/transforms-3/a06f8b5f10f139d96e98feb15add3d25/transformed/cardview-1.0.0-runtime.jar as it is up-to-date.
Caching disabled for EnumerateClassesTransform: ~/.gradle/caches/transforms-3/8efe665aaf7b753cddca2470333dbcfa/transformed/jetified-resourceinspection-annotation-1.0.1.jar because:
  Build cache is disabled
Skipping EnumerateClassesTransform: ~/.gradle/caches/transforms-3/8efe665aaf7b753cddca2470333dbcfa/transformed/jetified-resourceinspection-annotation-1.0.1.jar as it is up-to-date.
Caching disabled for AarToClassTransform: ~/.gradle/caches/modules-2/files-2.1/androidx.interpolator/interpolator/1.0.0/8a01fa254a23b9388571eb6334b03707c7d122d7/interpolator-1.0.0.aar because:
  Build cache is disabled
Skipping AarToClassTransform: ~/.gradle/caches/modules-2/files-2.1/androidx.interpolator/interpolator/1.0.0/8a01fa254a23b9388571eb6334b03707c7d122d7/interpolator-1.0.0.aar as it is up-to-date.
Transforming interpolator-1.0.0.aar (androidx.interpolator:interpolator:1.0.0) with EnumerateClassesTransform
Transforming interpolator-1.0.0.aar (androidx.interpolator:interpolator:1.0.0) with EnumerateClassesTransform
Transforming interpolator-1.0.0.aar (androidx.interpolator:interpolator:1.0.0) with EnumerateClassesTransform
Caching disabled for EnumerateClassesTransform: ~/.gradle/caches/transforms-3/4d7f19f2ab47d3e6020f94be7671caf0/transformed/interpolator-1.0.0-runtime.jar because:
  Build cache is disabled
Skipping EnumerateClassesTransform: ~/.gradle/caches/transforms-3/4d7f19f2ab47d3e6020f94be7671caf0/transformed/interpolator-1.0.0-runtime.jar as it is up-to-date.
Transforming interpolator-1.0.0.aar (androidx.interpolator:interpolator:1.0.0) with EnumerateClassesTransform
Transforming core-common-2.2.0.jar (androidx.arch.core:core-common:2.2.0) with JetifyTransform
Caching disabled for AarToClassTransform: ~/.gradle/caches/modules-2/files-2.1/androidx.arch.core/core-runtime/2.2.0/39705982680d78556b679ef9d5400d4f17509b0b/core-runtime-2.2.0.aar because:
  Build cache is disabled
Skipping AarToClassTransform: ~/.gradle/caches/modules-2/files-2.1/androidx.arch.core/core-runtime/2.2.0/39705982680d78556b679ef9d5400d4f17509b0b/core-runtime-2.2.0.aar as it is up-to-date.
Transforming core-runtime-2.2.0.aar (androidx.arch.core:core-runtime:2.2.0) with EnumerateClassesTransform
Caching disabled for JetifyTransform: ~/.gradle/caches/modules-2/files-2.1/androidx.arch.core/core-common/2.2.0/5e1b8b81dfd5f52c56a8d53b18ca759c19a301f3/core-common-2.2.0.jar because:
  Build cache is disabled
Skipping JetifyTransform: ~/.gradle/caches/modules-2/files-2.1/androidx.arch.core/core-common/2.2.0/5e1b8b81dfd5f52c56a8d53b18ca759c19a301f3/core-common-2.2.0.jar as it is up-to-date.
Transforming core-common-2.2.0.jar (androidx.arch.core:core-common:2.2.0) with IdentityTransform
Caching disabled for AarToClassTransform: ~/.gradle/caches/transforms-3/b8c84e33ebf08e7faa65272903dbb81b/transformed/jetified-profileinstaller-1.3.0.aar because:
  Build cache is disabled
Skipping AarToClassTransform: ~/.gradle/caches/transforms-3/b8c84e33ebf08e7faa65272903dbb81b/transformed/jetified-profileinstaller-1.3.0.aar as it is up-to-date.
Transforming profileinstaller-1.3.0.aar (androidx.profileinstaller:profileinstaller:1.3.0) with EnumerateClassesTransform
Caching disabled for EnumerateClassesTransform: ~/.gradle/caches/transforms-3/e062e0312d1ae231662e4cd92898ceb7/transformed/core-runtime-2.2.0-runtime.jar because:
  Build cache is disabled
Skipping EnumerateClassesTransform: ~/.gradle/caches/transforms-3/e062e0312d1ae231662e4cd92898ceb7/transformed/core-runtime-2.2.0-runtime.jar as it is up-to-date.
Caching disabled for IdentityTransform: ~/.gradle/caches/modules-2/files-2.1/androidx.arch.core/core-common/2.2.0/5e1b8b81dfd5f52c56a8d53b18ca759c19a301f3/core-common-2.2.0.jar because:
  Build cache is disabled
Skipping IdentityTransform: ~/.gradle/caches/modules-2/files-2.1/androidx.arch.core/core-common/2.2.0/5e1b8b81dfd5f52c56a8d53b18ca759c19a301f3/core-common-2.2.0.jar as it is up-to-date.
Transforming core-common-2.2.0.jar (androidx.arch.core:core-common:2.2.0) with EnumerateClassesTransform
Caching disabled for EnumerateClassesTransform: ~/.gradle/caches/transforms-3/cbfc072f1b706b10c657860bf120703b/transformed/jetified-profileinstaller-1.3.0-runtime.jar because:
  Build cache is disabled
Skipping EnumerateClassesTransform: ~/.gradle/caches/transforms-3/cbfc072f1b706b10c657860bf120703b/transformed/jetified-profileinstaller-1.3.0-runtime.jar as it is up-to-date.
Caching disabled for AarToClassTransform: ~/.gradle/caches/modules-2/files-2.1/androidx.sqlite/sqlite-framework/2.3.0/bed458415a6998c914ceb5a71e99ff5417b95514/sqlite-framework-2.3.0.aar because:
  Build cache is disabled
Skipping AarToClassTransform: ~/.gradle/caches/modules-2/files-2.1/androidx.sqlite/sqlite-framework/2.3.0/bed458415a6998c914ceb5a71e99ff5417b95514/sqlite-framework-2.3.0.aar as it is up-to-date.
Transforming sqlite-framework-2.3.0.aar (androidx.sqlite:sqlite-framework:2.3.0) with EnumerateClassesTransform
Caching disabled for EnumerateClassesTransform: ~/.gradle/caches/modules-2/files-2.1/androidx.arch.core/core-common/2.2.0/5e1b8b81dfd5f52c56a8d53b18ca759c19a301f3/core-common-2.2.0.jar because:
  Build cache is disabled
Skipping EnumerateClassesTransform: ~/.gradle/caches/modules-2/files-2.1/androidx.arch.core/core-common/2.2.0/5e1b8b81dfd5f52c56a8d53b18ca759c19a301f3/core-common-2.2.0.jar as it is up-to-date.
Transforming collection-ktx-1.4.0.jar (androidx.collection:collection-ktx:1.4.0) with JetifyTransform
Caching disabled for EnumerateClassesTransform: ~/.gradle/caches/transforms-3/4e3589630965935d177c9caa0613c603/transformed/sqlite-framework-2.3.0-runtime.jar because:
  Build cache is disabled
Skipping EnumerateClassesTransform: ~/.gradle/caches/transforms-3/4e3589630965935d177c9caa0613c603/transformed/sqlite-framework-2.3.0-runtime.jar as it is up-to-date.
Transforming collection-jvm-1.4.0.jar (androidx.collection:collection-jvm:1.4.0) with JetifyTransform
Caching disabled for AarToClassTransform: ~/.gradle/caches/modules-2/files-2.1/androidx.versionedparcelable/versionedparcelable/1.1.1/18e18071e7715679e0593c570217edeb5ca48b9e/versionedparcelable-1.1.1.aar because:
  Build cache is disabled
Skipping AarToClassTransform: ~/.gradle/caches/modules-2/files-2.1/androidx.versionedparcelable/versionedparcelable/1.1.1/18e18071e7715679e0593c570217edeb5ca48b9e/versionedparcelable-1.1.1.aar as it is up-to-date.
Transforming versionedparcelable-1.1.1.aar (androidx.versionedparcelable:versionedparcelable:1.1.1) with EnumerateClassesTransform
Caching disabled for EnumerateClassesTransform: ~/.gradle/caches/transforms-3/52dea12d5cfc364e13cf386cb20a89b9/transformed/versionedparcelable-1.1.1-runtime.jar because:
  Build cache is disabled
Skipping EnumerateClassesTransform: ~/.gradle/caches/transforms-3/52dea12d5cfc364e13cf386cb20a89b9/transformed/versionedparcelable-1.1.1-runtime.jar as it is up-to-date.
Caching disabled for JetifyTransform: ~/.gradle/caches/modules-2/files-2.1/androidx.collection/collection-ktx/1.4.0/2ad14aed781c4a73ed4dbb421966d408a0a06686/collection-ktx-1.4.0.jar because:
  Build cache is disabled
Skipping JetifyTransform: ~/.gradle/caches/modules-2/files-2.1/androidx.collection/collection-ktx/1.4.0/2ad14aed781c4a73ed4dbb421966d408a0a06686/collection-ktx-1.4.0.jar as it is up-to-date.
Transforming collection-ktx-1.4.0.jar (androidx.collection:collection-ktx:1.4.0) with IdentityTransform
Caching disabled for JetifyTransform: ~/.gradle/caches/modules-2/files-2.1/androidx.collection/collection-jvm/1.4.0/e209fb7bd1183032f55a0408121c6251a81acb49/collection-jvm-1.4.0.jar because:
  Build cache is disabled
Skipping JetifyTransform: ~/.gradle/caches/modules-2/files-2.1/androidx.collection/collection-jvm/1.4.0/e209fb7bd1183032f55a0408121c6251a81acb49/collection-jvm-1.4.0.jar as it is up-to-date.
Transforming collection-jvm-1.4.0.jar (androidx.collection:collection-jvm:1.4.0) with IdentityTransform
Caching disabled for IdentityTransform: ~/.gradle/caches/transforms-3/484f6e1f2021a54763fa98232c3880f5/transformed/jetified-collection-jvm-1.4.0.jar because:
  Build cache is disabled
Skipping IdentityTransform: ~/.gradle/caches/transforms-3/484f6e1f2021a54763fa98232c3880f5/transformed/jetified-collection-jvm-1.4.0.jar as it is up-to-date.
Transforming collection-jvm-1.4.0.jar (androidx.collection:collection-jvm:1.4.0) with EnumerateClassesTransform
Caching disabled for AarToClassTransform: ~/.gradle/caches/transforms-3/9631d37ca75c4e1488fe87e6dd0269d3/transformed/jetified-startup-runtime-1.1.1.aar because:
  Build cache is disabled
Skipping AarToClassTransform: ~/.gradle/caches/transforms-3/9631d37ca75c4e1488fe87e6dd0269d3/transformed/jetified-startup-runtime-1.1.1.aar as it is up-to-date.
Transforming startup-runtime-1.1.1.aar (androidx.startup:startup-runtime:1.1.1) with EnumerateClassesTransform
Caching disabled for IdentityTransform: ~/.gradle/caches/transforms-3/3430f2bd0f7fcf01c1fced75c1dcce84/transformed/jetified-collection-ktx-1.4.0.jar because:
  Build cache is disabled
Skipping IdentityTransform: ~/.gradle/caches/transforms-3/3430f2bd0f7fcf01c1fced75c1dcce84/transformed/jetified-collection-ktx-1.4.0.jar as it is up-to-date.
Transforming collection-ktx-1.4.0.jar (androidx.collection:collection-ktx:1.4.0) with EnumerateClassesTransform
Caching disabled for EnumerateClassesTransform: ~/.gradle/caches/transforms-3/6345fec3b9b3c6a4db26e45e7f25bb5a/transformed/jetified-startup-runtime-1.1.1-runtime.jar because:
  Build cache is disabled
Skipping EnumerateClassesTransform: ~/.gradle/caches/transforms-3/6345fec3b9b3c6a4db26e45e7f25bb5a/transformed/jetified-startup-runtime-1.1.1-runtime.jar as it is up-to-date.
Transforming concurrent-futures-1.1.0.jar (androidx.concurrent:concurrent-futures:1.1.0) with JetifyTransform
Caching disabled for EnumerateClassesTransform: ~/.gradle/caches/transforms-3/484f6e1f2021a54763fa98232c3880f5/transformed/jetified-collection-jvm-1.4.0.jar because:
  Build cache is disabled
Skipping EnumerateClassesTransform: ~/.gradle/caches/transforms-3/484f6e1f2021a54763fa98232c3880f5/transformed/jetified-collection-jvm-1.4.0.jar as it is up-to-date.
Caching disabled for EnumerateClassesTransform: ~/.gradle/caches/transforms-3/3430f2bd0f7fcf01c1fced75c1dcce84/transformed/jetified-collection-ktx-1.4.0.jar because:
  Build cache is disabled
Caching disabled for AarToClassTransform: ~/.gradle/caches/modules-2/files-2.1/androidx.exifinterface/exifinterface/1.3.3/fb98cc99d9219c875b12f24b33f66318f4784edc/exifinterface-1.3.3.aar because:
  Build cache is disabled
Skipping AarToClassTransform: ~/.gradle/caches/modules-2/files-2.1/androidx.exifinterface/exifinterface/1.3.3/fb98cc99d9219c875b12f24b33f66318f4784edc/exifinterface-1.3.3.aar as it is up-to-date.
Transforming exifinterface-1.3.3.aar (androidx.exifinterface:exifinterface:1.3.3) with EnumerateClassesTransform
Skipping EnumerateClassesTransform: ~/.gradle/caches/transforms-3/3430f2bd0f7fcf01c1fced75c1dcce84/transformed/jetified-collection-ktx-1.4.0.jar as it is up-to-date.
Caching disabled for JetifyTransform: ~/.gradle/caches/modules-2/files-2.1/androidx.concurrent/concurrent-futures/1.1.0/50b7fb98350d5f42a4e49704b03278542293ba48/concurrent-futures-1.1.0.jar because:
  Build cache is disabled
Caching disabled for AarToClassTransform: ~/.gradle/caches/modules-2/files-2.1/androidx.sqlite/sqlite/2.3.0/3dc5b3c69a6d20d8228fd60f3c6ef97f2f416efe/sqlite-2.3.0.aar because:
  Build cache is disabled
Skipping JetifyTransform: ~/.gradle/caches/modules-2/files-2.1/androidx.concurrent/concurrent-futures/1.1.0/50b7fb98350d5f42a4e49704b03278542293ba48/concurrent-futures-1.1.0.jar as it is up-to-date.
Transforming concurrent-futures-1.1.0.jar (androidx.concurrent:concurrent-futures:1.1.0) with IdentityTransform
Caching disabled for EnumerateClassesTransform: ~/.gradle/caches/transforms-3/277edfea4842906952f18c592f225a8c/transformed/exifinterface-1.3.3-runtime.jar because:
  Build cache is disabled
Skipping EnumerateClassesTransform: ~/.gradle/caches/transforms-3/277edfea4842906952f18c592f225a8c/transformed/exifinterface-1.3.3-runtime.jar as it is up-to-date.
Skipping AarToClassTransform: ~/.gradle/caches/modules-2/files-2.1/androidx.sqlite/sqlite/2.3.0/3dc5b3c69a6d20d8228fd60f3c6ef97f2f416efe/sqlite-2.3.0.aar as it is up-to-date.
Transforming sqlite-2.3.0.aar (androidx.sqlite:sqlite:2.3.0) with EnumerateClassesTransform
Caching disabled for IdentityTransform: ~/.gradle/caches/transforms-3/51f40852ad70bf084a6ef9c4083af264/transformed/jetified-concurrent-futures-1.1.0.jar because:
  Build cache is disabled
Skipping IdentityTransform: ~/.gradle/caches/transforms-3/51f40852ad70bf084a6ef9c4083af264/transformed/jetified-concurrent-futures-1.1.0.jar as it is up-to-date.
Transforming concurrent-futures-1.1.0.jar (androidx.concurrent:concurrent-futures:1.1.0) with EnumerateClassesTransform
Caching disabled for AarToClassTransform: ~/.gradle/caches/transforms-3/d60159bcdace77b7bdca1e6eec5c2e75/transformed/jetified-tracing-1.0.0.aar because:
  Build cache is disabled
Skipping AarToClassTransform: ~/.gradle/caches/transforms-3/d60159bcdace77b7bdca1e6eec5c2e75/transformed/jetified-tracing-1.0.0.aar as it is up-to-date.
Transforming tracing-1.0.0.aar (androidx.tracing:tracing:1.0.0) with EnumerateClassesTransform
Caching disabled for EnumerateClassesTransform: ~/.gradle/caches/transforms-3/b520fc6aa21f550c71bffc7fedacd615/transformed/sqlite-2.3.0-runtime.jar because:
  Build cache is disabled
Skipping EnumerateClassesTransform: ~/.gradle/caches/transforms-3/b520fc6aa21f550c71bffc7fedacd615/transformed/sqlite-2.3.0-runtime.jar as it is up-to-date.
Caching disabled for EnumerateClassesTransform: ~/.gradle/caches/transforms-3/51f40852ad70bf084a6ef9c4083af264/transformed/jetified-concurrent-futures-1.1.0.jar because:
  Build cache is disabled
Skipping EnumerateClassesTransform: ~/.gradle/caches/transforms-3/51f40852ad70bf084a6ef9c4083af264/transformed/jetified-concurrent-futures-1.1.0.jar as it is up-to-date.
Caching disabled for AarToClassTransform: ~/.gradle/caches/modules-2/files-2.1/androidx.localbroadcastmanager/localbroadcastmanager/1.0.0/2734f31c8321e83ce6b60570d14777fc33cc2ece/localbroadcastmanager-1.0.0.aar because:
  Build cache is disabled
Caching disabled for EnumerateClassesTransform: ~/.gradle/caches/transforms-3/e463561f5f406c8577cb97e386192931/transformed/jetified-tracing-1.0.0-runtime.jar because:
  Build cache is disabled
Skipping AarToClassTransform: ~/.gradle/caches/modules-2/files-2.1/androidx.localbroadcastmanager/localbroadcastmanager/1.0.0/2734f31c8321e83ce6b60570d14777fc33cc2ece/localbroadcastmanager-1.0.0.aar as it is up-to-date.
Skipping EnumerateClassesTransform: ~/.gradle/caches/transforms-3/e463561f5f406c8577cb97e386192931/transformed/jetified-tracing-1.0.0-runtime.jar as it is up-to-date.
Transforming localbroadcastmanager-1.0.0.aar (androidx.localbroadcastmanager:localbroadcastmanager:1.0.0) with EnumerateClassesTransform
Caching disabled for AarToClassTransform: ~/.gradle/caches/modules-2/files-2.1/androidx.print/print/1.0.0/7722094652c48ebe27acc94d74a55e759e4635ff/print-1.0.0.aar because:
  Build cache is disabled
Skipping AarToClassTransform: ~/.gradle/caches/modules-2/files-2.1/androidx.print/print/1.0.0/7722094652c48ebe27acc94d74a55e759e4635ff/print-1.0.0.aar as it is up-to-date.
Caching disabled for AarToClassTransform: ~/.gradle/caches/transforms-3/3d34fc979491ef24004a5e4ed6a51523/transformed/jetified-annotation-experimental-1.4.0.aar because:
  Build cache is disabled
Skipping AarToClassTransform: ~/.gradle/caches/transforms-3/3d34fc979491ef24004a5e4ed6a51523/transformed/jetified-annotation-experimental-1.4.0.aar as it is up-to-date.
Transforming annotation-experimental-1.4.0.aar (androidx.annotation:annotation-experimental:1.4.0) with EnumerateClassesTransform
Transforming print-1.0.0.aar (androidx.print:print:1.0.0) with EnumerateClassesTransform
Caching disabled for EnumerateClassesTransform: ~/.gradle/caches/transforms-3/d39fc2ca874a011a3a25d17042c8cd2d/transformed/localbroadcastmanager-1.0.0-runtime.jar because:
  Build cache is disabled
Skipping EnumerateClassesTransform: ~/.gradle/caches/transforms-3/d39fc2ca874a011a3a25d17042c8cd2d/transformed/localbroadcastmanager-1.0.0-runtime.jar as it is up-to-date.
Transforming kotlin-parcelize-runtime-1.6.10.jar (org.jetbrains.kotlin:kotlin-parcelize-runtime:1.6.10) with JetifyTransform
Caching disabled for EnumerateClassesTransform: ~/.gradle/caches/transforms-3/8cc3e01d4c835d977c19823d45a4e52d/transformed/jetified-annotation-experimental-1.4.0-runtime.jar because:
  Build cache is disabled
Skipping EnumerateClassesTransform: ~/.gradle/caches/transforms-3/8cc3e01d4c835d977c19823d45a4e52d/transformed/jetified-annotation-experimental-1.4.0-runtime.jar as it is up-to-date.
Transforming kotlin-android-extensions-runtime-1.6.10.jar (org.jetbrains.kotlin:kotlin-android-extensions-runtime:1.6.10) with JetifyTransform
Caching disabled for EnumerateClassesTransform: ~/.gradle/caches/transforms-3/0b8e1f4a1365bc1a3b025a085e64e187/transformed/print-1.0.0-runtime.jar because:
  Build cache is disabled
Skipping EnumerateClassesTransform: ~/.gradle/caches/transforms-3/0b8e1f4a1365bc1a3b025a085e64e187/transformed/print-1.0.0-runtime.jar as it is up-to-date.
Transforming kotlin-stdlib-jdk7-1.8.20.jar (org.jetbrains.kotlin:kotlin-stdlib-jdk7:1.8.20) with JetifyTransform
Caching disabled for JetifyTransform: ~/.gradle/caches/modules-2/files-2.1/org.jetbrains.kotlin/kotlin-android-extensions-runtime/1.6.10/4a6b6e4fb87c54c5d2a7eb51a497ac23dd200d62/kotlin-android-extensions-runtime-1.6.10.jar because:
  Build cache is disabled
Caching disabled for JetifyTransform: ~/.gradle/caches/modules-2/files-2.1/org.jetbrains.kotlin/kotlin-parcelize-runtime/1.6.10/c58baadb61a92d63b124293db47e3aa198148d86/kotlin-parcelize-runtime-1.6.10.jar because:
  Build cache is disabled
Skipping JetifyTransform: ~/.gradle/caches/modules-2/files-2.1/org.jetbrains.kotlin/kotlin-android-extensions-runtime/1.6.10/4a6b6e4fb87c54c5d2a7eb51a497ac23dd200d62/kotlin-android-extensions-runtime-1.6.10.jar as it is up-to-date.
Transforming kotlin-android-extensions-runtime-1.6.10.jar (org.jetbrains.kotlin:kotlin-android-extensions-runtime:1.6.10) with IdentityTransform
Skipping JetifyTransform: ~/.gradle/caches/modules-2/files-2.1/org.jetbrains.kotlin/kotlin-parcelize-runtime/1.6.10/c58baadb61a92d63b124293db47e3aa198148d86/kotlin-parcelize-runtime-1.6.10.jar as it is up-to-date.
Transforming kotlin-parcelize-runtime-1.6.10.jar (org.jetbrains.kotlin:kotlin-parcelize-runtime:1.6.10) with IdentityTransform
Caching disabled for JetifyTransform: ~/.gradle/caches/modules-2/files-2.1/org.jetbrains.kotlin/kotlin-stdlib-jdk7/1.8.20/3aa51faf20aae8b31e1a4bc54f8370673d7b7df4/kotlin-stdlib-jdk7-1.8.20.jar because:
  Build cache is disabled
Skipping JetifyTransform: ~/.gradle/caches/modules-2/files-2.1/org.jetbrains.kotlin/kotlin-stdlib-jdk7/1.8.20/3aa51faf20aae8b31e1a4bc54f8370673d7b7df4/kotlin-stdlib-jdk7-1.8.20.jar as it is up-to-date.
Transforming kotlin-stdlib-jdk7-1.8.20.jar (org.jetbrains.kotlin:kotlin-stdlib-jdk7:1.8.20) with IdentityTransform
Caching disabled for IdentityTransform: ~/.gradle/caches/transforms-3/47789c99adb2fa7e9348c419c37e4e1e/transformed/jetified-kotlin-parcelize-runtime-1.6.10.jar because:
  Build cache is disabled
Skipping IdentityTransform: ~/.gradle/caches/transforms-3/47789c99adb2fa7e9348c419c37e4e1e/transformed/jetified-kotlin-parcelize-runtime-1.6.10.jar as it is up-to-date.
Transforming kotlin-parcelize-runtime-1.6.10.jar (org.jetbrains.kotlin:kotlin-parcelize-runtime:1.6.10) with EnumerateClassesTransform
Caching disabled for IdentityTransform: ~/.gradle/caches/transforms-3/23edaea5b07aa54cd30f6af720321f70/transformed/jetified-kotlin-android-extensions-runtime-1.6.10.jar because:
  Build cache is disabled
Skipping IdentityTransform: ~/.gradle/caches/transforms-3/23edaea5b07aa54cd30f6af720321f70/transformed/jetified-kotlin-android-extensions-runtime-1.6.10.jar as it is up-to-date.
Transforming kotlin-android-extensions-runtime-1.6.10.jar (org.jetbrains.kotlin:kotlin-android-extensions-runtime:1.6.10) with EnumerateClassesTransform
Caching disabled for IdentityTransform: ~/.gradle/caches/transforms-3/18a3180d8a0e0de5e935ed15df177a17/transformed/jetified-kotlin-stdlib-jdk7-1.8.20.jar because:
  Build cache is disabled
Skipping IdentityTransform: ~/.gradle/caches/transforms-3/18a3180d8a0e0de5e935ed15df177a17/transformed/jetified-kotlin-stdlib-jdk7-1.8.20.jar as it is up-to-date.
Transforming kotlin-stdlib-jdk7-1.8.20.jar (org.jetbrains.kotlin:kotlin-stdlib-jdk7:1.8.20) with EnumerateClassesTransform
Caching disabled for EnumerateClassesTransform: ~/.gradle/caches/transforms-3/47789c99adb2fa7e9348c419c37e4e1e/transformed/jetified-kotlin-parcelize-runtime-1.6.10.jar because:
  Build cache is disabled
Skipping EnumerateClassesTransform: ~/.gradle/caches/transforms-3/47789c99adb2fa7e9348c419c37e4e1e/transformed/jetified-kotlin-parcelize-runtime-1.6.10.jar as it is up-to-date.
Transforming annotation-jvm-1.7.0.jar (androidx.annotation:annotation-jvm:1.7.0) with JetifyTransform
Caching disabled for EnumerateClassesTransform: ~/.gradle/caches/transforms-3/23edaea5b07aa54cd30f6af720321f70/transformed/jetified-kotlin-android-extensions-runtime-1.6.10.jar because:
  Build cache is disabled
Skipping EnumerateClassesTransform: ~/.gradle/caches/transforms-3/23edaea5b07aa54cd30f6af720321f70/transformed/jetified-kotlin-android-extensions-runtime-1.6.10.jar as it is up-to-date.
Transforming kotlin-stdlib-1.8.22.jar (org.jetbrains.kotlin:kotlin-stdlib:1.8.22) with JetifyTransform
Caching disabled for EnumerateClassesTransform: ~/.gradle/caches/transforms-3/18a3180d8a0e0de5e935ed15df177a17/transformed/jetified-kotlin-stdlib-jdk7-1.8.20.jar because:
  Build cache is disabled
Skipping EnumerateClassesTransform: ~/.gradle/caches/transforms-3/18a3180d8a0e0de5e935ed15df177a17/transformed/jetified-kotlin-stdlib-jdk7-1.8.20.jar as it is up-to-date.
Transforming constraintlayout-core-1.0.3.jar (androidx.constraintlayout:constraintlayout-core:1.0.3) with JetifyTransform
Caching disabled for JetifyTransform: ~/.gradle/caches/modules-2/files-2.1/androidx.annotation/annotation-jvm/1.7.0/920472d40adcdef5e18708976b3e314f9a636fcd/annotation-jvm-1.7.0.jar because:
  Build cache is disabled
Skipping JetifyTransform: ~/.gradle/caches/modules-2/files-2.1/androidx.annotation/annotation-jvm/1.7.0/920472d40adcdef5e18708976b3e314f9a636fcd/annotation-jvm-1.7.0.jar as it is up-to-date.
Transforming annotation-jvm-1.7.0.jar (androidx.annotation:annotation-jvm:1.7.0) with IdentityTransform
Caching disabled for JetifyTransform: ~/.gradle/caches/modules-2/files-2.1/org.jetbrains.kotlin/kotlin-stdlib/1.8.22/636bf8b320e7627482771bbac9ed7246773c02bd/kotlin-stdlib-1.8.22.jar because:
  Build cache is disabled
Skipping JetifyTransform: ~/.gradle/caches/modules-2/files-2.1/org.jetbrains.kotlin/kotlin-stdlib/1.8.22/636bf8b320e7627482771bbac9ed7246773c02bd/kotlin-stdlib-1.8.22.jar as it is up-to-date.
Transforming kotlin-stdlib-1.8.22.jar (org.jetbrains.kotlin:kotlin-stdlib:1.8.22) with IdentityTransform
Caching disabled for JetifyTransform: ~/.gradle/caches/modules-2/files-2.1/androidx.constraintlayout/constraintlayout-core/1.0.3/e3b33a654966aaf882b869e9aad3fa2113264c61/constraintlayout-core-1.0.3.jar because:
  Build cache is disabled
Caching disabled for IdentityTransform: ~/.gradle/caches/transforms-3/ee0a23ec068203d6a23c2c0b7bc6cc0d/transformed/jetified-annotation-jvm-1.7.0.jar because:
  Build cache is disabled
Skipping JetifyTransform: ~/.gradle/caches/modules-2/files-2.1/androidx.constraintlayout/constraintlayout-core/1.0.3/e3b33a654966aaf882b869e9aad3fa2113264c61/constraintlayout-core-1.0.3.jar as it is up-to-date.
Skipping IdentityTransform: ~/.gradle/caches/transforms-3/ee0a23ec068203d6a23c2c0b7bc6cc0d/transformed/jetified-annotation-jvm-1.7.0.jar as it is up-to-date.
Transforming annotation-jvm-1.7.0.jar (androidx.annotation:annotation-jvm:1.7.0) with EnumerateClassesTransform
Transforming constraintlayout-core-1.0.3.jar (androidx.constraintlayout:constraintlayout-core:1.0.3) with IdentityTransform
Caching disabled for IdentityTransform: ~/.gradle/caches/transforms-3/59ee954bc819d6450685d56a764da7a0/transformed/jetified-kotlin-stdlib-1.8.22.jar because:
  Build cache is disabled
Skipping IdentityTransform: ~/.gradle/caches/transforms-3/59ee954bc819d6450685d56a764da7a0/transformed/jetified-kotlin-stdlib-1.8.22.jar as it is up-to-date.
Transforming kotlin-stdlib-1.8.22.jar (org.jetbrains.kotlin:kotlin-stdlib:1.8.22) with EnumerateClassesTransform
Caching disabled for IdentityTransform: ~/.gradle/caches/transforms-3/9144888981cf872e2aa578642b7e39c9/transformed/jetified-constraintlayout-core-1.0.3.jar because:
  Build cache is disabled
Skipping IdentityTransform: ~/.gradle/caches/transforms-3/9144888981cf872e2aa578642b7e39c9/transformed/jetified-constraintlayout-core-1.0.3.jar as it is up-to-date.
Caching disabled for EnumerateClassesTransform: ~/.gradle/caches/transforms-3/ee0a23ec068203d6a23c2c0b7bc6cc0d/transformed/jetified-annotation-jvm-1.7.0.jar because:
  Build cache is disabled
Transforming constraintlayout-core-1.0.3.jar (androidx.constraintlayout:constraintlayout-core:1.0.3) with EnumerateClassesTransform
Skipping EnumerateClassesTransform: ~/.gradle/caches/transforms-3/ee0a23ec068203d6a23c2c0b7bc6cc0d/transformed/jetified-annotation-jvm-1.7.0.jar as it is up-to-date.
Transforming tink-android-1.5.0.jar (com.google.crypto.tink:tink-android:1.5.0) with JetifyTransform
Caching disabled for EnumerateClassesTransform: ~/.gradle/caches/transforms-3/59ee954bc819d6450685d56a764da7a0/transformed/jetified-kotlin-stdlib-1.8.22.jar because:
  Build cache is disabled
Skipping EnumerateClassesTransform: ~/.gradle/caches/transforms-3/59ee954bc819d6450685d56a764da7a0/transformed/jetified-kotlin-stdlib-1.8.22.jar as it is up-to-date.
Transforming disklrucache-4.11.0.jar (com.github.bumptech.glide:disklrucache:4.11.0) with JetifyTransform
Caching disabled for JetifyTransform: ~/.gradle/caches/modules-2/files-2.1/com.google.crypto.tink/tink-android/1.5.0/3d728fc1c43446a7a1e602c896b67cce2d57281d/tink-android-1.5.0.jar because:
  Build cache is disabled
Skipping JetifyTransform: ~/.gradle/caches/modules-2/files-2.1/com.google.crypto.tink/tink-android/1.5.0/3d728fc1c43446a7a1e602c896b67cce2d57281d/tink-android-1.5.0.jar as it is up-to-date.
Transforming tink-android-1.5.0.jar (com.google.crypto.tink:tink-android:1.5.0) with IdentityTransform
Caching disabled for JetifyTransform: ~/.gradle/caches/modules-2/files-2.1/com.github.bumptech.glide/disklrucache/4.11.0/ed93d2e20549ad85f692d964788ec77520d78a8b/disklrucache-4.11.0.jar because:
  Build cache is disabled
Skipping JetifyTransform: ~/.gradle/caches/modules-2/files-2.1/com.github.bumptech.glide/disklrucache/4.11.0/ed93d2e20549ad85f692d964788ec77520d78a8b/disklrucache-4.11.0.jar as it is up-to-date.
Transforming disklrucache-4.11.0.jar (com.github.bumptech.glide:disklrucache:4.11.0) with IdentityTransform
Caching disabled for EnumerateClassesTransform: ~/.gradle/caches/transforms-3/9144888981cf872e2aa578642b7e39c9/transformed/jetified-constraintlayout-core-1.0.3.jar because:
  Build cache is disabled
Skipping EnumerateClassesTransform: ~/.gradle/caches/transforms-3/9144888981cf872e2aa578642b7e39c9/transformed/jetified-constraintlayout-core-1.0.3.jar as it is up-to-date.
Transforming annotations-4.11.0.jar (com.github.bumptech.glide:annotations:4.11.0) with JetifyTransform
Caching disabled for IdentityTransform: ~/.gradle/caches/transforms-3/5edb817702cb5a8652562161e0325823/transformed/jetified-tink-android-1.5.0.jar because:
  Build cache is disabled
Skipping IdentityTransform: ~/.gradle/caches/transforms-3/5edb817702cb5a8652562161e0325823/transformed/jetified-tink-android-1.5.0.jar as it is up-to-date.
Transforming tink-android-1.5.0.jar (com.google.crypto.tink:tink-android:1.5.0) with EnumerateClassesTransform
Caching disabled for IdentityTransform: ~/.gradle/caches/transforms-3/8c232563c509ad8f50c936c0b11258df/transformed/jetified-disklrucache-4.11.0.jar because:
  Build cache is disabled
Skipping IdentityTransform: ~/.gradle/caches/transforms-3/8c232563c509ad8f50c936c0b11258df/transformed/jetified-disklrucache-4.11.0.jar as it is up-to-date.
Transforming disklrucache-4.11.0.jar (com.github.bumptech.glide:disklrucache:4.11.0) with EnumerateClassesTransform
Caching disabled for JetifyTransform: ~/.gradle/caches/modules-2/files-2.1/com.github.bumptech.glide/annotations/4.11.0/c57bae5a18147f8ae22f4da49baac875c6b6f84f/annotations-4.11.0.jar because:
  Build cache is disabled
Skipping JetifyTransform: ~/.gradle/caches/modules-2/files-2.1/com.github.bumptech.glide/annotations/4.11.0/c57bae5a18147f8ae22f4da49baac875c6b6f84f/annotations-4.11.0.jar as it is up-to-date.
Transforming annotations-4.11.0.jar (com.github.bumptech.glide:annotations:4.11.0) with IdentityTransform
Caching disabled for EnumerateClassesTransform: ~/.gradle/caches/transforms-3/5edb817702cb5a8652562161e0325823/transformed/jetified-tink-android-1.5.0.jar because:
  Build cache is disabled
Skipping EnumerateClassesTransform: ~/.gradle/caches/transforms-3/5edb817702cb5a8652562161e0325823/transformed/jetified-tink-android-1.5.0.jar as it is up-to-date.
Transforming nimbus-jose-jwt-9.37.3.jar (com.nimbusds:nimbus-jose-jwt:9.37.3) with JetifyTransform
Caching disabled for EnumerateClassesTransform: ~/.gradle/caches/transforms-3/8c232563c509ad8f50c936c0b11258df/transformed/jetified-disklrucache-4.11.0.jar because:
  Build cache is disabled
Skipping EnumerateClassesTransform: ~/.gradle/caches/transforms-3/8c232563c509ad8f50c936c0b11258df/transformed/jetified-disklrucache-4.11.0.jar as it is up-to-date.
Transforming httpcore5-5.3.jar (org.apache.httpcomponents.core5:httpcore5:5.3) with JetifyTransform
Caching disabled for IdentityTransform: ~/.gradle/caches/transforms-3/442d94e9d4a248c71c0beca96a5a0928/transformed/jetified-annotations-4.11.0.jar because:
  Build cache is disabled
Skipping IdentityTransform: ~/.gradle/caches/transforms-3/442d94e9d4a248c71c0beca96a5a0928/transformed/jetified-annotations-4.11.0.jar as it is up-to-date.
Transforming annotations-4.11.0.jar (com.github.bumptech.glide:annotations:4.11.0) with EnumerateClassesTransform
Caching disabled for JetifyTransform: ~/.gradle/caches/modules-2/files-2.1/com.nimbusds/nimbus-jose-jwt/9.37.3/700f71ffefd60c16bd8ce711a956967ea9071cec/nimbus-jose-jwt-9.37.3.jar because:
  Build cache is disabled
Skipping JetifyTransform: ~/.gradle/caches/modules-2/files-2.1/com.nimbusds/nimbus-jose-jwt/9.37.3/700f71ffefd60c16bd8ce711a956967ea9071cec/nimbus-jose-jwt-9.37.3.jar as it is up-to-date.
Transforming nimbus-jose-jwt-9.37.3.jar (com.nimbusds:nimbus-jose-jwt:9.37.3) with IdentityTransform
Caching disabled for IdentityTransform: ~/.gradle/caches/transforms-3/2c5b18137534b5607a1e34c37409d465/transformed/jetified-nimbus-jose-jwt-9.37.3.jar because:
  Build cache is disabled
Skipping IdentityTransform: ~/.gradle/caches/transforms-3/2c5b18137534b5607a1e34c37409d465/transformed/jetified-nimbus-jose-jwt-9.37.3.jar as it is up-to-date.
Transforming nimbus-jose-jwt-9.37.3.jar (com.nimbusds:nimbus-jose-jwt:9.37.3) with EnumerateClassesTransform
Caching disabled for EnumerateClassesTransform: ~/.gradle/caches/transforms-3/442d94e9d4a248c71c0beca96a5a0928/transformed/jetified-annotations-4.11.0.jar because:
  Build cache is disabled
Skipping EnumerateClassesTransform: ~/.gradle/caches/transforms-3/442d94e9d4a248c71c0beca96a5a0928/transformed/jetified-annotations-4.11.0.jar as it is up-to-date.
Transforming opentelemetry-api-1.18.0.jar (io.opentelemetry:opentelemetry-api:1.18.0) with JetifyTransform
Caching disabled for JetifyTransform: ~/.gradle/caches/modules-2/files-2.1/org.apache.httpcomponents.core5/httpcore5/5.3/a30e0b837732ac0e034c196dbdfcd8208d347a72/httpcore5-5.3.jar because:
  Build cache is disabled
Skipping JetifyTransform: ~/.gradle/caches/modules-2/files-2.1/org.apache.httpcomponents.core5/httpcore5/5.3/a30e0b837732ac0e034c196dbdfcd8208d347a72/httpcore5-5.3.jar as it is up-to-date.
Transforming httpcore5-5.3.jar (org.apache.httpcomponents.core5:httpcore5:5.3) with IdentityTransform
Caching disabled for JetifyTransform: ~/.gradle/caches/modules-2/files-2.1/io.opentelemetry/opentelemetry-api/1.18.0/b06e7e044b9e219b4934aa0f3b367a447418d8df/opentelemetry-api-1.18.0.jar because:
  Build cache is disabled
Skipping JetifyTransform: ~/.gradle/caches/modules-2/files-2.1/io.opentelemetry/opentelemetry-api/1.18.0/b06e7e044b9e219b4934aa0f3b367a447418d8df/opentelemetry-api-1.18.0.jar as it is up-to-date.
Transforming opentelemetry-api-1.18.0.jar (io.opentelemetry:opentelemetry-api:1.18.0) with IdentityTransform
Caching disabled for IdentityTransform: ~/.gradle/caches/transforms-3/c8032807ec534e8b14a81b84b9330598/transformed/jetified-httpcore5-5.3.jar because:
  Build cache is disabled
Skipping IdentityTransform: ~/.gradle/caches/transforms-3/c8032807ec534e8b14a81b84b9330598/transformed/jetified-httpcore5-5.3.jar as it is up-to-date.
Transforming httpcore5-5.3.jar (org.apache.httpcomponents.core5:httpcore5:5.3) with EnumerateClassesTransform
Caching disabled for EnumerateClassesTransform: ~/.gradle/caches/transforms-3/2c5b18137534b5607a1e34c37409d465/transformed/jetified-nimbus-jose-jwt-9.37.3.jar because:
  Build cache is disabled
Skipping EnumerateClassesTransform: ~/.gradle/caches/transforms-3/2c5b18137534b5607a1e34c37409d465/transformed/jetified-nimbus-jose-jwt-9.37.3.jar as it is up-to-date.
Transforming kotlin-stdlib-common-1.8.22.jar (org.jetbrains.kotlin:kotlin-stdlib-common:1.8.22) with JetifyTransform
Caching disabled for EnumerateClassesTransform: ~/.gradle/caches/transforms-3/c8032807ec534e8b14a81b84b9330598/transformed/jetified-httpcore5-5.3.jar because:
  Build cache is disabled
Skipping EnumerateClassesTransform: ~/.gradle/caches/transforms-3/c8032807ec534e8b14a81b84b9330598/transformed/jetified-httpcore5-5.3.jar as it is up-to-date.
Transforming annotations-23.0.0.jar (org.jetbrains:annotations:23.0.0) with JetifyTransform
Caching disabled for IdentityTransform: ~/.gradle/caches/transforms-3/971f131fb0ea7d199bf7831887736a6f/transformed/jetified-opentelemetry-api-1.18.0.jar because:
  Build cache is disabled
Skipping IdentityTransform: ~/.gradle/caches/transforms-3/971f131fb0ea7d199bf7831887736a6f/transformed/jetified-opentelemetry-api-1.18.0.jar as it is up-to-date.
Transforming opentelemetry-api-1.18.0.jar (io.opentelemetry:opentelemetry-api:1.18.0) with EnumerateClassesTransform
Caching disabled for JetifyTransform: ~/.gradle/caches/modules-2/files-2.1/org.jetbrains.kotlin/kotlin-stdlib-common/1.8.22/1a8e3601703ae14bb58757ea6b2d8e8e5935a586/kotlin-stdlib-common-1.8.22.jar because:
  Build cache is disabled
Skipping JetifyTransform: ~/.gradle/caches/modules-2/files-2.1/org.jetbrains.kotlin/kotlin-stdlib-common/1.8.22/1a8e3601703ae14bb58757ea6b2d8e8e5935a586/kotlin-stdlib-common-1.8.22.jar as it is up-to-date.
Transforming kotlin-stdlib-common-1.8.22.jar (org.jetbrains.kotlin:kotlin-stdlib-common:1.8.22) with IdentityTransform
Caching disabled for JetifyTransform: ~/.gradle/caches/modules-2/files-2.1/org.jetbrains/annotations/23.0.0/8cc20c07506ec18e0834947b84a864bfc094484e/annotations-23.0.0.jar because:
  Build cache is disabled
Skipping JetifyTransform: ~/.gradle/caches/modules-2/files-2.1/org.jetbrains/annotations/23.0.0/8cc20c07506ec18e0834947b84a864bfc094484e/annotations-23.0.0.jar as it is up-to-date.
Transforming annotations-23.0.0.jar (org.jetbrains:annotations:23.0.0) with IdentityTransform
Caching disabled for EnumerateClassesTransform: ~/.gradle/caches/transforms-3/971f131fb0ea7d199bf7831887736a6f/transformed/jetified-opentelemetry-api-1.18.0.jar because:
  Build cache is disabled
Skipping EnumerateClassesTransform: ~/.gradle/caches/transforms-3/971f131fb0ea7d199bf7831887736a6f/transformed/jetified-opentelemetry-api-1.18.0.jar as it is up-to-date.
Transforming listenablefuture-1.0.jar (com.google.guava:listenablefuture:1.0) with JetifyTransform
Caching disabled for IdentityTransform: ~/.gradle/caches/transforms-3/e92ac6d6deca6f286b3f157a36e73631/transformed/jetified-kotlin-stdlib-common-1.8.22.jar because:
  Build cache is disabled
Skipping IdentityTransform: ~/.gradle/caches/transforms-3/e92ac6d6deca6f286b3f157a36e73631/transformed/jetified-kotlin-stdlib-common-1.8.22.jar as it is up-to-date.
Transforming kotlin-stdlib-common-1.8.22.jar (org.jetbrains.kotlin:kotlin-stdlib-common:1.8.22) with EnumerateClassesTransform
Caching disabled for IdentityTransform: ~/.gradle/caches/transforms-3/5919fd87f80d0e136eb213a7ffeec3a2/transformed/jetified-annotations-23.0.0.jar because:
  Build cache is disabled
Skipping IdentityTransform: ~/.gradle/caches/transforms-3/5919fd87f80d0e136eb213a7ffeec3a2/transformed/jetified-annotations-23.0.0.jar as it is up-to-date.
Transforming annotations-23.0.0.jar (org.jetbrains:annotations:23.0.0) with EnumerateClassesTransform
Caching disabled for JetifyTransform: ~/.gradle/caches/modules-2/files-2.1/com.google.guava/listenablefuture/1.0/c949a840a6acbc5268d088e47b04177bf90b3cad/listenablefuture-1.0.jar because:
  Build cache is disabled
Skipping JetifyTransform: ~/.gradle/caches/modules-2/files-2.1/com.google.guava/listenablefuture/1.0/c949a840a6acbc5268d088e47b04177bf90b3cad/listenablefuture-1.0.jar as it is up-to-date.
Transforming listenablefuture-1.0.jar (com.google.guava:listenablefuture:1.0) with IdentityTransform
Caching disabled for EnumerateClassesTransform: ~/.gradle/caches/transforms-3/e92ac6d6deca6f286b3f157a36e73631/transformed/jetified-kotlin-stdlib-common-1.8.22.jar because:
  Build cache is disabled
Skipping EnumerateClassesTransform: ~/.gradle/caches/transforms-3/e92ac6d6deca6f286b3f157a36e73631/transformed/jetified-kotlin-stdlib-common-1.8.22.jar as it is up-to-date.
Transforming common4j-21.4.0.jar (com.microsoft.identity:common4j:21.4.0) with JetifyTransform
Caching disabled for EnumerateClassesTransform: ~/.gradle/caches/transforms-3/5919fd87f80d0e136eb213a7ffeec3a2/transformed/jetified-annotations-23.0.0.jar because:
  Build cache is disabled
Skipping EnumerateClassesTransform: ~/.gradle/caches/transforms-3/5919fd87f80d0e136eb213a7ffeec3a2/transformed/jetified-annotations-23.0.0.jar as it is up-to-date.
Transforming display-mask-0.3.0.jar (com.microsoft.device.display:display-mask:0.3.0) with JetifyTransform
Caching disabled for IdentityTransform: ~/.gradle/caches/transforms-3/973e4ba9dabcf0a50cf33865b66269ed/transformed/jetified-listenablefuture-1.0.jar because:
  Build cache is disabled
Skipping IdentityTransform: ~/.gradle/caches/transforms-3/973e4ba9dabcf0a50cf33865b66269ed/transformed/jetified-listenablefuture-1.0.jar as it is up-to-date.
Transforming listenablefuture-1.0.jar (com.google.guava:listenablefuture:1.0) with EnumerateClassesTransform
Caching disabled for JetifyTransform: ~/.gradle/caches/modules-2/files-2.1/com.microsoft.identity/common4j/21.4.0/1aaf05fccfae967af7907c19de7b5beff55e7de9/common4j-21.4.0.jar because:
  Build cache is disabled
Skipping JetifyTransform: ~/.gradle/caches/modules-2/files-2.1/com.microsoft.identity/common4j/21.4.0/1aaf05fccfae967af7907c19de7b5beff55e7de9/common4j-21.4.0.jar as it is up-to-date.
Transforming common4j-21.4.0.jar (com.microsoft.identity:common4j:21.4.0) with IdentityTransform
Caching disabled for EnumerateClassesTransform: ~/.gradle/caches/transforms-3/973e4ba9dabcf0a50cf33865b66269ed/transformed/jetified-listenablefuture-1.0.jar because:
  Build cache is disabled
Skipping EnumerateClassesTransform: ~/.gradle/caches/transforms-3/973e4ba9dabcf0a50cf33865b66269ed/transformed/jetified-listenablefuture-1.0.jar as it is up-to-date.
Caching disabled for JetifyTransform: ~/.gradle/caches/modules-2/files-2.1/com.microsoft.device.display/display-mask/0.3.0/afed445f24d7e59eede44bf974995860e568c8bd/display-mask-0.3.0.jar because:
  Build cache is disabled
Skipping JetifyTransform: ~/.gradle/caches/modules-2/files-2.1/com.microsoft.device.display/display-mask/0.3.0/afed445f24d7e59eede44bf974995860e568c8bd/display-mask-0.3.0.jar as it is up-to-date.
Transforming display-mask-0.3.0.jar (com.microsoft.device.display:display-mask:0.3.0) with IdentityTransform
Caching disabled for IdentityTransform: ~/.gradle/caches/transforms-3/e522cd96ca81fc806730903f35f3ffd7/transformed/jetified-common4j-21.4.0.jar because:
  Build cache is disabled
Skipping IdentityTransform: ~/.gradle/caches/transforms-3/e522cd96ca81fc806730903f35f3ffd7/transformed/jetified-common4j-21.4.0.jar as it is up-to-date.
Transforming common4j-21.4.0.jar (com.microsoft.identity:common4j:21.4.0) with EnumerateClassesTransform
Caching disabled for AarToClassTransform: ~/.gradle/caches/transforms-3/bd40617ca14a532af61eecfebcf5c011/transformed/jetified-android-2.5.0.aar because:
  Build cache is disabled
Skipping AarToClassTransform: ~/.gradle/caches/transforms-3/bd40617ca14a532af61eecfebcf5c011/transformed/jetified-android-2.5.0.aar as it is up-to-date.
Transforming android-2.5.0.aar (com.yubico.yubikit:android:2.5.0) with EnumerateClassesTransform
Caching disabled for IdentityTransform: ~/.gradle/caches/transforms-3/62b02a60ddbd59162a05b48dcd79b22d/transformed/jetified-display-mask-0.3.0.jar because:
  Build cache is disabled
Skipping IdentityTransform: ~/.gradle/caches/transforms-3/62b02a60ddbd59162a05b48dcd79b22d/transformed/jetified-display-mask-0.3.0.jar as it is up-to-date.
Transforming display-mask-0.3.0.jar (com.microsoft.device.display:display-mask:0.3.0) with EnumerateClassesTransform
Caching disabled for EnumerateClassesTransform: ~/.gradle/caches/transforms-3/e522cd96ca81fc806730903f35f3ffd7/transformed/jetified-common4j-21.4.0.jar because:
  Build cache is disabled
Skipping EnumerateClassesTransform: ~/.gradle/caches/transforms-3/e522cd96ca81fc806730903f35f3ffd7/transformed/jetified-common4j-21.4.0.jar as it is up-to-date.
Transforming piv-2.5.0.jar (com.yubico.yubikit:piv:2.5.0) with JetifyTransform
Caching disabled for EnumerateClassesTransform: ~/.gradle/caches/transforms-3/62b02a60ddbd59162a05b48dcd79b22d/transformed/jetified-display-mask-0.3.0.jar because:
  Build cache is disabled
Skipping EnumerateClassesTransform: ~/.gradle/caches/transforms-3/62b02a60ddbd59162a05b48dcd79b22d/transformed/jetified-display-mask-0.3.0.jar as it is up-to-date.
Transforming jcip-annotations-1.0-1.jar (com.github.stephenc.jcip:jcip-annotations:1.0-1) with JetifyTransform
Caching disabled for EnumerateClassesTransform: ~/.gradle/caches/transforms-3/241c5dbffb93d96ff5a93308f7ef43ff/transformed/jetified-android-2.5.0-runtime.jar because:
  Build cache is disabled
Skipping EnumerateClassesTransform: ~/.gradle/caches/transforms-3/241c5dbffb93d96ff5a93308f7ef43ff/transformed/jetified-android-2.5.0-runtime.jar as it is up-to-date.
Transforming opentelemetry-context-1.18.0.jar (io.opentelemetry:opentelemetry-context:1.18.0) with JetifyTransform
Caching disabled for JetifyTransform: ~/.gradle/caches/modules-2/files-2.1/com.yubico.yubikit/piv/2.5.0/72db4f444b35cfa0cedbe5f76fc1b792bdaba593/piv-2.5.0.jar because:
  Build cache is disabled
Skipping JetifyTransform: ~/.gradle/caches/modules-2/files-2.1/com.yubico.yubikit/piv/2.5.0/72db4f444b35cfa0cedbe5f76fc1b792bdaba593/piv-2.5.0.jar as it is up-to-date.
Transforming piv-2.5.0.jar (com.yubico.yubikit:piv:2.5.0) with IdentityTransform
Caching disabled for JetifyTransform: ~/.gradle/caches/modules-2/files-2.1/com.github.stephenc.jcip/jcip-annotations/1.0-1/ef31541dd28ae2cefdd17c7ebf352d93e9058c63/jcip-annotations-1.0-1.jar because:
  Build cache is disabled
Skipping JetifyTransform: ~/.gradle/caches/modules-2/files-2.1/com.github.stephenc.jcip/jcip-annotations/1.0-1/ef31541dd28ae2cefdd17c7ebf352d93e9058c63/jcip-annotations-1.0-1.jar as it is up-to-date.
Transforming jcip-annotations-1.0-1.jar (com.github.stephenc.jcip:jcip-annotations:1.0-1) with IdentityTransform
Caching disabled for IdentityTransform: ~/.gradle/caches/transforms-3/813258700a9b9f00064eb95d8918f8b6/transformed/jetified-piv-2.5.0.jar because:
  Build cache is disabled
Skipping IdentityTransform: ~/.gradle/caches/transforms-3/813258700a9b9f00064eb95d8918f8b6/transformed/jetified-piv-2.5.0.jar as it is up-to-date.
Transforming piv-2.5.0.jar (com.yubico.yubikit:piv:2.5.0) with EnumerateClassesTransform
Caching disabled for IdentityTransform: ~/.gradle/caches/transforms-3/55abfd827e7250ab6f0106208a1c63fd/transformed/jetified-jcip-annotations-1.0-1.jar because:
  Build cache is disabled
Skipping IdentityTransform: ~/.gradle/caches/transforms-3/55abfd827e7250ab6f0106208a1c63fd/transformed/jetified-jcip-annotations-1.0-1.jar as it is up-to-date.
Transforming jcip-annotations-1.0-1.jar (com.github.stephenc.jcip:jcip-annotations:1.0-1) with EnumerateClassesTransform
Caching disabled for JetifyTransform: ~/.gradle/caches/modules-2/files-2.1/io.opentelemetry/opentelemetry-context/1.18.0/d42e8b8a61e3cfdc3c347bbe6c1545817d93892f/opentelemetry-context-1.18.0.jar because:
  Build cache is disabled
Skipping JetifyTransform: ~/.gradle/caches/modules-2/files-2.1/io.opentelemetry/opentelemetry-context/1.18.0/d42e8b8a61e3cfdc3c347bbe6c1545817d93892f/opentelemetry-context-1.18.0.jar as it is up-to-date.
Transforming opentelemetry-context-1.18.0.jar (io.opentelemetry:opentelemetry-context:1.18.0) with IdentityTransform
Caching disabled for EnumerateClassesTransform: ~/.gradle/caches/transforms-3/813258700a9b9f00064eb95d8918f8b6/transformed/jetified-piv-2.5.0.jar because:
  Build cache is disabled
Skipping EnumerateClassesTransform: ~/.gradle/caches/transforms-3/813258700a9b9f00064eb95d8918f8b6/transformed/jetified-piv-2.5.0.jar as it is up-to-date.
Transforming core-2.5.0.jar (com.yubico.yubikit:core:2.5.0) with JetifyTransform
Caching disabled for IdentityTransform: ~/.gradle/caches/transforms-3/1ef43913596a2e72f0e4e06f47e5f1b7/transformed/jetified-opentelemetry-context-1.18.0.jar because:
  Build cache is disabled
Skipping IdentityTransform: ~/.gradle/caches/transforms-3/1ef43913596a2e72f0e4e06f47e5f1b7/transformed/jetified-opentelemetry-context-1.18.0.jar as it is up-to-date.
Transforming opentelemetry-context-1.18.0.jar (io.opentelemetry:opentelemetry-context:1.18.0) with EnumerateClassesTransform
Caching disabled for EnumerateClassesTransform: ~/.gradle/caches/transforms-3/55abfd827e7250ab6f0106208a1c63fd/transformed/jetified-jcip-annotations-1.0-1.jar because:
  Build cache is disabled
Skipping EnumerateClassesTransform: ~/.gradle/caches/transforms-3/55abfd827e7250ab6f0106208a1c63fd/transformed/jetified-jcip-annotations-1.0-1.jar as it is up-to-date.
Transforming slf4j-api-2.0.9.jar (org.slf4j:slf4j-api:2.0.9) with JetifyTransform
Caching disabled for EnumerateClassesTransform: ~/.gradle/caches/transforms-3/1ef43913596a2e72f0e4e06f47e5f1b7/transformed/jetified-opentelemetry-context-1.18.0.jar because:
  Build cache is disabled
Skipping EnumerateClassesTransform: ~/.gradle/caches/transforms-3/1ef43913596a2e72f0e4e06f47e5f1b7/transformed/jetified-opentelemetry-context-1.18.0.jar as it is up-to-date.
Caching disabled for JetifyTransform: ~/.gradle/caches/modules-2/files-2.1/com.yubico.yubikit/core/2.5.0/92cf90406cce32b8e1671cc7adc5383c48578343/core-2.5.0.jar because:
  Build cache is disabled
Skipping JetifyTransform: ~/.gradle/caches/modules-2/files-2.1/com.yubico.yubikit/core/2.5.0/92cf90406cce32b8e1671cc7adc5383c48578343/core-2.5.0.jar as it is up-to-date.
Transforming core-2.5.0.jar (com.yubico.yubikit:core:2.5.0) with IdentityTransform
Caching disabled for JetifyTransform: ~/.gradle/caches/modules-2/files-2.1/org.slf4j/slf4j-api/2.0.9/7cf2726fdcfbc8610f9a71fb3ed639871f315340/slf4j-api-2.0.9.jar because:
  Build cache is disabled
Skipping JetifyTransform: ~/.gradle/caches/modules-2/files-2.1/org.slf4j/slf4j-api/2.0.9/7cf2726fdcfbc8610f9a71fb3ed639871f315340/slf4j-api-2.0.9.jar as it is up-to-date.
Caching disabled for AarToClassTransform: ~/.gradle/caches/transforms-3/027eae65270ca9eff94f67261992de97/transformed/jetified-play-services-base-18.0.1.aar because:
  Build cache is disabled
Skipping AarToClassTransform: ~/.gradle/caches/transforms-3/027eae65270ca9eff94f67261992de97/transformed/jetified-play-services-base-18.0.1.aar as it is up-to-date.
Transforming slf4j-api-2.0.9.jar (org.slf4j:slf4j-api:2.0.9) with IdentityTransform
Transforming play-services-base-18.0.1.aar (com.google.android.gms:play-services-base:18.0.1) with EnumerateClassesTransform
Caching disabled for IdentityTransform: ~/.gradle/caches/transforms-3/3a3d3156a8da7fee57c24dd356754cb1/transformed/jetified-slf4j-api-2.0.9.jar because:
  Build cache is disabled
Skipping IdentityTransform: ~/.gradle/caches/transforms-3/3a3d3156a8da7fee57c24dd356754cb1/transformed/jetified-slf4j-api-2.0.9.jar as it is up-to-date.
Transforming slf4j-api-2.0.9.jar (org.slf4j:slf4j-api:2.0.9) with EnumerateClassesTransform
Caching disabled for IdentityTransform: ~/.gradle/caches/transforms-3/0c2004e450c8638fd89abe24289fbc3c/transformed/jetified-core-2.5.0.jar because:
  Build cache is disabled
Skipping IdentityTransform: ~/.gradle/caches/transforms-3/0c2004e450c8638fd89abe24289fbc3c/transformed/jetified-core-2.5.0.jar as it is up-to-date.
Transforming core-2.5.0.jar (com.yubico.yubikit:core:2.5.0) with EnumerateClassesTransform
Caching disabled for EnumerateClassesTransform: ~/.gradle/caches/transforms-3/588a3969866e3a9a79b628394900402e/transformed/jetified-play-services-base-18.0.1-runtime.jar because:
  Build cache is disabled
Skipping EnumerateClassesTransform: ~/.gradle/caches/transforms-3/588a3969866e3a9a79b628394900402e/transformed/jetified-play-services-base-18.0.1-runtime.jar as it is up-to-date.
Caching disabled for EnumerateClassesTransform: ~/.gradle/caches/transforms-3/3a3d3156a8da7fee57c24dd356754cb1/transformed/jetified-slf4j-api-2.0.9.jar because:
  Build cache is disabled
Skipping EnumerateClassesTransform: ~/.gradle/caches/transforms-3/3a3d3156a8da7fee57c24dd356754cb1/transformed/jetified-slf4j-api-2.0.9.jar as it is up-to-date.
Caching disabled for AarToClassTransform: ~/.gradle/caches/modules-2/files-2.1/androidx.navigation/navigation-common-ktx/2.7.0/f9ab0e0455aeea20c0fa9a8b4cc9f37acc4cf08c/navigation-common-ktx-2.7.0.aar because:
  Build cache is disabled
Caching disabled for AarToClassTransform: ~/.gradle/caches/transforms-3/cd43504320f53f7b369f89aab0200c5e/transformed/jetified-coil-compose-2.0.0.aar because:
  Build cache is disabled
Skipping AarToClassTransform: ~/.gradle/caches/modules-2/files-2.1/androidx.navigation/navigation-common-ktx/2.7.0/f9ab0e0455aeea20c0fa9a8b4cc9f37acc4cf08c/navigation-common-ktx-2.7.0.aar as it is up-to-date.
Skipping AarToClassTransform: ~/.gradle/caches/transforms-3/cd43504320f53f7b369f89aab0200c5e/transformed/jetified-coil-compose-2.0.0.aar as it is up-to-date.
Transforming coil-compose-2.0.0.aar (io.coil-kt:coil-compose:2.0.0) with EnumerateClassesTransform
Caching disabled for EnumerateClassesTransform: ~/.gradle/caches/transforms-3/0c2004e450c8638fd89abe24289fbc3c/transformed/jetified-core-2.5.0.jar because:
  Build cache is disabled
Skipping EnumerateClassesTransform: ~/.gradle/caches/transforms-3/0c2004e450c8638fd89abe24289fbc3c/transformed/jetified-core-2.5.0.jar as it is up-to-date.
Transforming navigation-common-ktx-2.7.0.aar (androidx.navigation:navigation-common-ktx:2.7.0) with EnumerateClassesTransform
Caching disabled for AarToClassTransform: ~/.gradle/caches/modules-2/files-2.1/androidx.navigation/navigation-runtime-ktx/2.7.0/4a8bc53b40b57db4bdfe10e830cc4ac9d9af9ba1/navigation-runtime-ktx-2.7.0.aar because:
  Build cache is disabled
Skipping AarToClassTransform: ~/.gradle/caches/modules-2/files-2.1/androidx.navigation/navigation-runtime-ktx/2.7.0/4a8bc53b40b57db4bdfe10e830cc4ac9d9af9ba1/navigation-runtime-ktx-2.7.0.aar as it is up-to-date.
Transforming navigation-runtime-ktx-2.7.0.aar (androidx.navigation:navigation-runtime-ktx:2.7.0) with EnumerateClassesTransform
Caching disabled for EnumerateClassesTransform: ~/.gradle/caches/transforms-3/f6fe5a8347e71b9d03b53961fdfcff3e/transformed/jetified-coil-compose-2.0.0-runtime.jar because:
  Build cache is disabled
Skipping EnumerateClassesTransform: ~/.gradle/caches/transforms-3/f6fe5a8347e71b9d03b53961fdfcff3e/transformed/jetified-coil-compose-2.0.0-runtime.jar as it is up-to-date.
Caching disabled for EnumerateClassesTransform: ~/.gradle/caches/transforms-3/84fbe5a8ef961410aead3fc3982fb813/transformed/navigation-common-ktx-2.7.0-runtime.jar because:
  Build cache is disabled
Skipping EnumerateClassesTransform: ~/.gradle/caches/transforms-3/84fbe5a8ef961410aead3fc3982fb813/transformed/navigation-common-ktx-2.7.0-runtime.jar as it is up-to-date.
Caching disabled for EnumerateClassesTransform: ~/.gradle/caches/transforms-3/bef4325a864f0e0c53b92f4b87621d27/transformed/navigation-runtime-ktx-2.7.0-runtime.jar because:
  Build cache is disabled
Skipping EnumerateClassesTransform: ~/.gradle/caches/transforms-3/bef4325a864f0e0c53b92f4b87621d27/transformed/navigation-runtime-ktx-2.7.0-runtime.jar as it is up-to-date.
Caching disabled for AarToClassTransform: ~/.gradle/caches/transforms-3/7fc40b7574a825141f7efb7b652ef7a8/transformed/jetified-navigation-compose-2.7.0.aar because:
  Build cache is disabled
Skipping AarToClassTransform: ~/.gradle/caches/transforms-3/7fc40b7574a825141f7efb7b652ef7a8/transformed/jetified-navigation-compose-2.7.0.aar as it is up-to-date.
Transforming navigation-compose-2.7.0.aar (androidx.navigation:navigation-compose:2.7.0) with EnumerateClassesTransform
Caching disabled for AarToClassTransform: ~/.gradle/caches/modules-2/files-2.1/androidx.constraintlayout/constraintlayout/2.1.3/fc2ad58f4c8e6172e584a7b9c991e0cb6a0ec7ca/constraintlayout-2.1.3.aar because:
  Build cache is disabled
Skipping AarToClassTransform: ~/.gradle/caches/modules-2/files-2.1/androidx.constraintlayout/constraintlayout/2.1.3/fc2ad58f4c8e6172e584a7b9c991e0cb6a0ec7ca/constraintlayout-2.1.3.aar as it is up-to-date.
Transforming constraintlayout-2.1.3.aar (androidx.constraintlayout:constraintlayout:2.1.3) with EnumerateClassesTransform
Caching disabled for AarToClassTransform: ~/.gradle/caches/transforms-3/9b6b229f455b6e025cd33286b010eda3/transformed/jetified-material3-release.aar because:
  Build cache is disabled
Skipping AarToClassTransform: ~/.gradle/caches/transforms-3/9b6b229f455b6e025cd33286b010eda3/transformed/jetified-material3-release.aar as it is up-to-date.
Transforming material3-release.aar (androidx.compose.material3:material3-android:1.2.0) with EnumerateClassesTransform
Caching disabled for EnumerateClassesTransform: ~/.gradle/caches/transforms-3/8881739ede936a3d0aa41f4c6036d4d2/transformed/jetified-navigation-compose-2.7.0-runtime.jar because:
  Build cache is disabled
Skipping EnumerateClassesTransform: ~/.gradle/caches/transforms-3/8881739ede936a3d0aa41f4c6036d4d2/transformed/jetified-navigation-compose-2.7.0-runtime.jar as it is up-to-date.
Caching disabled for EnumerateClassesTransform: ~/.gradle/caches/transforms-3/1593ca030a62a8633e7bab67c9c15e4d/transformed/constraintlayout-2.1.3-runtime.jar because:
  Build cache is disabled
Skipping EnumerateClassesTransform: ~/.gradle/caches/transforms-3/1593ca030a62a8633e7bab67c9c15e4d/transformed/constraintlayout-2.1.3-runtime.jar as it is up-to-date.
Caching disabled for AarToClassTransform: ~/.gradle/caches/modules-2/files-2.1/androidx.work/work-runtime-ktx/2.8.1/b3548f3bbf00f751dbbdbf39fcae6b96817d3d7d/work-runtime-ktx-2.8.1.aar because:
  Build cache is disabled
Skipping AarToClassTransform: ~/.gradle/caches/modules-2/files-2.1/androidx.work/work-runtime-ktx/2.8.1/b3548f3bbf00f751dbbdbf39fcae6b96817d3d7d/work-runtime-ktx-2.8.1.aar as it is up-to-date.
Transforming work-runtime-ktx-2.8.1.aar (androidx.work:work-runtime-ktx:2.8.1) with EnumerateClassesTransform
Caching disabled for AarToClassTransform: ~/.gradle/caches/transforms-3/fb6416613b7a5f137d8bf623066ac860/transformed/jetified-coil-compose-base-2.0.0.aar because:
  Build cache is disabled
Skipping AarToClassTransform: ~/.gradle/caches/transforms-3/fb6416613b7a5f137d8bf623066ac860/transformed/jetified-coil-compose-base-2.0.0.aar as it is up-to-date.
Transforming coil-compose-base-2.0.0.aar (io.coil-kt:coil-compose-base:2.0.0) with EnumerateClassesTransform
Caching disabled for EnumerateClassesTransform: ~/.gradle/caches/transforms-3/cb53c3d0605b263d55cf41d993f2b484/transformed/jetified-material3-release-runtime.jar because:
  Build cache is disabled
Skipping EnumerateClassesTransform: ~/.gradle/caches/transforms-3/cb53c3d0605b263d55cf41d993f2b484/transformed/jetified-material3-release-runtime.jar as it is up-to-date.
Caching disabled for EnumerateClassesTransform: ~/.gradle/caches/transforms-3/5877e5d5a961092788b62527be7cab71/transformed/work-runtime-ktx-2.8.1-runtime.jar because:
  Build cache is disabled
Skipping EnumerateClassesTransform: ~/.gradle/caches/transforms-3/5877e5d5a961092788b62527be7cab71/transformed/work-runtime-ktx-2.8.1-runtime.jar as it is up-to-date.
Caching disabled for AarToClassTransform: ~/.gradle/caches/transforms-3/962c4c5a4a196831e2d62d96565a7188/transformed/jetified-coil-2.0.0.aar because:
  Build cache is disabled
Skipping AarToClassTransform: ~/.gradle/caches/transforms-3/962c4c5a4a196831e2d62d96565a7188/transformed/jetified-coil-2.0.0.aar as it is up-to-date.
Transforming coil-2.0.0.aar (io.coil-kt:coil:2.0.0) with EnumerateClassesTransform
Caching disabled for AarToClassTransform: ~/.gradle/caches/transforms-3/9cb57703982aed57877dc74e906b7df1/transformed/jetified-coil-base-2.0.0.aar because:
  Build cache is disabled
Skipping AarToClassTransform: ~/.gradle/caches/transforms-3/9cb57703982aed57877dc74e906b7df1/transformed/jetified-coil-base-2.0.0.aar as it is up-to-date.
Transforming coil-base-2.0.0.aar (io.coil-kt:coil-base:2.0.0) with EnumerateClassesTransform
Caching disabled for EnumerateClassesTransform: ~/.gradle/caches/transforms-3/a06b99460ca135de1ef5f51e2ae811c5/transformed/jetified-coil-compose-base-2.0.0-runtime.jar because:
  Build cache is disabled
Skipping EnumerateClassesTransform: ~/.gradle/caches/transforms-3/a06b99460ca135de1ef5f51e2ae811c5/transformed/jetified-coil-compose-base-2.0.0-runtime.jar as it is up-to-date.
Caching disabled for AarToClassTransform: ~/.gradle/caches/modules-2/files-2.1/com.google.android.material/material/1.2.0/3616de9b511a911fe2fd712ced289f7fe97de052/material-1.2.0.aar because:
  Build cache is disabled
Skipping AarToClassTransform: ~/.gradle/caches/modules-2/files-2.1/com.google.android.material/material/1.2.0/3616de9b511a911fe2fd712ced289f7fe97de052/material-1.2.0.aar as it is up-to-date.
Transforming material-1.2.0.aar (com.google.android.material:material:1.2.0) with EnumerateClassesTransform
Caching disabled for EnumerateClassesTransform: ~/.gradle/caches/transforms-3/3220a408ce8f15f5455de9acbddbb0c8/transformed/jetified-coil-2.0.0-runtime.jar because:
  Build cache is disabled
Skipping EnumerateClassesTransform: ~/.gradle/caches/transforms-3/3220a408ce8f15f5455de9acbddbb0c8/transformed/jetified-coil-2.0.0-runtime.jar as it is up-to-date.
Caching disabled for EnumerateClassesTransform: ~/.gradle/caches/transforms-3/4d383a2d58d88cd573da25ee57c6977a/transformed/jetified-coil-base-2.0.0-runtime.jar because:
  Build cache is disabled
Skipping EnumerateClassesTransform: ~/.gradle/caches/transforms-3/4d383a2d58d88cd573da25ee57c6977a/transformed/jetified-coil-base-2.0.0-runtime.jar as it is up-to-date.
Caching disabled for AarToClassTransform: ~/.gradle/caches/transforms-3/a31e823552d7aa2cf9a6553ee31fe5d4/transformed/jetified-common-21.4.0.aar because:
  Build cache is disabled
Skipping AarToClassTransform: ~/.gradle/caches/transforms-3/a31e823552d7aa2cf9a6553ee31fe5d4/transformed/jetified-common-21.4.0.aar as it is up-to-date.
Transforming common-21.4.0.aar (com.microsoft.identity:common:21.4.0) with EnumerateClassesTransform
Caching disabled for AarToClassTransform: ~/.gradle/caches/transforms-3/471de7d5b43d7a053252e8ff21b7d3aa/transformed/jetified-msal-6.2.0.aar because:
  Build cache is disabled
Skipping AarToClassTransform: ~/.gradle/caches/transforms-3/471de7d5b43d7a053252e8ff21b7d3aa/transformed/jetified-msal-6.2.0.aar as it is up-to-date.
Transforming msal-6.2.0.aar (com.microsoft.identity.client:msal:6.2.0) with EnumerateClassesTransform
Caching disabled for EnumerateClassesTransform: ~/.gradle/caches/transforms-3/78307bb87ef3f2b294aa3de516033a63/transformed/material-1.2.0-runtime.jar because:
  Build cache is disabled
Skipping EnumerateClassesTransform: ~/.gradle/caches/transforms-3/78307bb87ef3f2b294aa3de516033a63/transformed/material-1.2.0-runtime.jar as it is up-to-date.
Caching disabled for EnumerateClassesTransform: ~/.gradle/caches/transforms-3/aec124d8c70736b7eed2c2c98a5c7eff/transformed/jetified-common-21.4.0-runtime.jar because:
  Build cache is disabled
Skipping EnumerateClassesTransform: ~/.gradle/caches/transforms-3/aec124d8c70736b7eed2c2c98a5c7eff/transformed/jetified-common-21.4.0-runtime.jar as it is up-to-date.
Caching disabled for AarToClassTransform: ~/.gradle/caches/modules-2/files-2.1/androidx.appcompat/appcompat/1.6.1/6c7577004b7ebbee5ed87d512b578dd20e3c8c31/appcompat-1.6.1.aar because:
  Build cache is disabled
Skipping AarToClassTransform: ~/.gradle/caches/modules-2/files-2.1/androidx.appcompat/appcompat/1.6.1/6c7577004b7ebbee5ed87d512b578dd20e3c8c31/appcompat-1.6.1.aar as it is up-to-date.
Transforming appcompat-1.6.1.aar (androidx.appcompat:appcompat:1.6.1) with EnumerateClassesTransform
Caching disabled for EnumerateClassesTransform: ~/.gradle/caches/transforms-3/362244c61209cc80dab4f894a2a6fc5a/transformed/jetified-msal-6.2.0-runtime.jar because:
  Build cache is disabled
Skipping EnumerateClassesTransform: ~/.gradle/caches/transforms-3/362244c61209cc80dab4f894a2a6fc5a/transformed/jetified-msal-6.2.0-runtime.jar as it is up-to-date.
Caching disabled for AarToClassTransform: ~/.gradle/caches/transforms-3/51ed8924cb822ce43f1c728535afeefc/transformed/jetified-credentials-1.2.2.aar because:
  Build cache is disabled
Skipping AarToClassTransform: ~/.gradle/caches/transforms-3/51ed8924cb822ce43f1c728535afeefc/transformed/jetified-credentials-1.2.2.aar as it is up-to-date.
Transforming credentials-1.2.2.aar (androidx.credentials:credentials:1.2.2) with EnumerateClassesTransform
Caching disabled for AarToClassTransform: ~/.gradle/caches/transforms-3/e6938b1ef96b73d37135b43c464b0aa0/transformed/jetified-appcompat-resources-1.6.1.aar because:
  Build cache is disabled
Skipping AarToClassTransform: ~/.gradle/caches/transforms-3/e6938b1ef96b73d37135b43c464b0aa0/transformed/jetified-appcompat-resources-1.6.1.aar as it is up-to-date.
Transforming appcompat-resources-1.6.1.aar (androidx.appcompat:appcompat-resources:1.6.1) with EnumerateClassesTransform
Caching disabled for EnumerateClassesTransform: ~/.gradle/caches/transforms-3/e67d7f8e93fcb4b676a18cd4161adb80/transformed/appcompat-1.6.1-runtime.jar because:
  Build cache is disabled
Skipping EnumerateClassesTransform: ~/.gradle/caches/transforms-3/e67d7f8e93fcb4b676a18cd4161adb80/transformed/appcompat-1.6.1-runtime.jar as it is up-to-date.
Transforming moshi-1.14.0.jar (com.squareup.moshi:moshi:1.14.0) with JetifyTransform
Caching disabled for EnumerateClassesTransform: ~/.gradle/caches/transforms-3/b811298fb08daf6d23e81407a437b5c7/transformed/jetified-credentials-1.2.2-runtime.jar because:
  Build cache is disabled
Skipping EnumerateClassesTransform: ~/.gradle/caches/transforms-3/b811298fb08daf6d23e81407a437b5c7/transformed/jetified-credentials-1.2.2-runtime.jar as it is up-to-date.
Caching disabled for EnumerateClassesTransform: ~/.gradle/caches/transforms-3/2802913f381eafb4baf3355647d4d551/transformed/jetified-appcompat-resources-1.6.1-runtime.jar because:
  Build cache is disabled
Skipping EnumerateClassesTransform: ~/.gradle/caches/transforms-3/2802913f381eafb4baf3355647d4d551/transformed/jetified-appcompat-resources-1.6.1-runtime.jar as it is up-to-date.
Caching disabled for JetifyTransform: ~/.gradle/caches/modules-2/files-2.1/com.squareup.moshi/moshi/1.14.0/df173a3bfa0bd9e0cd2a8fc14b24fc336dca0de0/moshi-1.14.0.jar because:
  Build cache is disabled
Skipping JetifyTransform: ~/.gradle/caches/modules-2/files-2.1/com.squareup.moshi/moshi/1.14.0/df173a3bfa0bd9e0cd2a8fc14b24fc336dca0de0/moshi-1.14.0.jar as it is up-to-date.
Transforming moshi-1.14.0.jar (com.squareup.moshi:moshi:1.14.0) with IdentityTransform
Caching disabled for AarToClassTransform: ~/.gradle/caches/transforms-3/92ad30b5d5a9c3b00bb11372d99f5fee/transformed/jetified-play-services-auth-api-phone-18.0.1.aar because:
  Build cache is disabled
Skipping AarToClassTransform: ~/.gradle/caches/transforms-3/92ad30b5d5a9c3b00bb11372d99f5fee/transformed/jetified-play-services-auth-api-phone-18.0.1.aar as it is up-to-date.
Transforming play-services-auth-api-phone-18.0.1.aar (com.google.android.gms:play-services-auth-api-phone:18.0.1) with EnumerateClassesTransform
Caching disabled for AarToClassTransform: ~/.gradle/caches/modules-2/files-2.1/androidx.navigation/navigation-common/2.7.0/dfce6ffa612a156cbddb64cdd44027ad7f97115/navigation-common-2.7.0.aar because:
  Build cache is disabled
Skipping AarToClassTransform: ~/.gradle/caches/modules-2/files-2.1/androidx.navigation/navigation-common/2.7.0/dfce6ffa612a156cbddb64cdd44027ad7f97115/navigation-common-2.7.0.aar as it is up-to-date.
Transforming navigation-common-2.7.0.aar (androidx.navigation:navigation-common:2.7.0) with EnumerateClassesTransform
Caching disabled for IdentityTransform: ~/.gradle/caches/transforms-3/06836899652caed6691fe50ab4051026/transformed/jetified-moshi-1.14.0.jar because:
  Build cache is disabled
Skipping IdentityTransform: ~/.gradle/caches/transforms-3/06836899652caed6691fe50ab4051026/transformed/jetified-moshi-1.14.0.jar as it is up-to-date.
Transforming moshi-1.14.0.jar (com.squareup.moshi:moshi:1.14.0) with EnumerateClassesTransform
Caching disabled for EnumerateClassesTransform: ~/.gradle/caches/transforms-3/b0a0dfffb9c6c94368469b06eadceafb/transformed/navigation-common-2.7.0-runtime.jar because:
  Build cache is disabled
Skipping EnumerateClassesTransform: ~/.gradle/caches/transforms-3/b0a0dfffb9c6c94368469b06eadceafb/transformed/navigation-common-2.7.0-runtime.jar as it is up-to-date.
Caching disabled for EnumerateClassesTransform: ~/.gradle/caches/transforms-3/03efb07e06b4a3ca5308aff27bd629ab/transformed/jetified-play-services-auth-api-phone-18.0.1-runtime.jar because:
  Build cache is disabled
Skipping EnumerateClassesTransform: ~/.gradle/caches/transforms-3/03efb07e06b4a3ca5308aff27bd629ab/transformed/jetified-play-services-auth-api-phone-18.0.1-runtime.jar as it is up-to-date.
Caching disabled for EnumerateClassesTransform: ~/.gradle/caches/transforms-3/06836899652caed6691fe50ab4051026/transformed/jetified-moshi-1.14.0.jar because:
  Build cache is disabled
Skipping EnumerateClassesTransform: ~/.gradle/caches/transforms-3/06836899652caed6691fe50ab4051026/transformed/jetified-moshi-1.14.0.jar as it is up-to-date.
Transforming converter-scalars-2.7.1.jar (com.squareup.retrofit2:converter-scalars:2.7.1) with JetifyTransform
Caching disabled for AarToClassTransform: ~/.gradle/caches/transforms-3/bb36f7c9a9187c1c70661acb188b7404/transformed/jetified-play-services-fido-20.1.0.aar because:
  Build cache is disabled
Skipping AarToClassTransform: ~/.gradle/caches/transforms-3/bb36f7c9a9187c1c70661acb188b7404/transformed/jetified-play-services-fido-20.1.0.aar as it is up-to-date.
Transforming play-services-fido-20.1.0.aar (com.google.android.gms:play-services-fido:20.1.0) with EnumerateClassesTransform
Transforming play-services-fido-20.1.0.aar (com.google.android.gms:play-services-fido:20.1.0) with EnumerateClassesTransform
Caching disabled for EnumerateClassesTransform: ~/.gradle/caches/transforms-3/f588315d3d60751bfad743264c21c550/transformed/jetified-play-services-fido-20.1.0-runtime.jar because:
  Build cache is disabled
Skipping EnumerateClassesTransform: ~/.gradle/caches/transforms-3/f588315d3d60751bfad743264c21c550/transformed/jetified-play-services-fido-20.1.0-runtime.jar as it is up-to-date.
Caching disabled for JetifyTransform: ~/.gradle/caches/modules-2/files-2.1/com.squareup.retrofit2/converter-scalars/2.7.1/e23813fe63c08338569a9d5d81a9c716acff3976/converter-scalars-2.7.1.jar because:
  Build cache is disabled
Skipping JetifyTransform: ~/.gradle/caches/modules-2/files-2.1/com.squareup.retrofit2/converter-scalars/2.7.1/e23813fe63c08338569a9d5d81a9c716acff3976/converter-scalars-2.7.1.jar as it is up-to-date.
Transforming converter-scalars-2.7.1.jar (com.squareup.retrofit2:converter-scalars:2.7.1) with IdentityTransform
Transforming retrofit-2.7.1.jar (com.squareup.retrofit2:retrofit:2.7.1) with JetifyTransform
Caching disabled for AarToClassTransform: ~/.gradle/caches/transforms-3/fb0d0d4d9167a23d466b0b4103ce5820/transformed/jetified-play-services-auth-20.7.0.aar because:
  Build cache is disabled
Skipping AarToClassTransform: ~/.gradle/caches/transforms-3/fb0d0d4d9167a23d466b0b4103ce5820/transformed/jetified-play-services-auth-20.7.0.aar as it is up-to-date.
Transforming play-services-auth-20.7.0.aar (com.google.android.gms:play-services-auth:20.7.0) with EnumerateClassesTransform
Caching disabled for IdentityTransform: ~/.gradle/caches/transforms-3/4838ab5070fa230217328696f173f85e/transformed/jetified-converter-scalars-2.7.1.jar because:
  Build cache is disabled
Skipping IdentityTransform: ~/.gradle/caches/transforms-3/4838ab5070fa230217328696f173f85e/transformed/jetified-converter-scalars-2.7.1.jar as it is up-to-date.
Transforming converter-scalars-2.7.1.jar (com.squareup.retrofit2:converter-scalars:2.7.1) with EnumerateClassesTransform
Caching disabled for JetifyTransform: ~/.gradle/caches/modules-2/files-2.1/com.squareup.retrofit2/retrofit/2.7.1/ab61c867c73bdf57224bcc40525f42fea72960a0/retrofit-2.7.1.jar because:
  Build cache is disabled
Skipping JetifyTransform: ~/.gradle/caches/modules-2/files-2.1/com.squareup.retrofit2/retrofit/2.7.1/ab61c867c73bdf57224bcc40525f42fea72960a0/retrofit-2.7.1.jar as it is up-to-date.
Transforming retrofit-2.7.1.jar (com.squareup.retrofit2:retrofit:2.7.1) with IdentityTransform
Caching disabled for EnumerateClassesTransform: ~/.gradle/caches/transforms-3/c7936115200b141cfcb1fd596f8a429c/transformed/jetified-play-services-auth-20.7.0-runtime.jar because:
  Build cache is disabled
Skipping EnumerateClassesTransform: ~/.gradle/caches/transforms-3/c7936115200b141cfcb1fd596f8a429c/transformed/jetified-play-services-auth-20.7.0-runtime.jar as it is up-to-date.
Transforming okhttp-4.9.3.jar (com.squareup.okhttp3:okhttp:4.9.3) with JetifyTransform
Caching disabled for EnumerateClassesTransform: ~/.gradle/caches/transforms-3/4838ab5070fa230217328696f173f85e/transformed/jetified-converter-scalars-2.7.1.jar because:
  Build cache is disabled
Skipping EnumerateClassesTransform: ~/.gradle/caches/transforms-3/4838ab5070fa230217328696f173f85e/transformed/jetified-converter-scalars-2.7.1.jar as it is up-to-date.
Caching disabled for IdentityTransform: ~/.gradle/caches/transforms-3/a79f89058668302d75412ed8e5fdbcc9/transformed/jetified-retrofit-2.7.1.jar because:
  Build cache is disabled
Skipping IdentityTransform: ~/.gradle/caches/transforms-3/a79f89058668302d75412ed8e5fdbcc9/transformed/jetified-retrofit-2.7.1.jar as it is up-to-date.
Transforming retrofit-2.7.1.jar (com.squareup.retrofit2:retrofit:2.7.1) with EnumerateClassesTransform
Transforming okio-jvm-3.0.0.jar (com.squareup.okio:okio-jvm:3.0.0) with JetifyTransform
Caching disabled for JetifyTransform: ~/.gradle/caches/modules-2/files-2.1/com.squareup.okhttp3/okhttp/4.9.3/b0b14b3d12980912723fb8b66afb48dcda742fcb/okhttp-4.9.3.jar because:
  Build cache is disabled
Skipping JetifyTransform: ~/.gradle/caches/modules-2/files-2.1/com.squareup.okhttp3/okhttp/4.9.3/b0b14b3d12980912723fb8b66afb48dcda742fcb/okhttp-4.9.3.jar as it is up-to-date.
Transforming okhttp-4.9.3.jar (com.squareup.okhttp3:okhttp:4.9.3) with IdentityTransform
Caching disabled for EnumerateClassesTransform: ~/.gradle/caches/transforms-3/a79f89058668302d75412ed8e5fdbcc9/transformed/jetified-retrofit-2.7.1.jar because:
  Build cache is disabled
Skipping EnumerateClassesTransform: ~/.gradle/caches/transforms-3/a79f89058668302d75412ed8e5fdbcc9/transformed/jetified-retrofit-2.7.1.jar as it is up-to-date.
Caching disabled for JetifyTransform: ~/.gradle/caches/modules-2/files-2.1/com.squareup.okio/okio-jvm/3.0.0/ab5a73fa2ccb4a36b0b5c69fe10b16d0255bcf8/okio-jvm-3.0.0.jar because:
  Build cache is disabled
Caching disabled for IdentityTransform: ~/.gradle/caches/transforms-3/41b1032614f8cbe9614e1bc26b127bfd/transformed/jetified-okhttp-4.9.3.jar because:
  Build cache is disabled
Skipping IdentityTransform: ~/.gradle/caches/transforms-3/41b1032614f8cbe9614e1bc26b127bfd/transformed/jetified-okhttp-4.9.3.jar as it is up-to-date.
Transforming okhttp-4.9.3.jar (com.squareup.okhttp3:okhttp:4.9.3) with EnumerateClassesTransform
Caching disabled for AarToClassTransform: ~/.gradle/caches/transforms-3/2da70fab5cc108650b128dd1cc6fd15f/transformed/jetified-viewpager2-1.0.0.aar because:
  Build cache is disabled
Skipping AarToClassTransform: ~/.gradle/caches/transforms-3/2da70fab5cc108650b128dd1cc6fd15f/transformed/jetified-viewpager2-1.0.0.aar as it is up-to-date.
Skipping JetifyTransform: ~/.gradle/caches/modules-2/files-2.1/com.squareup.okio/okio-jvm/3.0.0/ab5a73fa2ccb4a36b0b5c69fe10b16d0255bcf8/okio-jvm-3.0.0.jar as it is up-to-date.
Transforming viewpager2-1.0.0.aar (androidx.viewpager2:viewpager2:1.0.0) with EnumerateClassesTransform
Caching disabled for EnumerateClassesTransform: ~/.gradle/caches/transforms-3/41b1032614f8cbe9614e1bc26b127bfd/transformed/jetified-okhttp-4.9.3.jar because:
  Build cache is disabled
Skipping EnumerateClassesTransform: ~/.gradle/caches/transforms-3/41b1032614f8cbe9614e1bc26b127bfd/transformed/jetified-okhttp-4.9.3.jar as it is up-to-date.
Caching disabled for EnumerateClassesTransform: ~/.gradle/caches/transforms-3/35eb957b78f4015103c0b0261ebac459/transformed/jetified-viewpager2-1.0.0-runtime.jar because:
  Build cache is disabled
Skipping EnumerateClassesTransform: ~/.gradle/caches/transforms-3/35eb957b78f4015103c0b0261ebac459/transformed/jetified-viewpager2-1.0.0-runtime.jar as it is up-to-date.
Caching disabled for AarToClassTransform: ~/.gradle/caches/transforms-3/3f3c35ff92f5cc414e374b0593bd32b1/transformed/jetified-play-services-auth-base-18.0.4.aar because:
  Build cache is disabled
Skipping AarToClassTransform: ~/.gradle/caches/transforms-3/3f3c35ff92f5cc414e374b0593bd32b1/transformed/jetified-play-services-auth-base-18.0.4.aar as it is up-to-date.
Transforming play-services-auth-base-18.0.4.aar (com.google.android.gms:play-services-auth-base:18.0.4) with EnumerateClassesTransform
Transforming okio-jvm-3.0.0.jar (com.squareup.okio:okio-jvm:3.0.0) with IdentityTransform
Transforming credentials-1.2.2.aar (androidx.credentials:credentials:1.2.2) with EnumerateClassesTransform
Caching disabled for AarToClassTransform: ~/.gradle/caches/transforms-3/568e93d9f78f317838434cc566a6a8d1/transformed/jetified-credentials-play-services-auth-1.2.2.aar because:
  Build cache is disabled
Skipping AarToClassTransform: ~/.gradle/caches/transforms-3/568e93d9f78f317838434cc566a6a8d1/transformed/jetified-credentials-play-services-auth-1.2.2.aar as it is up-to-date.
Transforming credentials-play-services-auth-1.2.2.aar (androidx.credentials:credentials-play-services-auth:1.2.2) with EnumerateClassesTransform
Caching disabled for EnumerateClassesTransform: ~/.gradle/caches/transforms-3/78d62fc8ed2c1070bb817c85d3b63c8d/transformed/jetified-play-services-auth-base-18.0.4-runtime.jar because:
  Build cache is disabled
Skipping EnumerateClassesTransform: ~/.gradle/caches/transforms-3/78d62fc8ed2c1070bb817c85d3b63c8d/transformed/jetified-play-services-auth-base-18.0.4-runtime.jar as it is up-to-date.
Caching disabled for IdentityTransform: ~/.gradle/caches/transforms-3/428173c75b724b5e08791510dc073243/transformed/jetified-okio-jvm-3.0.0.jar because:
  Build cache is disabled
Skipping IdentityTransform: ~/.gradle/caches/transforms-3/428173c75b724b5e08791510dc073243/transformed/jetified-okio-jvm-3.0.0.jar as it is up-to-date.
Transforming okio-jvm-3.0.0.jar (com.squareup.okio:okio-jvm:3.0.0) with EnumerateClassesTransform
Caching disabled for EnumerateClassesTransform: ~/.gradle/caches/transforms-3/92772441d8b94810e37245c3e3ce9fb6/transformed/jetified-credentials-play-services-auth-1.2.2-runtime.jar because:
  Build cache is disabled
Skipping EnumerateClassesTransform: ~/.gradle/caches/transforms-3/92772441d8b94810e37245c3e3ce9fb6/transformed/jetified-credentials-play-services-auth-1.2.2-runtime.jar as it is up-to-date.
Caching disabled for AarToClassTransform: ~/.gradle/caches/transforms-3/cade9bdcb186bf0205b93a125a6b9177/transformed/jetified-googleid-1.1.0.aar because:
  Build cache is disabled
Skipping AarToClassTransform: ~/.gradle/caches/transforms-3/cade9bdcb186bf0205b93a125a6b9177/transformed/jetified-googleid-1.1.0.aar as it is up-to-date.
Transforming googleid-1.1.0.aar (com.google.android.libraries.identity.googleid:googleid:1.1.0) with EnumerateClassesTransform
Caching disabled for EnumerateClassesTransform: ~/.gradle/caches/transforms-3/428173c75b724b5e08791510dc073243/transformed/jetified-okio-jvm-3.0.0.jar because:
  Build cache is disabled
Skipping EnumerateClassesTransform: ~/.gradle/caches/transforms-3/428173c75b724b5e08791510dc073243/transformed/jetified-okio-jvm-3.0.0.jar as it is up-to-date.
Caching disabled for EnumerateClassesTransform: ~/.gradle/caches/transforms-3/5db2d440e902536a86134f3845f2fa95/transformed/jetified-googleid-1.1.0-runtime.jar because:
  Build cache is disabled
Caching disabled for AarToClassTransform: ~/.gradle/caches/transforms-3/4abc674fe5012f12787b3f63b91feb79/transformed/jetified-material3-window-size-class-release.aar because:
  Build cache is disabled
Skipping AarToClassTransform: ~/.gradle/caches/transforms-3/4abc674fe5012f12787b3f63b91feb79/transformed/jetified-material3-window-size-class-release.aar as it is up-to-date.
Transforming material3-window-size-class-release.aar (androidx.compose.material3:material3-window-size-class-android:1.2.0) with EnumerateClassesTransform
Skipping EnumerateClassesTransform: ~/.gradle/caches/transforms-3/5db2d440e902536a86134f3845f2fa95/transformed/jetified-googleid-1.1.0-runtime.jar as it is up-to-date.
Caching disabled for AarToClassTransform: ~/.gradle/caches/transforms-3/511f93cc9064da3c5ef068f707b22604/transformed/jetified-glide-4.11.0.aar because:
  Build cache is disabled
Skipping AarToClassTransform: ~/.gradle/caches/transforms-3/511f93cc9064da3c5ef068f707b22604/transformed/jetified-glide-4.11.0.aar as it is up-to-date.
Transforming glide-4.11.0.aar (com.github.bumptech.glide:glide:4.11.0) with EnumerateClassesTransform
Caching disabled for EnumerateClassesTransform: ~/.gradle/caches/transforms-3/63045e18ab2eb5ed0f0b9253b97b29c0/transformed/jetified-material3-window-size-class-release-runtime.jar because:
  Build cache is disabled
Skipping EnumerateClassesTransform: ~/.gradle/caches/transforms-3/63045e18ab2eb5ed0f0b9253b97b29c0/transformed/jetified-material3-window-size-class-release-runtime.jar as it is up-to-date.
Caching disabled for AarToClassTransform: ~/.gradle/caches/modules-2/files-2.1/androidx.navigation/navigation-runtime/2.7.0/917720481b2108c95b7b222d78c6e834f13afd23/navigation-runtime-2.7.0.aar because:
  Build cache is disabled
Skipping AarToClassTransform: ~/.gradle/caches/modules-2/files-2.1/androidx.navigation/navigation-runtime/2.7.0/917720481b2108c95b7b222d78c6e834f13afd23/navigation-runtime-2.7.0.aar as it is up-to-date.
Transforming navigation-runtime-2.7.0.aar (androidx.navigation:navigation-runtime:2.7.0) with EnumerateClassesTransform
Caching disabled for EnumerateClassesTransform: ~/.gradle/caches/transforms-3/922e8362edb7525a3c65f5ce532824ed/transformed/jetified-glide-4.11.0-runtime.jar because:
  Build cache is disabled
Skipping EnumerateClassesTransform: ~/.gradle/caches/transforms-3/922e8362edb7525a3c65f5ce532824ed/transformed/jetified-glide-4.11.0-runtime.jar as it is up-to-date.
Caching disabled for EnumerateClassesTransform: ~/.gradle/caches/transforms-3/7b8c774238fc9abf3a5ae60e1c62f6f2/transformed/navigation-runtime-2.7.0-runtime.jar because:
  Build cache is disabled
Skipping EnumerateClassesTransform: ~/.gradle/caches/transforms-3/7b8c774238fc9abf3a5ae60e1c62f6f2/transformed/navigation-runtime-2.7.0-runtime.jar as it is up-to-date.
Caching disabled for task ':app:checkDebugDuplicateClasses' because:
  Build cache is disabled
Task ':app:checkDebugDuplicateClasses' is not up-to-date because:
  Class path of task ':app:checkDebugDuplicateClasses' has changed from 19511a89c2c60142f14e5c42d287bce4 to 884dfe0e653a3a2295bb6c56821b1ca5.
Watching 170 directories to track changes
Watching 171 directories to track changes
:app:checkDebugDuplicateClasses (Thread[included builds,5,main]) completed. Took 1.559 secs.

> Task :app:desugarDebugFileDependencies
Watching 170 directories to track changes
Transforming viewbinding-7.4.2.aar (androidx.databinding:viewbinding:7.4.2) with JetifyTransform
Transforming viewbinding-7.4.2.aar (androidx.databinding:viewbinding:7.4.2) with ExtractAarTransform
Transforming viewbinding-7.4.2.aar (androidx.databinding:viewbinding:7.4.2) with AarTransform
Transforming accompanist-systemuicontroller-0.23.0.aar (com.google.accompanist:accompanist-systemuicontroller:0.23.0) with JetifyTransform
Transforming accompanist-systemuicontroller-0.23.0.aar (com.google.accompanist:accompanist-systemuicontroller:0.23.0) with ExtractAarTransform
Transforming accompanist-systemuicontroller-0.23.0.aar (com.google.accompanist:accompanist-systemuicontroller:0.23.0) with AarTransform
Transforming coil-compose-2.0.0.aar (io.coil-kt:coil-compose:2.0.0) with JetifyTransform
Transforming coil-compose-2.0.0.aar (io.coil-kt:coil-compose:2.0.0) with ExtractAarTransform
Transforming coil-compose-2.0.0.aar (io.coil-kt:coil-compose:2.0.0) with AarTransform
Transforming coil-compose-base-2.0.0.aar (io.coil-kt:coil-compose-base:2.0.0) with JetifyTransform
Transforming coil-compose-base-2.0.0.aar (io.coil-kt:coil-compose-base:2.0.0) with ExtractAarTransform
Transforming coil-compose-base-2.0.0.aar (io.coil-kt:coil-compose-base:2.0.0) with AarTransform
Transforming coil-2.0.0.aar (io.coil-kt:coil:2.0.0) with JetifyTransform
Transforming coil-2.0.0.aar (io.coil-kt:coil:2.0.0) with ExtractAarTransform
Transforming coil-2.0.0.aar (io.coil-kt:coil:2.0.0) with AarTransform
Transforming coil-base-2.0.0.aar (io.coil-kt:coil-base:2.0.0) with JetifyTransform
Transforming coil-base-2.0.0.aar (io.coil-kt:coil-base:2.0.0) with ExtractAarTransform
Transforming coil-base-2.0.0.aar (io.coil-kt:coil-base:2.0.0) with AarTransform
Transforming msal-6.2.0.aar (com.microsoft.identity.client:msal:6.2.0) with JetifyTransform
Transforming msal-6.2.0.aar (com.microsoft.identity.client:msal:6.2.0) with ExtractAarTransform
Transforming msal-6.2.0.aar (com.microsoft.identity.client:msal:6.2.0) with AarTransform
Transforming common-21.4.0.aar (com.microsoft.identity:common:21.4.0) with JetifyTransform
Transforming common-21.4.0.aar (com.microsoft.identity:common:21.4.0) with ExtractAarTransform
Transforming common-21.4.0.aar (com.microsoft.identity:common:21.4.0) with AarTransform
Transforming moshi-1.14.0.jar (com.squareup.moshi:moshi:1.14.0) with JetifyTransform
Transforming converter-scalars-2.7.1.jar (com.squareup.retrofit2:converter-scalars:2.7.1) with JetifyTransform
Transforming retrofit-2.7.1.jar (com.squareup.retrofit2:retrofit:2.7.1) with JetifyTransform
Transforming okhttp-4.9.3.jar (com.squareup.okhttp3:okhttp:4.9.3) with JetifyTransform
Transforming okio-jvm-3.0.0.jar (com.squareup.okio:okio-jvm:3.0.0) with JetifyTransform
Transforming accompanist-drawablepainter-0.23.1.aar (com.google.accompanist:accompanist-drawablepainter:0.23.1) with JetifyTransform
Transforming accompanist-drawablepainter-0.23.1.aar (com.google.accompanist:accompanist-drawablepainter:0.23.1) with ExtractAarTransform
Transforming accompanist-drawablepainter-0.23.1.aar (com.google.accompanist:accompanist-drawablepainter:0.23.1) with AarTransform
Transforming credentials-1.2.2.aar (androidx.credentials:credentials:1.2.2) with JetifyTransform
Transforming credentials-1.2.2.aar (androidx.credentials:credentials:1.2.2) with ExtractAarTransform
Transforming credentials-1.2.2.aar (androidx.credentials:credentials:1.2.2) with AarTransform
Transforming credentials-1.2.2.aar (androidx.credentials:credentials:1.2.2) with JetifyTransform
Transforming credentials-1.2.2.aar (androidx.credentials:credentials:1.2.2) with ExtractAarTransform
Transforming credentials-1.2.2.aar (androidx.credentials:credentials:1.2.2) with AarTransform
Transforming credentials-play-services-auth-1.2.2.aar (androidx.credentials:credentials-play-services-auth:1.2.2) with JetifyTransform
Transforming credentials-play-services-auth-1.2.2.aar (androidx.credentials:credentials-play-services-auth:1.2.2) with ExtractAarTransform
Transforming credentials-play-services-auth-1.2.2.aar (androidx.credentials:credentials-play-services-auth:1.2.2) with AarTransform
Transforming googleid-1.1.0.aar (com.google.android.libraries.identity.googleid:googleid:1.1.0) with JetifyTransform
Transforming googleid-1.1.0.aar (com.google.android.libraries.identity.googleid:googleid:1.1.0) with ExtractAarTransform
Transforming googleid-1.1.0.aar (com.google.android.libraries.identity.googleid:googleid:1.1.0) with AarTransform
Transforming work-runtime-ktx-2.8.1.aar (androidx.work:work-runtime-ktx:2.8.1) with JetifyTransform
Transforming work-runtime-ktx-2.8.1.aar (androidx.work:work-runtime-ktx:2.8.1) with ExtractAarTransform
Transforming work-runtime-ktx-2.8.1.aar (androidx.work:work-runtime-ktx:2.8.1) with AarTransform
Caching disabled for AarTransform: ~/.gradle/caches/transforms-3/94cab073bb099116bcdf05d4c23f20c8/transformed/jetified-viewbinding-7.4.2 because:
  Build cache is disabled
Skipping AarTransform: ~/.gradle/caches/transforms-3/94cab073bb099116bcdf05d4c23f20c8/transformed/jetified-viewbinding-7.4.2 as it is up-to-date.
Transforming navigation-common-2.7.0.aar (androidx.navigation:navigation-common:2.7.0) with JetifyTransform
Transforming navigation-common-2.7.0.aar (androidx.navigation:navigation-common:2.7.0) with ExtractAarTransform
Transforming navigation-common-2.7.0.aar (androidx.navigation:navigation-common:2.7.0) with AarTransform
Transforming navigation-runtime-2.7.0.aar (androidx.navigation:navigation-runtime:2.7.0) with JetifyTransform
Transforming navigation-runtime-2.7.0.aar (androidx.navigation:navigation-runtime:2.7.0) with ExtractAarTransform
Transforming navigation-runtime-2.7.0.aar (androidx.navigation:navigation-runtime:2.7.0) with AarTransform
Transforming navigation-common-ktx-2.7.0.aar (androidx.navigation:navigation-common-ktx:2.7.0) with JetifyTransform
Transforming navigation-common-ktx-2.7.0.aar (androidx.navigation:navigation-common-ktx:2.7.0) with ExtractAarTransform
Transforming navigation-common-ktx-2.7.0.aar (androidx.navigation:navigation-common-ktx:2.7.0) with AarTransform
Transforming navigation-runtime-ktx-2.7.0.aar (androidx.navigation:navigation-runtime-ktx:2.7.0) with JetifyTransform
Transforming navigation-runtime-ktx-2.7.0.aar (androidx.navigation:navigation-runtime-ktx:2.7.0) with ExtractAarTransform
Transforming navigation-runtime-ktx-2.7.0.aar (androidx.navigation:navigation-runtime-ktx:2.7.0) with AarTransform
Transforming navigation-compose-2.7.0.aar (androidx.navigation:navigation-compose:2.7.0) with JetifyTransform
Transforming navigation-compose-2.7.0.aar (androidx.navigation:navigation-compose:2.7.0) with ExtractAarTransform
Transforming navigation-compose-2.7.0.aar (androidx.navigation:navigation-compose:2.7.0) with AarTransform
Transforming constraintlayout-2.1.3.aar (androidx.constraintlayout:constraintlayout:2.1.3) with JetifyTransform
Transforming constraintlayout-2.1.3.aar (androidx.constraintlayout:constraintlayout:2.1.3) with ExtractAarTransform
Transforming constraintlayout-2.1.3.aar (androidx.constraintlayout:constraintlayout:2.1.3) with AarTransform
Transforming material-1.2.0.aar (com.google.android.material:material:1.2.0) with JetifyTransform
Transforming material-1.2.0.aar (com.google.android.material:material:1.2.0) with ExtractAarTransform
Transforming material-1.2.0.aar (com.google.android.material:material:1.2.0) with AarTransform
Transforming appcompat-resources-1.6.1.aar (androidx.appcompat:appcompat-resources:1.6.1) with JetifyTransform
Transforming appcompat-resources-1.6.1.aar (androidx.appcompat:appcompat-resources:1.6.1) with ExtractAarTransform
Transforming appcompat-resources-1.6.1.aar (androidx.appcompat:appcompat-resources:1.6.1) with AarTransform
Transforming appcompat-1.6.1.aar (androidx.appcompat:appcompat:1.6.1) with JetifyTransform
Transforming appcompat-1.6.1.aar (androidx.appcompat:appcompat:1.6.1) with ExtractAarTransform
Transforming appcompat-1.6.1.aar (androidx.appcompat:appcompat:1.6.1) with AarTransform
Transforming material3-window-size-class-release.aar (androidx.compose.material3:material3-window-size-class-android:1.2.0) with JetifyTransform
Transforming material3-window-size-class-release.aar (androidx.compose.material3:material3-window-size-class-android:1.2.0) with ExtractAarTransform
Transforming material3-window-size-class-release.aar (androidx.compose.material3:material3-window-size-class-android:1.2.0) with AarTransform
Transforming material3-release.aar (androidx.compose.material3:material3-android:1.2.0) with JetifyTransform
Transforming material3-release.aar (androidx.compose.material3:material3-android:1.2.0) with ExtractAarTransform
Transforming material3-release.aar (androidx.compose.material3:material3-android:1.2.0) with AarTransform
Transforming glide-4.11.0.aar (com.github.bumptech.glide:glide:4.11.0) with JetifyTransform
Transforming glide-4.11.0.aar (com.github.bumptech.glide:glide:4.11.0) with ExtractAarTransform
Caching disabled for AarTransform: ~/.gradle/caches/transforms-3/4a16392ea9d502c6cfaf958d501f7b5c/transformed/jetified-coil-compose-2.0.0 because:
  Build cache is disabled
Skipping AarTransform: ~/.gradle/caches/transforms-3/4a16392ea9d502c6cfaf958d501f7b5c/transformed/jetified-coil-compose-2.0.0 as it is up-to-date.
Transforming glide-4.11.0.aar (com.github.bumptech.glide:glide:4.11.0) with AarTransform
Transforming viewpager2-1.0.0.aar (androidx.viewpager2:viewpager2:1.0.0) with JetifyTransform
Transforming viewpager2-1.0.0.aar (androidx.viewpager2:viewpager2:1.0.0) with ExtractAarTransform
Transforming viewpager2-1.0.0.aar (androidx.viewpager2:viewpager2:1.0.0) with AarTransform
Transforming play-services-auth-20.7.0.aar (com.google.android.gms:play-services-auth:20.7.0) with JetifyTransform
Transforming play-services-auth-20.7.0.aar (com.google.android.gms:play-services-auth:20.7.0) with ExtractAarTransform
Transforming play-services-auth-20.7.0.aar (com.google.android.gms:play-services-auth:20.7.0) with AarTransform
Transforming play-services-fido-20.1.0.aar (com.google.android.gms:play-services-fido:20.1.0) with JetifyTransform
Transforming play-services-fido-20.1.0.aar (com.google.android.gms:play-services-fido:20.1.0) with ExtractAarTransform
Transforming play-services-fido-20.1.0.aar (com.google.android.gms:play-services-fido:20.1.0) with AarTransform
Transforming play-services-fido-20.1.0.aar (com.google.android.gms:play-services-fido:20.1.0) with JetifyTransform
Transforming play-services-fido-20.1.0.aar (com.google.android.gms:play-services-fido:20.1.0) with ExtractAarTransform
Transforming play-services-fido-20.1.0.aar (com.google.android.gms:play-services-fido:20.1.0) with AarTransform
Transforming play-services-auth-api-phone-18.0.1.aar (com.google.android.gms:play-services-auth-api-phone:18.0.1) with JetifyTransform
Transforming play-services-auth-api-phone-18.0.1.aar (com.google.android.gms:play-services-auth-api-phone:18.0.1) with ExtractAarTransform
Transforming play-services-auth-api-phone-18.0.1.aar (com.google.android.gms:play-services-auth-api-phone:18.0.1) with AarTransform
Transforming play-services-auth-base-18.0.4.aar (com.google.android.gms:play-services-auth-base:18.0.4) with JetifyTransform
Transforming play-services-auth-base-18.0.4.aar (com.google.android.gms:play-services-auth-base:18.0.4) with ExtractAarTransform
Transforming play-services-auth-base-18.0.4.aar (com.google.android.gms:play-services-auth-base:18.0.4) with AarTransform
Transforming play-services-base-18.0.1.aar (com.google.android.gms:play-services-base:18.0.1) with JetifyTransform
Transforming play-services-base-18.0.1.aar (com.google.android.gms:play-services-base:18.0.1) with ExtractAarTransform
Transforming play-services-base-18.0.1.aar (com.google.android.gms:play-services-base:18.0.1) with AarTransform
Transforming play-services-base-18.0.1.aar (com.google.android.gms:play-services-base:18.0.1) with JetifyTransform
Transforming play-services-base-18.0.1.aar (com.google.android.gms:play-services-base:18.0.1) with ExtractAarTransform
Caching disabled for AarTransform: ~/.gradle/caches/transforms-3/1cae99ea7ffe8d6629ea2bcf1aca546c/transformed/work-runtime-ktx-2.8.1 because:
  Build cache is disabled
Skipping AarTransform: ~/.gradle/caches/transforms-3/1cae99ea7ffe8d6629ea2bcf1aca546c/transformed/work-runtime-ktx-2.8.1 as it is up-to-date.
Transforming play-services-base-18.0.1.aar (com.google.android.gms:play-services-base:18.0.1) with AarTransform
Transforming play-services-base-18.0.1.aar (com.google.android.gms:play-services-base:18.0.1) with JetifyTransform
Transforming play-services-base-18.0.1.aar (com.google.android.gms:play-services-base:18.0.1) with ExtractAarTransform
Transforming play-services-base-18.0.1.aar (com.google.android.gms:play-services-base:18.0.1) with AarTransform
Transforming play-services-base-18.0.1.aar (com.google.android.gms:play-services-base:18.0.1) with JetifyTransform
Transforming play-services-base-18.0.1.aar (com.google.android.gms:play-services-base:18.0.1) with ExtractAarTransform
Transforming play-services-base-18.0.1.aar (com.google.android.gms:play-services-base:18.0.1) with AarTransform
Transforming play-services-tasks-18.0.1.aar (com.google.android.gms:play-services-tasks:18.0.1) with JetifyTransform
Transforming play-services-tasks-18.0.1.aar (com.google.android.gms:play-services-tasks:18.0.1) with ExtractAarTransform
Transforming play-services-tasks-18.0.1.aar (com.google.android.gms:play-services-tasks:18.0.1) with AarTransform
Transforming play-services-tasks-18.0.1.aar (com.google.android.gms:play-services-tasks:18.0.1) with JetifyTransform
Transforming play-services-tasks-18.0.1.aar (com.google.android.gms:play-services-tasks:18.0.1) with ExtractAarTransform
Transforming play-services-tasks-18.0.1.aar (com.google.android.gms:play-services-tasks:18.0.1) with AarTransform
Transforming play-services-tasks-18.0.1.aar (com.google.android.gms:play-services-tasks:18.0.1) with JetifyTransform
Transforming play-services-tasks-18.0.1.aar (com.google.android.gms:play-services-tasks:18.0.1) with ExtractAarTransform
Transforming play-services-tasks-18.0.1.aar (com.google.android.gms:play-services-tasks:18.0.1) with AarTransform
Transforming play-services-tasks-18.0.1.aar (com.google.android.gms:play-services-tasks:18.0.1) with JetifyTransform
Transforming play-services-tasks-18.0.1.aar (com.google.android.gms:play-services-tasks:18.0.1) with ExtractAarTransform
Transforming play-services-tasks-18.0.1.aar (com.google.android.gms:play-services-tasks:18.0.1) with AarTransform
Transforming play-services-tasks-18.0.1.aar (com.google.android.gms:play-services-tasks:18.0.1) with JetifyTransform
Transforming play-services-tasks-18.0.1.aar (com.google.android.gms:play-services-tasks:18.0.1) with ExtractAarTransform
Transforming play-services-tasks-18.0.1.aar (com.google.android.gms:play-services-tasks:18.0.1) with AarTransform
Transforming play-services-basement-18.2.0.aar (com.google.android.gms:play-services-basement:18.2.0) with JetifyTransform
Transforming play-services-basement-18.2.0.aar (com.google.android.gms:play-services-basement:18.2.0) with ExtractAarTransform
Transforming play-services-basement-18.2.0.aar (com.google.android.gms:play-services-basement:18.2.0) with AarTransform
Transforming play-services-basement-18.2.0.aar (com.google.android.gms:play-services-basement:18.2.0) with JetifyTransform
Transforming play-services-basement-18.2.0.aar (com.google.android.gms:play-services-basement:18.2.0) with ExtractAarTransform
Transforming play-services-basement-18.2.0.aar (com.google.android.gms:play-services-basement:18.2.0) with AarTransform
Transforming play-services-basement-18.2.0.aar (com.google.android.gms:play-services-basement:18.2.0) with JetifyTransform
Transforming play-services-basement-18.2.0.aar (com.google.android.gms:play-services-basement:18.2.0) with ExtractAarTransform
Transforming play-services-basement-18.2.0.aar (com.google.android.gms:play-services-basement:18.2.0) with AarTransform
Transforming play-services-basement-18.2.0.aar (com.google.android.gms:play-services-basement:18.2.0) with JetifyTransform
Transforming play-services-basement-18.2.0.aar (com.google.android.gms:play-services-basement:18.2.0) with ExtractAarTransform
Transforming play-services-basement-18.2.0.aar (com.google.android.gms:play-services-basement:18.2.0) with AarTransform
Transforming play-services-basement-18.2.0.aar (com.google.android.gms:play-services-basement:18.2.0) with JetifyTransform
Transforming play-services-basement-18.2.0.aar (com.google.android.gms:play-services-basement:18.2.0) with ExtractAarTransform
Transforming play-services-basement-18.2.0.aar (com.google.android.gms:play-services-basement:18.2.0) with AarTransform
Transforming play-services-basement-18.2.0.aar (com.google.android.gms:play-services-basement:18.2.0) with JetifyTransform
Transforming play-services-basement-18.2.0.aar (com.google.android.gms:play-services-basement:18.2.0) with ExtractAarTransform
Transforming play-services-basement-18.2.0.aar (com.google.android.gms:play-services-basement:18.2.0) with AarTransform
Transforming fragment-1.3.6.aar (androidx.fragment:fragment:1.3.6) with JetifyTransform
Transforming fragment-1.3.6.aar (androidx.fragment:fragment:1.3.6) with ExtractAarTransform
Transforming fragment-1.3.6.aar (androidx.fragment:fragment:1.3.6) with AarTransform
Transforming fragment-1.3.6.aar (androidx.fragment:fragment:1.3.6) with JetifyTransform
Transforming fragment-1.3.6.aar (androidx.fragment:fragment:1.3.6) with ExtractAarTransform
Transforming fragment-1.3.6.aar (androidx.fragment:fragment:1.3.6) with AarTransform
Caching disabled for AarTransform: ~/.gradle/caches/transforms-3/a4a989285698a7d4539c76e75f39e9fb/transformed/jetified-appcompat-resources-1.6.1 because:
  Build cache is disabled
Skipping AarTransform: ~/.gradle/caches/transforms-3/a4a989285698a7d4539c76e75f39e9fb/transformed/jetified-appcompat-resources-1.6.1 as it is up-to-date.
Transforming fragment-1.3.6.aar (androidx.fragment:fragment:1.3.6) with JetifyTransform
Transforming fragment-1.3.6.aar (androidx.fragment:fragment:1.3.6) with ExtractAarTransform
Transforming fragment-1.3.6.aar (androidx.fragment:fragment:1.3.6) with AarTransform
Caching disabled for AarTransform: ~/.gradle/caches/transforms-3/fae7f0a32fa0484295f94dfaf9206b70/transformed/jetified-play-services-basement-18.2.0 because:
  Build cache is disabled
Skipping AarTransform: ~/.gradle/caches/transforms-3/fae7f0a32fa0484295f94dfaf9206b70/transformed/jetified-play-services-basement-18.2.0 as it is up-to-date.
Transforming fragment-1.3.6.aar (androidx.fragment:fragment:1.3.6) with JetifyTransform
Transforming fragment-1.3.6.aar (androidx.fragment:fragment:1.3.6) with ExtractAarTransform
Transforming fragment-1.3.6.aar (androidx.fragment:fragment:1.3.6) with AarTransform
Transforming fragment-1.3.6.aar (androidx.fragment:fragment:1.3.6) with JetifyTransform
Transforming fragment-1.3.6.aar (androidx.fragment:fragment:1.3.6) with ExtractAarTransform
Transforming fragment-1.3.6.aar (androidx.fragment:fragment:1.3.6) with AarTransform
Transforming browser-1.0.0.aar (androidx.browser:browser:1.0.0) with JetifyTransform
Transforming browser-1.0.0.aar (androidx.browser:browser:1.0.0) with ExtractAarTransform
Transforming browser-1.0.0.aar (androidx.browser:browser:1.0.0) with AarTransform
Transforming legacy-support-core-ui-1.0.0.aar (androidx.legacy:legacy-support-core-ui:1.0.0) with JetifyTransform
Transforming legacy-support-core-ui-1.0.0.aar (androidx.legacy:legacy-support-core-ui:1.0.0) with ExtractAarTransform
Transforming legacy-support-core-ui-1.0.0.aar (androidx.legacy:legacy-support-core-ui:1.0.0) with AarTransform
Transforming legacy-support-core-utils-1.0.0.aar (androidx.legacy:legacy-support-core-utils:1.0.0) with JetifyTransform
Transforming legacy-support-core-utils-1.0.0.aar (androidx.legacy:legacy-support-core-utils:1.0.0) with ExtractAarTransform
Transforming legacy-support-core-utils-1.0.0.aar (androidx.legacy:legacy-support-core-utils:1.0.0) with AarTransform
Transforming loader-1.0.0.aar (androidx.loader:loader:1.0.0) with JetifyTransform
Transforming loader-1.0.0.aar (androidx.loader:loader:1.0.0) with ExtractAarTransform
Transforming loader-1.0.0.aar (androidx.loader:loader:1.0.0) with AarTransform
Transforming loader-1.0.0.aar (androidx.loader:loader:1.0.0) with JetifyTransform
Transforming loader-1.0.0.aar (androidx.loader:loader:1.0.0) with ExtractAarTransform
Transforming loader-1.0.0.aar (androidx.loader:loader:1.0.0) with AarTransform
Transforming loader-1.0.0.aar (androidx.loader:loader:1.0.0) with JetifyTransform
Transforming loader-1.0.0.aar (androidx.loader:loader:1.0.0) with ExtractAarTransform
Caching disabled for AarTransform: ~/.gradle/caches/transforms-3/400dd26017d2e15e0dbda5406f9ef695/transformed/fragment-1.3.6 because:
  Build cache is disabled
Skipping AarTransform: ~/.gradle/caches/transforms-3/400dd26017d2e15e0dbda5406f9ef695/transformed/fragment-1.3.6 as it is up-to-date.
Transforming loader-1.0.0.aar (androidx.loader:loader:1.0.0) with AarTransform
Transforming material-release.aar (androidx.compose.material:material-android:1.6.1) with JetifyTransform
Transforming material-release.aar (androidx.compose.material:material-android:1.6.1) with ExtractAarTransform
Transforming material-release.aar (androidx.compose.material:material-android:1.6.1) with AarTransform
Transforming material-icons-core-release.aar (androidx.compose.material:material-icons-core-android:1.6.1) with JetifyTransform
Transforming material-icons-core-release.aar (androidx.compose.material:material-icons-core-android:1.6.1) with ExtractAarTransform
Transforming material-icons-core-release.aar (androidx.compose.material:material-icons-core-android:1.6.1) with AarTransform
Transforming material-ripple-release.aar (androidx.compose.material:material-ripple-android:1.6.1) with JetifyTransform
Transforming material-ripple-release.aar (androidx.compose.material:material-ripple-android:1.6.1) with ExtractAarTransform
Transforming material-ripple-release.aar (androidx.compose.material:material-ripple-android:1.6.1) with AarTransform
Transforming foundation-release.aar (androidx.compose.foundation:foundation-android:1.6.1) with JetifyTransform
Transforming foundation-release.aar (androidx.compose.foundation:foundation-android:1.6.1) with ExtractAarTransform
Transforming foundation-release.aar (androidx.compose.foundation:foundation-android:1.6.1) with AarTransform
Transforming foundation-layout-release.aar (androidx.compose.foundation:foundation-layout-android:1.6.1) with JetifyTransform
Transforming foundation-layout-release.aar (androidx.compose.foundation:foundation-layout-android:1.6.1) with ExtractAarTransform
Transforming foundation-layout-release.aar (androidx.compose.foundation:foundation-layout-android:1.6.1) with AarTransform
Transforming animation-core-release.aar (androidx.compose.animation:animation-core-android:1.6.1) with JetifyTransform
Transforming animation-core-release.aar (androidx.compose.animation:animation-core-android:1.6.1) with ExtractAarTransform
Transforming animation-core-release.aar (androidx.compose.animation:animation-core-android:1.6.1) with AarTransform
Caching disabled for AarTransform: ~/.gradle/caches/transforms-3/902593fa1e00ea876e13c003ec91b9af/transformed/browser-1.0.0 because:
  Build cache is disabled
Transforming animation-release.aar (androidx.compose.animation:animation-android:1.6.1) with JetifyTransform
Transforming animation-release.aar (androidx.compose.animation:animation-android:1.6.1) with ExtractAarTransform
Skipping AarTransform: ~/.gradle/caches/transforms-3/902593fa1e00ea876e13c003ec91b9af/transformed/browser-1.0.0 as it is up-to-date.
Transforming animation-release.aar (androidx.compose.animation:animation-android:1.6.1) with AarTransform
Transforming ui-tooling-data-release.aar (androidx.compose.ui:ui-tooling-data-android:1.6.1) with JetifyTransform
Transforming ui-tooling-data-release.aar (androidx.compose.ui:ui-tooling-data-android:1.6.1) with ExtractAarTransform
Transforming ui-tooling-data-release.aar (androidx.compose.ui:ui-tooling-data-android:1.6.1) with AarTransform
Transforming ui-geometry-release.aar (androidx.compose.ui:ui-geometry-android:1.6.1) with JetifyTransform
Transforming ui-geometry-release.aar (androidx.compose.ui:ui-geometry-android:1.6.1) with ExtractAarTransform
Transforming ui-geometry-release.aar (androidx.compose.ui:ui-geometry-android:1.6.1) with AarTransform
Transforming ui-unit-release.aar (androidx.compose.ui:ui-unit-android:1.6.1) with JetifyTransform
Transforming ui-unit-release.aar (androidx.compose.ui:ui-unit-android:1.6.1) with ExtractAarTransform
Transforming ui-unit-release.aar (androidx.compose.ui:ui-unit-android:1.6.1) with AarTransform
Transforming ui-util-release.aar (androidx.compose.ui:ui-util-android:1.6.1) with JetifyTransform
Transforming ui-util-release.aar (androidx.compose.ui:ui-util-android:1.6.1) with ExtractAarTransform
Transforming ui-util-release.aar (androidx.compose.ui:ui-util-android:1.6.1) with AarTransform
Transforming ui-text-release.aar (androidx.compose.ui:ui-text-android:1.6.1) with JetifyTransform
Transforming ui-text-release.aar (androidx.compose.ui:ui-text-android:1.6.1) with ExtractAarTransform
Transforming ui-text-release.aar (androidx.compose.ui:ui-text-android:1.6.1) with AarTransform
Transforming ui-graphics-release.aar (androidx.compose.ui:ui-graphics-android:1.6.1) with JetifyTransform
Transforming ui-graphics-release.aar (androidx.compose.ui:ui-graphics-android:1.6.1) with ExtractAarTransform
Transforming ui-graphics-release.aar (androidx.compose.ui:ui-graphics-android:1.6.1) with AarTransform
Transforming ui-tooling-preview-release.aar (androidx.compose.ui:ui-tooling-preview-android:1.6.1) with JetifyTransform
Transforming ui-tooling-preview-release.aar (androidx.compose.ui:ui-tooling-preview-android:1.6.1) with ExtractAarTransform
Transforming ui-tooling-preview-release.aar (androidx.compose.ui:ui-tooling-preview-android:1.6.1) with AarTransform
Transforming ui-tooling-release.aar (androidx.compose.ui:ui-tooling-android:1.6.1) with JetifyTransform
Transforming ui-tooling-release.aar (androidx.compose.ui:ui-tooling-android:1.6.1) with ExtractAarTransform
Transforming ui-tooling-release.aar (androidx.compose.ui:ui-tooling-android:1.6.1) with AarTransform
Caching disabled for AarTransform: ~/.gradle/caches/transforms-3/66b0378c33ede1b033228e49dad9524a/transformed/legacy-support-core-ui-1.0.0 because:
  Build cache is disabled
Transforming ui-test-manifest-1.6.1.aar (androidx.compose.ui:ui-test-manifest:1.6.1) with JetifyTransform
Skipping AarTransform: ~/.gradle/caches/transforms-3/66b0378c33ede1b033228e49dad9524a/transformed/legacy-support-core-ui-1.0.0 as it is up-to-date.
Transforming ui-test-manifest-1.6.1.aar (androidx.compose.ui:ui-test-manifest:1.6.1) with ExtractAarTransform
Transforming ui-test-manifest-1.6.1.aar (androidx.compose.ui:ui-test-manifest:1.6.1) with AarTransform
Transforming activity-1.7.1.aar (androidx.activity:activity:1.7.1) with JetifyTransform
Transforming activity-1.7.1.aar (androidx.activity:activity:1.7.1) with ExtractAarTransform
Transforming activity-1.7.1.aar (androidx.activity:activity:1.7.1) with AarTransform
Transforming activity-ktx-1.7.1.aar (androidx.activity:activity-ktx:1.7.1) with JetifyTransform
Transforming activity-ktx-1.7.1.aar (androidx.activity:activity-ktx:1.7.1) with ExtractAarTransform
Transforming activity-ktx-1.7.1.aar (androidx.activity:activity-ktx:1.7.1) with AarTransform
Transforming activity-compose-1.7.1.aar (androidx.activity:activity-compose:1.7.1) with JetifyTransform
Transforming activity-compose-1.7.1.aar (androidx.activity:activity-compose:1.7.1) with ExtractAarTransform
Transforming activity-compose-1.7.1.aar (androidx.activity:activity-compose:1.7.1) with AarTransform
Transforming ui-release.aar (androidx.compose.ui:ui-android:1.6.1) with JetifyTransform
Transforming ui-release.aar (androidx.compose.ui:ui-android:1.6.1) with ExtractAarTransform
Transforming ui-release.aar (androidx.compose.ui:ui-android:1.6.1) with AarTransform
Transforming savedstate-ktx-1.2.1.aar (androidx.savedstate:savedstate-ktx:1.2.1) with JetifyTransform
Transforming savedstate-ktx-1.2.1.aar (androidx.savedstate:savedstate-ktx:1.2.1) with ExtractAarTransform
Transforming savedstate-ktx-1.2.1.aar (androidx.savedstate:savedstate-ktx:1.2.1) with AarTransform
Transforming savedstate-1.2.1.aar (androidx.savedstate:savedstate:1.2.1) with JetifyTransform
Transforming savedstate-1.2.1.aar (androidx.savedstate:savedstate:1.2.1) with ExtractAarTransform
Transforming savedstate-1.2.1.aar (androidx.savedstate:savedstate:1.2.1) with AarTransform
Transforming work-runtime-2.8.1.aar (androidx.work:work-runtime:2.8.1) with JetifyTransform
Transforming work-runtime-2.8.1.aar (androidx.work:work-runtime:2.8.1) with ExtractAarTransform
Caching disabled for AarTransform: ~/.gradle/caches/transforms-3/0db2e5da926973a8cb8c4b07fbcec83d/transformed/legacy-support-core-utils-1.0.0 because:
  Build cache is disabled
Transforming work-runtime-2.8.1.aar (androidx.work:work-runtime:2.8.1) with AarTransform
Skipping AarTransform: ~/.gradle/caches/transforms-3/0db2e5da926973a8cb8c4b07fbcec83d/transformed/legacy-support-core-utils-1.0.0 as it is up-to-date.
Transforming emoji2-views-helper-1.3.0.aar (androidx.emoji2:emoji2-views-helper:1.3.0) with JetifyTransform
Transforming emoji2-views-helper-1.3.0.aar (androidx.emoji2:emoji2-views-helper:1.3.0) with ExtractAarTransform
Transforming emoji2-views-helper-1.3.0.aar (androidx.emoji2:emoji2-views-helper:1.3.0) with AarTransform
Transforming emoji2-1.3.0.aar (androidx.emoji2:emoji2:1.3.0) with JetifyTransform
Transforming emoji2-1.3.0.aar (androidx.emoji2:emoji2:1.3.0) with ExtractAarTransform
Transforming emoji2-1.3.0.aar (androidx.emoji2:emoji2:1.3.0) with AarTransform
Transforming lifecycle-process-2.6.1.aar (androidx.lifecycle:lifecycle-process:2.6.1) with JetifyTransform
Transforming lifecycle-process-2.6.1.aar (androidx.lifecycle:lifecycle-process:2.6.1) with ExtractAarTransform
Transforming lifecycle-process-2.6.1.aar (androidx.lifecycle:lifecycle-process:2.6.1) with AarTransform
Transforming lifecycle-service-2.6.1.aar (androidx.lifecycle:lifecycle-service:2.6.1) with JetifyTransform
Transforming lifecycle-service-2.6.1.aar (androidx.lifecycle:lifecycle-service:2.6.1) with ExtractAarTransform
Transforming lifecycle-service-2.6.1.aar (androidx.lifecycle:lifecycle-service:2.6.1) with AarTransform
Transforming lifecycle-livedata-2.6.1.aar (androidx.lifecycle:lifecycle-livedata:2.6.1) with JetifyTransform
Transforming lifecycle-livedata-2.6.1.aar (androidx.lifecycle:lifecycle-livedata:2.6.1) with ExtractAarTransform
Transforming lifecycle-livedata-2.6.1.aar (androidx.lifecycle:lifecycle-livedata:2.6.1) with AarTransform
Transforming lifecycle-livedata-2.6.1.aar (androidx.lifecycle:lifecycle-livedata:2.6.1) with JetifyTransform
Transforming lifecycle-livedata-2.6.1.aar (androidx.lifecycle:lifecycle-livedata:2.6.1) with ExtractAarTransform
Transforming lifecycle-livedata-2.6.1.aar (androidx.lifecycle:lifecycle-livedata:2.6.1) with AarTransform
Transforming lifecycle-livedata-core-2.6.1.aar (androidx.lifecycle:lifecycle-livedata-core:2.6.1) with JetifyTransform
Transforming lifecycle-livedata-core-2.6.1.aar (androidx.lifecycle:lifecycle-livedata-core:2.6.1) with ExtractAarTransform
Transforming lifecycle-livedata-core-2.6.1.aar (androidx.lifecycle:lifecycle-livedata-core:2.6.1) with AarTransform
Transforming lifecycle-common-2.6.1.jar (androidx.lifecycle:lifecycle-common:2.6.1) with JetifyTransform
Transforming lifecycle-viewmodel-2.6.1.aar (androidx.lifecycle:lifecycle-viewmodel:2.6.1) with JetifyTransform
Transforming lifecycle-viewmodel-2.6.1.aar (androidx.lifecycle:lifecycle-viewmodel:2.6.1) with ExtractAarTransform
Transforming lifecycle-viewmodel-2.6.1.aar (androidx.lifecycle:lifecycle-viewmodel:2.6.1) with AarTransform
Transforming lifecycle-viewmodel-2.6.1.aar (androidx.lifecycle:lifecycle-viewmodel:2.6.1) with JetifyTransform
Transforming lifecycle-viewmodel-2.6.1.aar (androidx.lifecycle:lifecycle-viewmodel:2.6.1) with ExtractAarTransform
Transforming lifecycle-viewmodel-2.6.1.aar (androidx.lifecycle:lifecycle-viewmodel:2.6.1) with AarTransform
Transforming lifecycle-viewmodel-savedstate-2.6.1.aar (androidx.lifecycle:lifecycle-viewmodel-savedstate:2.6.1) with JetifyTransform
Transforming lifecycle-viewmodel-savedstate-2.6.1.aar (androidx.lifecycle:lifecycle-viewmodel-savedstate:2.6.1) with ExtractAarTransform
Transforming lifecycle-viewmodel-savedstate-2.6.1.aar (androidx.lifecycle:lifecycle-viewmodel-savedstate:2.6.1) with AarTransform
Transforming lifecycle-common-java8-2.6.1.jar (androidx.lifecycle:lifecycle-common-java8:2.6.1) with JetifyTransform
Transforming lifecycle-runtime-ktx-2.6.1.aar (androidx.lifecycle:lifecycle-runtime-ktx:2.6.1) with JetifyTransform
Transforming lifecycle-runtime-ktx-2.6.1.aar (androidx.lifecycle:lifecycle-runtime-ktx:2.6.1) with ExtractAarTransform
Transforming lifecycle-runtime-ktx-2.6.1.aar (androidx.lifecycle:lifecycle-runtime-ktx:2.6.1) with AarTransform
Transforming recyclerview-1.3.0.aar (androidx.recyclerview:recyclerview:1.3.0) with JetifyTransform
Transforming recyclerview-1.3.0.aar (androidx.recyclerview:recyclerview:1.3.0) with ExtractAarTransform
Transforming recyclerview-1.3.0.aar (androidx.recyclerview:recyclerview:1.3.0) with AarTransform
Transforming recyclerview-1.3.0.aar (androidx.recyclerview:recyclerview:1.3.0) with JetifyTransform
Transforming recyclerview-1.3.0.aar (androidx.recyclerview:recyclerview:1.3.0) with ExtractAarTransform
Transforming recyclerview-1.3.0.aar (androidx.recyclerview:recyclerview:1.3.0) with AarTransform
Transforming drawerlayout-1.0.0.aar (androidx.drawerlayout:drawerlayout:1.0.0) with JetifyTransform
Transforming drawerlayout-1.0.0.aar (androidx.drawerlayout:drawerlayout:1.0.0) with ExtractAarTransform
Caching disabled for AarTransform: ~/.gradle/caches/transforms-3/5fbf3876ecb0a88b7dcccdd061affe0a/transformed/loader-1.0.0 because:
  Build cache is disabled
Skipping AarTransform: ~/.gradle/caches/transforms-3/5fbf3876ecb0a88b7dcccdd061affe0a/transformed/loader-1.0.0 as it is up-to-date.
Transforming drawerlayout-1.0.0.aar (androidx.drawerlayout:drawerlayout:1.0.0) with AarTransform
Transforming drawerlayout-1.0.0.aar (androidx.drawerlayout:drawerlayout:1.0.0) with JetifyTransform
Transforming drawerlayout-1.0.0.aar (androidx.drawerlayout:drawerlayout:1.0.0) with ExtractAarTransform
Transforming drawerlayout-1.0.0.aar (androidx.drawerlayout:drawerlayout:1.0.0) with AarTransform
Transforming coordinatorlayout-1.1.0.aar (androidx.coordinatorlayout:coordinatorlayout:1.1.0) with JetifyTransform
Transforming coordinatorlayout-1.1.0.aar (androidx.coordinatorlayout:coordinatorlayout:1.1.0) with ExtractAarTransform
Transforming coordinatorlayout-1.1.0.aar (androidx.coordinatorlayout:coordinatorlayout:1.1.0) with AarTransform
Transforming coordinatorlayout-1.1.0.aar (androidx.coordinatorlayout:coordinatorlayout:1.1.0) with JetifyTransform
Transforming coordinatorlayout-1.1.0.aar (androidx.coordinatorlayout:coordinatorlayout:1.1.0) with ExtractAarTransform
Transforming coordinatorlayout-1.1.0.aar (androidx.coordinatorlayout:coordinatorlayout:1.1.0) with AarTransform
Transforming viewpager-1.0.0.aar (androidx.viewpager:viewpager:1.0.0) with JetifyTransform
Transforming viewpager-1.0.0.aar (androidx.viewpager:viewpager:1.0.0) with ExtractAarTransform
Transforming viewpager-1.0.0.aar (androidx.viewpager:viewpager:1.0.0) with AarTransform
Transforming viewpager-1.0.0.aar (androidx.viewpager:viewpager:1.0.0) with JetifyTransform
Transforming viewpager-1.0.0.aar (androidx.viewpager:viewpager:1.0.0) with ExtractAarTransform
Transforming viewpager-1.0.0.aar (androidx.viewpager:viewpager:1.0.0) with AarTransform
Transforming slidingpanelayout-1.0.0.aar (androidx.slidingpanelayout:slidingpanelayout:1.0.0) with JetifyTransform
Transforming slidingpanelayout-1.0.0.aar (androidx.slidingpanelayout:slidingpanelayout:1.0.0) with ExtractAarTransform
Caching disabled for AarTransform: ~/.gradle/caches/transforms-3/83c2e7af98f64845bfb9325dbf1c5a1c/transformed/jetified-material-release because:
  Build cache is disabled
Skipping AarTransform: ~/.gradle/caches/transforms-3/83c2e7af98f64845bfb9325dbf1c5a1c/transformed/jetified-material-release as it is up-to-date.
Transforming slidingpanelayout-1.0.0.aar (androidx.slidingpanelayout:slidingpanelayout:1.0.0) with AarTransform
Transforming customview-1.0.0.aar (androidx.customview:customview:1.0.0) with JetifyTransform
Transforming customview-1.0.0.aar (androidx.customview:customview:1.0.0) with ExtractAarTransform
Transforming customview-1.0.0.aar (androidx.customview:customview:1.0.0) with AarTransform
Transforming customview-1.0.0.aar (androidx.customview:customview:1.0.0) with JetifyTransform
Transforming customview-1.0.0.aar (androidx.customview:customview:1.0.0) with ExtractAarTransform
Transforming customview-1.0.0.aar (androidx.customview:customview:1.0.0) with AarTransform
Transforming customview-1.0.0.aar (androidx.customview:customview:1.0.0) with JetifyTransform
Transforming customview-1.0.0.aar (androidx.customview:customview:1.0.0) with ExtractAarTransform
Transforming customview-1.0.0.aar (androidx.customview:customview:1.0.0) with AarTransform
Transforming customview-1.0.0.aar (androidx.customview:customview:1.0.0) with JetifyTransform
Transforming customview-1.0.0.aar (androidx.customview:customview:1.0.0) with ExtractAarTransform
Transforming customview-1.0.0.aar (androidx.customview:customview:1.0.0) with AarTransform
Transforming customview-1.0.0.aar (androidx.customview:customview:1.0.0) with JetifyTransform
Transforming customview-1.0.0.aar (androidx.customview:customview:1.0.0) with ExtractAarTransform
Transforming customview-1.0.0.aar (androidx.customview:customview:1.0.0) with AarTransform
Transforming customview-1.0.0.aar (androidx.customview:customview:1.0.0) with JetifyTransform
Transforming customview-1.0.0.aar (androidx.customview:customview:1.0.0) with ExtractAarTransform
Transforming customview-1.0.0.aar (androidx.customview:customview:1.0.0) with AarTransform
Transforming transition-1.2.0.aar (androidx.transition:transition:1.2.0) with JetifyTransform
Transforming transition-1.2.0.aar (androidx.transition:transition:1.2.0) with ExtractAarTransform
Transforming transition-1.2.0.aar (androidx.transition:transition:1.2.0) with AarTransform
Transforming vectordrawable-animated-1.1.0.aar (androidx.vectordrawable:vectordrawable-animated:1.1.0) with JetifyTransform
Transforming vectordrawable-animated-1.1.0.aar (androidx.vectordrawable:vectordrawable-animated:1.1.0) with ExtractAarTransform
Transforming vectordrawable-animated-1.1.0.aar (androidx.vectordrawable:vectordrawable-animated:1.1.0) with AarTransform
Transforming vectordrawable-1.1.0.aar (androidx.vectordrawable:vectordrawable:1.1.0) with JetifyTransform
Caching disabled for AarTransform: ~/.gradle/caches/transforms-3/6ca85b9e3b0b19038192d28e3fe8d0ab/transformed/jetified-material-icons-core-release because:
  Build cache is disabled
Transforming vectordrawable-1.1.0.aar (androidx.vectordrawable:vectordrawable:1.1.0) with ExtractAarTransform
Transforming vectordrawable-1.1.0.aar (androidx.vectordrawable:vectordrawable:1.1.0) with AarTransform
Skipping AarTransform: ~/.gradle/caches/transforms-3/6ca85b9e3b0b19038192d28e3fe8d0ab/transformed/jetified-material-icons-core-release as it is up-to-date.
Transforming vectordrawable-1.1.0.aar (androidx.vectordrawable:vectordrawable:1.1.0) with JetifyTransform
Transforming vectordrawable-1.1.0.aar (androidx.vectordrawable:vectordrawable:1.1.0) with ExtractAarTransform
Transforming vectordrawable-1.1.0.aar (androidx.vectordrawable:vectordrawable:1.1.0) with AarTransform
Transforming window-1.0.0.aar (androidx.window:window:1.0.0) with JetifyTransform
Transforming window-1.0.0.aar (androidx.window:window:1.0.0) with ExtractAarTransform
Transforming window-1.0.0.aar (androidx.window:window:1.0.0) with AarTransform
Transforming autofill-1.0.0.aar (androidx.autofill:autofill:1.0.0) with JetifyTransform
Transforming autofill-1.0.0.aar (androidx.autofill:autofill:1.0.0) with ExtractAarTransform
Transforming autofill-1.0.0.aar (androidx.autofill:autofill:1.0.0) with AarTransform
Transforming swiperefreshlayout-1.0.0.aar (androidx.swiperefreshlayout:swiperefreshlayout:1.0.0) with JetifyTransform
Transforming swiperefreshlayout-1.0.0.aar (androidx.swiperefreshlayout:swiperefreshlayout:1.0.0) with ExtractAarTransform
Transforming swiperefreshlayout-1.0.0.aar (androidx.swiperefreshlayout:swiperefreshlayout:1.0.0) with AarTransform
Transforming asynclayoutinflater-1.0.0.aar (androidx.asynclayoutinflater:asynclayoutinflater:1.0.0) with JetifyTransform
Transforming asynclayoutinflater-1.0.0.aar (androidx.asynclayoutinflater:asynclayoutinflater:1.0.0) with ExtractAarTransform
Transforming asynclayoutinflater-1.0.0.aar (androidx.asynclayoutinflater:asynclayoutinflater:1.0.0) with AarTransform
Transforming customview-poolingcontainer-1.0.0.aar (androidx.customview:customview-poolingcontainer:1.0.0) with JetifyTransform
Transforming customview-poolingcontainer-1.0.0.aar (androidx.customview:customview-poolingcontainer:1.0.0) with ExtractAarTransform
Transforming customview-poolingcontainer-1.0.0.aar (androidx.customview:customview-poolingcontainer:1.0.0) with AarTransform
Transforming core-ktx-1.12.0.aar (androidx.core:core-ktx:1.12.0) with JetifyTransform
Transforming core-ktx-1.12.0.aar (androidx.core:core-ktx:1.12.0) with ExtractAarTransform
Transforming core-ktx-1.12.0.aar (androidx.core:core-ktx:1.12.0) with AarTransform
Transforming core-1.12.0.aar (androidx.core:core:1.12.0) with JetifyTransform
Transforming core-1.12.0.aar (androidx.core:core:1.12.0) with ExtractAarTransform
Transforming core-1.12.0.aar (androidx.core:core:1.12.0) with AarTransform
Transforming core-1.12.0.aar (androidx.core:core:1.12.0) with JetifyTransform
Transforming core-1.12.0.aar (androidx.core:core:1.12.0) with ExtractAarTransform
Transforming core-1.12.0.aar (androidx.core:core:1.12.0) with AarTransform
Caching disabled for AarTransform: ~/.gradle/caches/transforms-3/86c6b512118f207b0af6c1bfd4dea297/transformed/jetified-material-ripple-release because:
  Build cache is disabled
Skipping AarTransform: ~/.gradle/caches/transforms-3/86c6b512118f207b0af6c1bfd4dea297/transformed/jetified-material-ripple-release as it is up-to-date.
Transforming core-1.12.0.aar (androidx.core:core:1.12.0) with JetifyTransform
Transforming core-1.12.0.aar (androidx.core:core:1.12.0) with ExtractAarTransform
Transforming core-1.12.0.aar (androidx.core:core:1.12.0) with AarTransform
Transforming core-1.12.0.aar (androidx.core:core:1.12.0) with JetifyTransform
Transforming core-1.12.0.aar (androidx.core:core:1.12.0) with ExtractAarTransform
Transforming core-1.12.0.aar (androidx.core:core:1.12.0) with AarTransform
Transforming core-1.12.0.aar (androidx.core:core:1.12.0) with JetifyTransform
Transforming core-1.12.0.aar (androidx.core:core:1.12.0) with ExtractAarTransform
Transforming core-1.12.0.aar (androidx.core:core:1.12.0) with AarTransform
Transforming core-1.12.0.aar (androidx.core:core:1.12.0) with JetifyTransform
Transforming core-1.12.0.aar (androidx.core:core:1.12.0) with ExtractAarTransform
Transforming core-1.12.0.aar (androidx.core:core:1.12.0) with AarTransform
Transforming core-1.12.0.aar (androidx.core:core:1.12.0) with JetifyTransform
Transforming core-1.12.0.aar (androidx.core:core:1.12.0) with ExtractAarTransform
Transforming core-1.12.0.aar (androidx.core:core:1.12.0) with AarTransform
Transforming core-1.12.0.aar (androidx.core:core:1.12.0) with JetifyTransform
Transforming core-1.12.0.aar (androidx.core:core:1.12.0) with ExtractAarTransform
Transforming core-1.12.0.aar (androidx.core:core:1.12.0) with AarTransform
Transforming core-1.12.0.aar (androidx.core:core:1.12.0) with JetifyTransform
Transforming core-1.12.0.aar (androidx.core:core:1.12.0) with ExtractAarTransform
Transforming core-1.12.0.aar (androidx.core:core:1.12.0) with AarTransform
Transforming core-1.12.0.aar (androidx.core:core:1.12.0) with JetifyTransform
Transforming core-1.12.0.aar (androidx.core:core:1.12.0) with ExtractAarTransform
Transforming core-1.12.0.aar (androidx.core:core:1.12.0) with AarTransform
Transforming core-1.12.0.aar (androidx.core:core:1.12.0) with JetifyTransform
Transforming core-1.12.0.aar (androidx.core:core:1.12.0) with ExtractAarTransform
Transforming core-1.12.0.aar (androidx.core:core:1.12.0) with AarTransform
Caching disabled for AarTransform: ~/.gradle/caches/transforms-3/b6c9f045fb2c75106aeba0d2cee3e5af/transformed/jetified-foundation-release because:
  Build cache is disabled
Skipping AarTransform: ~/.gradle/caches/transforms-3/b6c9f045fb2c75106aeba0d2cee3e5af/transformed/jetified-foundation-release as it is up-to-date.
Transforming core-1.12.0.aar (androidx.core:core:1.12.0) with JetifyTransform
Transforming core-1.12.0.aar (androidx.core:core:1.12.0) with ExtractAarTransform
Transforming core-1.12.0.aar (androidx.core:core:1.12.0) with AarTransform
Transforming core-1.12.0.aar (androidx.core:core:1.12.0) with JetifyTransform
Transforming core-1.12.0.aar (androidx.core:core:1.12.0) with ExtractAarTransform
Transforming core-1.12.0.aar (androidx.core:core:1.12.0) with AarTransform
Transforming core-1.12.0.aar (androidx.core:core:1.12.0) with JetifyTransform
Transforming core-1.12.0.aar (androidx.core:core:1.12.0) with ExtractAarTransform
Transforming core-1.12.0.aar (androidx.core:core:1.12.0) with AarTransform
Transforming core-1.12.0.aar (androidx.core:core:1.12.0) with JetifyTransform
Transforming core-1.12.0.aar (androidx.core:core:1.12.0) with ExtractAarTransform
Transforming core-1.12.0.aar (androidx.core:core:1.12.0) with AarTransform
Transforming core-1.12.0.aar (androidx.core:core:1.12.0) with JetifyTransform
Transforming core-1.12.0.aar (androidx.core:core:1.12.0) with ExtractAarTransform
Transforming core-1.12.0.aar (androidx.core:core:1.12.0) with AarTransform
Transforming core-1.12.0.aar (androidx.core:core:1.12.0) with JetifyTransform
Transforming core-1.12.0.aar (androidx.core:core:1.12.0) with ExtractAarTransform
Transforming core-1.12.0.aar (androidx.core:core:1.12.0) with AarTransform
Transforming core-1.12.0.aar (androidx.core:core:1.12.0) with JetifyTransform
Transforming core-1.12.0.aar (androidx.core:core:1.12.0) with ExtractAarTransform
Transforming core-1.12.0.aar (androidx.core:core:1.12.0) with AarTransform
Transforming lifecycle-runtime-2.6.1.aar (androidx.lifecycle:lifecycle-runtime:2.6.1) with JetifyTransform
Caching disabled for AarTransform: ~/.gradle/caches/transforms-3/cbf35b172e63244a7cdfbe0558057126/transformed/jetified-foundation-layout-release because:
  Build cache is disabled
Skipping AarTransform: ~/.gradle/caches/transforms-3/cbf35b172e63244a7cdfbe0558057126/transformed/jetified-foundation-layout-release as it is up-to-date.
Transforming lifecycle-runtime-2.6.1.aar (androidx.lifecycle:lifecycle-runtime:2.6.1) with ExtractAarTransform
Transforming lifecycle-runtime-2.6.1.aar (androidx.lifecycle:lifecycle-runtime:2.6.1) with AarTransform
Transforming lifecycle-viewmodel-compose-2.6.1.aar (androidx.lifecycle:lifecycle-viewmodel-compose:2.6.1) with JetifyTransform
Caching disabled for AarTransform: ~/.gradle/caches/transforms-3/e2595fb66819c09fd65ae4a9e519b50b/transformed/jetified-animation-core-release because:
  Build cache is disabled
Transforming lifecycle-viewmodel-compose-2.6.1.aar (androidx.lifecycle:lifecycle-viewmodel-compose:2.6.1) with ExtractAarTransform
Transforming lifecycle-viewmodel-compose-2.6.1.aar (androidx.lifecycle:lifecycle-viewmodel-compose:2.6.1) with AarTransform
Skipping AarTransform: ~/.gradle/caches/transforms-3/e2595fb66819c09fd65ae4a9e519b50b/transformed/jetified-animation-core-release as it is up-to-date.
Transforming lifecycle-viewmodel-ktx-2.6.1.aar (androidx.lifecycle:lifecycle-viewmodel-ktx:2.6.1) with JetifyTransform
Transforming lifecycle-viewmodel-ktx-2.6.1.aar (androidx.lifecycle:lifecycle-viewmodel-ktx:2.6.1) with ExtractAarTransform
Transforming lifecycle-viewmodel-ktx-2.6.1.aar (androidx.lifecycle:lifecycle-viewmodel-ktx:2.6.1) with AarTransform
Transforming runtime-saveable-release.aar (androidx.compose.runtime:runtime-saveable-android:1.6.1) with JetifyTransform
Transforming runtime-saveable-release.aar (androidx.compose.runtime:runtime-saveable-android:1.6.1) with ExtractAarTransform
Transforming runtime-saveable-release.aar (androidx.compose.runtime:runtime-saveable-android:1.6.1) with AarTransform
Transforming runtime-release.aar (androidx.compose.runtime:runtime-android:1.6.1) with JetifyTransform
Transforming runtime-release.aar (androidx.compose.runtime:runtime-android:1.6.1) with ExtractAarTransform
Transforming runtime-release.aar (androidx.compose.runtime:runtime-android:1.6.1) with AarTransform
Transforming datastore-preferences-1.0.0.aar (androidx.datastore:datastore-preferences:1.0.0) with JetifyTransform
Transforming datastore-preferences-1.0.0.aar (androidx.datastore:datastore-preferences:1.0.0) with ExtractAarTransform
Transforming datastore-preferences-1.0.0.aar (androidx.datastore:datastore-preferences:1.0.0) with AarTransform
Transforming datastore-1.0.0.aar (androidx.datastore:datastore:1.0.0) with JetifyTransform
Transforming datastore-1.0.0.aar (androidx.datastore:datastore:1.0.0) with ExtractAarTransform
Transforming datastore-1.0.0.aar (androidx.datastore:datastore:1.0.0) with AarTransform
Transforming datastore-preferences-core-1.0.0.jar (androidx.datastore:datastore-preferences-core:1.0.0) with JetifyTransform
Transforming datastore-core-1.0.0.jar (androidx.datastore:datastore-core:1.0.0) with JetifyTransform
Transforming kotlinx-coroutines-core-jvm-1.7.1.jar (org.jetbrains.kotlinx:kotlinx-coroutines-core-jvm:1.7.1) with JetifyTransform
Transforming kotlinx-coroutines-android-1.7.1.jar (org.jetbrains.kotlinx:kotlinx-coroutines-android:1.7.1) with JetifyTransform
Transforming room-runtime-2.5.0.aar (androidx.room:room-runtime:2.5.0) with JetifyTransform
Transforming room-runtime-2.5.0.aar (androidx.room:room-runtime:2.5.0) with ExtractAarTransform
Caching disabled for AarTransform: ~/.gradle/caches/transforms-3/b05fc11c0ba16ff3b6e03ce6d681b90d/transformed/jetified-animation-release because:
  Build cache is disabled
Skipping AarTransform: ~/.gradle/caches/transforms-3/b05fc11c0ba16ff3b6e03ce6d681b90d/transformed/jetified-animation-release as it is up-to-date.
Transforming room-runtime-2.5.0.aar (androidx.room:room-runtime:2.5.0) with AarTransform
Transforming room-common-2.5.0.jar (androidx.room:room-common:2.5.0) with JetifyTransform
Transforming kotlin-stdlib-jdk8-1.8.20.jar (org.jetbrains.kotlin:kotlin-stdlib-jdk8:1.8.20) with JetifyTransform
Transforming gson-2.9.1.jar (com.google.code.gson:gson:2.9.1) with JetifyTransform
Transforming documentfile-1.0.1.aar (androidx.documentfile:documentfile:1.0.1) with JetifyTransform
Transforming documentfile-1.0.1.aar (androidx.documentfile:documentfile:1.0.1) with ExtractAarTransform
Transforming documentfile-1.0.1.aar (androidx.documentfile:documentfile:1.0.1) with AarTransform
Transforming documentfile-1.0.1.aar (androidx.documentfile:documentfile:1.0.1) with JetifyTransform
Transforming documentfile-1.0.1.aar (androidx.documentfile:documentfile:1.0.1) with ExtractAarTransform
Transforming documentfile-1.0.1.aar (androidx.documentfile:documentfile:1.0.1) with AarTransform
Transforming security-crypto-1.1.0-alpha03.aar (androidx.security:security-crypto:1.1.0-alpha03) with JetifyTransform
Transforming security-crypto-1.1.0-alpha03.aar (androidx.security:security-crypto:1.1.0-alpha03) with ExtractAarTransform
Transforming security-crypto-1.1.0-alpha03.aar (androidx.security:security-crypto:1.1.0-alpha03) with AarTransform
Transforming cursoradapter-1.0.0.aar (androidx.cursoradapter:cursoradapter:1.0.0) with JetifyTransform
Transforming cursoradapter-1.0.0.aar (androidx.cursoradapter:cursoradapter:1.0.0) with ExtractAarTransform
Transforming cursoradapter-1.0.0.aar (androidx.cursoradapter:cursoradapter:1.0.0) with AarTransform
Transforming cursoradapter-1.0.0.aar (androidx.cursoradapter:cursoradapter:1.0.0) with JetifyTransform
Transforming cursoradapter-1.0.0.aar (androidx.cursoradapter:cursoradapter:1.0.0) with ExtractAarTransform
Transforming cursoradapter-1.0.0.aar (androidx.cursoradapter:cursoradapter:1.0.0) with AarTransform
Transforming resourceinspection-annotation-1.0.1.jar (androidx.resourceinspection:resourceinspection-annotation:1.0.1) with JetifyTransform
Transforming cardview-1.0.0.aar (androidx.cardview:cardview:1.0.0) with JetifyTransform
Transforming cardview-1.0.0.aar (androidx.cardview:cardview:1.0.0) with ExtractAarTransform
Transforming cardview-1.0.0.aar (androidx.cardview:cardview:1.0.0) with AarTransform
Caching disabled for AarTransform: ~/.gradle/caches/transforms-3/1fb601fda73f4f605e8cd860ab2c7dff/transformed/jetified-ui-tooling-data-release because:
  Build cache is disabled
Skipping AarTransform: ~/.gradle/caches/transforms-3/1fb601fda73f4f605e8cd860ab2c7dff/transformed/jetified-ui-tooling-data-release as it is up-to-date.
Transforming gifdecoder-4.11.0.aar (com.github.bumptech.glide:gifdecoder:4.11.0) with JetifyTransform
Transforming gifdecoder-4.11.0.aar (com.github.bumptech.glide:gifdecoder:4.11.0) with ExtractAarTransform
Transforming gifdecoder-4.11.0.aar (com.github.bumptech.glide:gifdecoder:4.11.0) with AarTransform
Transforming interpolator-1.0.0.aar (androidx.interpolator:interpolator:1.0.0) with JetifyTransform
Transforming interpolator-1.0.0.aar (androidx.interpolator:interpolator:1.0.0) with ExtractAarTransform
Transforming interpolator-1.0.0.aar (androidx.interpolator:interpolator:1.0.0) with AarTransform
Transforming interpolator-1.0.0.aar (androidx.interpolator:interpolator:1.0.0) with JetifyTransform
Transforming interpolator-1.0.0.aar (androidx.interpolator:interpolator:1.0.0) with ExtractAarTransform
Transforming interpolator-1.0.0.aar (androidx.interpolator:interpolator:1.0.0) with AarTransform
Transforming interpolator-1.0.0.aar (androidx.interpolator:interpolator:1.0.0) with JetifyTransform
Transforming interpolator-1.0.0.aar (androidx.interpolator:interpolator:1.0.0) with ExtractAarTransform
Transforming interpolator-1.0.0.aar (androidx.interpolator:interpolator:1.0.0) with AarTransform
Transforming interpolator-1.0.0.aar (androidx.interpolator:interpolator:1.0.0) with JetifyTransform
Transforming interpolator-1.0.0.aar (androidx.interpolator:interpolator:1.0.0) with ExtractAarTransform
Transforming interpolator-1.0.0.aar (androidx.interpolator:interpolator:1.0.0) with AarTransform
Transforming interpolator-1.0.0.aar (androidx.interpolator:interpolator:1.0.0) with JetifyTransform
Transforming interpolator-1.0.0.aar (androidx.interpolator:interpolator:1.0.0) with ExtractAarTransform
Transforming interpolator-1.0.0.aar (androidx.interpolator:interpolator:1.0.0) with AarTransform
Transforming core-runtime-2.2.0.aar (androidx.arch.core:core-runtime:2.2.0) with JetifyTransform
Transforming core-runtime-2.2.0.aar (androidx.arch.core:core-runtime:2.2.0) with ExtractAarTransform
Transforming core-runtime-2.2.0.aar (androidx.arch.core:core-runtime:2.2.0) with AarTransform
Transforming core-common-2.2.0.jar (androidx.arch.core:core-common:2.2.0) with JetifyTransform
Transforming profileinstaller-1.3.0.aar (androidx.profileinstaller:profileinstaller:1.3.0) with JetifyTransform
Transforming profileinstaller-1.3.0.aar (androidx.profileinstaller:profileinstaller:1.3.0) with ExtractAarTransform
Transforming profileinstaller-1.3.0.aar (androidx.profileinstaller:profileinstaller:1.3.0) with AarTransform
Transforming sqlite-framework-2.3.0.aar (androidx.sqlite:sqlite-framework:2.3.0) with JetifyTransform
Caching disabled for AarTransform: ~/.gradle/caches/transforms-3/9842a4d437c4539be4001127dcd9b65f/transformed/jetified-ui-geometry-release because:
  Build cache is disabled
Skipping AarTransform: ~/.gradle/caches/transforms-3/9842a4d437c4539be4001127dcd9b65f/transformed/jetified-ui-geometry-release as it is up-to-date.
Transforming sqlite-framework-2.3.0.aar (androidx.sqlite:sqlite-framework:2.3.0) with ExtractAarTransform
Transforming sqlite-framework-2.3.0.aar (androidx.sqlite:sqlite-framework:2.3.0) with AarTransform
Transforming versionedparcelable-1.1.1.aar (androidx.versionedparcelable:versionedparcelable:1.1.1) with JetifyTransform
Transforming versionedparcelable-1.1.1.aar (androidx.versionedparcelable:versionedparcelable:1.1.1) with ExtractAarTransform
Transforming versionedparcelable-1.1.1.aar (androidx.versionedparcelable:versionedparcelable:1.1.1) with AarTransform
Transforming collection-ktx-1.4.0.jar (androidx.collection:collection-ktx:1.4.0) with JetifyTransform
Transforming collection-jvm-1.4.0.jar (androidx.collection:collection-jvm:1.4.0) with JetifyTransform
Transforming startup-runtime-1.1.1.aar (androidx.startup:startup-runtime:1.1.1) with JetifyTransform
Transforming startup-runtime-1.1.1.aar (androidx.startup:startup-runtime:1.1.1) with ExtractAarTransform
Transforming startup-runtime-1.1.1.aar (androidx.startup:startup-runtime:1.1.1) with AarTransform
Transforming concurrent-futures-1.1.0.jar (androidx.concurrent:concurrent-futures:1.1.0) with JetifyTransform
Transforming exifinterface-1.3.3.aar (androidx.exifinterface:exifinterface:1.3.3) with JetifyTransform
Transforming exifinterface-1.3.3.aar (androidx.exifinterface:exifinterface:1.3.3) with ExtractAarTransform
Transforming exifinterface-1.3.3.aar (androidx.exifinterface:exifinterface:1.3.3) with AarTransform
Transforming sqlite-2.3.0.aar (androidx.sqlite:sqlite:2.3.0) with JetifyTransform
Transforming sqlite-2.3.0.aar (androidx.sqlite:sqlite:2.3.0) with ExtractAarTransform
Transforming sqlite-2.3.0.aar (androidx.sqlite:sqlite:2.3.0) with AarTransform
Transforming tracing-1.0.0.aar (androidx.tracing:tracing:1.0.0) with JetifyTransform
Transforming tracing-1.0.0.aar (androidx.tracing:tracing:1.0.0) with ExtractAarTransform
Transforming tracing-1.0.0.aar (androidx.tracing:tracing:1.0.0) with AarTransform
Transforming localbroadcastmanager-1.0.0.aar (androidx.localbroadcastmanager:localbroadcastmanager:1.0.0) with JetifyTransform
Caching disabled for AarTransform: ~/.gradle/caches/transforms-3/d46d9e20913b2943a41edfbee6c3fc7b/transformed/jetified-ui-unit-release because:
  Build cache is disabled
Skipping AarTransform: ~/.gradle/caches/transforms-3/d46d9e20913b2943a41edfbee6c3fc7b/transformed/jetified-ui-unit-release as it is up-to-date.
Caching disabled for AarTransform: ~/.gradle/caches/transforms-3/3521de6b8848f9a8e2e8bf5a2173f78b/transformed/jetified-ui-util-release because:
  Build cache is disabled
Transforming localbroadcastmanager-1.0.0.aar (androidx.localbroadcastmanager:localbroadcastmanager:1.0.0) with ExtractAarTransform
Skipping AarTransform: ~/.gradle/caches/transforms-3/3521de6b8848f9a8e2e8bf5a2173f78b/transformed/jetified-ui-util-release as it is up-to-date.
Transforming localbroadcastmanager-1.0.0.aar (androidx.localbroadcastmanager:localbroadcastmanager:1.0.0) with AarTransform
Transforming print-1.0.0.aar (androidx.print:print:1.0.0) with JetifyTransform
Transforming print-1.0.0.aar (androidx.print:print:1.0.0) with ExtractAarTransform
Transforming print-1.0.0.aar (androidx.print:print:1.0.0) with AarTransform
Transforming annotation-experimental-1.4.0.aar (androidx.annotation:annotation-experimental:1.4.0) with JetifyTransform
Transforming annotation-experimental-1.4.0.aar (androidx.annotation:annotation-experimental:1.4.0) with ExtractAarTransform
Transforming annotation-experimental-1.4.0.aar (androidx.annotation:annotation-experimental:1.4.0) with AarTransform
Transforming kotlin-parcelize-runtime-1.6.10.jar (org.jetbrains.kotlin:kotlin-parcelize-runtime:1.6.10) with JetifyTransform
Transforming kotlin-android-extensions-runtime-1.6.10.jar (org.jetbrains.kotlin:kotlin-android-extensions-runtime:1.6.10) with JetifyTransform
Transforming kotlin-stdlib-jdk7-1.8.20.jar (org.jetbrains.kotlin:kotlin-stdlib-jdk7:1.8.20) with JetifyTransform
Transforming annotation-jvm-1.7.0.jar (androidx.annotation:annotation-jvm:1.7.0) with JetifyTransform
Transforming kotlin-stdlib-1.8.22.jar (org.jetbrains.kotlin:kotlin-stdlib:1.8.22) with JetifyTransform
Transforming constraintlayout-core-1.0.3.jar (androidx.constraintlayout:constraintlayout-core:1.0.3) with JetifyTransform
Transforming tink-android-1.5.0.jar (com.google.crypto.tink:tink-android:1.5.0) with JetifyTransform
Transforming disklrucache-4.11.0.jar (com.github.bumptech.glide:disklrucache:4.11.0) with JetifyTransform
Transforming annotations-4.11.0.jar (com.github.bumptech.glide:annotations:4.11.0) with JetifyTransform
Transforming nimbus-jose-jwt-9.37.3.jar (com.nimbusds:nimbus-jose-jwt:9.37.3) with JetifyTransform
Transforming httpcore5-5.3.jar (org.apache.httpcomponents.core5:httpcore5:5.3) with JetifyTransform
Transforming opentelemetry-api-1.18.0.jar (io.opentelemetry:opentelemetry-api:1.18.0) with JetifyTransform
Caching disabled for AarTransform: ~/.gradle/caches/transforms-3/84c5ee758d54ed8d39985183b5170d2f/transformed/jetified-ui-text-release because:
  Build cache is disabled
Transforming kotlin-stdlib-common-1.8.22.jar (org.jetbrains.kotlin:kotlin-stdlib-common:1.8.22) with JetifyTransform
Transforming annotations-23.0.0.jar (org.jetbrains:annotations:23.0.0) with JetifyTransform
Skipping AarTransform: ~/.gradle/caches/transforms-3/84c5ee758d54ed8d39985183b5170d2f/transformed/jetified-ui-text-release as it is up-to-date.
Transforming listenablefuture-1.0.jar (com.google.guava:listenablefuture:1.0) with JetifyTransform
Transforming common4j-21.4.0.jar (com.microsoft.identity:common4j:21.4.0) with JetifyTransform
Transforming display-mask-0.3.0.jar (com.microsoft.device.display:display-mask:0.3.0) with JetifyTransform
Transforming android-2.5.0.aar (com.yubico.yubikit:android:2.5.0) with JetifyTransform
Transforming android-2.5.0.aar (com.yubico.yubikit:android:2.5.0) with ExtractAarTransform
Transforming android-2.5.0.aar (com.yubico.yubikit:android:2.5.0) with AarTransform
Transforming piv-2.5.0.jar (com.yubico.yubikit:piv:2.5.0) with JetifyTransform
Transforming jcip-annotations-1.0-1.jar (com.github.stephenc.jcip:jcip-annotations:1.0-1) with JetifyTransform
Transforming opentelemetry-context-1.18.0.jar (io.opentelemetry:opentelemetry-context:1.18.0) with JetifyTransform
Transforming core-2.5.0.jar (com.yubico.yubikit:core:2.5.0) with JetifyTransform
Transforming slf4j-api-2.0.9.jar (org.slf4j:slf4j-api:2.0.9) with JetifyTransform
Caching disabled for AarTransform: ~/.gradle/caches/transforms-3/7b45d49ace10fab82120de3e53646a9a/transformed/jetified-ui-graphics-release because:
  Build cache is disabled
Skipping AarTransform: ~/.gradle/caches/transforms-3/7b45d49ace10fab82120de3e53646a9a/transformed/jetified-ui-graphics-release as it is up-to-date.
Caching disabled for AarTransform: ~/.gradle/caches/transforms-3/7d4c28caa7e0fb3fe005a676364c2608/transformed/jetified-ui-tooling-preview-release because:
  Build cache is disabled
Skipping AarTransform: ~/.gradle/caches/transforms-3/7d4c28caa7e0fb3fe005a676364c2608/transformed/jetified-ui-tooling-preview-release as it is up-to-date.
Caching disabled for AarTransform: ~/.gradle/caches/transforms-3/042e3e457431c3578cc10e80ca0e5c92/transformed/jetified-ui-test-manifest-1.6.1 because:
  Build cache is disabled
Caching disabled for AarTransform: ~/.gradle/caches/transforms-3/732bf3fcca27485691548d213a69ce32/transformed/jetified-ui-tooling-release because:
  Build cache is disabled
Skipping AarTransform: ~/.gradle/caches/transforms-3/042e3e457431c3578cc10e80ca0e5c92/transformed/jetified-ui-test-manifest-1.6.1 as it is up-to-date.
Skipping AarTransform: ~/.gradle/caches/transforms-3/732bf3fcca27485691548d213a69ce32/transformed/jetified-ui-tooling-release as it is up-to-date.
Caching disabled for AarTransform: ~/.gradle/caches/transforms-3/c2b1766b366bff151ea9bc1ce65f2b1b/transformed/jetified-activity-1.7.1 because:
  Build cache is disabled
Skipping AarTransform: ~/.gradle/caches/transforms-3/c2b1766b366bff151ea9bc1ce65f2b1b/transformed/jetified-activity-1.7.1 as it is up-to-date.
Caching disabled for AarTransform: ~/.gradle/caches/transforms-3/f729480fa7330d4bf857441478e9cd70/transformed/jetified-activity-ktx-1.7.1 because:
  Build cache is disabled
Skipping AarTransform: ~/.gradle/caches/transforms-3/f729480fa7330d4bf857441478e9cd70/transformed/jetified-activity-ktx-1.7.1 as it is up-to-date.
Caching disabled for AarTransform: ~/.gradle/caches/transforms-3/ab0296bff53da0f4182c704c11538309/transformed/jetified-activity-compose-1.7.1 because:
  Build cache is disabled
Skipping AarTransform: ~/.gradle/caches/transforms-3/ab0296bff53da0f4182c704c11538309/transformed/jetified-activity-compose-1.7.1 as it is up-to-date.
Caching disabled for AarTransform: ~/.gradle/caches/transforms-3/5a6f203f5e7fed813839d1d9e35f7205/transformed/jetified-ui-release because:
  Build cache is disabled
Skipping AarTransform: ~/.gradle/caches/transforms-3/5a6f203f5e7fed813839d1d9e35f7205/transformed/jetified-ui-release as it is up-to-date.
Caching disabled for AarTransform: ~/.gradle/caches/transforms-3/5fd0882d1d7d05fb40249dc663fa1f47/transformed/jetified-savedstate-ktx-1.2.1 because:
  Build cache is disabled
Skipping AarTransform: ~/.gradle/caches/transforms-3/5fd0882d1d7d05fb40249dc663fa1f47/transformed/jetified-savedstate-ktx-1.2.1 as it is up-to-date.
Caching disabled for AarTransform: ~/.gradle/caches/transforms-3/2e6e16267dc010e44b77ac72a21bd80d/transformed/jetified-savedstate-1.2.1 because:
  Build cache is disabled
Skipping AarTransform: ~/.gradle/caches/transforms-3/2e6e16267dc010e44b77ac72a21bd80d/transformed/jetified-savedstate-1.2.1 as it is up-to-date.
Caching disabled for AarTransform: ~/.gradle/caches/transforms-3/7d4a3ead9931ebc23018330c682f58e1/transformed/jetified-emoji2-views-helper-1.3.0 because:
  Build cache is disabled
Caching disabled for AarTransform: ~/.gradle/caches/transforms-3/52104321998f44c84e9432a9e863a757/transformed/work-runtime-2.8.1 because:
  Build cache is disabled
Skipping AarTransform: ~/.gradle/caches/transforms-3/7d4a3ead9931ebc23018330c682f58e1/transformed/jetified-emoji2-views-helper-1.3.0 as it is up-to-date.
Skipping AarTransform: ~/.gradle/caches/transforms-3/52104321998f44c84e9432a9e863a757/transformed/work-runtime-2.8.1 as it is up-to-date.
Caching disabled for AarTransform: ~/.gradle/caches/transforms-3/1a1c4affc70b8f7d95ddcadfbd2a35e3/transformed/jetified-lifecycle-process-2.6.1 because:
  Build cache is disabled
Skipping AarTransform: ~/.gradle/caches/transforms-3/1a1c4affc70b8f7d95ddcadfbd2a35e3/transformed/jetified-lifecycle-process-2.6.1 as it is up-to-date.
Caching disabled for AarTransform: ~/.gradle/caches/transforms-3/cbe3b41e5ddfed288a93ecb397f38d58/transformed/jetified-emoji2-1.3.0 because:
  Build cache is disabled
Skipping AarTransform: ~/.gradle/caches/transforms-3/cbe3b41e5ddfed288a93ecb397f38d58/transformed/jetified-emoji2-1.3.0 as it is up-to-date.
Caching disabled for AarTransform: ~/.gradle/caches/transforms-3/4cdb49b0d47ca31fbe8f7e71a27210c2/transformed/lifecycle-livedata-2.6.1 because:
  Build cache is disabled
Skipping AarTransform: ~/.gradle/caches/transforms-3/4cdb49b0d47ca31fbe8f7e71a27210c2/transformed/lifecycle-livedata-2.6.1 as it is up-to-date.
Caching disabled for AarTransform: ~/.gradle/caches/transforms-3/5f61254bc809342fde7e4d99b9dc0bd6/transformed/jetified-lifecycle-service-2.6.1 because:
  Build cache is disabled
Skipping AarTransform: ~/.gradle/caches/transforms-3/5f61254bc809342fde7e4d99b9dc0bd6/transformed/jetified-lifecycle-service-2.6.1 as it is up-to-date.
Caching disabled for AarTransform: ~/.gradle/caches/transforms-3/98b62496db80c5f7334c63c8ef1594c6/transformed/lifecycle-livedata-core-2.6.1 because:
  Build cache is disabled
Skipping AarTransform: ~/.gradle/caches/transforms-3/98b62496db80c5f7334c63c8ef1594c6/transformed/lifecycle-livedata-core-2.6.1 as it is up-to-date.
Caching disabled for AarTransform: ~/.gradle/caches/transforms-3/6e6fcd315d2914af4ad2cbb4faca5a8d/transformed/lifecycle-viewmodel-2.6.1 because:
  Build cache is disabled
Skipping AarTransform: ~/.gradle/caches/transforms-3/6e6fcd315d2914af4ad2cbb4faca5a8d/transformed/lifecycle-viewmodel-2.6.1 as it is up-to-date.
Caching disabled for AarTransform: ~/.gradle/caches/transforms-3/b1c2f00c35df7bf87ac640531525b7b2/transformed/jetified-lifecycle-viewmodel-savedstate-2.6.1 because:
  Build cache is disabled
Skipping AarTransform: ~/.gradle/caches/transforms-3/b1c2f00c35df7bf87ac640531525b7b2/transformed/jetified-lifecycle-viewmodel-savedstate-2.6.1 as it is up-to-date.
Caching disabled for AarTransform: ~/.gradle/caches/transforms-3/ea37f1cdfe70b530b14333d13f4dfefd/transformed/jetified-lifecycle-runtime-ktx-2.6.1 because:
  Build cache is disabled
Skipping AarTransform: ~/.gradle/caches/transforms-3/ea37f1cdfe70b530b14333d13f4dfefd/transformed/jetified-lifecycle-runtime-ktx-2.6.1 as it is up-to-date.
Caching disabled for AarTransform: ~/.gradle/caches/transforms-3/2b5b59ece6552c208019a847c09011bf/transformed/recyclerview-1.3.0 because:
  Build cache is disabled
Skipping AarTransform: ~/.gradle/caches/transforms-3/2b5b59ece6552c208019a847c09011bf/transformed/recyclerview-1.3.0 as it is up-to-date.
Caching disabled for AarTransform: ~/.gradle/caches/transforms-3/b0f6f3bf4ed4099b387a119d6361ee2c/transformed/coordinatorlayout-1.1.0 because:
  Build cache is disabled
Skipping AarTransform: ~/.gradle/caches/transforms-3/b0f6f3bf4ed4099b387a119d6361ee2c/transformed/coordinatorlayout-1.1.0 as it is up-to-date.
Caching disabled for AarTransform: ~/.gradle/caches/transforms-3/4091ae1981d7ed60785fe07ae06dd610/transformed/drawerlayout-1.0.0 because:
  Build cache is disabled
Skipping AarTransform: ~/.gradle/caches/transforms-3/4091ae1981d7ed60785fe07ae06dd610/transformed/drawerlayout-1.0.0 as it is up-to-date.
Caching disabled for AarTransform: ~/.gradle/caches/transforms-3/13c53372c38558e7012eae9655f785d8/transformed/viewpager-1.0.0 because:
  Build cache is disabled
Skipping AarTransform: ~/.gradle/caches/transforms-3/13c53372c38558e7012eae9655f785d8/transformed/viewpager-1.0.0 as it is up-to-date.
Caching disabled for AarTransform: ~/.gradle/caches/transforms-3/674afedd4adc863db6e27fb0dc6cd5f2/transformed/customview-1.0.0 because:
  Build cache is disabled
Caching disabled for AarTransform: ~/.gradle/caches/transforms-3/c9ac48e9f4f08ba22420df3489b43c0b/transformed/slidingpanelayout-1.0.0 because:
  Build cache is disabled
Skipping AarTransform: ~/.gradle/caches/transforms-3/674afedd4adc863db6e27fb0dc6cd5f2/transformed/customview-1.0.0 as it is up-to-date.
Skipping AarTransform: ~/.gradle/caches/transforms-3/c9ac48e9f4f08ba22420df3489b43c0b/transformed/slidingpanelayout-1.0.0 as it is up-to-date.
Caching disabled for AarTransform: ~/.gradle/caches/transforms-3/7632eae8281301dfe881ac645ed5b016/transformed/transition-1.2.0 because:
  Build cache is disabled
Skipping AarTransform: ~/.gradle/caches/transforms-3/7632eae8281301dfe881ac645ed5b016/transformed/transition-1.2.0 as it is up-to-date.
Caching disabled for AarTransform: ~/.gradle/caches/transforms-3/118a0cae2c4b44cec6097a60cd253593/transformed/vectordrawable-animated-1.1.0 because:
  Build cache is disabled
Skipping AarTransform: ~/.gradle/caches/transforms-3/118a0cae2c4b44cec6097a60cd253593/transformed/vectordrawable-animated-1.1.0 as it is up-to-date.
Caching disabled for AarTransform: ~/.gradle/caches/transforms-3/9b5817c3a92d7366c3231b0a6adc6bdc/transformed/vectordrawable-1.1.0 because:
  Build cache is disabled
Skipping AarTransform: ~/.gradle/caches/transforms-3/9b5817c3a92d7366c3231b0a6adc6bdc/transformed/vectordrawable-1.1.0 as it is up-to-date.
Caching disabled for AarTransform: ~/.gradle/caches/transforms-3/c168bdfce0b852075277c25af448ff71/transformed/jetified-window-1.0.0 because:
  Build cache is disabled
Skipping AarTransform: ~/.gradle/caches/transforms-3/c168bdfce0b852075277c25af448ff71/transformed/jetified-window-1.0.0 as it is up-to-date.
Caching disabled for AarTransform: ~/.gradle/caches/transforms-3/580ae2a1aa1989b013eb39607617f57b/transformed/jetified-autofill-1.0.0 because:
  Build cache is disabled
Skipping AarTransform: ~/.gradle/caches/transforms-3/580ae2a1aa1989b013eb39607617f57b/transformed/jetified-autofill-1.0.0 as it is up-to-date.
Caching disabled for AarTransform: ~/.gradle/caches/transforms-3/12ad9292926686a6f009320535c38240/transformed/swiperefreshlayout-1.0.0 because:
  Build cache is disabled
Skipping AarTransform: ~/.gradle/caches/transforms-3/12ad9292926686a6f009320535c38240/transformed/swiperefreshlayout-1.0.0 as it is up-to-date.
Caching disabled for AarTransform: ~/.gradle/caches/transforms-3/c1abece61dae1a21d2f3592e715f7295/transformed/asynclayoutinflater-1.0.0 because:
  Build cache is disabled
Skipping AarTransform: ~/.gradle/caches/transforms-3/c1abece61dae1a21d2f3592e715f7295/transformed/asynclayoutinflater-1.0.0 as it is up-to-date.
Caching disabled for AarTransform: ~/.gradle/caches/transforms-3/949fc41410247092c134eb3bd94f32ce/transformed/jetified-core-ktx-1.12.0 because:
  Build cache is disabled
Skipping AarTransform: ~/.gradle/caches/transforms-3/949fc41410247092c134eb3bd94f32ce/transformed/jetified-core-ktx-1.12.0 as it is up-to-date.
Caching disabled for AarTransform: ~/.gradle/caches/transforms-3/12a83c271ec221d1737fdd040cc60012/transformed/jetified-customview-poolingcontainer-1.0.0 because:
  Build cache is disabled
Skipping AarTransform: ~/.gradle/caches/transforms-3/12a83c271ec221d1737fdd040cc60012/transformed/jetified-customview-poolingcontainer-1.0.0 as it is up-to-date.
Caching disabled for AarTransform: ~/.gradle/caches/transforms-3/cceb94d81e4d8c63d43b8cad4df517ed/transformed/core-1.12.0 because:
  Build cache is disabled
Skipping AarTransform: ~/.gradle/caches/transforms-3/cceb94d81e4d8c63d43b8cad4df517ed/transformed/core-1.12.0 as it is up-to-date.
Caching disabled for AarTransform: ~/.gradle/caches/transforms-3/e9713df1858b49ad0683e30339f1fcbf/transformed/jetified-lifecycle-viewmodel-ktx-2.6.1 because:
  Build cache is disabled
Skipping AarTransform: ~/.gradle/caches/transforms-3/e9713df1858b49ad0683e30339f1fcbf/transformed/jetified-lifecycle-viewmodel-ktx-2.6.1 as it is up-to-date.
Caching disabled for AarTransform: ~/.gradle/caches/transforms-3/eb7450c57b306cbb82121c0806cab720/transformed/jetified-lifecycle-viewmodel-compose-2.6.1 because:
  Build cache is disabled
Skipping AarTransform: ~/.gradle/caches/transforms-3/eb7450c57b306cbb82121c0806cab720/transformed/jetified-lifecycle-viewmodel-compose-2.6.1 as it is up-to-date.
Caching disabled for AarTransform: ~/.gradle/caches/transforms-3/b000c700754713dc8e2803f1edacb360/transformed/lifecycle-runtime-2.6.1 because:
  Build cache is disabled
Skipping AarTransform: ~/.gradle/caches/transforms-3/b000c700754713dc8e2803f1edacb360/transformed/lifecycle-runtime-2.6.1 as it is up-to-date.
Caching disabled for AarTransform: ~/.gradle/caches/transforms-3/9b48c0ff091d6ce817371e99ad820b83/transformed/jetified-datastore-preferences-1.0.0 because:
  Build cache is disabled
Skipping AarTransform: ~/.gradle/caches/transforms-3/9b48c0ff091d6ce817371e99ad820b83/transformed/jetified-datastore-preferences-1.0.0 as it is up-to-date.
Caching disabled for AarTransform: ~/.gradle/caches/transforms-3/7f1e093fa79270458ef3640fc4e8a839/transformed/jetified-runtime-saveable-release because:
  Build cache is disabled
Skipping AarTransform: ~/.gradle/caches/transforms-3/7f1e093fa79270458ef3640fc4e8a839/transformed/jetified-runtime-saveable-release as it is up-to-date.
Caching disabled for AarTransform: ~/.gradle/caches/transforms-3/a625bd74c274bd3cfbd1753b62cf8fd3/transformed/jetified-runtime-release because:
  Build cache is disabled
Skipping AarTransform: ~/.gradle/caches/transforms-3/a625bd74c274bd3cfbd1753b62cf8fd3/transformed/jetified-runtime-release as it is up-to-date.
Caching disabled for AarTransform: ~/.gradle/caches/transforms-3/de6a55e483f993ea7168e29fbd28f33c/transformed/jetified-datastore-1.0.0 because:
  Build cache is disabled
Skipping AarTransform: ~/.gradle/caches/transforms-3/de6a55e483f993ea7168e29fbd28f33c/transformed/jetified-datastore-1.0.0 as it is up-to-date.
Caching disabled for AarTransform: ~/.gradle/caches/transforms-3/e20053a0a5aacac75533bfb9655cb504/transformed/room-runtime-2.5.0 because:
  Build cache is disabled
Skipping AarTransform: ~/.gradle/caches/transforms-3/e20053a0a5aacac75533bfb9655cb504/transformed/room-runtime-2.5.0 as it is up-to-date.
Caching disabled for AarTransform: ~/.gradle/caches/transforms-3/b2a1521e4152e0b34a7680a2d8b07346/transformed/documentfile-1.0.1 because:
  Build cache is disabled
Skipping AarTransform: ~/.gradle/caches/transforms-3/b2a1521e4152e0b34a7680a2d8b07346/transformed/documentfile-1.0.1 as it is up-to-date.
Caching disabled for AarTransform: ~/.gradle/caches/transforms-3/56bd582384ccdc7202015da1d0cac46f/transformed/jetified-security-crypto-1.1.0-alpha03 because:
  Build cache is disabled
Skipping AarTransform: ~/.gradle/caches/transforms-3/56bd582384ccdc7202015da1d0cac46f/transformed/jetified-security-crypto-1.1.0-alpha03 as it is up-to-date.
Caching disabled for AarTransform: ~/.gradle/caches/transforms-3/12300820f0d60b288a19d7ebf5066de8/transformed/cursoradapter-1.0.0 because:
  Build cache is disabled
Skipping AarTransform: ~/.gradle/caches/transforms-3/12300820f0d60b288a19d7ebf5066de8/transformed/cursoradapter-1.0.0 as it is up-to-date.
Caching disabled for AarTransform: ~/.gradle/caches/transforms-3/dcc90df5e29beb76e837b70cfc8a1b3a/transformed/cardview-1.0.0 because:
  Build cache is disabled
Skipping AarTransform: ~/.gradle/caches/transforms-3/dcc90df5e29beb76e837b70cfc8a1b3a/transformed/cardview-1.0.0 as it is up-to-date.
Caching disabled for AarTransform: ~/.gradle/caches/transforms-3/d41826fca4fd43026506b6eedd8999db/transformed/interpolator-1.0.0 because:
  Build cache is disabled
Skipping AarTransform: ~/.gradle/caches/transforms-3/d41826fca4fd43026506b6eedd8999db/transformed/interpolator-1.0.0 as it is up-to-date.
Caching disabled for AarTransform: ~/.gradle/caches/transforms-3/137175b3ff397a3ca8c7f030a9dc1e4b/transformed/jetified-gifdecoder-4.11.0 because:
  Build cache is disabled
Skipping AarTransform: ~/.gradle/caches/transforms-3/137175b3ff397a3ca8c7f030a9dc1e4b/transformed/jetified-gifdecoder-4.11.0 as it is up-to-date.
Caching disabled for AarTransform: ~/.gradle/caches/transforms-3/6121addbf7f66609874aebfb23638732/transformed/jetified-profileinstaller-1.3.0 because:
  Build cache is disabled
Skipping AarTransform: ~/.gradle/caches/transforms-3/6121addbf7f66609874aebfb23638732/transformed/jetified-profileinstaller-1.3.0 as it is up-to-date.
Caching disabled for AarTransform: ~/.gradle/caches/transforms-3/42d42e9fdc10b3a8efed0d75b71fafe6/transformed/core-runtime-2.2.0 because:
  Build cache is disabled
Skipping AarTransform: ~/.gradle/caches/transforms-3/42d42e9fdc10b3a8efed0d75b71fafe6/transformed/core-runtime-2.2.0 as it is up-to-date.
Caching disabled for AarTransform: ~/.gradle/caches/transforms-3/6b41cd243c6fb9e77bc51f77916faca1/transformed/sqlite-framework-2.3.0 because:
  Build cache is disabled
Skipping AarTransform: ~/.gradle/caches/transforms-3/6b41cd243c6fb9e77bc51f77916faca1/transformed/sqlite-framework-2.3.0 as it is up-to-date.
Caching disabled for AarTransform: ~/.gradle/caches/transforms-3/03f7efd144c869dc5e7d802beb82fc16/transformed/versionedparcelable-1.1.1 because:
  Build cache is disabled
Skipping AarTransform: ~/.gradle/caches/transforms-3/03f7efd144c869dc5e7d802beb82fc16/transformed/versionedparcelable-1.1.1 as it is up-to-date.
Caching disabled for AarTransform: ~/.gradle/caches/transforms-3/155663d16d0a0a2fe7a7ba743223ac03/transformed/jetified-startup-runtime-1.1.1 because:
  Build cache is disabled
Skipping AarTransform: ~/.gradle/caches/transforms-3/155663d16d0a0a2fe7a7ba743223ac03/transformed/jetified-startup-runtime-1.1.1 as it is up-to-date.
Caching disabled for AarTransform: ~/.gradle/caches/transforms-3/48ceb8176866b80a099305b2f41fd291/transformed/exifinterface-1.3.3 because:
  Build cache is disabled
Skipping AarTransform: ~/.gradle/caches/transforms-3/48ceb8176866b80a099305b2f41fd291/transformed/exifinterface-1.3.3 as it is up-to-date.
Caching disabled for AarTransform: ~/.gradle/caches/transforms-3/72dad178ce6ab4f7001753075b0e37f5/transformed/sqlite-2.3.0 because:
  Build cache is disabled
Caching disabled for AarTransform: ~/.gradle/caches/transforms-3/b60f11540f0a45297b86659eb77708d8/transformed/localbroadcastmanager-1.0.0 because:
  Build cache is disabled
Skipping AarTransform: ~/.gradle/caches/transforms-3/72dad178ce6ab4f7001753075b0e37f5/transformed/sqlite-2.3.0 as it is up-to-date.
Skipping AarTransform: ~/.gradle/caches/transforms-3/b60f11540f0a45297b86659eb77708d8/transformed/localbroadcastmanager-1.0.0 as it is up-to-date.
Caching disabled for AarTransform: ~/.gradle/caches/transforms-3/3bc6d5d8ff448b4e13035810680677de/transformed/jetified-tracing-1.0.0 because:
  Build cache is disabled
Skipping AarTransform: ~/.gradle/caches/transforms-3/3bc6d5d8ff448b4e13035810680677de/transformed/jetified-tracing-1.0.0 as it is up-to-date.
Caching disabled for AarTransform: ~/.gradle/caches/transforms-3/07890a703d0cf6d7a86bcc92f59f3175/transformed/print-1.0.0 because:
  Build cache is disabled
Caching disabled for AarTransform: ~/.gradle/caches/transforms-3/bba89aa6501c852a9ecaced807b153b4/transformed/jetified-annotation-experimental-1.4.0 because:
  Build cache is disabled
Skipping AarTransform: ~/.gradle/caches/transforms-3/07890a703d0cf6d7a86bcc92f59f3175/transformed/print-1.0.0 as it is up-to-date.
Skipping AarTransform: ~/.gradle/caches/transforms-3/bba89aa6501c852a9ecaced807b153b4/transformed/jetified-annotation-experimental-1.4.0 as it is up-to-date.
Caching disabled for AarTransform: ~/.gradle/caches/transforms-3/bf8e33f871994f40a9487e20a975ed66/transformed/jetified-accompanist-systemuicontroller-0.23.0 because:
  Build cache is disabled
Skipping AarTransform: ~/.gradle/caches/transforms-3/bf8e33f871994f40a9487e20a975ed66/transformed/jetified-accompanist-systemuicontroller-0.23.0 as it is up-to-date.
Caching disabled for AarTransform: ~/.gradle/caches/transforms-3/eaf4160b542b0499b6b73f7db65252d7/transformed/jetified-coil-compose-base-2.0.0 because:
  Build cache is disabled
Skipping AarTransform: ~/.gradle/caches/transforms-3/eaf4160b542b0499b6b73f7db65252d7/transformed/jetified-coil-compose-base-2.0.0 as it is up-to-date.
Caching disabled for AarTransform: ~/.gradle/caches/transforms-3/8afce72244a911c0605c3d6d7e95dc8c/transformed/jetified-android-2.5.0 because:
  Build cache is disabled
Skipping AarTransform: ~/.gradle/caches/transforms-3/8afce72244a911c0605c3d6d7e95dc8c/transformed/jetified-android-2.5.0 as it is up-to-date.
Caching disabled for AarTransform: ~/.gradle/caches/transforms-3/f2c612e0fb1a97a99a863e39f5508a21/transformed/jetified-play-services-tasks-18.0.1 because:
  Build cache is disabled
Skipping AarTransform: ~/.gradle/caches/transforms-3/f2c612e0fb1a97a99a863e39f5508a21/transformed/jetified-play-services-tasks-18.0.1 as it is up-to-date.
Caching disabled for AarTransform: ~/.gradle/caches/transforms-3/a7ad36f58a6749e591d88a51cd5b7b5c/transformed/jetified-play-services-base-18.0.1 because:
  Build cache is disabled
Skipping AarTransform: ~/.gradle/caches/transforms-3/a7ad36f58a6749e591d88a51cd5b7b5c/transformed/jetified-play-services-base-18.0.1 as it is up-to-date.
Caching disabled for AarTransform: ~/.gradle/caches/transforms-3/2255a581edd9e694cdd5fc201e351b32/transformed/jetified-navigation-compose-2.7.0 because:
  Build cache is disabled
Skipping AarTransform: ~/.gradle/caches/transforms-3/2255a581edd9e694cdd5fc201e351b32/transformed/jetified-navigation-compose-2.7.0 as it is up-to-date.
Caching disabled for AarTransform: ~/.gradle/caches/transforms-3/92c29c4b255532babecd42314d8fdc89/transformed/jetified-play-services-auth-base-18.0.4 because:
  Build cache is disabled
Skipping AarTransform: ~/.gradle/caches/transforms-3/92c29c4b255532babecd42314d8fdc89/transformed/jetified-play-services-auth-base-18.0.4 as it is up-to-date.
Caching disabled for AarTransform: ~/.gradle/caches/transforms-3/93778559c8409c7dbf0caaa1b2d252ac/transformed/jetified-coil-2.0.0 because:
  Build cache is disabled
Skipping AarTransform: ~/.gradle/caches/transforms-3/93778559c8409c7dbf0caaa1b2d252ac/transformed/jetified-coil-2.0.0 as it is up-to-date.
Caching disabled for AarTransform: ~/.gradle/caches/transforms-3/5395aa0a6ecb13ad0c511d3a340478af/transformed/jetified-msal-6.2.0 because:
  Build cache is disabled
Skipping AarTransform: ~/.gradle/caches/transforms-3/5395aa0a6ecb13ad0c511d3a340478af/transformed/jetified-msal-6.2.0 as it is up-to-date.
Caching disabled for AarTransform: ~/.gradle/caches/transforms-3/28b8a30e393fe518d9ae0aee025282fd/transformed/jetified-coil-base-2.0.0 because:
  Build cache is disabled
Skipping AarTransform: ~/.gradle/caches/transforms-3/28b8a30e393fe518d9ae0aee025282fd/transformed/jetified-coil-base-2.0.0 as it is up-to-date.
Caching disabled for AarTransform: ~/.gradle/caches/transforms-3/6ba5227b30be8ace71f45008339a7641/transformed/jetified-accompanist-drawablepainter-0.23.1 because:
  Build cache is disabled
Skipping AarTransform: ~/.gradle/caches/transforms-3/6ba5227b30be8ace71f45008339a7641/transformed/jetified-accompanist-drawablepainter-0.23.1 as it is up-to-date.
Caching disabled for AarTransform: ~/.gradle/caches/transforms-3/691e2ddca74f0afe60043bb1a3af1d8c/transformed/jetified-common-21.4.0 because:
  Build cache is disabled
Skipping AarTransform: ~/.gradle/caches/transforms-3/691e2ddca74f0afe60043bb1a3af1d8c/transformed/jetified-common-21.4.0 as it is up-to-date.
Caching disabled for AarTransform: ~/.gradle/caches/transforms-3/5713208a47eec23b954ae0ca2083427b/transformed/jetified-credentials-1.2.2 because:
  Build cache is disabled
Skipping AarTransform: ~/.gradle/caches/transforms-3/5713208a47eec23b954ae0ca2083427b/transformed/jetified-credentials-1.2.2 as it is up-to-date.
Caching disabled for AarTransform: ~/.gradle/caches/transforms-3/66a760f6e63c09010c25a975f2158b0f/transformed/navigation-runtime-ktx-2.7.0 because:
  Build cache is disabled
Skipping AarTransform: ~/.gradle/caches/transforms-3/66a760f6e63c09010c25a975f2158b0f/transformed/navigation-runtime-ktx-2.7.0 as it is up-to-date.
Caching disabled for AarTransform: ~/.gradle/caches/transforms-3/2cfbf6603ea66c174c7ccb8429cf167e/transformed/navigation-common-ktx-2.7.0 because:
  Build cache is disabled
Skipping AarTransform: ~/.gradle/caches/transforms-3/2cfbf6603ea66c174c7ccb8429cf167e/transformed/navigation-common-ktx-2.7.0 as it is up-to-date.
Caching disabled for AarTransform: ~/.gradle/caches/transforms-3/bf1a1f31d3fd291141350a5f95f71ac2/transformed/navigation-runtime-2.7.0 because:
  Build cache is disabled
Skipping AarTransform: ~/.gradle/caches/transforms-3/bf1a1f31d3fd291141350a5f95f71ac2/transformed/navigation-runtime-2.7.0 as it is up-to-date.
Caching disabled for AarTransform: ~/.gradle/caches/transforms-3/9d078f321e9c9b40b737fbfeda2c24d6/transformed/constraintlayout-2.1.3 because:
  Build cache is disabled
Skipping AarTransform: ~/.gradle/caches/transforms-3/9d078f321e9c9b40b737fbfeda2c24d6/transformed/constraintlayout-2.1.3 as it is up-to-date.
Caching disabled for AarTransform: ~/.gradle/caches/transforms-3/db0a4a75452c37002f2b2876252588df/transformed/navigation-common-2.7.0 because:
  Build cache is disabled
Skipping AarTransform: ~/.gradle/caches/transforms-3/db0a4a75452c37002f2b2876252588df/transformed/navigation-common-2.7.0 as it is up-to-date.
Caching disabled for AarTransform: ~/.gradle/caches/transforms-3/3c5a8b745dd1c9841f3eb1e5f8227414/transformed/jetified-play-services-fido-20.1.0 because:
  Build cache is disabled
Skipping AarTransform: ~/.gradle/caches/transforms-3/3c5a8b745dd1c9841f3eb1e5f8227414/transformed/jetified-play-services-fido-20.1.0 as it is up-to-date.
Caching disabled for AarTransform: ~/.gradle/caches/transforms-3/66f77465e979a17d511311b5910b38ae/transformed/jetified-play-services-auth-20.7.0 because:
  Build cache is disabled
Skipping AarTransform: ~/.gradle/caches/transforms-3/66f77465e979a17d511311b5910b38ae/transformed/jetified-play-services-auth-20.7.0 as it is up-to-date.
Caching disabled for AarTransform: ~/.gradle/caches/transforms-3/9e19dd4eddf1526c596bfc7fac48dace/transformed/material-1.2.0 because:
  Build cache is disabled
Skipping AarTransform: ~/.gradle/caches/transforms-3/9e19dd4eddf1526c596bfc7fac48dace/transformed/material-1.2.0 as it is up-to-date.
Caching disabled for AarTransform: ~/.gradle/caches/transforms-3/e05b1ce225b2f306a2f1bcaa6cc4bb82/transformed/appcompat-1.6.1 because:
  Build cache is disabled
Skipping AarTransform: ~/.gradle/caches/transforms-3/e05b1ce225b2f306a2f1bcaa6cc4bb82/transformed/appcompat-1.6.1 as it is up-to-date.
Caching disabled for AarTransform: ~/.gradle/caches/transforms-3/b6095f41f72e5a29b902f1ef21484dd1/transformed/jetified-material3-window-size-class-release because:
  Build cache is disabled
Skipping AarTransform: ~/.gradle/caches/transforms-3/b6095f41f72e5a29b902f1ef21484dd1/transformed/jetified-material3-window-size-class-release as it is up-to-date.
Caching disabled for AarTransform: ~/.gradle/caches/transforms-3/90ed19349c73e3a702f875e3ee32cf3e/transformed/jetified-play-services-auth-api-phone-18.0.1 because:
  Build cache is disabled
Skipping AarTransform: ~/.gradle/caches/transforms-3/90ed19349c73e3a702f875e3ee32cf3e/transformed/jetified-play-services-auth-api-phone-18.0.1 as it is up-to-date.
Caching disabled for AarTransform: ~/.gradle/caches/transforms-3/061a33163253ca2b20f29868a72c12dc/transformed/jetified-material3-release because:
  Build cache is disabled
Skipping AarTransform: ~/.gradle/caches/transforms-3/061a33163253ca2b20f29868a72c12dc/transformed/jetified-material3-release as it is up-to-date.
Caching disabled for AarTransform: ~/.gradle/caches/transforms-3/8feeef3945a1f3bf72a7656b99debed4/transformed/jetified-glide-4.11.0 because:
  Build cache is disabled
Skipping AarTransform: ~/.gradle/caches/transforms-3/8feeef3945a1f3bf72a7656b99debed4/transformed/jetified-glide-4.11.0 as it is up-to-date.
Caching disabled for AarTransform: ~/.gradle/caches/transforms-3/7ff85eb923829d3039e7d6a37994c2be/transformed/jetified-credentials-play-services-auth-1.2.2 because:
  Build cache is disabled
Skipping AarTransform: ~/.gradle/caches/transforms-3/7ff85eb923829d3039e7d6a37994c2be/transformed/jetified-credentials-play-services-auth-1.2.2 as it is up-to-date.
Caching disabled for AarTransform: ~/.gradle/caches/transforms-3/9b17bc7c93fbf09b155b618530a901a6/transformed/jetified-viewpager2-1.0.0 because:
  Build cache is disabled
Skipping AarTransform: ~/.gradle/caches/transforms-3/9b17bc7c93fbf09b155b618530a901a6/transformed/jetified-viewpager2-1.0.0 as it is up-to-date.
Caching disabled for AarTransform: ~/.gradle/caches/transforms-3/1d16f4d928f2f2d491888191b97517fc/transformed/jetified-googleid-1.1.0 because:
  Build cache is disabled
Skipping AarTransform: ~/.gradle/caches/transforms-3/1d16f4d928f2f2d491888191b97517fc/transformed/jetified-googleid-1.1.0 as it is up-to-date.
Caching disabled for task ':app:desugarDebugFileDependencies' because:
  Build cache is disabled
Task ':app:desugarDebugFileDependencies' is not up-to-date because:
  Class path of task ':app:desugarDebugFileDependencies' has changed from 19511a89c2c60142f14e5c42d287bce4 to 884dfe0e653a3a2295bb6c56821b1ca5.
Watching 171 directories to track changes
Watching 172 directories to track changes
:app:desugarDebugFileDependencies (Thread[Execution worker,5,main]) completed. Took 0.584 secs.
Resolve mutations for :app:mergeExtDexDebug (Thread[included builds,5,main]) started.
Resolve mutations for :app:mergeExtDexDebug (Thread[included builds,5,main]) completed. Took 0.0 secs.
:app:mergeExtDexDebug (Thread[included builds,5,main]) started.

> Task :app:processDebugResources FAILED
Android resource linking failed:
process = AAPT2 aapt2-7.4.2-8841542-linux Daemon #0:
command = ~/.gradle/caches/transforms-3/9bdcede28ba18cef98a4ab719a61cf93/transformed/aapt2-7.4.2-8841542-linux/aapt2 link -I\
        ~/android/studio/SDK/platforms/android-34/android.jar\
        --manifest\
        ~/android/studio/Projects/Photo.Gallery/app/build/intermediates/packaged_manifests/debug/AndroidManifest.xml\
        -o\
        ~/android/studio/Projects/Photo.Gallery/app/build/intermediates/processed_res/debug/out/resources-debug.ap_\
        -R\
        @~/android/studio/Projects/Photo.Gallery/app/build/intermediates/incremental/processDebugResources/resources-list-for-resources-debug.ap_.txt\
        --auto-add-overlay\
        --custom-package\
        com.droidaio.gallery\
        -0\
        apk\
        --output-text-symbols\
        ~/android/studio/Projects/Photo.Gallery/app/build/intermediates/runtime_symbol_list/debug/R.txt\
        --no-version-vectors\
        --proguard-minimal-keep-rules\
        --no-proguard-location-reference
Watching 173 directories to track changes
Watching 174 directories to track changes
Watching 175 directories to track changes
Watching 176 directories to track changes
:app:processDebugResources (Thread[Execution worker Thread 2,5,main]) completed. Took 3.01 secs.

> Task :app:mergeExtDexDebug
Watching 172 directories to track changes
Transforming annotation-jvm-1.7.0.jar (androidx.annotation:annotation-jvm:1.7.0) with JetifyTransform
Transforming annotation-jvm-1.7.0.jar (androidx.annotation:annotation-jvm:1.7.0) with IdentityTransform
Transforming kotlin-stdlib-1.8.22.jar (org.jetbrains.kotlin:kotlin-stdlib:1.8.22) with JetifyTransform
Transforming kotlin-stdlib-1.8.22.jar (org.jetbrains.kotlin:kotlin-stdlib:1.8.22) with IdentityTransform
Transforming kotlin-stdlib-common-1.8.22.jar (org.jetbrains.kotlin:kotlin-stdlib-common:1.8.22) with JetifyTransform
Transforming kotlin-stdlib-common-1.8.22.jar (org.jetbrains.kotlin:kotlin-stdlib-common:1.8.22) with IdentityTransform
Transforming annotations-23.0.0.jar (org.jetbrains:annotations:23.0.0) with JetifyTransform
Transforming annotations-23.0.0.jar (org.jetbrains:annotations:23.0.0) with IdentityTransform
Transforming viewbinding-7.4.2.aar (androidx.databinding:viewbinding:7.4.2) with JetifyTransform
Transforming viewbinding-7.4.2.aar (androidx.databinding:viewbinding:7.4.2) with AarToClassTransform
Transforming viewbinding-7.4.2.aar (androidx.databinding:viewbinding:7.4.2) with DexingWithClasspathTransform
Caching disabled for DexingWithClasspathTransform: ~/.gradle/caches/transforms-3/3f063e15aa5f617bcef12065e5b0b10f/transformed/jetified-viewbinding-7.4.2-runtime.jar because:
  Build cache is disabled
Transforming ui-geometry-release.aar (androidx.compose.ui:ui-geometry-android:1.6.1) with JetifyTransform
Transforming ui-geometry-release.aar (androidx.compose.ui:ui-geometry-android:1.6.1) with AarToClassTransform
Transforming ui-unit-release.aar (androidx.compose.ui:ui-unit-android:1.6.1) with JetifyTransform
Transforming ui-unit-release.aar (androidx.compose.ui:ui-unit-android:1.6.1) with AarToClassTransform
Transforming ui-util-release.aar (androidx.compose.ui:ui-util-android:1.6.1) with JetifyTransform
Transforming ui-util-release.aar (androidx.compose.ui:ui-util-android:1.6.1) with AarToClassTransform
Transforming ui-text-release.aar (androidx.compose.ui:ui-text-android:1.6.1) with JetifyTransform
Transforming ui-text-release.aar (androidx.compose.ui:ui-text-android:1.6.1) with AarToClassTransform
Transforming ui-graphics-release.aar (androidx.compose.ui:ui-graphics-android:1.6.1) with JetifyTransform
Transforming ui-graphics-release.aar (androidx.compose.ui:ui-graphics-android:1.6.1) with AarToClassTransform
Transforming activity-1.7.1.aar (androidx.activity:activity:1.7.1) with JetifyTransform
Transforming activity-1.7.1.aar (androidx.activity:activity:1.7.1) with AarToClassTransform
Transforming activity-ktx-1.7.1.aar (androidx.activity:activity-ktx:1.7.1) with JetifyTransform
Transforming activity-ktx-1.7.1.aar (androidx.activity:activity-ktx:1.7.1) with AarToClassTransform
Transforming ui-release.aar (androidx.compose.ui:ui-android:1.6.1) with JetifyTransform
Transforming ui-release.aar (androidx.compose.ui:ui-android:1.6.1) with AarToClassTransform
Transforming savedstate-ktx-1.2.1.aar (androidx.savedstate:savedstate-ktx:1.2.1) with JetifyTransform
Transforming savedstate-ktx-1.2.1.aar (androidx.savedstate:savedstate-ktx:1.2.1) with AarToClassTransform
Transforming savedstate-1.2.1.aar (androidx.savedstate:savedstate:1.2.1) with JetifyTransform
Transforming savedstate-1.2.1.aar (androidx.savedstate:savedstate:1.2.1) with AarToClassTransform
Transforming emoji2-1.3.0.aar (androidx.emoji2:emoji2:1.3.0) with JetifyTransform
Transforming emoji2-1.3.0.aar (androidx.emoji2:emoji2:1.3.0) with AarToClassTransform
Transforming lifecycle-process-2.6.1.aar (androidx.lifecycle:lifecycle-process:2.6.1) with JetifyTransform
Transforming lifecycle-process-2.6.1.aar (androidx.lifecycle:lifecycle-process:2.6.1) with AarToClassTransform
Transforming lifecycle-livedata-core-2.6.1.aar (androidx.lifecycle:lifecycle-livedata-core:2.6.1) with JetifyTransform
Transforming lifecycle-livedata-core-2.6.1.aar (androidx.lifecycle:lifecycle-livedata-core:2.6.1) with AarToClassTransform
Transforming lifecycle-common-2.6.1.jar (androidx.lifecycle:lifecycle-common:2.6.1) with JetifyTransform
Transforming lifecycle-common-2.6.1.jar (androidx.lifecycle:lifecycle-common:2.6.1) with IdentityTransform
Transforming lifecycle-viewmodel-2.6.1.aar (androidx.lifecycle:lifecycle-viewmodel:2.6.1) with JetifyTransform
Transforming lifecycle-viewmodel-2.6.1.aar (androidx.lifecycle:lifecycle-viewmodel:2.6.1) with AarToClassTransform
Transforming lifecycle-viewmodel-2.6.1.aar (androidx.lifecycle:lifecycle-viewmodel:2.6.1) with JetifyTransform
Skipping DexingWithClasspathTransform: ~/.gradle/caches/transforms-3/3f063e15aa5f617bcef12065e5b0b10f/transformed/jetified-viewbinding-7.4.2-runtime.jar as it is up-to-date.
Transforming lifecycle-viewmodel-2.6.1.aar (androidx.lifecycle:lifecycle-viewmodel:2.6.1) with AarToClassTransform
Transforming lifecycle-viewmodel-savedstate-2.6.1.aar (androidx.lifecycle:lifecycle-viewmodel-savedstate:2.6.1) with JetifyTransform
Transforming lifecycle-viewmodel-savedstate-2.6.1.aar (androidx.lifecycle:lifecycle-viewmodel-savedstate:2.6.1) with AarToClassTransform
Transforming lifecycle-runtime-ktx-2.6.1.aar (androidx.lifecycle:lifecycle-runtime-ktx:2.6.1) with JetifyTransform
Transforming lifecycle-runtime-ktx-2.6.1.aar (androidx.lifecycle:lifecycle-runtime-ktx:2.6.1) with AarToClassTransform
Transforming autofill-1.0.0.aar (androidx.autofill:autofill:1.0.0) with JetifyTransform
Transforming autofill-1.0.0.aar (androidx.autofill:autofill:1.0.0) with AarToClassTransform
Transforming customview-poolingcontainer-1.0.0.aar (androidx.customview:customview-poolingcontainer:1.0.0) with JetifyTransform
Transforming customview-poolingcontainer-1.0.0.aar (androidx.customview:customview-poolingcontainer:1.0.0) with AarToClassTransform
Transforming core-ktx-1.12.0.aar (androidx.core:core-ktx:1.12.0) with JetifyTransform
Transforming core-ktx-1.12.0.aar (androidx.core:core-ktx:1.12.0) with AarToClassTransform
Transforming core-1.12.0.aar (androidx.core:core:1.12.0) with JetifyTransform
Transforming core-1.12.0.aar (androidx.core:core:1.12.0) with AarToClassTransform
Transforming core-1.12.0.aar (androidx.core:core:1.12.0) with JetifyTransform
Transforming core-1.12.0.aar (androidx.core:core:1.12.0) with AarToClassTransform
Transforming lifecycle-runtime-2.6.1.aar (androidx.lifecycle:lifecycle-runtime:2.6.1) with JetifyTransform
Transforming lifecycle-runtime-2.6.1.aar (androidx.lifecycle:lifecycle-runtime:2.6.1) with AarToClassTransform
Transforming lifecycle-viewmodel-ktx-2.6.1.aar (androidx.lifecycle:lifecycle-viewmodel-ktx:2.6.1) with JetifyTransform
Transforming lifecycle-viewmodel-ktx-2.6.1.aar (androidx.lifecycle:lifecycle-viewmodel-ktx:2.6.1) with AarToClassTransform
Transforming runtime-saveable-release.aar (androidx.compose.runtime:runtime-saveable-android:1.6.1) with JetifyTransform
Transforming runtime-saveable-release.aar (androidx.compose.runtime:runtime-saveable-android:1.6.1) with AarToClassTransform
Transforming runtime-release.aar (androidx.compose.runtime:runtime-android:1.6.1) with JetifyTransform
Transforming runtime-release.aar (androidx.compose.runtime:runtime-android:1.6.1) with AarToClassTransform
Transforming kotlinx-coroutines-core-jvm-1.7.1.jar (org.jetbrains.kotlinx:kotlinx-coroutines-core-jvm:1.7.1) with JetifyTransform
Transforming kotlinx-coroutines-core-jvm-1.7.1.jar (org.jetbrains.kotlinx:kotlinx-coroutines-core-jvm:1.7.1) with IdentityTransform
Transforming kotlinx-coroutines-android-1.7.1.jar (org.jetbrains.kotlinx:kotlinx-coroutines-android:1.7.1) with JetifyTransform
Transforming kotlinx-coroutines-android-1.7.1.jar (org.jetbrains.kotlinx:kotlinx-coroutines-android:1.7.1) with IdentityTransform
Transforming kotlin-stdlib-jdk8-1.8.20.jar (org.jetbrains.kotlin:kotlin-stdlib-jdk8:1.8.20) with JetifyTransform
Transforming kotlin-stdlib-jdk8-1.8.20.jar (org.jetbrains.kotlin:kotlin-stdlib-jdk8:1.8.20) with IdentityTransform
Transforming interpolator-1.0.0.aar (androidx.interpolator:interpolator:1.0.0) with JetifyTransform
Transforming interpolator-1.0.0.aar (androidx.interpolator:interpolator:1.0.0) with AarToClassTransform
Transforming interpolator-1.0.0.aar (androidx.interpolator:interpolator:1.0.0) with JetifyTransform
Transforming interpolator-1.0.0.aar (androidx.interpolator:interpolator:1.0.0) with AarToClassTransform
Transforming core-runtime-2.2.0.aar (androidx.arch.core:core-runtime:2.2.0) with JetifyTransform
Transforming core-runtime-2.2.0.aar (androidx.arch.core:core-runtime:2.2.0) with AarToClassTransform
Transforming core-common-2.2.0.jar (androidx.arch.core:core-common:2.2.0) with JetifyTransform
Transforming core-common-2.2.0.jar (androidx.arch.core:core-common:2.2.0) with IdentityTransform
Transforming profileinstaller-1.3.0.aar (androidx.profileinstaller:profileinstaller:1.3.0) with JetifyTransform
Transforming profileinstaller-1.3.0.aar (androidx.profileinstaller:profileinstaller:1.3.0) with AarToClassTransform
Transforming versionedparcelable-1.1.1.aar (androidx.versionedparcelable:versionedparcelable:1.1.1) with JetifyTransform
Transforming versionedparcelable-1.1.1.aar (androidx.versionedparcelable:versionedparcelable:1.1.1) with AarToClassTransform
Transforming collection-ktx-1.4.0.jar (androidx.collection:collection-ktx:1.4.0) with JetifyTransform
Transforming collection-ktx-1.4.0.jar (androidx.collection:collection-ktx:1.4.0) with IdentityTransform
Transforming collection-jvm-1.4.0.jar (androidx.collection:collection-jvm:1.4.0) with JetifyTransform
Transforming collection-jvm-1.4.0.jar (androidx.collection:collection-jvm:1.4.0) with IdentityTransform
Transforming startup-runtime-1.1.1.aar (androidx.startup:startup-runtime:1.1.1) with JetifyTransform
Transforming startup-runtime-1.1.1.aar (androidx.startup:startup-runtime:1.1.1) with AarToClassTransform
Transforming concurrent-futures-1.1.0.jar (androidx.concurrent:concurrent-futures:1.1.0) with JetifyTransform
Transforming concurrent-futures-1.1.0.jar (androidx.concurrent:concurrent-futures:1.1.0) with IdentityTransform
Transforming tracing-1.0.0.aar (androidx.tracing:tracing:1.0.0) with JetifyTransform
Transforming tracing-1.0.0.aar (androidx.tracing:tracing:1.0.0) with AarToClassTransform
Transforming annotation-experimental-1.4.0.aar (androidx.annotation:annotation-experimental:1.4.0) with JetifyTransform
Transforming annotation-experimental-1.4.0.aar (androidx.annotation:annotation-experimental:1.4.0) with AarToClassTransform
Transforming kotlin-stdlib-jdk7-1.8.20.jar (org.jetbrains.kotlin:kotlin-stdlib-jdk7:1.8.20) with JetifyTransform
Transforming kotlin-stdlib-jdk7-1.8.20.jar (org.jetbrains.kotlin:kotlin-stdlib-jdk7:1.8.20) with IdentityTransform
Transforming listenablefuture-1.0.jar (com.google.guava:listenablefuture:1.0) with JetifyTransform
Transforming listenablefuture-1.0.jar (com.google.guava:listenablefuture:1.0) with IdentityTransform
Transforming accompanist-systemuicontroller-0.23.0.aar (com.google.accompanist:accompanist-systemuicontroller:0.23.0) with JetifyTransform
Transforming accompanist-systemuicontroller-0.23.0.aar (com.google.accompanist:accompanist-systemuicontroller:0.23.0) with AarToClassTransform
Transforming accompanist-systemuicontroller-0.23.0.aar (com.google.accompanist:accompanist-systemuicontroller:0.23.0) with DexingWithClasspathTransform
Transforming coil-compose-base-2.0.0.aar (io.coil-kt:coil-compose-base:2.0.0) with JetifyTransform
Transforming coil-compose-base-2.0.0.aar (io.coil-kt:coil-compose-base:2.0.0) with AarToClassTransform
Transforming coil-2.0.0.aar (io.coil-kt:coil:2.0.0) with JetifyTransform
Caching disabled for DexingWithClasspathTransform: ~/.gradle/caches/transforms-3/232a2d60b156671b50edb45a40b59fd8/transformed/jetified-accompanist-systemuicontroller-0.23.0-runtime.jar because:
  Build cache is disabled
Skipping DexingWithClasspathTransform: ~/.gradle/caches/transforms-3/232a2d60b156671b50edb45a40b59fd8/transformed/jetified-accompanist-systemuicontroller-0.23.0-runtime.jar as it is up-to-date.
Transforming coil-2.0.0.aar (io.coil-kt:coil:2.0.0) with AarToClassTransform
Transforming coil-base-2.0.0.aar (io.coil-kt:coil-base:2.0.0) with JetifyTransform
Transforming coil-base-2.0.0.aar (io.coil-kt:coil-base:2.0.0) with AarToClassTransform
Transforming okhttp-4.9.3.jar (com.squareup.okhttp3:okhttp:4.9.3) with JetifyTransform
Transforming okhttp-4.9.3.jar (com.squareup.okhttp3:okhttp:4.9.3) with IdentityTransform
Transforming okio-jvm-3.0.0.jar (com.squareup.okio:okio-jvm:3.0.0) with JetifyTransform
Transforming okio-jvm-3.0.0.jar (com.squareup.okio:okio-jvm:3.0.0) with IdentityTransform
Transforming accompanist-drawablepainter-0.23.1.aar (com.google.accompanist:accompanist-drawablepainter:0.23.1) with JetifyTransform
Transforming accompanist-drawablepainter-0.23.1.aar (com.google.accompanist:accompanist-drawablepainter:0.23.1) with AarToClassTransform
Transforming appcompat-resources-1.6.1.aar (androidx.appcompat:appcompat-resources:1.6.1) with JetifyTransform
Transforming appcompat-resources-1.6.1.aar (androidx.appcompat:appcompat-resources:1.6.1) with AarToClassTransform
Transforming foundation-release.aar (androidx.compose.foundation:foundation-android:1.6.1) with JetifyTransform
Transforming foundation-release.aar (androidx.compose.foundation:foundation-android:1.6.1) with AarToClassTransform
Transforming foundation-layout-release.aar (androidx.compose.foundation:foundation-layout-android:1.6.1) with JetifyTransform
Transforming foundation-layout-release.aar (androidx.compose.foundation:foundation-layout-android:1.6.1) with AarToClassTransform
Transforming animation-core-release.aar (androidx.compose.animation:animation-core-android:1.6.1) with JetifyTransform
Transforming animation-core-release.aar (androidx.compose.animation:animation-core-android:1.6.1) with AarToClassTransform
Transforming animation-release.aar (androidx.compose.animation:animation-android:1.6.1) with JetifyTransform
Transforming animation-release.aar (androidx.compose.animation:animation-android:1.6.1) with AarToClassTransform
Transforming vectordrawable-animated-1.1.0.aar (androidx.vectordrawable:vectordrawable-animated:1.1.0) with JetifyTransform
Transforming vectordrawable-animated-1.1.0.aar (androidx.vectordrawable:vectordrawable-animated:1.1.0) with AarToClassTransform
Transforming vectordrawable-1.1.0.aar (androidx.vectordrawable:vectordrawable:1.1.0) with JetifyTransform
Transforming vectordrawable-1.1.0.aar (androidx.vectordrawable:vectordrawable:1.1.0) with AarToClassTransform
Transforming vectordrawable-1.1.0.aar (androidx.vectordrawable:vectordrawable:1.1.0) with JetifyTransform
Transforming vectordrawable-1.1.0.aar (androidx.vectordrawable:vectordrawable:1.1.0) with AarToClassTransform
Transforming exifinterface-1.3.3.aar (androidx.exifinterface:exifinterface:1.3.3) with JetifyTransform
Transforming exifinterface-1.3.3.aar (androidx.exifinterface:exifinterface:1.3.3) with AarToClassTransform
Transforming kotlin-parcelize-runtime-1.6.10.jar (org.jetbrains.kotlin:kotlin-parcelize-runtime:1.6.10) with JetifyTransform
Transforming kotlin-parcelize-runtime-1.6.10.jar (org.jetbrains.kotlin:kotlin-parcelize-runtime:1.6.10) with IdentityTransform
Transforming kotlin-android-extensions-runtime-1.6.10.jar (org.jetbrains.kotlin:kotlin-android-extensions-runtime:1.6.10) with JetifyTransform
Transforming kotlin-android-extensions-runtime-1.6.10.jar (org.jetbrains.kotlin:kotlin-android-extensions-runtime:1.6.10) with IdentityTransform
Transforming coil-compose-2.0.0.aar (io.coil-kt:coil-compose:2.0.0) with JetifyTransform
Transforming coil-compose-2.0.0.aar (io.coil-kt:coil-compose:2.0.0) with AarToClassTransform
Transforming coil-compose-2.0.0.aar (io.coil-kt:coil-compose:2.0.0) with DexingWithClasspathTransform
Transforming coil-compose-base-2.0.0.aar (io.coil-kt:coil-compose-base:2.0.0) with JetifyTransform
Transforming coil-compose-base-2.0.0.aar (io.coil-kt:coil-compose-base:2.0.0) with AarToClassTransform
Transforming coil-compose-base-2.0.0.aar (io.coil-kt:coil-compose-base:2.0.0) with DexingWithClasspathTransform
Caching disabled for DexingWithClasspathTransform: ~/.gradle/caches/transforms-3/f6fe5a8347e71b9d03b53961fdfcff3e/transformed/jetified-coil-compose-2.0.0-runtime.jar because:
  Build cache is disabled
Skipping DexingWithClasspathTransform: ~/.gradle/caches/transforms-3/f6fe5a8347e71b9d03b53961fdfcff3e/transformed/jetified-coil-compose-2.0.0-runtime.jar as it is up-to-date.
Caching disabled for DexingWithClasspathTransform: ~/.gradle/caches/transforms-3/a06b99460ca135de1ef5f51e2ae811c5/transformed/jetified-coil-compose-base-2.0.0-runtime.jar because:
  Build cache is disabled
Skipping DexingWithClasspathTransform: ~/.gradle/caches/transforms-3/a06b99460ca135de1ef5f51e2ae811c5/transformed/jetified-coil-compose-base-2.0.0-runtime.jar as it is up-to-date.
Transforming coil-2.0.0.aar (io.coil-kt:coil:2.0.0) with JetifyTransform
Transforming coil-2.0.0.aar (io.coil-kt:coil:2.0.0) with AarToClassTransform
Transforming coil-2.0.0.aar (io.coil-kt:coil:2.0.0) with DexingWithClasspathTransform
Transforming coil-base-2.0.0.aar (io.coil-kt:coil-base:2.0.0) with JetifyTransform
Transforming coil-base-2.0.0.aar (io.coil-kt:coil-base:2.0.0) with AarToClassTransform
Transforming coil-base-2.0.0.aar (io.coil-kt:coil-base:2.0.0) with DexingWithClasspathTransform
Caching disabled for DexingWithClasspathTransform: ~/.gradle/caches/transforms-3/3220a408ce8f15f5455de9acbddbb0c8/transformed/jetified-coil-2.0.0-runtime.jar because:
  Build cache is disabled
Skipping DexingWithClasspathTransform: ~/.gradle/caches/transforms-3/3220a408ce8f15f5455de9acbddbb0c8/transformed/jetified-coil-2.0.0-runtime.jar as it is up-to-date.
Caching disabled for DexingWithClasspathTransform: ~/.gradle/caches/transforms-3/4d383a2d58d88cd573da25ee57c6977a/transformed/jetified-coil-base-2.0.0-runtime.jar because:
  Build cache is disabled
Skipping DexingWithClasspathTransform: ~/.gradle/caches/transforms-3/4d383a2d58d88cd573da25ee57c6977a/transformed/jetified-coil-base-2.0.0-runtime.jar as it is up-to-date.
Transforming common-21.4.0.aar (com.microsoft.identity:common:21.4.0) with JetifyTransform
Transforming common-21.4.0.aar (com.microsoft.identity:common:21.4.0) with AarToClassTransform
Transforming moshi-1.14.0.jar (com.squareup.moshi:moshi:1.14.0) with JetifyTransform
Transforming moshi-1.14.0.jar (com.squareup.moshi:moshi:1.14.0) with IdentityTransform
Transforming credentials-1.2.2.aar (androidx.credentials:credentials:1.2.2) with JetifyTransform
Transforming credentials-1.2.2.aar (androidx.credentials:credentials:1.2.2) with AarToClassTransform
Transforming credentials-1.2.2.aar (androidx.credentials:credentials:1.2.2) with JetifyTransform
Transforming credentials-1.2.2.aar (androidx.credentials:credentials:1.2.2) with AarToClassTransform
Transforming credentials-play-services-auth-1.2.2.aar (androidx.credentials:credentials-play-services-auth:1.2.2) with JetifyTransform
Transforming credentials-play-services-auth-1.2.2.aar (androidx.credentials:credentials-play-services-auth:1.2.2) with AarToClassTransform
Transforming googleid-1.1.0.aar (com.google.android.libraries.identity.googleid:googleid:1.1.0) with JetifyTransform
Transforming googleid-1.1.0.aar (com.google.android.libraries.identity.googleid:googleid:1.1.0) with AarToClassTransform
Transforming constraintlayout-2.1.3.aar (androidx.constraintlayout:constraintlayout:2.1.3) with JetifyTransform
Transforming constraintlayout-2.1.3.aar (androidx.constraintlayout:constraintlayout:2.1.3) with AarToClassTransform
Transforming appcompat-1.6.1.aar (androidx.appcompat:appcompat:1.6.1) with JetifyTransform
Transforming appcompat-1.6.1.aar (androidx.appcompat:appcompat:1.6.1) with AarToClassTransform
Transforming play-services-auth-20.7.0.aar (com.google.android.gms:play-services-auth:20.7.0) with JetifyTransform
Transforming play-services-auth-20.7.0.aar (com.google.android.gms:play-services-auth:20.7.0) with AarToClassTransform
Transforming play-services-fido-20.1.0.aar (com.google.android.gms:play-services-fido:20.1.0) with JetifyTransform
Transforming play-services-fido-20.1.0.aar (com.google.android.gms:play-services-fido:20.1.0) with AarToClassTransform
Transforming play-services-fido-20.1.0.aar (com.google.android.gms:play-services-fido:20.1.0) with JetifyTransform
Transforming play-services-fido-20.1.0.aar (com.google.android.gms:play-services-fido:20.1.0) with AarToClassTransform
Transforming play-services-auth-api-phone-18.0.1.aar (com.google.android.gms:play-services-auth-api-phone:18.0.1) with JetifyTransform
Transforming play-services-auth-api-phone-18.0.1.aar (com.google.android.gms:play-services-auth-api-phone:18.0.1) with AarToClassTransform
Transforming play-services-auth-base-18.0.4.aar (com.google.android.gms:play-services-auth-base:18.0.4) with JetifyTransform
Transforming play-services-auth-base-18.0.4.aar (com.google.android.gms:play-services-auth-base:18.0.4) with AarToClassTransform
Transforming play-services-base-18.0.1.aar (com.google.android.gms:play-services-base:18.0.1) with JetifyTransform
Transforming play-services-base-18.0.1.aar (com.google.android.gms:play-services-base:18.0.1) with AarToClassTransform
Transforming play-services-tasks-18.0.1.aar (com.google.android.gms:play-services-tasks:18.0.1) with JetifyTransform
Transforming play-services-tasks-18.0.1.aar (com.google.android.gms:play-services-tasks:18.0.1) with AarToClassTransform
Transforming play-services-basement-18.2.0.aar (com.google.android.gms:play-services-basement:18.2.0) with JetifyTransform
Transforming play-services-basement-18.2.0.aar (com.google.android.gms:play-services-basement:18.2.0) with AarToClassTransform
Transforming fragment-1.3.6.aar (androidx.fragment:fragment:1.3.6) with JetifyTransform
Transforming fragment-1.3.6.aar (androidx.fragment:fragment:1.3.6) with AarToClassTransform
Transforming fragment-1.3.6.aar (androidx.fragment:fragment:1.3.6) with JetifyTransform
Transforming fragment-1.3.6.aar (androidx.fragment:fragment:1.3.6) with AarToClassTransform
Transforming browser-1.0.0.aar (androidx.browser:browser:1.0.0) with JetifyTransform
Transforming browser-1.0.0.aar (androidx.browser:browser:1.0.0) with AarToClassTransform
Transforming legacy-support-core-ui-1.0.0.aar (androidx.legacy:legacy-support-core-ui:1.0.0) with JetifyTransform
Transforming legacy-support-core-ui-1.0.0.aar (androidx.legacy:legacy-support-core-ui:1.0.0) with AarToClassTransform
Transforming legacy-support-core-utils-1.0.0.aar (androidx.legacy:legacy-support-core-utils:1.0.0) with JetifyTransform
Transforming legacy-support-core-utils-1.0.0.aar (androidx.legacy:legacy-support-core-utils:1.0.0) with AarToClassTransform
Transforming loader-1.0.0.aar (androidx.loader:loader:1.0.0) with JetifyTransform
Transforming loader-1.0.0.aar (androidx.loader:loader:1.0.0) with AarToClassTransform
Transforming loader-1.0.0.aar (androidx.loader:loader:1.0.0) with JetifyTransform
Transforming loader-1.0.0.aar (androidx.loader:loader:1.0.0) with AarToClassTransform
Transforming emoji2-views-helper-1.3.0.aar (androidx.emoji2:emoji2-views-helper:1.3.0) with JetifyTransform
Transforming emoji2-views-helper-1.3.0.aar (androidx.emoji2:emoji2-views-helper:1.3.0) with AarToClassTransform
Transforming lifecycle-livedata-2.6.1.aar (androidx.lifecycle:lifecycle-livedata:2.6.1) with JetifyTransform
Transforming lifecycle-livedata-2.6.1.aar (androidx.lifecycle:lifecycle-livedata:2.6.1) with AarToClassTransform
Transforming lifecycle-livedata-2.6.1.aar (androidx.lifecycle:lifecycle-livedata:2.6.1) with JetifyTransform
Transforming lifecycle-livedata-2.6.1.aar (androidx.lifecycle:lifecycle-livedata:2.6.1) with AarToClassTransform
Transforming drawerlayout-1.0.0.aar (androidx.drawerlayout:drawerlayout:1.0.0) with JetifyTransform
Transforming drawerlayout-1.0.0.aar (androidx.drawerlayout:drawerlayout:1.0.0) with AarToClassTransform
Transforming drawerlayout-1.0.0.aar (androidx.drawerlayout:drawerlayout:1.0.0) with JetifyTransform
Transforming drawerlayout-1.0.0.aar (androidx.drawerlayout:drawerlayout:1.0.0) with AarToClassTransform
Transforming coordinatorlayout-1.1.0.aar (androidx.coordinatorlayout:coordinatorlayout:1.1.0) with JetifyTransform
Transforming coordinatorlayout-1.1.0.aar (androidx.coordinatorlayout:coordinatorlayout:1.1.0) with AarToClassTransform
Transforming coordinatorlayout-1.1.0.aar (androidx.coordinatorlayout:coordinatorlayout:1.1.0) with JetifyTransform
Transforming coordinatorlayout-1.1.0.aar (androidx.coordinatorlayout:coordinatorlayout:1.1.0) with AarToClassTransform
Transforming viewpager-1.0.0.aar (androidx.viewpager:viewpager:1.0.0) with JetifyTransform
Transforming viewpager-1.0.0.aar (androidx.viewpager:viewpager:1.0.0) with AarToClassTransform
Transforming viewpager-1.0.0.aar (androidx.viewpager:viewpager:1.0.0) with JetifyTransform
Transforming viewpager-1.0.0.aar (androidx.viewpager:viewpager:1.0.0) with AarToClassTransform
Transforming slidingpanelayout-1.0.0.aar (androidx.slidingpanelayout:slidingpanelayout:1.0.0) with JetifyTransform
Transforming slidingpanelayout-1.0.0.aar (androidx.slidingpanelayout:slidingpanelayout:1.0.0) with AarToClassTransform
Transforming customview-1.0.0.aar (androidx.customview:customview:1.0.0) with JetifyTransform
Transforming customview-1.0.0.aar (androidx.customview:customview:1.0.0) with AarToClassTransform
Transforming customview-1.0.0.aar (androidx.customview:customview:1.0.0) with JetifyTransform
Transforming customview-1.0.0.aar (androidx.customview:customview:1.0.0) with AarToClassTransform
Transforming swiperefreshlayout-1.0.0.aar (androidx.swiperefreshlayout:swiperefreshlayout:1.0.0) with JetifyTransform
Transforming swiperefreshlayout-1.0.0.aar (androidx.swiperefreshlayout:swiperefreshlayout:1.0.0) with AarToClassTransform
Transforming asynclayoutinflater-1.0.0.aar (androidx.asynclayoutinflater:asynclayoutinflater:1.0.0) with JetifyTransform
Transforming asynclayoutinflater-1.0.0.aar (androidx.asynclayoutinflater:asynclayoutinflater:1.0.0) with AarToClassTransform
Transforming datastore-preferences-1.0.0.aar (androidx.datastore:datastore-preferences:1.0.0) with JetifyTransform
Transforming datastore-preferences-1.0.0.aar (androidx.datastore:datastore-preferences:1.0.0) with AarToClassTransform
Transforming datastore-1.0.0.aar (androidx.datastore:datastore:1.0.0) with JetifyTransform
Transforming datastore-1.0.0.aar (androidx.datastore:datastore:1.0.0) with AarToClassTransform
Transforming datastore-preferences-core-1.0.0.jar (androidx.datastore:datastore-preferences-core:1.0.0) with JetifyTransform
Transforming datastore-preferences-core-1.0.0.jar (androidx.datastore:datastore-preferences-core:1.0.0) with IdentityTransform
Transforming datastore-core-1.0.0.jar (androidx.datastore:datastore-core:1.0.0) with JetifyTransform
Transforming datastore-core-1.0.0.jar (androidx.datastore:datastore-core:1.0.0) with IdentityTransform
Transforming gson-2.9.1.jar (com.google.code.gson:gson:2.9.1) with JetifyTransform
Transforming gson-2.9.1.jar (com.google.code.gson:gson:2.9.1) with IdentityTransform
Transforming documentfile-1.0.1.aar (androidx.documentfile:documentfile:1.0.1) with JetifyTransform
Transforming documentfile-1.0.1.aar (androidx.documentfile:documentfile:1.0.1) with AarToClassTransform
Transforming documentfile-1.0.1.aar (androidx.documentfile:documentfile:1.0.1) with JetifyTransform
Transforming documentfile-1.0.1.aar (androidx.documentfile:documentfile:1.0.1) with AarToClassTransform
Transforming cursoradapter-1.0.0.aar (androidx.cursoradapter:cursoradapter:1.0.0) with JetifyTransform
Transforming cursoradapter-1.0.0.aar (androidx.cursoradapter:cursoradapter:1.0.0) with AarToClassTransform
Transforming cursoradapter-1.0.0.aar (androidx.cursoradapter:cursoradapter:1.0.0) with JetifyTransform
Transforming cursoradapter-1.0.0.aar (androidx.cursoradapter:cursoradapter:1.0.0) with AarToClassTransform
Transforming resourceinspection-annotation-1.0.1.jar (androidx.resourceinspection:resourceinspection-annotation:1.0.1) with JetifyTransform
Transforming resourceinspection-annotation-1.0.1.jar (androidx.resourceinspection:resourceinspection-annotation:1.0.1) with IdentityTransform
Transforming localbroadcastmanager-1.0.0.aar (androidx.localbroadcastmanager:localbroadcastmanager:1.0.0) with JetifyTransform
Transforming localbroadcastmanager-1.0.0.aar (androidx.localbroadcastmanager:localbroadcastmanager:1.0.0) with AarToClassTransform
Transforming print-1.0.0.aar (androidx.print:print:1.0.0) with JetifyTransform
Transforming print-1.0.0.aar (androidx.print:print:1.0.0) with AarToClassTransform
Transforming constraintlayout-core-1.0.3.jar (androidx.constraintlayout:constraintlayout-core:1.0.3) with JetifyTransform
Transforming constraintlayout-core-1.0.3.jar (androidx.constraintlayout:constraintlayout-core:1.0.3) with IdentityTransform
Transforming nimbus-jose-jwt-9.37.3.jar (com.nimbusds:nimbus-jose-jwt:9.37.3) with JetifyTransform
Transforming nimbus-jose-jwt-9.37.3.jar (com.nimbusds:nimbus-jose-jwt:9.37.3) with IdentityTransform
Transforming httpcore5-5.3.jar (org.apache.httpcomponents.core5:httpcore5:5.3) with JetifyTransform
Transforming httpcore5-5.3.jar (org.apache.httpcomponents.core5:httpcore5:5.3) with IdentityTransform
Transforming opentelemetry-api-1.18.0.jar (io.opentelemetry:opentelemetry-api:1.18.0) with JetifyTransform
Transforming opentelemetry-api-1.18.0.jar (io.opentelemetry:opentelemetry-api:1.18.0) with IdentityTransform
Transforming common4j-21.4.0.jar (com.microsoft.identity:common4j:21.4.0) with JetifyTransform
Transforming common4j-21.4.0.jar (com.microsoft.identity:common4j:21.4.0) with IdentityTransform
Transforming display-mask-0.3.0.jar (com.microsoft.device.display:display-mask:0.3.0) with JetifyTransform
Transforming display-mask-0.3.0.jar (com.microsoft.device.display:display-mask:0.3.0) with IdentityTransform
Transforming android-2.5.0.aar (com.yubico.yubikit:android:2.5.0) with JetifyTransform
Transforming android-2.5.0.aar (com.yubico.yubikit:android:2.5.0) with AarToClassTransform
Transforming piv-2.5.0.jar (com.yubico.yubikit:piv:2.5.0) with JetifyTransform
Transforming piv-2.5.0.jar (com.yubico.yubikit:piv:2.5.0) with IdentityTransform
Transforming jcip-annotations-1.0-1.jar (com.github.stephenc.jcip:jcip-annotations:1.0-1) with JetifyTransform
Transforming jcip-annotations-1.0-1.jar (com.github.stephenc.jcip:jcip-annotations:1.0-1) with IdentityTransform
Transforming opentelemetry-context-1.18.0.jar (io.opentelemetry:opentelemetry-context:1.18.0) with JetifyTransform
Transforming opentelemetry-context-1.18.0.jar (io.opentelemetry:opentelemetry-context:1.18.0) with IdentityTransform
Transforming core-2.5.0.jar (com.yubico.yubikit:core:2.5.0) with JetifyTransform
Transforming core-2.5.0.jar (com.yubico.yubikit:core:2.5.0) with IdentityTransform
Transforming slf4j-api-2.0.9.jar (org.slf4j:slf4j-api:2.0.9) with JetifyTransform
Transforming slf4j-api-2.0.9.jar (org.slf4j:slf4j-api:2.0.9) with IdentityTransform
Transforming msal-6.2.0.aar (com.microsoft.identity.client:msal:6.2.0) with JetifyTransform
Transforming msal-6.2.0.aar (com.microsoft.identity.client:msal:6.2.0) with AarToClassTransform
Transforming msal-6.2.0.aar (com.microsoft.identity.client:msal:6.2.0) with DexingWithClasspathTransform
Caching disabled for DexingWithClasspathTransform: ~/.gradle/caches/transforms-3/362244c61209cc80dab4f894a2a6fc5a/transformed/jetified-msal-6.2.0-runtime.jar because:
  Build cache is disabled
Skipping DexingWithClasspathTransform: ~/.gradle/caches/transforms-3/362244c61209cc80dab4f894a2a6fc5a/transformed/jetified-msal-6.2.0-runtime.jar as it is up-to-date.
Transforming common-21.4.0.aar (com.microsoft.identity:common:21.4.0) with JetifyTransform
Transforming common-21.4.0.aar (com.microsoft.identity:common:21.4.0) with AarToClassTransform
Transforming common-21.4.0.aar (com.microsoft.identity:common:21.4.0) with DexingWithClasspathTransform
Transforming moshi-1.14.0.jar (com.squareup.moshi:moshi:1.14.0) with JetifyTransform
Transforming moshi-1.14.0.jar (com.squareup.moshi:moshi:1.14.0) with IdentityTransform
Transforming moshi-1.14.0.jar (com.squareup.moshi:moshi:1.14.0) with DexingWithClasspathTransform
Caching disabled for DexingWithClasspathTransform: ~/.gradle/caches/transforms-3/aec124d8c70736b7eed2c2c98a5c7eff/transformed/jetified-common-21.4.0-runtime.jar because:
  Build cache is disabled
Skipping DexingWithClasspathTransform: ~/.gradle/caches/transforms-3/aec124d8c70736b7eed2c2c98a5c7eff/transformed/jetified-common-21.4.0-runtime.jar as it is up-to-date.
Caching disabled for DexingWithClasspathTransform: ~/.gradle/caches/transforms-3/06836899652caed6691fe50ab4051026/transformed/jetified-moshi-1.14.0.jar because:
  Build cache is disabled
Skipping DexingWithClasspathTransform: ~/.gradle/caches/transforms-3/06836899652caed6691fe50ab4051026/transformed/jetified-moshi-1.14.0.jar as it is up-to-date.
Transforming retrofit-2.7.1.jar (com.squareup.retrofit2:retrofit:2.7.1) with JetifyTransform
Transforming retrofit-2.7.1.jar (com.squareup.retrofit2:retrofit:2.7.1) with IdentityTransform
Transforming converter-scalars-2.7.1.jar (com.squareup.retrofit2:converter-scalars:2.7.1) with JetifyTransform
Transforming converter-scalars-2.7.1.jar (com.squareup.retrofit2:converter-scalars:2.7.1) with IdentityTransform
Transforming converter-scalars-2.7.1.jar (com.squareup.retrofit2:converter-scalars:2.7.1) with DexingWithClasspathTransform
Transforming retrofit-2.7.1.jar (com.squareup.retrofit2:retrofit:2.7.1) with JetifyTransform
Transforming retrofit-2.7.1.jar (com.squareup.retrofit2:retrofit:2.7.1) with IdentityTransform
Caching disabled for DexingWithClasspathTransform: ~/.gradle/caches/transforms-3/4838ab5070fa230217328696f173f85e/transformed/jetified-converter-scalars-2.7.1.jar because:
  Build cache is disabled
Skipping DexingWithClasspathTransform: ~/.gradle/caches/transforms-3/4838ab5070fa230217328696f173f85e/transformed/jetified-converter-scalars-2.7.1.jar as it is up-to-date.
Transforming retrofit-2.7.1.jar (com.squareup.retrofit2:retrofit:2.7.1) with DexingWithClasspathTransform
Transforming okhttp-4.9.3.jar (com.squareup.okhttp3:okhttp:4.9.3) with JetifyTransform
Transforming okhttp-4.9.3.jar (com.squareup.okhttp3:okhttp:4.9.3) with IdentityTransform
Transforming okhttp-4.9.3.jar (com.squareup.okhttp3:okhttp:4.9.3) with DexingWithClasspathTransform
Caching disabled for DexingWithClasspathTransform: ~/.gradle/caches/transforms-3/a79f89058668302d75412ed8e5fdbcc9/transformed/jetified-retrofit-2.7.1.jar because:
  Build cache is disabled
Skipping DexingWithClasspathTransform: ~/.gradle/caches/transforms-3/a79f89058668302d75412ed8e5fdbcc9/transformed/jetified-retrofit-2.7.1.jar as it is up-to-date.
Transforming okio-jvm-3.0.0.jar (com.squareup.okio:okio-jvm:3.0.0) with JetifyTransform
Transforming okio-jvm-3.0.0.jar (com.squareup.okio:okio-jvm:3.0.0) with IdentityTransform
Transforming okio-jvm-3.0.0.jar (com.squareup.okio:okio-jvm:3.0.0) with DexingWithClasspathTransform
Caching disabled for DexingWithClasspathTransform: ~/.gradle/caches/transforms-3/41b1032614f8cbe9614e1bc26b127bfd/transformed/jetified-okhttp-4.9.3.jar because:
  Build cache is disabled
Skipping DexingWithClasspathTransform: ~/.gradle/caches/transforms-3/41b1032614f8cbe9614e1bc26b127bfd/transformed/jetified-okhttp-4.9.3.jar as it is up-to-date.
Transforming accompanist-drawablepainter-0.23.1.aar (com.google.accompanist:accompanist-drawablepainter:0.23.1) with JetifyTransform
Caching disabled for DexingWithClasspathTransform: ~/.gradle/caches/transforms-3/428173c75b724b5e08791510dc073243/transformed/jetified-okio-jvm-3.0.0.jar because:
  Build cache is disabled
Transforming accompanist-drawablepainter-0.23.1.aar (com.google.accompanist:accompanist-drawablepainter:0.23.1) with AarToClassTransform
Transforming accompanist-drawablepainter-0.23.1.aar (com.google.accompanist:accompanist-drawablepainter:0.23.1) with DexingWithClasspathTransform
Skipping DexingWithClasspathTransform: ~/.gradle/caches/transforms-3/428173c75b724b5e08791510dc073243/transformed/jetified-okio-jvm-3.0.0.jar as it is up-to-date.
Transforming credentials-1.2.2.aar (androidx.credentials:credentials:1.2.2) with JetifyTransform
Transforming credentials-1.2.2.aar (androidx.credentials:credentials:1.2.2) with AarToClassTransform
Transforming credentials-1.2.2.aar (androidx.credentials:credentials:1.2.2) with DexingWithClasspathTransform
Caching disabled for DexingWithClasspathTransform: ~/.gradle/caches/transforms-3/56482dd2f1f4a122f21bc7e7edff8ad4/transformed/jetified-accompanist-drawablepainter-0.23.1-runtime.jar because:
  Build cache is disabled
Skipping DexingWithClasspathTransform: ~/.gradle/caches/transforms-3/56482dd2f1f4a122f21bc7e7edff8ad4/transformed/jetified-accompanist-drawablepainter-0.23.1-runtime.jar as it is up-to-date.
Transforming credentials-1.2.2.aar (androidx.credentials:credentials:1.2.2) with JetifyTransform
Transforming credentials-1.2.2.aar (androidx.credentials:credentials:1.2.2) with AarToClassTransform
Transforming credentials-1.2.2.aar (androidx.credentials:credentials:1.2.2) with DexingWithClasspathTransform
Caching disabled for DexingWithClasspathTransform: ~/.gradle/caches/transforms-3/b811298fb08daf6d23e81407a437b5c7/transformed/jetified-credentials-1.2.2-runtime.jar because:
  Build cache is disabled
Skipping DexingWithClasspathTransform: ~/.gradle/caches/transforms-3/b811298fb08daf6d23e81407a437b5c7/transformed/jetified-credentials-1.2.2-runtime.jar as it is up-to-date.
Transforming credentials-play-services-auth-1.2.2.aar (androidx.credentials:credentials-play-services-auth:1.2.2) with JetifyTransform
Transforming credentials-play-services-auth-1.2.2.aar (androidx.credentials:credentials-play-services-auth:1.2.2) with AarToClassTransform
Transforming credentials-play-services-auth-1.2.2.aar (androidx.credentials:credentials-play-services-auth:1.2.2) with DexingWithClasspathTransform
Transforming googleid-1.1.0.aar (com.google.android.libraries.identity.googleid:googleid:1.1.0) with JetifyTransform
Transforming googleid-1.1.0.aar (com.google.android.libraries.identity.googleid:googleid:1.1.0) with AarToClassTransform
Transforming googleid-1.1.0.aar (com.google.android.libraries.identity.googleid:googleid:1.1.0) with DexingWithClasspathTransform
Caching disabled for DexingWithClasspathTransform: ~/.gradle/caches/transforms-3/92772441d8b94810e37245c3e3ce9fb6/transformed/jetified-credentials-play-services-auth-1.2.2-runtime.jar because:
  Build cache is disabled
Skipping DexingWithClasspathTransform: ~/.gradle/caches/transforms-3/92772441d8b94810e37245c3e3ce9fb6/transformed/jetified-credentials-play-services-auth-1.2.2-runtime.jar as it is up-to-date.
Transforming work-runtime-2.8.1.aar (androidx.work:work-runtime:2.8.1) with JetifyTransform
Transforming work-runtime-2.8.1.aar (androidx.work:work-runtime:2.8.1) with AarToClassTransform
Transforming lifecycle-service-2.6.1.aar (androidx.lifecycle:lifecycle-service:2.6.1) with JetifyTransform
Transforming lifecycle-service-2.6.1.aar (androidx.lifecycle:lifecycle-service:2.6.1) with AarToClassTransform
Transforming room-runtime-2.5.0.aar (androidx.room:room-runtime:2.5.0) with JetifyTransform
Transforming room-runtime-2.5.0.aar (androidx.room:room-runtime:2.5.0) with AarToClassTransform
Transforming room-common-2.5.0.jar (androidx.room:room-common:2.5.0) with JetifyTransform
Transforming room-common-2.5.0.jar (androidx.room:room-common:2.5.0) with IdentityTransform
Transforming sqlite-framework-2.3.0.aar (androidx.sqlite:sqlite-framework:2.3.0) with JetifyTransform
Transforming sqlite-framework-2.3.0.aar (androidx.sqlite:sqlite-framework:2.3.0) with AarToClassTransform
Transforming sqlite-2.3.0.aar (androidx.sqlite:sqlite:2.3.0) with JetifyTransform
Transforming sqlite-2.3.0.aar (androidx.sqlite:sqlite:2.3.0) with AarToClassTransform
Transforming work-runtime-ktx-2.8.1.aar (androidx.work:work-runtime-ktx:2.8.1) with JetifyTransform
Transforming work-runtime-ktx-2.8.1.aar (androidx.work:work-runtime-ktx:2.8.1) with AarToClassTransform
Transforming work-runtime-ktx-2.8.1.aar (androidx.work:work-runtime-ktx:2.8.1) with DexingWithClasspathTransform
Caching disabled for DexingWithClasspathTransform: ~/.gradle/caches/transforms-3/5db2d440e902536a86134f3845f2fa95/transformed/jetified-googleid-1.1.0-runtime.jar because:
  Build cache is disabled
Skipping DexingWithClasspathTransform: ~/.gradle/caches/transforms-3/5db2d440e902536a86134f3845f2fa95/transformed/jetified-googleid-1.1.0-runtime.jar as it is up-to-date.
Transforming navigation-common-2.7.0.aar (androidx.navigation:navigation-common:2.7.0) with JetifyTransform
Transforming navigation-common-2.7.0.aar (androidx.navigation:navigation-common:2.7.0) with AarToClassTransform
Transforming navigation-common-2.7.0.aar (androidx.navigation:navigation-common:2.7.0) with DexingWithClasspathTransform
Caching disabled for DexingWithClasspathTransform: ~/.gradle/caches/transforms-3/5877e5d5a961092788b62527be7cab71/transformed/work-runtime-ktx-2.8.1-runtime.jar because:
  Build cache is disabled
Skipping DexingWithClasspathTransform: ~/.gradle/caches/transforms-3/5877e5d5a961092788b62527be7cab71/transformed/work-runtime-ktx-2.8.1-runtime.jar as it is up-to-date.
Transforming navigation-common-2.7.0.aar (androidx.navigation:navigation-common:2.7.0) with JetifyTransform
Transforming navigation-common-2.7.0.aar (androidx.navigation:navigation-common:2.7.0) with AarToClassTransform
Transforming navigation-runtime-2.7.0.aar (androidx.navigation:navigation-runtime:2.7.0) with JetifyTransform
Transforming navigation-runtime-2.7.0.aar (androidx.navigation:navigation-runtime:2.7.0) with AarToClassTransform
Transforming navigation-runtime-2.7.0.aar (androidx.navigation:navigation-runtime:2.7.0) with DexingWithClasspathTransform
Caching disabled for DexingWithClasspathTransform: ~/.gradle/caches/transforms-3/b0a0dfffb9c6c94368469b06eadceafb/transformed/navigation-common-2.7.0-runtime.jar because:
  Build cache is disabled
Skipping DexingWithClasspathTransform: ~/.gradle/caches/transforms-3/b0a0dfffb9c6c94368469b06eadceafb/transformed/navigation-common-2.7.0-runtime.jar as it is up-to-date.
Transforming navigation-common-ktx-2.7.0.aar (androidx.navigation:navigation-common-ktx:2.7.0) with JetifyTransform
Transforming navigation-common-ktx-2.7.0.aar (androidx.navigation:navigation-common-ktx:2.7.0) with AarToClassTransform
Transforming navigation-common-ktx-2.7.0.aar (androidx.navigation:navigation-common-ktx:2.7.0) with DexingWithClasspathTransform
Caching disabled for DexingWithClasspathTransform: ~/.gradle/caches/transforms-3/7b8c774238fc9abf3a5ae60e1c62f6f2/transformed/navigation-runtime-2.7.0-runtime.jar because:
  Build cache is disabled
Transforming navigation-runtime-2.7.0.aar (androidx.navigation:navigation-runtime:2.7.0) with JetifyTransform
Skipping DexingWithClasspathTransform: ~/.gradle/caches/transforms-3/7b8c774238fc9abf3a5ae60e1c62f6f2/transformed/navigation-runtime-2.7.0-runtime.jar as it is up-to-date.
Transforming navigation-runtime-2.7.0.aar (androidx.navigation:navigation-runtime:2.7.0) with AarToClassTransform
Transforming navigation-common-ktx-2.7.0.aar (androidx.navigation:navigation-common-ktx:2.7.0) with JetifyTransform
Transforming navigation-common-ktx-2.7.0.aar (androidx.navigation:navigation-common-ktx:2.7.0) with AarToClassTransform
Transforming navigation-runtime-ktx-2.7.0.aar (androidx.navigation:navigation-runtime-ktx:2.7.0) with JetifyTransform
Transforming navigation-runtime-ktx-2.7.0.aar (androidx.navigation:navigation-runtime-ktx:2.7.0) with AarToClassTransform
Transforming navigation-runtime-ktx-2.7.0.aar (androidx.navigation:navigation-runtime-ktx:2.7.0) with DexingWithClasspathTransform
Caching disabled for DexingWithClasspathTransform: ~/.gradle/caches/transforms-3/84fbe5a8ef961410aead3fc3982fb813/transformed/navigation-common-ktx-2.7.0-runtime.jar because:
  Build cache is disabled
Skipping DexingWithClasspathTransform: ~/.gradle/caches/transforms-3/84fbe5a8ef961410aead3fc3982fb813/transformed/navigation-common-ktx-2.7.0-runtime.jar as it is up-to-date.
Transforming navigation-runtime-ktx-2.7.0.aar (androidx.navigation:navigation-runtime-ktx:2.7.0) with JetifyTransform
Transforming navigation-runtime-ktx-2.7.0.aar (androidx.navigation:navigation-runtime-ktx:2.7.0) with AarToClassTransform
Transforming activity-compose-1.7.1.aar (androidx.activity:activity-compose:1.7.1) with JetifyTransform
Transforming activity-compose-1.7.1.aar (androidx.activity:activity-compose:1.7.1) with AarToClassTransform
Transforming lifecycle-common-java8-2.6.1.jar (androidx.lifecycle:lifecycle-common-java8:2.6.1) with JetifyTransform
Transforming lifecycle-common-java8-2.6.1.jar (androidx.lifecycle:lifecycle-common-java8:2.6.1) with IdentityTransform
Transforming lifecycle-viewmodel-compose-2.6.1.aar (androidx.lifecycle:lifecycle-viewmodel-compose:2.6.1) with JetifyTransform
Transforming lifecycle-viewmodel-compose-2.6.1.aar (androidx.lifecycle:lifecycle-viewmodel-compose:2.6.1) with AarToClassTransform
Caching disabled for DexingWithClasspathTransform: ~/.gradle/caches/transforms-3/bef4325a864f0e0c53b92f4b87621d27/transformed/navigation-runtime-ktx-2.7.0-runtime.jar because:
  Build cache is disabled
Transforming navigation-compose-2.7.0.aar (androidx.navigation:navigation-compose:2.7.0) with JetifyTransform
Transforming navigation-compose-2.7.0.aar (androidx.navigation:navigation-compose:2.7.0) with AarToClassTransform
Transforming navigation-compose-2.7.0.aar (androidx.navigation:navigation-compose:2.7.0) with DexingWithClasspathTransform
Skipping DexingWithClasspathTransform: ~/.gradle/caches/transforms-3/bef4325a864f0e0c53b92f4b87621d27/transformed/navigation-runtime-ktx-2.7.0-runtime.jar as it is up-to-date.
Transforming constraintlayout-2.1.3.aar (androidx.constraintlayout:constraintlayout:2.1.3) with JetifyTransform
Transforming constraintlayout-2.1.3.aar (androidx.constraintlayout:constraintlayout:2.1.3) with AarToClassTransform
Transforming constraintlayout-2.1.3.aar (androidx.constraintlayout:constraintlayout:2.1.3) with DexingWithClasspathTransform
Caching disabled for DexingWithClasspathTransform: ~/.gradle/caches/transforms-3/8881739ede936a3d0aa41f4c6036d4d2/transformed/jetified-navigation-compose-2.7.0-runtime.jar because:
  Build cache is disabled
Skipping DexingWithClasspathTransform: ~/.gradle/caches/transforms-3/8881739ede936a3d0aa41f4c6036d4d2/transformed/jetified-navigation-compose-2.7.0-runtime.jar as it is up-to-date.
Caching disabled for DexingWithClasspathTransform: ~/.gradle/caches/transforms-3/1593ca030a62a8633e7bab67c9c15e4d/transformed/constraintlayout-2.1.3-runtime.jar because:
  Build cache is disabled
Transforming viewpager2-1.0.0.aar (androidx.viewpager2:viewpager2:1.0.0) with JetifyTransform
Skipping DexingWithClasspathTransform: ~/.gradle/caches/transforms-3/1593ca030a62a8633e7bab67c9c15e4d/transformed/constraintlayout-2.1.3-runtime.jar as it is up-to-date.
Transforming viewpager2-1.0.0.aar (androidx.viewpager2:viewpager2:1.0.0) with AarToClassTransform
Transforming recyclerview-1.3.0.aar (androidx.recyclerview:recyclerview:1.3.0) with JetifyTransform
Transforming recyclerview-1.3.0.aar (androidx.recyclerview:recyclerview:1.3.0) with AarToClassTransform
Transforming recyclerview-1.3.0.aar (androidx.recyclerview:recyclerview:1.3.0) with JetifyTransform
Transforming recyclerview-1.3.0.aar (androidx.recyclerview:recyclerview:1.3.0) with AarToClassTransform
Transforming transition-1.2.0.aar (androidx.transition:transition:1.2.0) with JetifyTransform
Transforming transition-1.2.0.aar (androidx.transition:transition:1.2.0) with AarToClassTransform
Transforming cardview-1.0.0.aar (androidx.cardview:cardview:1.0.0) with JetifyTransform
Transforming cardview-1.0.0.aar (androidx.cardview:cardview:1.0.0) with AarToClassTransform
Transforming material-1.2.0.aar (com.google.android.material:material:1.2.0) with JetifyTransform
Transforming material-1.2.0.aar (com.google.android.material:material:1.2.0) with AarToClassTransform
Transforming material-1.2.0.aar (com.google.android.material:material:1.2.0) with DexingWithClasspathTransform
Transforming appcompat-resources-1.6.1.aar (androidx.appcompat:appcompat-resources:1.6.1) with JetifyTransform
Caching disabled for DexingWithClasspathTransform: ~/.gradle/caches/transforms-3/78307bb87ef3f2b294aa3de516033a63/transformed/material-1.2.0-runtime.jar because:
  Build cache is disabled
Transforming appcompat-resources-1.6.1.aar (androidx.appcompat:appcompat-resources:1.6.1) with AarToClassTransform
Transforming appcompat-resources-1.6.1.aar (androidx.appcompat:appcompat-resources:1.6.1) with DexingWithClasspathTransform
Skipping DexingWithClasspathTransform: ~/.gradle/caches/transforms-3/78307bb87ef3f2b294aa3de516033a63/transformed/material-1.2.0-runtime.jar as it is up-to-date.
Transforming appcompat-1.6.1.aar (androidx.appcompat:appcompat:1.6.1) with JetifyTransform
Transforming appcompat-1.6.1.aar (androidx.appcompat:appcompat:1.6.1) with AarToClassTransform
Transforming appcompat-1.6.1.aar (androidx.appcompat:appcompat:1.6.1) with DexingWithClasspathTransform
Caching disabled for DexingWithClasspathTransform: ~/.gradle/caches/transforms-3/2802913f381eafb4baf3355647d4d551/transformed/jetified-appcompat-resources-1.6.1-runtime.jar because:
  Build cache is disabled
Skipping DexingWithClasspathTransform: ~/.gradle/caches/transforms-3/2802913f381eafb4baf3355647d4d551/transformed/jetified-appcompat-resources-1.6.1-runtime.jar as it is up-to-date.
Caching disabled for DexingWithClasspathTransform: ~/.gradle/caches/transforms-3/e67d7f8e93fcb4b676a18cd4161adb80/transformed/appcompat-1.6.1-runtime.jar because:
  Build cache is disabled
Skipping DexingWithClasspathTransform: ~/.gradle/caches/transforms-3/e67d7f8e93fcb4b676a18cd4161adb80/transformed/appcompat-1.6.1-runtime.jar as it is up-to-date.
Transforming window-1.0.0.aar (androidx.window:window:1.0.0) with JetifyTransform
Transforming window-1.0.0.aar (androidx.window:window:1.0.0) with AarToClassTransform
Transforming material3-window-size-class-release.aar (androidx.compose.material3:material3-window-size-class-android:1.2.0) with JetifyTransform
Transforming material3-window-size-class-release.aar (androidx.compose.material3:material3-window-size-class-android:1.2.0) with AarToClassTransform
Transforming material3-window-size-class-release.aar (androidx.compose.material3:material3-window-size-class-android:1.2.0) with DexingWithClasspathTransform
Transforming material-icons-core-release.aar (androidx.compose.material:material-icons-core-android:1.6.1) with JetifyTransform
Transforming material-icons-core-release.aar (androidx.compose.material:material-icons-core-android:1.6.1) with AarToClassTransform
Transforming material-ripple-release.aar (androidx.compose.material:material-ripple-android:1.6.1) with JetifyTransform
Transforming material-ripple-release.aar (androidx.compose.material:material-ripple-android:1.6.1) with AarToClassTransform
Transforming material3-release.aar (androidx.compose.material3:material3-android:1.2.0) with JetifyTransform
Transforming material3-release.aar (androidx.compose.material3:material3-android:1.2.0) with AarToClassTransform
Transforming material3-release.aar (androidx.compose.material3:material3-android:1.2.0) with DexingWithClasspathTransform
Caching disabled for DexingWithClasspathTransform: ~/.gradle/caches/transforms-3/63045e18ab2eb5ed0f0b9253b97b29c0/transformed/jetified-material3-window-size-class-release-runtime.jar because:
  Build cache is disabled
Skipping DexingWithClasspathTransform: ~/.gradle/caches/transforms-3/63045e18ab2eb5ed0f0b9253b97b29c0/transformed/jetified-material3-window-size-class-release-runtime.jar as it is up-to-date.
Transforming gifdecoder-4.11.0.aar (com.github.bumptech.glide:gifdecoder:4.11.0) with JetifyTransform
Transforming gifdecoder-4.11.0.aar (com.github.bumptech.glide:gifdecoder:4.11.0) with AarToClassTransform
Transforming disklrucache-4.11.0.jar (com.github.bumptech.glide:disklrucache:4.11.0) with JetifyTransform
Transforming disklrucache-4.11.0.jar (com.github.bumptech.glide:disklrucache:4.11.0) with IdentityTransform
Transforming annotations-4.11.0.jar (com.github.bumptech.glide:annotations:4.11.0) with JetifyTransform
Transforming annotations-4.11.0.jar (com.github.bumptech.glide:annotations:4.11.0) with IdentityTransform
Transforming glide-4.11.0.aar (com.github.bumptech.glide:glide:4.11.0) with JetifyTransform
Transforming glide-4.11.0.aar (com.github.bumptech.glide:glide:4.11.0) with AarToClassTransform
Transforming glide-4.11.0.aar (com.github.bumptech.glide:glide:4.11.0) with DexingWithClasspathTransform
Caching disabled for DexingWithClasspathTransform: ~/.gradle/caches/transforms-3/cb53c3d0605b263d55cf41d993f2b484/transformed/jetified-material3-release-runtime.jar because:
  Build cache is disabled
Skipping DexingWithClasspathTransform: ~/.gradle/caches/transforms-3/cb53c3d0605b263d55cf41d993f2b484/transformed/jetified-material3-release-runtime.jar as it is up-to-date.
Transforming viewpager2-1.0.0.aar (androidx.viewpager2:viewpager2:1.0.0) with JetifyTransform
Transforming viewpager2-1.0.0.aar (androidx.viewpager2:viewpager2:1.0.0) with AarToClassTransform
Caching disabled for DexingWithClasspathTransform: ~/.gradle/caches/transforms-3/922e8362edb7525a3c65f5ce532824ed/transformed/jetified-glide-4.11.0-runtime.jar because:
  Build cache is disabled
Transforming viewpager2-1.0.0.aar (androidx.viewpager2:viewpager2:1.0.0) with DexingWithClasspathTransform
Skipping DexingWithClasspathTransform: ~/.gradle/caches/transforms-3/922e8362edb7525a3c65f5ce532824ed/transformed/jetified-glide-4.11.0-runtime.jar as it is up-to-date.
Transforming play-services-auth-20.7.0.aar (com.google.android.gms:play-services-auth:20.7.0) with JetifyTransform
Transforming play-services-auth-20.7.0.aar (com.google.android.gms:play-services-auth:20.7.0) with AarToClassTransform
Transforming play-services-auth-20.7.0.aar (com.google.android.gms:play-services-auth:20.7.0) with DexingWithClasspathTransform
Caching disabled for DexingWithClasspathTransform: ~/.gradle/caches/transforms-3/35eb957b78f4015103c0b0261ebac459/transformed/jetified-viewpager2-1.0.0-runtime.jar because:
  Build cache is disabled
Skipping DexingWithClasspathTransform: ~/.gradle/caches/transforms-3/35eb957b78f4015103c0b0261ebac459/transformed/jetified-viewpager2-1.0.0-runtime.jar as it is up-to-date.
Caching disabled for DexingWithClasspathTransform: ~/.gradle/caches/transforms-3/c7936115200b141cfcb1fd596f8a429c/transformed/jetified-play-services-auth-20.7.0-runtime.jar because:
  Build cache is disabled
Skipping DexingWithClasspathTransform: ~/.gradle/caches/transforms-3/c7936115200b141cfcb1fd596f8a429c/transformed/jetified-play-services-auth-20.7.0-runtime.jar as it is up-to-date.
Transforming play-services-fido-20.1.0.aar (com.google.android.gms:play-services-fido:20.1.0) with JetifyTransform
Transforming play-services-fido-20.1.0.aar (com.google.android.gms:play-services-fido:20.1.0) with AarToClassTransform
Transforming play-services-fido-20.1.0.aar (com.google.android.gms:play-services-fido:20.1.0) with DexingWithClasspathTransform
Caching disabled for DexingWithClasspathTransform: ~/.gradle/caches/transforms-3/f588315d3d60751bfad743264c21c550/transformed/jetified-play-services-fido-20.1.0-runtime.jar because:
  Build cache is disabled
Skipping DexingWithClasspathTransform: ~/.gradle/caches/transforms-3/f588315d3d60751bfad743264c21c550/transformed/jetified-play-services-fido-20.1.0-runtime.jar as it is up-to-date.
Transforming play-services-fido-20.1.0.aar (com.google.android.gms:play-services-fido:20.1.0) with JetifyTransform
Transforming play-services-fido-20.1.0.aar (com.google.android.gms:play-services-fido:20.1.0) with AarToClassTransform
Transforming play-services-fido-20.1.0.aar (com.google.android.gms:play-services-fido:20.1.0) with DexingWithClasspathTransform
Transforming play-services-auth-api-phone-18.0.1.aar (com.google.android.gms:play-services-auth-api-phone:18.0.1) with JetifyTransform
Transforming play-services-auth-api-phone-18.0.1.aar (com.google.android.gms:play-services-auth-api-phone:18.0.1) with AarToClassTransform
Transforming play-services-auth-api-phone-18.0.1.aar (com.google.android.gms:play-services-auth-api-phone:18.0.1) with DexingWithClasspathTransform
Transforming play-services-auth-base-18.0.4.aar (com.google.android.gms:play-services-auth-base:18.0.4) with JetifyTransform
Transforming play-services-auth-base-18.0.4.aar (com.google.android.gms:play-services-auth-base:18.0.4) with AarToClassTransform
Transforming play-services-auth-base-18.0.4.aar (com.google.android.gms:play-services-auth-base:18.0.4) with DexingWithClasspathTransform
Caching disabled for DexingWithClasspathTransform: ~/.gradle/caches/transforms-3/03efb07e06b4a3ca5308aff27bd629ab/transformed/jetified-play-services-auth-api-phone-18.0.1-runtime.jar because:
  Build cache is disabled
Skipping DexingWithClasspathTransform: ~/.gradle/caches/transforms-3/03efb07e06b4a3ca5308aff27bd629ab/transformed/jetified-play-services-auth-api-phone-18.0.1-runtime.jar as it is up-to-date.
Transforming play-services-base-18.0.1.aar (com.google.android.gms:play-services-base:18.0.1) with JetifyTransform
Transforming play-services-base-18.0.1.aar (com.google.android.gms:play-services-base:18.0.1) with AarToClassTransform
Transforming play-services-base-18.0.1.aar (com.google.android.gms:play-services-base:18.0.1) with DexingWithClasspathTransform
Transforming play-services-base-18.0.1.aar (com.google.android.gms:play-services-base:18.0.1) with JetifyTransform
Transforming play-services-base-18.0.1.aar (com.google.android.gms:play-services-base:18.0.1) with AarToClassTransform
Transforming play-services-base-18.0.1.aar (com.google.android.gms:play-services-base:18.0.1) with DexingWithClasspathTransform
Caching disabled for DexingWithClasspathTransform: ~/.gradle/caches/transforms-3/78d62fc8ed2c1070bb817c85d3b63c8d/transformed/jetified-play-services-auth-base-18.0.4-runtime.jar because:
  Build cache is disabled
Skipping DexingWithClasspathTransform: ~/.gradle/caches/transforms-3/78d62fc8ed2c1070bb817c85d3b63c8d/transformed/jetified-play-services-auth-base-18.0.4-runtime.jar as it is up-to-date.
Transforming play-services-base-18.0.1.aar (com.google.android.gms:play-services-base:18.0.1) with JetifyTransform
Transforming play-services-base-18.0.1.aar (com.google.android.gms:play-services-base:18.0.1) with AarToClassTransform
Transforming play-services-base-18.0.1.aar (com.google.android.gms:play-services-base:18.0.1) with DexingWithClasspathTransform
Transforming play-services-base-18.0.1.aar (com.google.android.gms:play-services-base:18.0.1) with JetifyTransform
Transforming play-services-base-18.0.1.aar (com.google.android.gms:play-services-base:18.0.1) with AarToClassTransform
Transforming play-services-base-18.0.1.aar (com.google.android.gms:play-services-base:18.0.1) with DexingWithClasspathTransform
Caching disabled for DexingWithClasspathTransform: ~/.gradle/caches/transforms-3/588a3969866e3a9a79b628394900402e/transformed/jetified-play-services-base-18.0.1-runtime.jar because:
  Build cache is disabled
Skipping DexingWithClasspathTransform: ~/.gradle/caches/transforms-3/588a3969866e3a9a79b628394900402e/transformed/jetified-play-services-base-18.0.1-runtime.jar as it is up-to-date.
Transforming play-services-tasks-18.0.1.aar (com.google.android.gms:play-services-tasks:18.0.1) with JetifyTransform
Transforming play-services-tasks-18.0.1.aar (com.google.android.gms:play-services-tasks:18.0.1) with AarToClassTransform
Transforming play-services-tasks-18.0.1.aar (com.google.android.gms:play-services-tasks:18.0.1) with DexingWithClasspathTransform
Transforming play-services-tasks-18.0.1.aar (com.google.android.gms:play-services-tasks:18.0.1) with JetifyTransform
Transforming play-services-tasks-18.0.1.aar (com.google.android.gms:play-services-tasks:18.0.1) with AarToClassTransform
Transforming play-services-tasks-18.0.1.aar (com.google.android.gms:play-services-tasks:18.0.1) with DexingWithClasspathTransform
Transforming play-services-tasks-18.0.1.aar (com.google.android.gms:play-services-tasks:18.0.1) with JetifyTransform
Transforming play-services-tasks-18.0.1.aar (com.google.android.gms:play-services-tasks:18.0.1) with AarToClassTransform
Transforming play-services-tasks-18.0.1.aar (com.google.android.gms:play-services-tasks:18.0.1) with DexingWithClasspathTransform
Caching disabled for DexingWithClasspathTransform: ~/.gradle/caches/transforms-3/d042781fd6abff671e72dc20662a6799/transformed/jetified-play-services-tasks-18.0.1-runtime.jar because:
  Build cache is disabled
Skipping DexingWithClasspathTransform: ~/.gradle/caches/transforms-3/d042781fd6abff671e72dc20662a6799/transformed/jetified-play-services-tasks-18.0.1-runtime.jar as it is up-to-date.
Transforming play-services-basement-18.2.0.aar (com.google.android.gms:play-services-basement:18.2.0) with JetifyTransform
Transforming play-services-basement-18.2.0.aar (com.google.android.gms:play-services-basement:18.2.0) with AarToClassTransform
Transforming play-services-basement-18.2.0.aar (com.google.android.gms:play-services-basement:18.2.0) with DexingWithClasspathTransform
Transforming play-services-basement-18.2.0.aar (com.google.android.gms:play-services-basement:18.2.0) with JetifyTransform
Transforming play-services-basement-18.2.0.aar (com.google.android.gms:play-services-basement:18.2.0) with AarToClassTransform
Transforming play-services-basement-18.2.0.aar (com.google.android.gms:play-services-basement:18.2.0) with DexingWithClasspathTransform
Caching disabled for DexingWithClasspathTransform: ~/.gradle/caches/transforms-3/336dee3286310ccc4913ced4ee198e5a/transformed/jetified-play-services-basement-18.2.0-runtime.jar because:
  Build cache is disabled
Transforming play-services-basement-18.2.0.aar (com.google.android.gms:play-services-basement:18.2.0) with JetifyTransform
Transforming play-services-basement-18.2.0.aar (com.google.android.gms:play-services-basement:18.2.0) with AarToClassTransform
Transforming play-services-basement-18.2.0.aar (com.google.android.gms:play-services-basement:18.2.0) with DexingWithClasspathTransform
Transforming play-services-basement-18.2.0.aar (com.google.android.gms:play-services-basement:18.2.0) with JetifyTransform
Transforming play-services-basement-18.2.0.aar (com.google.android.gms:play-services-basement:18.2.0) with AarToClassTransform
Transforming play-services-basement-18.2.0.aar (com.google.android.gms:play-services-basement:18.2.0) with DexingWithClasspathTransform
Skipping DexingWithClasspathTransform: ~/.gradle/caches/transforms-3/336dee3286310ccc4913ced4ee198e5a/transformed/jetified-play-services-basement-18.2.0-runtime.jar as it is up-to-date.
Transforming fragment-1.3.6.aar (androidx.fragment:fragment:1.3.6) with JetifyTransform
Transforming fragment-1.3.6.aar (androidx.fragment:fragment:1.3.6) with AarToClassTransform
Transforming fragment-1.3.6.aar (androidx.fragment:fragment:1.3.6) with DexingWithClasspathTransform
Transforming fragment-1.3.6.aar (androidx.fragment:fragment:1.3.6) with JetifyTransform
Transforming fragment-1.3.6.aar (androidx.fragment:fragment:1.3.6) with AarToClassTransform
Transforming fragment-1.3.6.aar (androidx.fragment:fragment:1.3.6) with DexingWithClasspathTransform
Caching disabled for DexingWithClasspathTransform: ~/.gradle/caches/transforms-3/5af0b4142f8e7b01fc135d6589881d7f/transformed/fragment-1.3.6-runtime.jar because:
  Build cache is disabled
Skipping DexingWithClasspathTransform: ~/.gradle/caches/transforms-3/5af0b4142f8e7b01fc135d6589881d7f/transformed/fragment-1.3.6-runtime.jar as it is up-to-date.
Transforming browser-1.0.0.aar (androidx.browser:browser:1.0.0) with JetifyTransform
Transforming browser-1.0.0.aar (androidx.browser:browser:1.0.0) with AarToClassTransform
Transforming browser-1.0.0.aar (androidx.browser:browser:1.0.0) with DexingWithClasspathTransform
Caching disabled for DexingWithClasspathTransform: ~/.gradle/caches/transforms-3/f97df51678fb140e2f898891a2d7cdbd/transformed/browser-1.0.0-runtime.jar because:
  Build cache is disabled
Skipping DexingWithClasspathTransform: ~/.gradle/caches/transforms-3/f97df51678fb140e2f898891a2d7cdbd/transformed/browser-1.0.0-runtime.jar as it is up-to-date.
Transforming legacy-support-core-ui-1.0.0.aar (androidx.legacy:legacy-support-core-ui:1.0.0) with JetifyTransform
Transforming legacy-support-core-ui-1.0.0.aar (androidx.legacy:legacy-support-core-ui:1.0.0) with AarToClassTransform
Transforming legacy-support-core-ui-1.0.0.aar (androidx.legacy:legacy-support-core-ui:1.0.0) with DexingWithClasspathTransform
Transforming legacy-support-core-utils-1.0.0.aar (androidx.legacy:legacy-support-core-utils:1.0.0) with JetifyTransform
Transforming legacy-support-core-utils-1.0.0.aar (androidx.legacy:legacy-support-core-utils:1.0.0) with AarToClassTransform
Transforming legacy-support-core-utils-1.0.0.aar (androidx.legacy:legacy-support-core-utils:1.0.0) with DexingWithClasspathTransform
Transforming loader-1.0.0.aar (androidx.loader:loader:1.0.0) with JetifyTransform
Transforming loader-1.0.0.aar (androidx.loader:loader:1.0.0) with AarToClassTransform
Transforming loader-1.0.0.aar (androidx.loader:loader:1.0.0) with DexingWithClasspathTransform
Caching disabled for DexingWithClasspathTransform: ~/.gradle/caches/transforms-3/58d93420fc1880ab57ea2a13a12b6a15/transformed/legacy-support-core-ui-1.0.0-runtime.jar because:
  Build cache is disabled
Skipping DexingWithClasspathTransform: ~/.gradle/caches/transforms-3/58d93420fc1880ab57ea2a13a12b6a15/transformed/legacy-support-core-ui-1.0.0-runtime.jar as it is up-to-date.
Transforming loader-1.0.0.aar (androidx.loader:loader:1.0.0) with JetifyTransform
Transforming loader-1.0.0.aar (androidx.loader:loader:1.0.0) with AarToClassTransform
Transforming loader-1.0.0.aar (androidx.loader:loader:1.0.0) with DexingWithClasspathTransform
Caching disabled for DexingWithClasspathTransform: ~/.gradle/caches/transforms-3/6a9c57864b0cecab066a0134545d551f/transformed/legacy-support-core-utils-1.0.0-runtime.jar because:
  Build cache is disabled
Skipping DexingWithClasspathTransform: ~/.gradle/caches/transforms-3/6a9c57864b0cecab066a0134545d551f/transformed/legacy-support-core-utils-1.0.0-runtime.jar as it is up-to-date.
Transforming loader-1.0.0.aar (androidx.loader:loader:1.0.0) with JetifyTransform
Transforming loader-1.0.0.aar (androidx.loader:loader:1.0.0) with AarToClassTransform
Transforming loader-1.0.0.aar (androidx.loader:loader:1.0.0) with DexingWithClasspathTransform
Caching disabled for DexingWithClasspathTransform: ~/.gradle/caches/transforms-3/9227ad998b7289e86f2bcfe58c19848a/transformed/loader-1.0.0-runtime.jar because:
  Build cache is disabled
Skipping DexingWithClasspathTransform: ~/.gradle/caches/transforms-3/9227ad998b7289e86f2bcfe58c19848a/transformed/loader-1.0.0-runtime.jar as it is up-to-date.
Transforming material-release.aar (androidx.compose.material:material-android:1.6.1) with JetifyTransform
Transforming material-release.aar (androidx.compose.material:material-android:1.6.1) with AarToClassTransform
Transforming material-release.aar (androidx.compose.material:material-android:1.6.1) with DexingWithClasspathTransform
Transforming material-icons-core-release.aar (androidx.compose.material:material-icons-core-android:1.6.1) with JetifyTransform
Transforming material-icons-core-release.aar (androidx.compose.material:material-icons-core-android:1.6.1) with AarToClassTransform
Transforming material-icons-core-release.aar (androidx.compose.material:material-icons-core-android:1.6.1) with DexingWithClasspathTransform
Caching disabled for DexingWithClasspathTransform: ~/.gradle/caches/transforms-3/1a9c72c2d17fb582e66eeab8a3551c7c/transformed/jetified-material-release-runtime.jar because:
  Build cache is disabled
Skipping DexingWithClasspathTransform: ~/.gradle/caches/transforms-3/1a9c72c2d17fb582e66eeab8a3551c7c/transformed/jetified-material-release-runtime.jar as it is up-to-date.
Transforming material-ripple-release.aar (androidx.compose.material:material-ripple-android:1.6.1) with JetifyTransform
Transforming material-ripple-release.aar (androidx.compose.material:material-ripple-android:1.6.1) with AarToClassTransform
Transforming material-ripple-release.aar (androidx.compose.material:material-ripple-android:1.6.1) with DexingWithClasspathTransform
Caching disabled for DexingWithClasspathTransform: ~/.gradle/caches/transforms-3/0c5a21147900451a33964344bb6ac3b2/transformed/jetified-material-icons-core-release-runtime.jar because:
  Build cache is disabled
Skipping DexingWithClasspathTransform: ~/.gradle/caches/transforms-3/0c5a21147900451a33964344bb6ac3b2/transformed/jetified-material-icons-core-release-runtime.jar as it is up-to-date.
Transforming foundation-release.aar (androidx.compose.foundation:foundation-android:1.6.1) with JetifyTransform
Transforming foundation-release.aar (androidx.compose.foundation:foundation-android:1.6.1) with AarToClassTransform
Transforming foundation-release.aar (androidx.compose.foundation:foundation-android:1.6.1) with DexingWithClasspathTransform
Transforming foundation-layout-release.aar (androidx.compose.foundation:foundation-layout-android:1.6.1) with JetifyTransform
Transforming foundation-layout-release.aar (androidx.compose.foundation:foundation-layout-android:1.6.1) with AarToClassTransform
Transforming foundation-layout-release.aar (androidx.compose.foundation:foundation-layout-android:1.6.1) with DexingWithClasspathTransform
Caching disabled for DexingWithClasspathTransform: ~/.gradle/caches/transforms-3/cbfeb7f0facf0863170753a727108131/transformed/jetified-material-ripple-release-runtime.jar because:
  Build cache is disabled
Skipping DexingWithClasspathTransform: ~/.gradle/caches/transforms-3/cbfeb7f0facf0863170753a727108131/transformed/jetified-material-ripple-release-runtime.jar as it is up-to-date.
Caching disabled for DexingWithClasspathTransform: ~/.gradle/caches/transforms-3/08fef6ad315af2196b44e20666a3656d/transformed/jetified-foundation-release-runtime.jar because:
  Build cache is disabled
Transforming animation-core-release.aar (androidx.compose.animation:animation-core-android:1.6.1) with JetifyTransform
Transforming animation-core-release.aar (androidx.compose.animation:animation-core-android:1.6.1) with AarToClassTransform
Transforming animation-core-release.aar (androidx.compose.animation:animation-core-android:1.6.1) with DexingWithClasspathTransform
Skipping DexingWithClasspathTransform: ~/.gradle/caches/transforms-3/08fef6ad315af2196b44e20666a3656d/transformed/jetified-foundation-release-runtime.jar as it is up-to-date.
Caching disabled for DexingWithClasspathTransform: ~/.gradle/caches/transforms-3/cde6a2e7b161d67963bd0aa058800109/transformed/jetified-foundation-layout-release-runtime.jar because:
  Build cache is disabled
Skipping DexingWithClasspathTransform: ~/.gradle/caches/transforms-3/cde6a2e7b161d67963bd0aa058800109/transformed/jetified-foundation-layout-release-runtime.jar as it is up-to-date.
Caching disabled for DexingWithClasspathTransform: ~/.gradle/caches/transforms-3/8ad36adfe79788aa7c6c415a495881e3/transformed/jetified-animation-core-release-runtime.jar because:
  Build cache is disabled
Skipping DexingWithClasspathTransform: ~/.gradle/caches/transforms-3/8ad36adfe79788aa7c6c415a495881e3/transformed/jetified-animation-core-release-runtime.jar as it is up-to-date.
Transforming animation-release.aar (androidx.compose.animation:animation-android:1.6.1) with JetifyTransform
Transforming animation-release.aar (androidx.compose.animation:animation-android:1.6.1) with AarToClassTransform
Transforming animation-release.aar (androidx.compose.animation:animation-android:1.6.1) with DexingWithClasspathTransform
Transforming ui-tooling-data-release.aar (androidx.compose.ui:ui-tooling-data-android:1.6.1) with JetifyTransform
Transforming ui-tooling-data-release.aar (androidx.compose.ui:ui-tooling-data-android:1.6.1) with AarToClassTransform
Transforming ui-tooling-data-release.aar (androidx.compose.ui:ui-tooling-data-android:1.6.1) with DexingWithClasspathTransform
Caching disabled for DexingWithClasspathTransform: ~/.gradle/caches/transforms-3/43dcf4df915df04345616e61c3a7ba6f/transformed/jetified-animation-release-runtime.jar because:
  Build cache is disabled
Skipping DexingWithClasspathTransform: ~/.gradle/caches/transforms-3/43dcf4df915df04345616e61c3a7ba6f/transformed/jetified-animation-release-runtime.jar as it is up-to-date.
Caching disabled for DexingWithClasspathTransform: ~/.gradle/caches/transforms-3/862d78ce703d0b3c3a46a23af1db99a9/transformed/jetified-ui-tooling-data-release-runtime.jar because:
  Build cache is disabled
Transforming ui-geometry-release.aar (androidx.compose.ui:ui-geometry-android:1.6.1) with JetifyTransform
Transforming ui-geometry-release.aar (androidx.compose.ui:ui-geometry-android:1.6.1) with AarToClassTransform
Transforming ui-geometry-release.aar (androidx.compose.ui:ui-geometry-android:1.6.1) with DexingWithClasspathTransform
Skipping DexingWithClasspathTransform: ~/.gradle/caches/transforms-3/862d78ce703d0b3c3a46a23af1db99a9/transformed/jetified-ui-tooling-data-release-runtime.jar as it is up-to-date.
Transforming ui-unit-release.aar (androidx.compose.ui:ui-unit-android:1.6.1) with JetifyTransform
Transforming ui-unit-release.aar (androidx.compose.ui:ui-unit-android:1.6.1) with AarToClassTransform
Transforming ui-unit-release.aar (androidx.compose.ui:ui-unit-android:1.6.1) with DexingWithClasspathTransform
Transforming ui-util-release.aar (androidx.compose.ui:ui-util-android:1.6.1) with JetifyTransform
Transforming ui-util-release.aar (androidx.compose.ui:ui-util-android:1.6.1) with AarToClassTransform
Transforming ui-util-release.aar (androidx.compose.ui:ui-util-android:1.6.1) with DexingWithClasspathTransform
Transforming ui-text-release.aar (androidx.compose.ui:ui-text-android:1.6.1) with JetifyTransform
Transforming ui-text-release.aar (androidx.compose.ui:ui-text-android:1.6.1) with AarToClassTransform
Transforming ui-text-release.aar (androidx.compose.ui:ui-text-android:1.6.1) with DexingWithClasspathTransform
Caching disabled for DexingWithClasspathTransform: ~/.gradle/caches/transforms-3/debc314cec7bc9aaeec1a85e8bb992c8/transformed/jetified-ui-geometry-release-runtime.jar because:
  Build cache is disabled
Caching disabled for DexingWithClasspathTransform: ~/.gradle/caches/transforms-3/978dd01f4a90163874ec61acad2022e2/transformed/jetified-ui-unit-release-runtime.jar because:
  Build cache is disabled
Skipping DexingWithClasspathTransform: ~/.gradle/caches/transforms-3/978dd01f4a90163874ec61acad2022e2/transformed/jetified-ui-unit-release-runtime.jar as it is up-to-date.
Transforming ui-graphics-release.aar (androidx.compose.ui:ui-graphics-android:1.6.1) with JetifyTransform
Transforming ui-graphics-release.aar (androidx.compose.ui:ui-graphics-android:1.6.1) with AarToClassTransform
Transforming ui-graphics-release.aar (androidx.compose.ui:ui-graphics-android:1.6.1) with DexingWithClasspathTransform
Caching disabled for DexingWithClasspathTransform: ~/.gradle/caches/transforms-3/c57df2df6e8c86771e594dcfa4a2f7c9/transformed/jetified-ui-util-release-runtime.jar because:
  Build cache is disabled
Skipping DexingWithClasspathTransform: ~/.gradle/caches/transforms-3/c57df2df6e8c86771e594dcfa4a2f7c9/transformed/jetified-ui-util-release-runtime.jar as it is up-to-date.
Skipping DexingWithClasspathTransform: ~/.gradle/caches/transforms-3/debc314cec7bc9aaeec1a85e8bb992c8/transformed/jetified-ui-geometry-release-runtime.jar as it is up-to-date.
Transforming ui-tooling-preview-release.aar (androidx.compose.ui:ui-tooling-preview-android:1.6.1) with JetifyTransform
Transforming ui-tooling-preview-release.aar (androidx.compose.ui:ui-tooling-preview-android:1.6.1) with AarToClassTransform
Transforming ui-tooling-preview-release.aar (androidx.compose.ui:ui-tooling-preview-android:1.6.1) with DexingWithClasspathTransform
Caching disabled for DexingWithClasspathTransform: ~/.gradle/caches/transforms-3/9db0d1c18d44a80edc55d8acb508abf1/transformed/jetified-ui-text-release-runtime.jar because:
  Build cache is disabled
Transforming material-release.aar (androidx.compose.material:material-android:1.6.1) with JetifyTransform
Skipping DexingWithClasspathTransform: ~/.gradle/caches/transforms-3/9db0d1c18d44a80edc55d8acb508abf1/transformed/jetified-ui-text-release-runtime.jar as it is up-to-date.
Transforming material-release.aar (androidx.compose.material:material-android:1.6.1) with AarToClassTransform
Transforming ui-tooling-data-release.aar (androidx.compose.ui:ui-tooling-data-android:1.6.1) with JetifyTransform
Transforming ui-tooling-data-release.aar (androidx.compose.ui:ui-tooling-data-android:1.6.1) with AarToClassTransform
Transforming ui-tooling-preview-release.aar (androidx.compose.ui:ui-tooling-preview-android:1.6.1) with JetifyTransform
Caching disabled for DexingWithClasspathTransform: ~/.gradle/caches/transforms-3/82576cabf8b6a43e158502f08c115218/transformed/jetified-ui-graphics-release-runtime.jar because:
  Build cache is disabled
Skipping DexingWithClasspathTransform: ~/.gradle/caches/transforms-3/82576cabf8b6a43e158502f08c115218/transformed/jetified-ui-graphics-release-runtime.jar as it is up-to-date.
Caching disabled for DexingWithClasspathTransform: ~/.gradle/caches/transforms-3/59b5b01cc5e0e0ea224173bc9dd64fa9/transformed/jetified-ui-tooling-preview-release-runtime.jar because:
  Build cache is disabled
Skipping DexingWithClasspathTransform: ~/.gradle/caches/transforms-3/59b5b01cc5e0e0ea224173bc9dd64fa9/transformed/jetified-ui-tooling-preview-release-runtime.jar as it is up-to-date.
Transforming ui-tooling-preview-release.aar (androidx.compose.ui:ui-tooling-preview-android:1.6.1) with AarToClassTransform
Transforming ui-tooling-release.aar (androidx.compose.ui:ui-tooling-android:1.6.1) with JetifyTransform
Transforming ui-tooling-release.aar (androidx.compose.ui:ui-tooling-android:1.6.1) with AarToClassTransform
Transforming ui-tooling-release.aar (androidx.compose.ui:ui-tooling-android:1.6.1) with DexingWithClasspathTransform
Transforming ui-test-manifest-1.6.1.aar (androidx.compose.ui:ui-test-manifest:1.6.1) with JetifyTransform
Transforming ui-test-manifest-1.6.1.aar (androidx.compose.ui:ui-test-manifest:1.6.1) with AarToClassTransform
Transforming ui-test-manifest-1.6.1.aar (androidx.compose.ui:ui-test-manifest:1.6.1) with DexingWithClasspathTransform
Transforming activity-1.7.1.aar (androidx.activity:activity:1.7.1) with JetifyTransform
Transforming activity-1.7.1.aar (androidx.activity:activity:1.7.1) with AarToClassTransform
Transforming activity-1.7.1.aar (androidx.activity:activity:1.7.1) with DexingWithClasspathTransform
Caching disabled for DexingWithClasspathTransform: ~/.gradle/caches/transforms-3/f711ff37c4e67db58e9031b3d202992a/transformed/jetified-ui-tooling-release-runtime.jar because:
  Build cache is disabled
Skipping DexingWithClasspathTransform: ~/.gradle/caches/transforms-3/f711ff37c4e67db58e9031b3d202992a/transformed/jetified-ui-tooling-release-runtime.jar as it is up-to-date.
Caching disabled for DexingWithClasspathTransform: ~/.gradle/caches/transforms-3/e193ea8e2e2d719a5d47b7ea0cf8a04c/transformed/jetified-ui-test-manifest-1.6.1-runtime.jar because:
  Build cache is disabled
Skipping DexingWithClasspathTransform: ~/.gradle/caches/transforms-3/e193ea8e2e2d719a5d47b7ea0cf8a04c/transformed/jetified-ui-test-manifest-1.6.1-runtime.jar as it is up-to-date.
Transforming activity-ktx-1.7.1.aar (androidx.activity:activity-ktx:1.7.1) with JetifyTransform
Transforming activity-ktx-1.7.1.aar (androidx.activity:activity-ktx:1.7.1) with AarToClassTransform
Transforming activity-ktx-1.7.1.aar (androidx.activity:activity-ktx:1.7.1) with DexingWithClasspathTransform
Caching disabled for DexingWithClasspathTransform: ~/.gradle/caches/transforms-3/8d9f172d3277f6d548f5d072f6cb2711/transformed/jetified-activity-1.7.1-runtime.jar because:
  Build cache is disabled
Skipping DexingWithClasspathTransform: ~/.gradle/caches/transforms-3/8d9f172d3277f6d548f5d072f6cb2711/transformed/jetified-activity-1.7.1-runtime.jar as it is up-to-date.
Transforming activity-compose-1.7.1.aar (androidx.activity:activity-compose:1.7.1) with JetifyTransform
Transforming activity-compose-1.7.1.aar (androidx.activity:activity-compose:1.7.1) with AarToClassTransform
Transforming activity-compose-1.7.1.aar (androidx.activity:activity-compose:1.7.1) with DexingWithClasspathTransform
Caching disabled for DexingWithClasspathTransform: ~/.gradle/caches/transforms-3/8c71a4b2a7b3f307b699e8d7678dbcb9/transformed/jetified-activity-ktx-1.7.1-runtime.jar because:
  Build cache is disabled
Skipping DexingWithClasspathTransform: ~/.gradle/caches/transforms-3/8c71a4b2a7b3f307b699e8d7678dbcb9/transformed/jetified-activity-ktx-1.7.1-runtime.jar as it is up-to-date.
Transforming ui-release.aar (androidx.compose.ui:ui-android:1.6.1) with JetifyTransform
Transforming ui-release.aar (androidx.compose.ui:ui-android:1.6.1) with AarToClassTransform
Transforming ui-release.aar (androidx.compose.ui:ui-android:1.6.1) with DexingWithClasspathTransform
Caching disabled for DexingWithClasspathTransform: ~/.gradle/caches/transforms-3/0b28032c6d28341d9bee73ba63ea130f/transformed/jetified-activity-compose-1.7.1-runtime.jar because:
  Build cache is disabled
Skipping DexingWithClasspathTransform: ~/.gradle/caches/transforms-3/0b28032c6d28341d9bee73ba63ea130f/transformed/jetified-activity-compose-1.7.1-runtime.jar as it is up-to-date.
Transforming savedstate-ktx-1.2.1.aar (androidx.savedstate:savedstate-ktx:1.2.1) with JetifyTransform
Transforming savedstate-ktx-1.2.1.aar (androidx.savedstate:savedstate-ktx:1.2.1) with AarToClassTransform
Transforming savedstate-ktx-1.2.1.aar (androidx.savedstate:savedstate-ktx:1.2.1) with DexingWithClasspathTransform
Caching disabled for DexingWithClasspathTransform: ~/.gradle/caches/transforms-3/b672221bea55d1229c718b5d82066b97/transformed/jetified-ui-release-runtime.jar because:
  Build cache is disabled
Transforming savedstate-1.2.1.aar (androidx.savedstate:savedstate:1.2.1) with JetifyTransform
Skipping DexingWithClasspathTransform: ~/.gradle/caches/transforms-3/b672221bea55d1229c718b5d82066b97/transformed/jetified-ui-release-runtime.jar as it is up-to-date.
Transforming savedstate-1.2.1.aar (androidx.savedstate:savedstate:1.2.1) with AarToClassTransform
Transforming savedstate-1.2.1.aar (androidx.savedstate:savedstate:1.2.1) with DexingWithClasspathTransform
Caching disabled for DexingWithClasspathTransform: ~/.gradle/caches/transforms-3/5e7ae0ad2e40b762ff9fce7578b59470/transformed/jetified-savedstate-ktx-1.2.1-runtime.jar because:
  Build cache is disabled
Skipping DexingWithClasspathTransform: ~/.gradle/caches/transforms-3/5e7ae0ad2e40b762ff9fce7578b59470/transformed/jetified-savedstate-ktx-1.2.1-runtime.jar as it is up-to-date.
Caching disabled for DexingWithClasspathTransform: ~/.gradle/caches/transforms-3/cda660765993fff64b517132c05f238c/transformed/jetified-savedstate-1.2.1-runtime.jar because:
  Build cache is disabled
Skipping DexingWithClasspathTransform: ~/.gradle/caches/transforms-3/cda660765993fff64b517132c05f238c/transformed/jetified-savedstate-1.2.1-runtime.jar as it is up-to-date.
Transforming work-runtime-2.8.1.aar (androidx.work:work-runtime:2.8.1) with JetifyTransform
Transforming work-runtime-2.8.1.aar (androidx.work:work-runtime:2.8.1) with AarToClassTransform
Transforming work-runtime-2.8.1.aar (androidx.work:work-runtime:2.8.1) with DexingWithClasspathTransform
Transforming emoji2-views-helper-1.3.0.aar (androidx.emoji2:emoji2-views-helper:1.3.0) with JetifyTransform
Transforming emoji2-views-helper-1.3.0.aar (androidx.emoji2:emoji2-views-helper:1.3.0) with AarToClassTransform
Transforming emoji2-views-helper-1.3.0.aar (androidx.emoji2:emoji2-views-helper:1.3.0) with DexingWithClasspathTransform
Caching disabled for DexingWithClasspathTransform: ~/.gradle/caches/transforms-3/4fa9cf0b97226f95e919a6a8b50755bb/transformed/work-runtime-2.8.1-runtime.jar because:
  Build cache is disabled
Caching disabled for DexingWithClasspathTransform: ~/.gradle/caches/transforms-3/f40600d43b21f6c73ef184d701306f5f/transformed/jetified-emoji2-views-helper-1.3.0-runtime.jar because:
  Build cache is disabled
Skipping DexingWithClasspathTransform: ~/.gradle/caches/transforms-3/4fa9cf0b97226f95e919a6a8b50755bb/transformed/work-runtime-2.8.1-runtime.jar as it is up-to-date.
Skipping DexingWithClasspathTransform: ~/.gradle/caches/transforms-3/f40600d43b21f6c73ef184d701306f5f/transformed/jetified-emoji2-views-helper-1.3.0-runtime.jar as it is up-to-date.
Transforming emoji2-1.3.0.aar (androidx.emoji2:emoji2:1.3.0) with JetifyTransform
Transforming emoji2-1.3.0.aar (androidx.emoji2:emoji2:1.3.0) with AarToClassTransform
Transforming emoji2-1.3.0.aar (androidx.emoji2:emoji2:1.3.0) with DexingWithClasspathTransform
Transforming lifecycle-process-2.6.1.aar (androidx.lifecycle:lifecycle-process:2.6.1) with JetifyTransform
Transforming lifecycle-process-2.6.1.aar (androidx.lifecycle:lifecycle-process:2.6.1) with AarToClassTransform
Transforming lifecycle-process-2.6.1.aar (androidx.lifecycle:lifecycle-process:2.6.1) with DexingWithClasspathTransform
Transforming lifecycle-service-2.6.1.aar (androidx.lifecycle:lifecycle-service:2.6.1) with JetifyTransform
Transforming lifecycle-service-2.6.1.aar (androidx.lifecycle:lifecycle-service:2.6.1) with AarToClassTransform
Transforming lifecycle-service-2.6.1.aar (androidx.lifecycle:lifecycle-service:2.6.1) with DexingWithClasspathTransform
Caching disabled for DexingWithClasspathTransform: ~/.gradle/caches/transforms-3/73fbe8b61a65ff31351df5f0a3c92fc4/transformed/jetified-emoji2-1.3.0-runtime.jar because:
  Build cache is disabled
Transforming lifecycle-livedata-2.6.1.aar (androidx.lifecycle:lifecycle-livedata:2.6.1) with JetifyTransform
Transforming lifecycle-livedata-2.6.1.aar (androidx.lifecycle:lifecycle-livedata:2.6.1) with AarToClassTransform
Transforming lifecycle-livedata-2.6.1.aar (androidx.lifecycle:lifecycle-livedata:2.6.1) with DexingWithClasspathTransform
Caching disabled for DexingWithClasspathTransform: ~/.gradle/caches/transforms-3/4ccc9870b2002a3649485af3f55a2cfe/transformed/jetified-lifecycle-process-2.6.1-runtime.jar because:
  Build cache is disabled
Skipping DexingWithClasspathTransform: ~/.gradle/caches/transforms-3/4ccc9870b2002a3649485af3f55a2cfe/transformed/jetified-lifecycle-process-2.6.1-runtime.jar as it is up-to-date.
Skipping DexingWithClasspathTransform: ~/.gradle/caches/transforms-3/73fbe8b61a65ff31351df5f0a3c92fc4/transformed/jetified-emoji2-1.3.0-runtime.jar as it is up-to-date.
Caching disabled for DexingWithClasspathTransform: ~/.gradle/caches/transforms-3/b98fd4d1b06bcd40e97aed9556edf8ba/transformed/jetified-lifecycle-service-2.6.1-runtime.jar because:
  Build cache is disabled
Skipping DexingWithClasspathTransform: ~/.gradle/caches/transforms-3/b98fd4d1b06bcd40e97aed9556edf8ba/transformed/jetified-lifecycle-service-2.6.1-runtime.jar as it is up-to-date.
Caching disabled for DexingWithClasspathTransform: ~/.gradle/caches/transforms-3/21ce0f0efcf3c169174eb17c34e854eb/transformed/lifecycle-livedata-2.6.1-runtime.jar because:
  Build cache is disabled
Skipping DexingWithClasspathTransform: ~/.gradle/caches/transforms-3/21ce0f0efcf3c169174eb17c34e854eb/transformed/lifecycle-livedata-2.6.1-runtime.jar as it is up-to-date.
Transforming lifecycle-livedata-2.6.1.aar (androidx.lifecycle:lifecycle-livedata:2.6.1) with JetifyTransform
Transforming lifecycle-livedata-2.6.1.aar (androidx.lifecycle:lifecycle-livedata:2.6.1) with AarToClassTransform
Transforming lifecycle-livedata-2.6.1.aar (androidx.lifecycle:lifecycle-livedata:2.6.1) with DexingWithClasspathTransform
Transforming lifecycle-livedata-core-2.6.1.aar (androidx.lifecycle:lifecycle-livedata-core:2.6.1) with JetifyTransform
Transforming lifecycle-livedata-core-2.6.1.aar (androidx.lifecycle:lifecycle-livedata-core:2.6.1) with AarToClassTransform
Transforming lifecycle-livedata-core-2.6.1.aar (androidx.lifecycle:lifecycle-livedata-core:2.6.1) with DexingWithClasspathTransform
Caching disabled for DexingWithClasspathTransform: ~/.gradle/caches/transforms-3/8b2b52ab28cab1e1cc5ef3d208bb6ba8/transformed/lifecycle-livedata-core-2.6.1-runtime.jar because:
  Build cache is disabled
Skipping DexingWithClasspathTransform: ~/.gradle/caches/transforms-3/8b2b52ab28cab1e1cc5ef3d208bb6ba8/transformed/lifecycle-livedata-core-2.6.1-runtime.jar as it is up-to-date.
Transforming lifecycle-common-2.6.1.jar (androidx.lifecycle:lifecycle-common:2.6.1) with JetifyTransform
Transforming lifecycle-common-2.6.1.jar (androidx.lifecycle:lifecycle-common:2.6.1) with IdentityTransform
Transforming lifecycle-common-2.6.1.jar (androidx.lifecycle:lifecycle-common:2.6.1) with DexingWithClasspathTransform
Transforming lifecycle-viewmodel-2.6.1.aar (androidx.lifecycle:lifecycle-viewmodel:2.6.1) with JetifyTransform
Transforming lifecycle-viewmodel-2.6.1.aar (androidx.lifecycle:lifecycle-viewmodel:2.6.1) with AarToClassTransform
Transforming lifecycle-viewmodel-2.6.1.aar (androidx.lifecycle:lifecycle-viewmodel:2.6.1) with DexingWithClasspathTransform
Transforming lifecycle-viewmodel-2.6.1.aar (androidx.lifecycle:lifecycle-viewmodel:2.6.1) with JetifyTransform
Transforming lifecycle-viewmodel-2.6.1.aar (androidx.lifecycle:lifecycle-viewmodel:2.6.1) with AarToClassTransform
Transforming lifecycle-viewmodel-2.6.1.aar (androidx.lifecycle:lifecycle-viewmodel:2.6.1) with DexingWithClasspathTransform
Caching disabled for DexingWithClasspathTransform: ~/.gradle/caches/modules-2/files-2.1/androidx.lifecycle/lifecycle-common/2.6.1/10f354fdb64868baecd67128560c5a0d6312c495/lifecycle-common-2.6.1.jar because:
  Build cache is disabled
Skipping DexingWithClasspathTransform: ~/.gradle/caches/modules-2/files-2.1/androidx.lifecycle/lifecycle-common/2.6.1/10f354fdb64868baecd67128560c5a0d6312c495/lifecycle-common-2.6.1.jar as it is up-to-date.
Caching disabled for DexingWithClasspathTransform: ~/.gradle/caches/transforms-3/157c145a1f7d42cac3223653575e2319/transformed/lifecycle-viewmodel-2.6.1-runtime.jar because:
  Build cache is disabled
Skipping DexingWithClasspathTransform: ~/.gradle/caches/transforms-3/157c145a1f7d42cac3223653575e2319/transformed/lifecycle-viewmodel-2.6.1-runtime.jar as it is up-to-date.
Transforming lifecycle-viewmodel-savedstate-2.6.1.aar (androidx.lifecycle:lifecycle-viewmodel-savedstate:2.6.1) with JetifyTransform
Transforming lifecycle-viewmodel-savedstate-2.6.1.aar (androidx.lifecycle:lifecycle-viewmodel-savedstate:2.6.1) with AarToClassTransform
Transforming lifecycle-viewmodel-savedstate-2.6.1.aar (androidx.lifecycle:lifecycle-viewmodel-savedstate:2.6.1) with DexingWithClasspathTransform
Transforming lifecycle-common-java8-2.6.1.jar (androidx.lifecycle:lifecycle-common-java8:2.6.1) with JetifyTransform
Transforming lifecycle-common-java8-2.6.1.jar (androidx.lifecycle:lifecycle-common-java8:2.6.1) with IdentityTransform
Transforming lifecycle-common-java8-2.6.1.jar (androidx.lifecycle:lifecycle-common-java8:2.6.1) with DexingWithClasspathTransform
Transforming lifecycle-runtime-ktx-2.6.1.aar (androidx.lifecycle:lifecycle-runtime-ktx:2.6.1) with JetifyTransform
Transforming lifecycle-runtime-ktx-2.6.1.aar (androidx.lifecycle:lifecycle-runtime-ktx:2.6.1) with AarToClassTransform
Transforming lifecycle-runtime-ktx-2.6.1.aar (androidx.lifecycle:lifecycle-runtime-ktx:2.6.1) with DexingWithClasspathTransform
Transforming recyclerview-1.3.0.aar (androidx.recyclerview:recyclerview:1.3.0) with JetifyTransform
Transforming recyclerview-1.3.0.aar (androidx.recyclerview:recyclerview:1.3.0) with AarToClassTransform
Transforming recyclerview-1.3.0.aar (androidx.recyclerview:recyclerview:1.3.0) with DexingWithClasspathTransform
Caching disabled for DexingWithClasspathTransform: ~/.gradle/caches/transforms-3/cdaa17010d4760b91368173c4d552408/transformed/jetified-lifecycle-viewmodel-savedstate-2.6.1-runtime.jar because:
  Build cache is disabled
Skipping DexingWithClasspathTransform: ~/.gradle/caches/transforms-3/cdaa17010d4760b91368173c4d552408/transformed/jetified-lifecycle-viewmodel-savedstate-2.6.1-runtime.jar as it is up-to-date.
Transforming recyclerview-1.3.0.aar (androidx.recyclerview:recyclerview:1.3.0) with JetifyTransform
Transforming recyclerview-1.3.0.aar (androidx.recyclerview:recyclerview:1.3.0) with AarToClassTransform
Transforming recyclerview-1.3.0.aar (androidx.recyclerview:recyclerview:1.3.0) with DexingWithClasspathTransform
Caching disabled for DexingWithClasspathTransform: ~/.gradle/caches/modules-2/files-2.1/androidx.lifecycle/lifecycle-common-java8/2.6.1/2ad14aed781c4a73ed4dbb421966d408a0a06686/lifecycle-common-java8-2.6.1.jar because:
  Build cache is disabled
Skipping DexingWithClasspathTransform: ~/.gradle/caches/modules-2/files-2.1/androidx.lifecycle/lifecycle-common-java8/2.6.1/2ad14aed781c4a73ed4dbb421966d408a0a06686/lifecycle-common-java8-2.6.1.jar as it is up-to-date.
Caching disabled for DexingWithClasspathTransform: ~/.gradle/caches/transforms-3/f5c048b3c4515442cb60502b8e1b7d25/transformed/jetified-lifecycle-runtime-ktx-2.6.1-runtime.jar because:
  Build cache is disabled
Transforming drawerlayout-1.0.0.aar (androidx.drawerlayout:drawerlayout:1.0.0) with JetifyTransform
Skipping DexingWithClasspathTransform: ~/.gradle/caches/transforms-3/f5c048b3c4515442cb60502b8e1b7d25/transformed/jetified-lifecycle-runtime-ktx-2.6.1-runtime.jar as it is up-to-date.
Transforming drawerlayout-1.0.0.aar (androidx.drawerlayout:drawerlayout:1.0.0) with AarToClassTransform
Transforming drawerlayout-1.0.0.aar (androidx.drawerlayout:drawerlayout:1.0.0) with DexingWithClasspathTransform
Transforming drawerlayout-1.0.0.aar (androidx.drawerlayout:drawerlayout:1.0.0) with JetifyTransform
Transforming drawerlayout-1.0.0.aar (androidx.drawerlayout:drawerlayout:1.0.0) with AarToClassTransform
Transforming drawerlayout-1.0.0.aar (androidx.drawerlayout:drawerlayout:1.0.0) with DexingWithClasspathTransform
Caching disabled for DexingWithClasspathTransform: ~/.gradle/caches/transforms-3/b42a809b4e9a4e4c5dffb1bdfc0549ae/transformed/recyclerview-1.3.0-runtime.jar because:
  Build cache is disabled
Skipping DexingWithClasspathTransform: ~/.gradle/caches/transforms-3/b42a809b4e9a4e4c5dffb1bdfc0549ae/transformed/recyclerview-1.3.0-runtime.jar as it is up-to-date.
Caching disabled for DexingWithClasspathTransform: ~/.gradle/caches/transforms-3/2f6dfb14b1e2dda124e106efd6126e58/transformed/drawerlayout-1.0.0-runtime.jar because:
  Build cache is disabled
Skipping DexingWithClasspathTransform: ~/.gradle/caches/transforms-3/2f6dfb14b1e2dda124e106efd6126e58/transformed/drawerlayout-1.0.0-runtime.jar as it is up-to-date.
Transforming coordinatorlayout-1.1.0.aar (androidx.coordinatorlayout:coordinatorlayout:1.1.0) with JetifyTransform
Transforming coordinatorlayout-1.1.0.aar (androidx.coordinatorlayout:coordinatorlayout:1.1.0) with AarToClassTransform
Transforming coordinatorlayout-1.1.0.aar (androidx.coordinatorlayout:coordinatorlayout:1.1.0) with DexingWithClasspathTransform
Transforming coordinatorlayout-1.1.0.aar (androidx.coordinatorlayout:coordinatorlayout:1.1.0) with JetifyTransform
Transforming coordinatorlayout-1.1.0.aar (androidx.coordinatorlayout:coordinatorlayout:1.1.0) with AarToClassTransform
Transforming coordinatorlayout-1.1.0.aar (androidx.coordinatorlayout:coordinatorlayout:1.1.0) with DexingWithClasspathTransform
Caching disabled for DexingWithClasspathTransform: ~/.gradle/caches/transforms-3/a239b5bf43d5dbd05947b93a2b114e02/transformed/coordinatorlayout-1.1.0-runtime.jar because:
  Build cache is disabled
Skipping DexingWithClasspathTransform: ~/.gradle/caches/transforms-3/a239b5bf43d5dbd05947b93a2b114e02/transformed/coordinatorlayout-1.1.0-runtime.jar as it is up-to-date.
Transforming viewpager-1.0.0.aar (androidx.viewpager:viewpager:1.0.0) with JetifyTransform
Transforming viewpager-1.0.0.aar (androidx.viewpager:viewpager:1.0.0) with AarToClassTransform
Transforming viewpager-1.0.0.aar (androidx.viewpager:viewpager:1.0.0) with DexingWithClasspathTransform
Transforming viewpager-1.0.0.aar (androidx.viewpager:viewpager:1.0.0) with JetifyTransform
Transforming viewpager-1.0.0.aar (androidx.viewpager:viewpager:1.0.0) with AarToClassTransform
Transforming viewpager-1.0.0.aar (androidx.viewpager:viewpager:1.0.0) with DexingWithClasspathTransform
Caching disabled for DexingWithClasspathTransform: ~/.gradle/caches/transforms-3/3eb1dabcd09eba1963cdd9cb5c04ee40/transformed/viewpager-1.0.0-runtime.jar because:
  Build cache is disabled
Skipping DexingWithClasspathTransform: ~/.gradle/caches/transforms-3/3eb1dabcd09eba1963cdd9cb5c04ee40/transformed/viewpager-1.0.0-runtime.jar as it is up-to-date.
Transforming slidingpanelayout-1.0.0.aar (androidx.slidingpanelayout:slidingpanelayout:1.0.0) with JetifyTransform
Transforming slidingpanelayout-1.0.0.aar (androidx.slidingpanelayout:slidingpanelayout:1.0.0) with AarToClassTransform
Transforming slidingpanelayout-1.0.0.aar (androidx.slidingpanelayout:slidingpanelayout:1.0.0) with DexingWithClasspathTransform
Transforming customview-1.0.0.aar (androidx.customview:customview:1.0.0) with JetifyTransform
Transforming customview-1.0.0.aar (androidx.customview:customview:1.0.0) with AarToClassTransform
Transforming customview-1.0.0.aar (androidx.customview:customview:1.0.0) with DexingWithClasspathTransform
Caching disabled for DexingWithClasspathTransform: ~/.gradle/caches/transforms-3/a4bce4d8e2efe9bfb7458764b4fd01e1/transformed/slidingpanelayout-1.0.0-runtime.jar because:
  Build cache is disabled
Skipping DexingWithClasspathTransform: ~/.gradle/caches/transforms-3/a4bce4d8e2efe9bfb7458764b4fd01e1/transformed/slidingpanelayout-1.0.0-runtime.jar as it is up-to-date.
Caching disabled for DexingWithClasspathTransform: ~/.gradle/caches/transforms-3/af92a1b72cd046c6b0ceeea9a20eea1c/transformed/customview-1.0.0-runtime.jar because:
  Build cache is disabled
Skipping DexingWithClasspathTransform: ~/.gradle/caches/transforms-3/af92a1b72cd046c6b0ceeea9a20eea1c/transformed/customview-1.0.0-runtime.jar as it is up-to-date.
Transforming customview-1.0.0.aar (androidx.customview:customview:1.0.0) with JetifyTransform
Transforming customview-1.0.0.aar (androidx.customview:customview:1.0.0) with AarToClassTransform
Transforming customview-1.0.0.aar (androidx.customview:customview:1.0.0) with DexingWithClasspathTransform
Transforming transition-1.2.0.aar (androidx.transition:transition:1.2.0) with JetifyTransform
Transforming transition-1.2.0.aar (androidx.transition:transition:1.2.0) with AarToClassTransform
Transforming transition-1.2.0.aar (androidx.transition:transition:1.2.0) with DexingWithClasspathTransform
Caching disabled for DexingWithClasspathTransform: ~/.gradle/caches/transforms-3/426336a09327f3bdc81a6e2c29e2a0d2/transformed/transition-1.2.0-runtime.jar because:
  Build cache is disabled
Skipping DexingWithClasspathTransform: ~/.gradle/caches/transforms-3/426336a09327f3bdc81a6e2c29e2a0d2/transformed/transition-1.2.0-runtime.jar as it is up-to-date.
Transforming vectordrawable-animated-1.1.0.aar (androidx.vectordrawable:vectordrawable-animated:1.1.0) with JetifyTransform
Transforming vectordrawable-animated-1.1.0.aar (androidx.vectordrawable:vectordrawable-animated:1.1.0) with AarToClassTransform
Transforming vectordrawable-animated-1.1.0.aar (androidx.vectordrawable:vectordrawable-animated:1.1.0) with DexingWithClasspathTransform
Transforming vectordrawable-1.1.0.aar (androidx.vectordrawable:vectordrawable:1.1.0) with JetifyTransform
Transforming vectordrawable-1.1.0.aar (androidx.vectordrawable:vectordrawable:1.1.0) with AarToClassTransform
Transforming vectordrawable-1.1.0.aar (androidx.vectordrawable:vectordrawable:1.1.0) with DexingWithClasspathTransform
Transforming vectordrawable-1.1.0.aar (androidx.vectordrawable:vectordrawable:1.1.0) with JetifyTransform
Transforming vectordrawable-1.1.0.aar (androidx.vectordrawable:vectordrawable:1.1.0) with AarToClassTransform
Transforming vectordrawable-1.1.0.aar (androidx.vectordrawable:vectordrawable:1.1.0) with DexingWithClasspathTransform
Caching disabled for DexingWithClasspathTransform: ~/.gradle/caches/transforms-3/23e22bc26e5b19c7a2adbad93f193d51/transformed/vectordrawable-animated-1.1.0-runtime.jar because:
  Build cache is disabled
Skipping DexingWithClasspathTransform: ~/.gradle/caches/transforms-3/23e22bc26e5b19c7a2adbad93f193d51/transformed/vectordrawable-animated-1.1.0-runtime.jar as it is up-to-date.
Transforming window-1.0.0.aar (androidx.window:window:1.0.0) with JetifyTransform
Transforming window-1.0.0.aar (androidx.window:window:1.0.0) with AarToClassTransform
Transforming window-1.0.0.aar (androidx.window:window:1.0.0) with DexingWithClasspathTransform
Caching disabled for DexingWithClasspathTransform: ~/.gradle/caches/transforms-3/fe9a875e330ae610107187f64a6f86ea/transformed/vectordrawable-1.1.0-runtime.jar because:
  Build cache is disabled
Skipping DexingWithClasspathTransform: ~/.gradle/caches/transforms-3/fe9a875e330ae610107187f64a6f86ea/transformed/vectordrawable-1.1.0-runtime.jar as it is up-to-date.
Transforming autofill-1.0.0.aar (androidx.autofill:autofill:1.0.0) with JetifyTransform
Transforming autofill-1.0.0.aar (androidx.autofill:autofill:1.0.0) with AarToClassTransform
Transforming autofill-1.0.0.aar (androidx.autofill:autofill:1.0.0) with DexingWithClasspathTransform
Transforming swiperefreshlayout-1.0.0.aar (androidx.swiperefreshlayout:swiperefreshlayout:1.0.0) with JetifyTransform
Transforming swiperefreshlayout-1.0.0.aar (androidx.swiperefreshlayout:swiperefreshlayout:1.0.0) with AarToClassTransform
Transforming swiperefreshlayout-1.0.0.aar (androidx.swiperefreshlayout:swiperefreshlayout:1.0.0) with DexingWithClasspathTransform
Caching disabled for DexingWithClasspathTransform: ~/.gradle/caches/transforms-3/9eecd62ddc920a410d11ad0804b7e4ee/transformed/jetified-autofill-1.0.0-runtime.jar because:
  Build cache is disabled
Skipping DexingWithClasspathTransform: ~/.gradle/caches/transforms-3/9eecd62ddc920a410d11ad0804b7e4ee/transformed/jetified-autofill-1.0.0-runtime.jar as it is up-to-date.
Caching disabled for DexingWithClasspathTransform: ~/.gradle/caches/transforms-3/489b50ec6e3f9042cc03f54fe975ab56/transformed/jetified-window-1.0.0-runtime.jar because:
  Build cache is disabled
Skipping DexingWithClasspathTransform: ~/.gradle/caches/transforms-3/489b50ec6e3f9042cc03f54fe975ab56/transformed/jetified-window-1.0.0-runtime.jar as it is up-to-date.
Transforming asynclayoutinflater-1.0.0.aar (androidx.asynclayoutinflater:asynclayoutinflater:1.0.0) with JetifyTransform
Transforming asynclayoutinflater-1.0.0.aar (androidx.asynclayoutinflater:asynclayoutinflater:1.0.0) with AarToClassTransform
Transforming asynclayoutinflater-1.0.0.aar (androidx.asynclayoutinflater:asynclayoutinflater:1.0.0) with DexingWithClasspathTransform
Caching disabled for DexingWithClasspathTransform: ~/.gradle/caches/transforms-3/51b42ecc38ad94fa272f8b33adcba5fa/transformed/swiperefreshlayout-1.0.0-runtime.jar because:
  Build cache is disabled
Skipping DexingWithClasspathTransform: ~/.gradle/caches/transforms-3/51b42ecc38ad94fa272f8b33adcba5fa/transformed/swiperefreshlayout-1.0.0-runtime.jar as it is up-to-date.
Transforming customview-poolingcontainer-1.0.0.aar (androidx.customview:customview-poolingcontainer:1.0.0) with JetifyTransform
Transforming customview-poolingcontainer-1.0.0.aar (androidx.customview:customview-poolingcontainer:1.0.0) with AarToClassTransform
Transforming customview-poolingcontainer-1.0.0.aar (androidx.customview:customview-poolingcontainer:1.0.0) with DexingWithClasspathTransform
Caching disabled for DexingWithClasspathTransform: ~/.gradle/caches/transforms-3/c99540371452103118e5d526239f2f4f/transformed/asynclayoutinflater-1.0.0-runtime.jar because:
  Build cache is disabled
Skipping DexingWithClasspathTransform: ~/.gradle/caches/transforms-3/c99540371452103118e5d526239f2f4f/transformed/asynclayoutinflater-1.0.0-runtime.jar as it is up-to-date.
Transforming core-ktx-1.12.0.aar (androidx.core:core-ktx:1.12.0) with JetifyTransform
Transforming core-ktx-1.12.0.aar (androidx.core:core-ktx:1.12.0) with AarToClassTransform
Transforming core-ktx-1.12.0.aar (androidx.core:core-ktx:1.12.0) with DexingWithClasspathTransform
Caching disabled for DexingWithClasspathTransform: ~/.gradle/caches/transforms-3/96c600f7f0eadfaef27cc7c790abf38b/transformed/jetified-customview-poolingcontainer-1.0.0-runtime.jar because:
  Build cache is disabled
Skipping DexingWithClasspathTransform: ~/.gradle/caches/transforms-3/96c600f7f0eadfaef27cc7c790abf38b/transformed/jetified-customview-poolingcontainer-1.0.0-runtime.jar as it is up-to-date.
Caching disabled for DexingWithClasspathTransform: ~/.gradle/caches/transforms-3/f70725a600b6f893a864495d73f39adb/transformed/jetified-core-ktx-1.12.0-runtime.jar because:
  Build cache is disabled
Skipping DexingWithClasspathTransform: ~/.gradle/caches/transforms-3/f70725a600b6f893a864495d73f39adb/transformed/jetified-core-ktx-1.12.0-runtime.jar as it is up-to-date.
Transforming core-1.12.0.aar (androidx.core:core:1.12.0) with JetifyTransform
Transforming core-1.12.0.aar (androidx.core:core:1.12.0) with AarToClassTransform
Transforming core-1.12.0.aar (androidx.core:core:1.12.0) with DexingWithClasspathTransform
Caching disabled for DexingWithClasspathTransform: ~/.gradle/caches/transforms-3/bffb58485e093ddeb37629f5229708d9/transformed/core-1.12.0-runtime.jar because:
  Build cache is disabled
Skipping DexingWithClasspathTransform: ~/.gradle/caches/transforms-3/bffb58485e093ddeb37629f5229708d9/transformed/core-1.12.0-runtime.jar as it is up-to-date.
Transforming core-1.12.0.aar (androidx.core:core:1.12.0) with JetifyTransform
Transforming core-1.12.0.aar (androidx.core:core:1.12.0) with AarToClassTransform
Transforming core-1.12.0.aar (androidx.core:core:1.12.0) with DexingWithClasspathTransform
Transforming lifecycle-runtime-2.6.1.aar (androidx.lifecycle:lifecycle-runtime:2.6.1) with JetifyTransform
Transforming lifecycle-runtime-2.6.1.aar (androidx.lifecycle:lifecycle-runtime:2.6.1) with AarToClassTransform
Transforming lifecycle-runtime-2.6.1.aar (androidx.lifecycle:lifecycle-runtime:2.6.1) with DexingWithClasspathTransform
Transforming lifecycle-viewmodel-compose-2.6.1.aar (androidx.lifecycle:lifecycle-viewmodel-compose:2.6.1) with JetifyTransform
Caching disabled for DexingWithClasspathTransform: ~/.gradle/caches/transforms-3/9c95783f529173ffef8cc66a8eac5061/transformed/lifecycle-runtime-2.6.1-runtime.jar because:
  Build cache is disabled
Skipping DexingWithClasspathTransform: ~/.gradle/caches/transforms-3/9c95783f529173ffef8cc66a8eac5061/transformed/lifecycle-runtime-2.6.1-runtime.jar as it is up-to-date.
Transforming lifecycle-viewmodel-compose-2.6.1.aar (androidx.lifecycle:lifecycle-viewmodel-compose:2.6.1) with AarToClassTransform
Transforming lifecycle-viewmodel-compose-2.6.1.aar (androidx.lifecycle:lifecycle-viewmodel-compose:2.6.1) with DexingWithClasspathTransform
Transforming lifecycle-viewmodel-ktx-2.6.1.aar (androidx.lifecycle:lifecycle-viewmodel-ktx:2.6.1) with JetifyTransform
Transforming lifecycle-viewmodel-ktx-2.6.1.aar (androidx.lifecycle:lifecycle-viewmodel-ktx:2.6.1) with AarToClassTransform
Transforming lifecycle-viewmodel-ktx-2.6.1.aar (androidx.lifecycle:lifecycle-viewmodel-ktx:2.6.1) with DexingWithClasspathTransform
Caching disabled for DexingWithClasspathTransform: ~/.gradle/caches/transforms-3/8044ace3814e79aba8cf786aa99926a2/transformed/jetified-lifecycle-viewmodel-compose-2.6.1-runtime.jar because:
  Build cache is disabled
Skipping DexingWithClasspathTransform: ~/.gradle/caches/transforms-3/8044ace3814e79aba8cf786aa99926a2/transformed/jetified-lifecycle-viewmodel-compose-2.6.1-runtime.jar as it is up-to-date.
Transforming runtime-saveable-release.aar (androidx.compose.runtime:runtime-saveable-android:1.6.1) with JetifyTransform
Transforming runtime-saveable-release.aar (androidx.compose.runtime:runtime-saveable-android:1.6.1) with AarToClassTransform
Transforming runtime-saveable-release.aar (androidx.compose.runtime:runtime-saveable-android:1.6.1) with DexingWithClasspathTransform
Caching disabled for DexingWithClasspathTransform: ~/.gradle/caches/transforms-3/6d9b227f5624b8e4a889f80bd18287ec/transformed/jetified-lifecycle-viewmodel-ktx-2.6.1-runtime.jar because:
  Build cache is disabled
Skipping DexingWithClasspathTransform: ~/.gradle/caches/transforms-3/6d9b227f5624b8e4a889f80bd18287ec/transformed/jetified-lifecycle-viewmodel-ktx-2.6.1-runtime.jar as it is up-to-date.
Transforming runtime-release.aar (androidx.compose.runtime:runtime-android:1.6.1) with JetifyTransform
Transforming runtime-release.aar (androidx.compose.runtime:runtime-android:1.6.1) with AarToClassTransform
Transforming runtime-release.aar (androidx.compose.runtime:runtime-android:1.6.1) with DexingWithClasspathTransform
Transforming datastore-preferences-1.0.0.aar (androidx.datastore:datastore-preferences:1.0.0) with JetifyTransform
Transforming datastore-preferences-1.0.0.aar (androidx.datastore:datastore-preferences:1.0.0) with AarToClassTransform
Transforming datastore-preferences-1.0.0.aar (androidx.datastore:datastore-preferences:1.0.0) with DexingWithClasspathTransform
Transforming datastore-1.0.0.aar (androidx.datastore:datastore:1.0.0) with JetifyTransform
Transforming datastore-1.0.0.aar (androidx.datastore:datastore:1.0.0) with AarToClassTransform
Transforming datastore-1.0.0.aar (androidx.datastore:datastore:1.0.0) with DexingWithClasspathTransform
Transforming datastore-preferences-core-1.0.0.jar (androidx.datastore:datastore-preferences-core:1.0.0) with JetifyTransform
Transforming datastore-preferences-core-1.0.0.jar (androidx.datastore:datastore-preferences-core:1.0.0) with IdentityTransform
Transforming datastore-preferences-core-1.0.0.jar (androidx.datastore:datastore-preferences-core:1.0.0) with DexingWithClasspathTransform
Transforming datastore-core-1.0.0.jar (androidx.datastore:datastore-core:1.0.0) with JetifyTransform
Transforming datastore-core-1.0.0.jar (androidx.datastore:datastore-core:1.0.0) with IdentityTransform
Transforming datastore-core-1.0.0.jar (androidx.datastore:datastore-core:1.0.0) with DexingWithClasspathTransform
Caching disabled for DexingWithClasspathTransform: ~/.gradle/caches/transforms-3/cc1897065bed503ee29e3cf594c6b54c/transformed/jetified-datastore-preferences-1.0.0-runtime.jar because:
  Build cache is disabled
Skipping DexingWithClasspathTransform: ~/.gradle/caches/transforms-3/cc1897065bed503ee29e3cf594c6b54c/transformed/jetified-datastore-preferences-1.0.0-runtime.jar as it is up-to-date.
Caching disabled for DexingWithClasspathTransform: ~/.gradle/caches/transforms-3/c077d4e37f8dfdb330683d4731385156/transformed/jetified-runtime-release-runtime.jar because:
  Build cache is disabled
Caching disabled for DexingWithClasspathTransform: ~/.gradle/caches/transforms-3/ada187765177107bdc062f2789015a8b/transformed/jetified-runtime-saveable-release-runtime.jar because:
  Build cache is disabled
Transforming kotlinx-coroutines-core-jvm-1.7.1.jar (org.jetbrains.kotlinx:kotlinx-coroutines-core-jvm:1.7.1) with JetifyTransform
Transforming kotlinx-coroutines-core-jvm-1.7.1.jar (org.jetbrains.kotlinx:kotlinx-coroutines-core-jvm:1.7.1) with IdentityTransform
Transforming kotlinx-coroutines-core-jvm-1.7.1.jar (org.jetbrains.kotlinx:kotlinx-coroutines-core-jvm:1.7.1) with DexingWithClasspathTransform
Skipping DexingWithClasspathTransform: ~/.gradle/caches/transforms-3/ada187765177107bdc062f2789015a8b/transformed/jetified-runtime-saveable-release-runtime.jar as it is up-to-date.
Skipping DexingWithClasspathTransform: ~/.gradle/caches/transforms-3/c077d4e37f8dfdb330683d4731385156/transformed/jetified-runtime-release-runtime.jar as it is up-to-date.
Transforming kotlinx-coroutines-android-1.7.1.jar (org.jetbrains.kotlinx:kotlinx-coroutines-android:1.7.1) with JetifyTransform
Transforming kotlinx-coroutines-android-1.7.1.jar (org.jetbrains.kotlinx:kotlinx-coroutines-android:1.7.1) with IdentityTransform
Transforming kotlinx-coroutines-android-1.7.1.jar (org.jetbrains.kotlinx:kotlinx-coroutines-android:1.7.1) with DexingWithClasspathTransform
Transforming room-runtime-2.5.0.aar (androidx.room:room-runtime:2.5.0) with JetifyTransform
Transforming room-runtime-2.5.0.aar (androidx.room:room-runtime:2.5.0) with AarToClassTransform
Transforming room-runtime-2.5.0.aar (androidx.room:room-runtime:2.5.0) with DexingWithClasspathTransform
Caching disabled for DexingWithClasspathTransform: ~/.gradle/caches/transforms-3/bb62a6f8417eca36dfb0eeac57d26c0d/transformed/jetified-datastore-preferences-core-1.0.0.jar because:
  Build cache is disabled
Skipping DexingWithClasspathTransform: ~/.gradle/caches/transforms-3/bb62a6f8417eca36dfb0eeac57d26c0d/transformed/jetified-datastore-preferences-core-1.0.0.jar as it is up-to-date.
Transforming room-common-2.5.0.jar (androidx.room:room-common:2.5.0) with JetifyTransform
Transforming room-common-2.5.0.jar (androidx.room:room-common:2.5.0) with IdentityTransform
Transforming room-common-2.5.0.jar (androidx.room:room-common:2.5.0) with DexingWithClasspathTransform
Caching disabled for DexingWithClasspathTransform: ~/.gradle/caches/transforms-3/fdea97d7eb58820ef1c9b339505c2970/transformed/jetified-kotlinx-coroutines-core-jvm-1.7.1.jar because:
  Build cache is disabled
Skipping DexingWithClasspathTransform: ~/.gradle/caches/transforms-3/fdea97d7eb58820ef1c9b339505c2970/transformed/jetified-kotlinx-coroutines-core-jvm-1.7.1.jar as it is up-to-date.
Transforming kotlin-stdlib-jdk8-1.8.20.jar (org.jetbrains.kotlin:kotlin-stdlib-jdk8:1.8.20) with JetifyTransform
Transforming kotlin-stdlib-jdk8-1.8.20.jar (org.jetbrains.kotlin:kotlin-stdlib-jdk8:1.8.20) with IdentityTransform
Transforming kotlin-stdlib-jdk8-1.8.20.jar (org.jetbrains.kotlin:kotlin-stdlib-jdk8:1.8.20) with DexingWithClasspathTransform
Caching disabled for DexingWithClasspathTransform: ~/.gradle/caches/transforms-3/2fb593235e7fa7c4498f06b37707ced9/transformed/jetified-datastore-core-1.0.0.jar because:
  Build cache is disabled
Skipping DexingWithClasspathTransform: ~/.gradle/caches/transforms-3/2fb593235e7fa7c4498f06b37707ced9/transformed/jetified-datastore-core-1.0.0.jar as it is up-to-date.
Transforming gson-2.9.1.jar (com.google.code.gson:gson:2.9.1) with JetifyTransform
Transforming gson-2.9.1.jar (com.google.code.gson:gson:2.9.1) with IdentityTransform
Transforming gson-2.9.1.jar (com.google.code.gson:gson:2.9.1) with DexingWithClasspathTransform
Transforming documentfile-1.0.1.aar (androidx.documentfile:documentfile:1.0.1) with JetifyTransform
Transforming documentfile-1.0.1.aar (androidx.documentfile:documentfile:1.0.1) with AarToClassTransform
Transforming documentfile-1.0.1.aar (androidx.documentfile:documentfile:1.0.1) with DexingWithClasspathTransform
Caching disabled for DexingWithClasspathTransform: ~/.gradle/caches/transforms-3/cea279370378b8c80434ffaaac7518a9/transformed/room-runtime-2.5.0-runtime.jar because:
  Build cache is disabled
Skipping DexingWithClasspathTransform: ~/.gradle/caches/transforms-3/cea279370378b8c80434ffaaac7518a9/transformed/room-runtime-2.5.0-runtime.jar as it is up-to-date.
Transforming documentfile-1.0.1.aar (androidx.documentfile:documentfile:1.0.1) with JetifyTransform
Transforming documentfile-1.0.1.aar (androidx.documentfile:documentfile:1.0.1) with AarToClassTransform
Transforming documentfile-1.0.1.aar (androidx.documentfile:documentfile:1.0.1) with DexingWithClasspathTransform
Caching disabled for DexingWithClasspathTransform: ~/.gradle/caches/modules-2/files-2.1/androidx.room/room-common/2.5.0/829a83fb92f1696a8a32f3beea884dfc87b2693/room-common-2.5.0.jar because:
  Build cache is disabled
Transforming tink-android-1.5.0.jar (com.google.crypto.tink:tink-android:1.5.0) with JetifyTransform
Transforming tink-android-1.5.0.jar (com.google.crypto.tink:tink-android:1.5.0) with IdentityTransform
Caching disabled for DexingWithClasspathTransform: ~/.gradle/caches/transforms-3/46d03d15c4e5a431b025172a18d64c9e/transformed/documentfile-1.0.1-runtime.jar because:
  Build cache is disabled
Skipping DexingWithClasspathTransform: ~/.gradle/caches/transforms-3/46d03d15c4e5a431b025172a18d64c9e/transformed/documentfile-1.0.1-runtime.jar as it is up-to-date.
Skipping DexingWithClasspathTransform: ~/.gradle/caches/modules-2/files-2.1/androidx.room/room-common/2.5.0/829a83fb92f1696a8a32f3beea884dfc87b2693/room-common-2.5.0.jar as it is up-to-date.
Caching disabled for DexingWithClasspathTransform: ~/.gradle/caches/transforms-3/020818945adb8934366db36456f750aa/transformed/jetified-kotlin-stdlib-jdk8-1.8.20.jar because:
  Build cache is disabled
Skipping DexingWithClasspathTransform: ~/.gradle/caches/transforms-3/020818945adb8934366db36456f750aa/transformed/jetified-kotlin-stdlib-jdk8-1.8.20.jar as it is up-to-date.
Transforming security-crypto-1.1.0-alpha03.aar (androidx.security:security-crypto:1.1.0-alpha03) with JetifyTransform
Transforming security-crypto-1.1.0-alpha03.aar (androidx.security:security-crypto:1.1.0-alpha03) with AarToClassTransform
Transforming security-crypto-1.1.0-alpha03.aar (androidx.security:security-crypto:1.1.0-alpha03) with DexingWithClasspathTransform
Transforming cursoradapter-1.0.0.aar (androidx.cursoradapter:cursoradapter:1.0.0) with JetifyTransform
Caching disabled for DexingWithClasspathTransform: ~/.gradle/caches/transforms-3/2193561bce85fa44ec2e49814717d2d7/transformed/jetified-security-crypto-1.1.0-alpha03-runtime.jar because:
  Build cache is disabled
Skipping DexingWithClasspathTransform: ~/.gradle/caches/transforms-3/2193561bce85fa44ec2e49814717d2d7/transformed/jetified-security-crypto-1.1.0-alpha03-runtime.jar as it is up-to-date.
Caching disabled for DexingWithClasspathTransform: ~/.gradle/caches/transforms-3/9253a67f951f909e17543d26feadab79/transformed/jetified-kotlinx-coroutines-android-1.7.1.jar because:
  Build cache is disabled
Caching disabled for DexingWithClasspathTransform: ~/.gradle/caches/transforms-3/fc3ac7c5d7ca3a706a911bd0d5ce650b/transformed/jetified-gson-2.9.1.jar because:
  Build cache is disabled
Transforming cursoradapter-1.0.0.aar (androidx.cursoradapter:cursoradapter:1.0.0) with AarToClassTransform
Skipping DexingWithClasspathTransform: ~/.gradle/caches/transforms-3/9253a67f951f909e17543d26feadab79/transformed/jetified-kotlinx-coroutines-android-1.7.1.jar as it is up-to-date.
Skipping DexingWithClasspathTransform: ~/.gradle/caches/transforms-3/fc3ac7c5d7ca3a706a911bd0d5ce650b/transformed/jetified-gson-2.9.1.jar as it is up-to-date.
Transforming cursoradapter-1.0.0.aar (androidx.cursoradapter:cursoradapter:1.0.0) with DexingWithClasspathTransform
Transforming cursoradapter-1.0.0.aar (androidx.cursoradapter:cursoradapter:1.0.0) with JetifyTransform
Transforming cursoradapter-1.0.0.aar (androidx.cursoradapter:cursoradapter:1.0.0) with AarToClassTransform
Transforming cursoradapter-1.0.0.aar (androidx.cursoradapter:cursoradapter:1.0.0) with DexingWithClasspathTransform
Caching disabled for DexingWithClasspathTransform: ~/.gradle/caches/transforms-3/896cc0271339944545a33439adcb4074/transformed/jetified-datastore-1.0.0-runtime.jar because:
  Build cache is disabled
Skipping DexingWithClasspathTransform: ~/.gradle/caches/transforms-3/896cc0271339944545a33439adcb4074/transformed/jetified-datastore-1.0.0-runtime.jar as it is up-to-date.
Caching disabled for DexingWithClasspathTransform: ~/.gradle/caches/transforms-3/6a1103e2255728eed5a46663e9143b4d/transformed/cursoradapter-1.0.0-runtime.jar because:
  Build cache is disabled
Skipping DexingWithClasspathTransform: ~/.gradle/caches/transforms-3/6a1103e2255728eed5a46663e9143b4d/transformed/cursoradapter-1.0.0-runtime.jar as it is up-to-date.
Transforming resourceinspection-annotation-1.0.1.jar (androidx.resourceinspection:resourceinspection-annotation:1.0.1) with JetifyTransform
Transforming resourceinspection-annotation-1.0.1.jar (androidx.resourceinspection:resourceinspection-annotation:1.0.1) with IdentityTransform
Transforming resourceinspection-annotation-1.0.1.jar (androidx.resourceinspection:resourceinspection-annotation:1.0.1) with DexingWithClasspathTransform
Transforming cardview-1.0.0.aar (androidx.cardview:cardview:1.0.0) with JetifyTransform
Transforming cardview-1.0.0.aar (androidx.cardview:cardview:1.0.0) with AarToClassTransform
Transforming cardview-1.0.0.aar (androidx.cardview:cardview:1.0.0) with DexingWithClasspathTransform
Transforming gifdecoder-4.11.0.aar (com.github.bumptech.glide:gifdecoder:4.11.0) with JetifyTransform
Caching disabled for DexingWithClasspathTransform: ~/.gradle/caches/transforms-3/8efe665aaf7b753cddca2470333dbcfa/transformed/jetified-resourceinspection-annotation-1.0.1.jar because:
  Build cache is disabled
Transforming gifdecoder-4.11.0.aar (com.github.bumptech.glide:gifdecoder:4.11.0) with AarToClassTransform
Transforming gifdecoder-4.11.0.aar (com.github.bumptech.glide:gifdecoder:4.11.0) with DexingWithClasspathTransform
Skipping DexingWithClasspathTransform: ~/.gradle/caches/transforms-3/8efe665aaf7b753cddca2470333dbcfa/transformed/jetified-resourceinspection-annotation-1.0.1.jar as it is up-to-date.
Transforming interpolator-1.0.0.aar (androidx.interpolator:interpolator:1.0.0) with JetifyTransform
Transforming interpolator-1.0.0.aar (androidx.interpolator:interpolator:1.0.0) with AarToClassTransform
Transforming interpolator-1.0.0.aar (androidx.interpolator:interpolator:1.0.0) with DexingWithClasspathTransform
Transforming interpolator-1.0.0.aar (androidx.interpolator:interpolator:1.0.0) with JetifyTransform
Transforming interpolator-1.0.0.aar (androidx.interpolator:interpolator:1.0.0) with AarToClassTransform
Transforming interpolator-1.0.0.aar (androidx.interpolator:interpolator:1.0.0) with DexingWithClasspathTransform
Transforming interpolator-1.0.0.aar (androidx.interpolator:interpolator:1.0.0) with JetifyTransform
Transforming interpolator-1.0.0.aar (androidx.interpolator:interpolator:1.0.0) with AarToClassTransform
Transforming interpolator-1.0.0.aar (androidx.interpolator:interpolator:1.0.0) with DexingWithClasspathTransform
Transforming interpolator-1.0.0.aar (androidx.interpolator:interpolator:1.0.0) with JetifyTransform
Transforming interpolator-1.0.0.aar (androidx.interpolator:interpolator:1.0.0) with AarToClassTransform
Transforming interpolator-1.0.0.aar (androidx.interpolator:interpolator:1.0.0) with DexingWithClasspathTransform
Transforming interpolator-1.0.0.aar (androidx.interpolator:interpolator:1.0.0) with JetifyTransform
Transforming interpolator-1.0.0.aar (androidx.interpolator:interpolator:1.0.0) with AarToClassTransform
Transforming interpolator-1.0.0.aar (androidx.interpolator:interpolator:1.0.0) with DexingWithClasspathTransform
Transforming core-runtime-2.2.0.aar (androidx.arch.core:core-runtime:2.2.0) with JetifyTransform
Transforming core-runtime-2.2.0.aar (androidx.arch.core:core-runtime:2.2.0) with AarToClassTransform
Transforming core-runtime-2.2.0.aar (androidx.arch.core:core-runtime:2.2.0) with DexingWithClasspathTransform
Caching disabled for DexingWithClasspathTransform: ~/.gradle/caches/transforms-3/4d7f19f2ab47d3e6020f94be7671caf0/transformed/interpolator-1.0.0-runtime.jar because:
  Build cache is disabled
Skipping DexingWithClasspathTransform: ~/.gradle/caches/transforms-3/4d7f19f2ab47d3e6020f94be7671caf0/transformed/interpolator-1.0.0-runtime.jar as it is up-to-date.
Transforming core-common-2.2.0.jar (androidx.arch.core:core-common:2.2.0) with JetifyTransform
Transforming core-common-2.2.0.jar (androidx.arch.core:core-common:2.2.0) with IdentityTransform
Transforming core-common-2.2.0.jar (androidx.arch.core:core-common:2.2.0) with DexingWithClasspathTransform
Caching disabled for DexingWithClasspathTransform: ~/.gradle/caches/transforms-3/bf3fdd2deb182dca272fbd5c6a1270d5/transformed/jetified-gifdecoder-4.11.0-runtime.jar because:
  Build cache is disabled
Skipping DexingWithClasspathTransform: ~/.gradle/caches/transforms-3/bf3fdd2deb182dca272fbd5c6a1270d5/transformed/jetified-gifdecoder-4.11.0-runtime.jar as it is up-to-date.
Caching disabled for DexingWithClasspathTransform: ~/.gradle/caches/transforms-3/a06f8b5f10f139d96e98feb15add3d25/transformed/cardview-1.0.0-runtime.jar because:
  Build cache is disabled
Skipping DexingWithClasspathTransform: ~/.gradle/caches/transforms-3/a06f8b5f10f139d96e98feb15add3d25/transformed/cardview-1.0.0-runtime.jar as it is up-to-date.
Transforming profileinstaller-1.3.0.aar (androidx.profileinstaller:profileinstaller:1.3.0) with JetifyTransform
Transforming profileinstaller-1.3.0.aar (androidx.profileinstaller:profileinstaller:1.3.0) with AarToClassTransform
Transforming profileinstaller-1.3.0.aar (androidx.profileinstaller:profileinstaller:1.3.0) with DexingWithClasspathTransform
Transforming sqlite-framework-2.3.0.aar (androidx.sqlite:sqlite-framework:2.3.0) with JetifyTransform
Transforming sqlite-framework-2.3.0.aar (androidx.sqlite:sqlite-framework:2.3.0) with AarToClassTransform
Transforming sqlite-framework-2.3.0.aar (androidx.sqlite:sqlite-framework:2.3.0) with DexingWithClasspathTransform
Caching disabled for DexingWithClasspathTransform: ~/.gradle/caches/transforms-3/e062e0312d1ae231662e4cd92898ceb7/transformed/core-runtime-2.2.0-runtime.jar because:
  Build cache is disabled
Skipping DexingWithClasspathTransform: ~/.gradle/caches/transforms-3/e062e0312d1ae231662e4cd92898ceb7/transformed/core-runtime-2.2.0-runtime.jar as it is up-to-date.
Transforming versionedparcelable-1.1.1.aar (androidx.versionedparcelable:versionedparcelable:1.1.1) with JetifyTransform
Transforming versionedparcelable-1.1.1.aar (androidx.versionedparcelable:versionedparcelable:1.1.1) with AarToClassTransform
Transforming versionedparcelable-1.1.1.aar (androidx.versionedparcelable:versionedparcelable:1.1.1) with DexingWithClasspathTransform
Caching disabled for DexingWithClasspathTransform: ~/.gradle/caches/modules-2/files-2.1/androidx.arch.core/core-common/2.2.0/5e1b8b81dfd5f52c56a8d53b18ca759c19a301f3/core-common-2.2.0.jar because:
  Build cache is disabled
Skipping DexingWithClasspathTransform: ~/.gradle/caches/modules-2/files-2.1/androidx.arch.core/core-common/2.2.0/5e1b8b81dfd5f52c56a8d53b18ca759c19a301f3/core-common-2.2.0.jar as it is up-to-date.
Transforming collection-ktx-1.4.0.jar (androidx.collection:collection-ktx:1.4.0) with JetifyTransform
Transforming collection-ktx-1.4.0.jar (androidx.collection:collection-ktx:1.4.0) with IdentityTransform
Caching disabled for DexingWithClasspathTransform: ~/.gradle/caches/transforms-3/cbfc072f1b706b10c657860bf120703b/transformed/jetified-profileinstaller-1.3.0-runtime.jar because:
  Build cache is disabled
Skipping DexingWithClasspathTransform: ~/.gradle/caches/transforms-3/cbfc072f1b706b10c657860bf120703b/transformed/jetified-profileinstaller-1.3.0-runtime.jar as it is up-to-date.
Transforming collection-ktx-1.4.0.jar (androidx.collection:collection-ktx:1.4.0) with DexingWithClasspathTransform
Transforming collection-jvm-1.4.0.jar (androidx.collection:collection-jvm:1.4.0) with JetifyTransform
Transforming collection-jvm-1.4.0.jar (androidx.collection:collection-jvm:1.4.0) with IdentityTransform
Transforming collection-jvm-1.4.0.jar (androidx.collection:collection-jvm:1.4.0) with DexingWithClasspathTransform
Caching disabled for DexingWithClasspathTransform: ~/.gradle/caches/transforms-3/52dea12d5cfc364e13cf386cb20a89b9/transformed/versionedparcelable-1.1.1-runtime.jar because:
  Build cache is disabled
Skipping DexingWithClasspathTransform: ~/.gradle/caches/transforms-3/52dea12d5cfc364e13cf386cb20a89b9/transformed/versionedparcelable-1.1.1-runtime.jar as it is up-to-date.
Caching disabled for DexingWithClasspathTransform: ~/.gradle/caches/transforms-3/4e3589630965935d177c9caa0613c603/transformed/sqlite-framework-2.3.0-runtime.jar because:
  Build cache is disabled
Transforming startup-runtime-1.1.1.aar (androidx.startup:startup-runtime:1.1.1) with JetifyTransform
Skipping DexingWithClasspathTransform: ~/.gradle/caches/transforms-3/4e3589630965935d177c9caa0613c603/transformed/sqlite-framework-2.3.0-runtime.jar as it is up-to-date.
Transforming startup-runtime-1.1.1.aar (androidx.startup:startup-runtime:1.1.1) with AarToClassTransform
Transforming startup-runtime-1.1.1.aar (androidx.startup:startup-runtime:1.1.1) with DexingWithClasspathTransform
Caching disabled for DexingWithClasspathTransform: ~/.gradle/caches/transforms-3/3430f2bd0f7fcf01c1fced75c1dcce84/transformed/jetified-collection-ktx-1.4.0.jar because:
  Build cache is disabled
Skipping DexingWithClasspathTransform: ~/.gradle/caches/transforms-3/3430f2bd0f7fcf01c1fced75c1dcce84/transformed/jetified-collection-ktx-1.4.0.jar as it is up-to-date.
Transforming concurrent-futures-1.1.0.jar (androidx.concurrent:concurrent-futures:1.1.0) with JetifyTransform
Transforming concurrent-futures-1.1.0.jar (androidx.concurrent:concurrent-futures:1.1.0) with IdentityTransform
Transforming concurrent-futures-1.1.0.jar (androidx.concurrent:concurrent-futures:1.1.0) with DexingWithClasspathTransform
Transforming exifinterface-1.3.3.aar (androidx.exifinterface:exifinterface:1.3.3) with JetifyTransform
Transforming exifinterface-1.3.3.aar (androidx.exifinterface:exifinterface:1.3.3) with AarToClassTransform
Transforming exifinterface-1.3.3.aar (androidx.exifinterface:exifinterface:1.3.3) with DexingWithClasspathTransform
Caching disabled for DexingWithClasspathTransform: ~/.gradle/caches/transforms-3/484f6e1f2021a54763fa98232c3880f5/transformed/jetified-collection-jvm-1.4.0.jar because:
  Build cache is disabled
Transforming sqlite-2.3.0.aar (androidx.sqlite:sqlite:2.3.0) with JetifyTransform
Transforming sqlite-2.3.0.aar (androidx.sqlite:sqlite:2.3.0) with AarToClassTransform
Transforming sqlite-2.3.0.aar (androidx.sqlite:sqlite:2.3.0) with DexingWithClasspathTransform
Caching disabled for DexingWithClasspathTransform: ~/.gradle/caches/transforms-3/6345fec3b9b3c6a4db26e45e7f25bb5a/transformed/jetified-startup-runtime-1.1.1-runtime.jar because:
  Build cache is disabled
Skipping DexingWithClasspathTransform: ~/.gradle/caches/transforms-3/6345fec3b9b3c6a4db26e45e7f25bb5a/transformed/jetified-startup-runtime-1.1.1-runtime.jar as it is up-to-date.
Skipping DexingWithClasspathTransform: ~/.gradle/caches/transforms-3/484f6e1f2021a54763fa98232c3880f5/transformed/jetified-collection-jvm-1.4.0.jar as it is up-to-date.
Transforming tracing-1.0.0.aar (androidx.tracing:tracing:1.0.0) with JetifyTransform
Transforming tracing-1.0.0.aar (androidx.tracing:tracing:1.0.0) with AarToClassTransform
Transforming tracing-1.0.0.aar (androidx.tracing:tracing:1.0.0) with DexingWithClasspathTransform
Transforming localbroadcastmanager-1.0.0.aar (androidx.localbroadcastmanager:localbroadcastmanager:1.0.0) with JetifyTransform
Transforming localbroadcastmanager-1.0.0.aar (androidx.localbroadcastmanager:localbroadcastmanager:1.0.0) with AarToClassTransform
Transforming localbroadcastmanager-1.0.0.aar (androidx.localbroadcastmanager:localbroadcastmanager:1.0.0) with DexingWithClasspathTransform
Caching disabled for DexingWithClasspathTransform: ~/.gradle/caches/transforms-3/51f40852ad70bf084a6ef9c4083af264/transformed/jetified-concurrent-futures-1.1.0.jar because:
  Build cache is disabled
Skipping DexingWithClasspathTransform: ~/.gradle/caches/transforms-3/51f40852ad70bf084a6ef9c4083af264/transformed/jetified-concurrent-futures-1.1.0.jar as it is up-to-date.
Transforming print-1.0.0.aar (androidx.print:print:1.0.0) with JetifyTransform
Transforming print-1.0.0.aar (androidx.print:print:1.0.0) with AarToClassTransform
Transforming print-1.0.0.aar (androidx.print:print:1.0.0) with DexingWithClasspathTransform
Caching disabled for DexingWithClasspathTransform: ~/.gradle/caches/transforms-3/277edfea4842906952f18c592f225a8c/transformed/exifinterface-1.3.3-runtime.jar because:
  Build cache is disabled
Skipping DexingWithClasspathTransform: ~/.gradle/caches/transforms-3/277edfea4842906952f18c592f225a8c/transformed/exifinterface-1.3.3-runtime.jar as it is up-to-date.
Caching disabled for DexingWithClasspathTransform: ~/.gradle/caches/transforms-3/e463561f5f406c8577cb97e386192931/transformed/jetified-tracing-1.0.0-runtime.jar because:
  Build cache is disabled
Skipping DexingWithClasspathTransform: ~/.gradle/caches/transforms-3/e463561f5f406c8577cb97e386192931/transformed/jetified-tracing-1.0.0-runtime.jar as it is up-to-date.
Transforming annotation-experimental-1.4.0.aar (androidx.annotation:annotation-experimental:1.4.0) with JetifyTransform
Transforming annotation-experimental-1.4.0.aar (androidx.annotation:annotation-experimental:1.4.0) with AarToClassTransform
Transforming annotation-experimental-1.4.0.aar (androidx.annotation:annotation-experimental:1.4.0) with DexingWithClasspathTransform
Caching disabled for DexingWithClasspathTransform: ~/.gradle/caches/transforms-3/b520fc6aa21f550c71bffc7fedacd615/transformed/sqlite-2.3.0-runtime.jar because:
  Build cache is disabled
Skipping DexingWithClasspathTransform: ~/.gradle/caches/transforms-3/b520fc6aa21f550c71bffc7fedacd615/transformed/sqlite-2.3.0-runtime.jar as it is up-to-date.
Transforming kotlin-parcelize-runtime-1.6.10.jar (org.jetbrains.kotlin:kotlin-parcelize-runtime:1.6.10) with JetifyTransform
Transforming kotlin-parcelize-runtime-1.6.10.jar (org.jetbrains.kotlin:kotlin-parcelize-runtime:1.6.10) with IdentityTransform
Transforming kotlin-parcelize-runtime-1.6.10.jar (org.jetbrains.kotlin:kotlin-parcelize-runtime:1.6.10) with DexingWithClasspathTransform
Transforming kotlin-android-extensions-runtime-1.6.10.jar (org.jetbrains.kotlin:kotlin-android-extensions-runtime:1.6.10) with JetifyTransform
Transforming kotlin-android-extensions-runtime-1.6.10.jar (org.jetbrains.kotlin:kotlin-android-extensions-runtime:1.6.10) with IdentityTransform
Caching disabled for DexingWithClasspathTransform: ~/.gradle/caches/transforms-3/d39fc2ca874a011a3a25d17042c8cd2d/transformed/localbroadcastmanager-1.0.0-runtime.jar because:
  Build cache is disabled
Skipping DexingWithClasspathTransform: ~/.gradle/caches/transforms-3/d39fc2ca874a011a3a25d17042c8cd2d/transformed/localbroadcastmanager-1.0.0-runtime.jar as it is up-to-date.
Transforming kotlin-android-extensions-runtime-1.6.10.jar (org.jetbrains.kotlin:kotlin-android-extensions-runtime:1.6.10) with DexingWithClasspathTransform
Caching disabled for DexingWithClasspathTransform: ~/.gradle/caches/transforms-3/0b8e1f4a1365bc1a3b025a085e64e187/transformed/print-1.0.0-runtime.jar because:
  Build cache is disabled
Caching disabled for DexingWithClasspathTransform: ~/.gradle/caches/transforms-3/8cc3e01d4c835d977c19823d45a4e52d/transformed/jetified-annotation-experimental-1.4.0-runtime.jar because:
  Build cache is disabled
Skipping DexingWithClasspathTransform: ~/.gradle/caches/transforms-3/8cc3e01d4c835d977c19823d45a4e52d/transformed/jetified-annotation-experimental-1.4.0-runtime.jar as it is up-to-date.
Skipping DexingWithClasspathTransform: ~/.gradle/caches/transforms-3/0b8e1f4a1365bc1a3b025a085e64e187/transformed/print-1.0.0-runtime.jar as it is up-to-date.
Caching disabled for DexingWithClasspathTransform: ~/.gradle/caches/transforms-3/47789c99adb2fa7e9348c419c37e4e1e/transformed/jetified-kotlin-parcelize-runtime-1.6.10.jar because:
  Build cache is disabled
Skipping DexingWithClasspathTransform: ~/.gradle/caches/transforms-3/47789c99adb2fa7e9348c419c37e4e1e/transformed/jetified-kotlin-parcelize-runtime-1.6.10.jar as it is up-to-date.
Transforming kotlin-stdlib-jdk7-1.8.20.jar (org.jetbrains.kotlin:kotlin-stdlib-jdk7:1.8.20) with JetifyTransform
Caching disabled for DexingWithClasspathTransform: ~/.gradle/caches/transforms-3/23edaea5b07aa54cd30f6af720321f70/transformed/jetified-kotlin-android-extensions-runtime-1.6.10.jar because:
  Build cache is disabled
Transforming kotlin-stdlib-jdk7-1.8.20.jar (org.jetbrains.kotlin:kotlin-stdlib-jdk7:1.8.20) with IdentityTransform
Transforming kotlin-stdlib-jdk7-1.8.20.jar (org.jetbrains.kotlin:kotlin-stdlib-jdk7:1.8.20) with DexingWithClasspathTransform
Skipping DexingWithClasspathTransform: ~/.gradle/caches/transforms-3/23edaea5b07aa54cd30f6af720321f70/transformed/jetified-kotlin-android-extensions-runtime-1.6.10.jar as it is up-to-date.
Transforming annotation-jvm-1.7.0.jar (androidx.annotation:annotation-jvm:1.7.0) with JetifyTransform
Transforming annotation-jvm-1.7.0.jar (androidx.annotation:annotation-jvm:1.7.0) with IdentityTransform
Transforming annotation-jvm-1.7.0.jar (androidx.annotation:annotation-jvm:1.7.0) with DexingWithClasspathTransform
Caching disabled for DexingWithClasspathTransform: ~/.gradle/caches/transforms-3/18a3180d8a0e0de5e935ed15df177a17/transformed/jetified-kotlin-stdlib-jdk7-1.8.20.jar because:
  Build cache is disabled
Skipping DexingWithClasspathTransform: ~/.gradle/caches/transforms-3/18a3180d8a0e0de5e935ed15df177a17/transformed/jetified-kotlin-stdlib-jdk7-1.8.20.jar as it is up-to-date.
Transforming kotlin-stdlib-1.8.22.jar (org.jetbrains.kotlin:kotlin-stdlib:1.8.22) with JetifyTransform
Transforming kotlin-stdlib-1.8.22.jar (org.jetbrains.kotlin:kotlin-stdlib:1.8.22) with IdentityTransform
Transforming kotlin-stdlib-1.8.22.jar (org.jetbrains.kotlin:kotlin-stdlib:1.8.22) with DexingWithClasspathTransform
Transforming constraintlayout-core-1.0.3.jar (androidx.constraintlayout:constraintlayout-core:1.0.3) with JetifyTransform
Transforming constraintlayout-core-1.0.3.jar (androidx.constraintlayout:constraintlayout-core:1.0.3) with IdentityTransform
Transforming constraintlayout-core-1.0.3.jar (androidx.constraintlayout:constraintlayout-core:1.0.3) with DexingWithClasspathTransform
Transforming tink-android-1.5.0.jar (com.google.crypto.tink:tink-android:1.5.0) with JetifyTransform
Transforming tink-android-1.5.0.jar (com.google.crypto.tink:tink-android:1.5.0) with IdentityTransform
Transforming tink-android-1.5.0.jar (com.google.crypto.tink:tink-android:1.5.0) with DexingWithClasspathTransform
Caching disabled for DexingWithClasspathTransform: ~/.gradle/caches/transforms-3/59ee954bc819d6450685d56a764da7a0/transformed/jetified-kotlin-stdlib-1.8.22.jar because:
  Build cache is disabled
Caching disabled for DexingWithClasspathTransform: ~/.gradle/caches/transforms-3/ee0a23ec068203d6a23c2c0b7bc6cc0d/transformed/jetified-annotation-jvm-1.7.0.jar because:
  Build cache is disabled
Skipping DexingWithClasspathTransform: ~/.gradle/caches/transforms-3/ee0a23ec068203d6a23c2c0b7bc6cc0d/transformed/jetified-annotation-jvm-1.7.0.jar as it is up-to-date.
Transforming disklrucache-4.11.0.jar (com.github.bumptech.glide:disklrucache:4.11.0) with JetifyTransform
Transforming disklrucache-4.11.0.jar (com.github.bumptech.glide:disklrucache:4.11.0) with IdentityTransform
Transforming disklrucache-4.11.0.jar (com.github.bumptech.glide:disklrucache:4.11.0) with DexingWithClasspathTransform
Transforming annotations-4.11.0.jar (com.github.bumptech.glide:annotations:4.11.0) with JetifyTransform
Skipping DexingWithClasspathTransform: ~/.gradle/caches/transforms-3/59ee954bc819d6450685d56a764da7a0/transformed/jetified-kotlin-stdlib-1.8.22.jar as it is up-to-date.
Transforming annotations-4.11.0.jar (com.github.bumptech.glide:annotations:4.11.0) with IdentityTransform
Transforming annotations-4.11.0.jar (com.github.bumptech.glide:annotations:4.11.0) with DexingWithClasspathTransform
Caching disabled for DexingWithClasspathTransform: ~/.gradle/caches/transforms-3/9144888981cf872e2aa578642b7e39c9/transformed/jetified-constraintlayout-core-1.0.3.jar because:
  Build cache is disabled
Skipping DexingWithClasspathTransform: ~/.gradle/caches/transforms-3/9144888981cf872e2aa578642b7e39c9/transformed/jetified-constraintlayout-core-1.0.3.jar as it is up-to-date.
Transforming nimbus-jose-jwt-9.37.3.jar (com.nimbusds:nimbus-jose-jwt:9.37.3) with JetifyTransform
Transforming nimbus-jose-jwt-9.37.3.jar (com.nimbusds:nimbus-jose-jwt:9.37.3) with IdentityTransform
Transforming nimbus-jose-jwt-9.37.3.jar (com.nimbusds:nimbus-jose-jwt:9.37.3) with DexingWithClasspathTransform
Transforming httpcore5-5.3.jar (org.apache.httpcomponents.core5:httpcore5:5.3) with JetifyTransform
Transforming httpcore5-5.3.jar (org.apache.httpcomponents.core5:httpcore5:5.3) with IdentityTransform
Transforming httpcore5-5.3.jar (org.apache.httpcomponents.core5:httpcore5:5.3) with DexingWithClasspathTransform
Caching disabled for DexingWithClasspathTransform: ~/.gradle/caches/transforms-3/5edb817702cb5a8652562161e0325823/transformed/jetified-tink-android-1.5.0.jar because:
  Build cache is disabled
Transforming opentelemetry-api-1.18.0.jar (io.opentelemetry:opentelemetry-api:1.18.0) with JetifyTransform
Skipping DexingWithClasspathTransform: ~/.gradle/caches/transforms-3/5edb817702cb5a8652562161e0325823/transformed/jetified-tink-android-1.5.0.jar as it is up-to-date.
Caching disabled for DexingWithClasspathTransform: ~/.gradle/caches/transforms-3/8c232563c509ad8f50c936c0b11258df/transformed/jetified-disklrucache-4.11.0.jar because:
  Build cache is disabled
Skipping DexingWithClasspathTransform: ~/.gradle/caches/transforms-3/8c232563c509ad8f50c936c0b11258df/transformed/jetified-disklrucache-4.11.0.jar as it is up-to-date.
Transforming opentelemetry-api-1.18.0.jar (io.opentelemetry:opentelemetry-api:1.18.0) with IdentityTransform
Transforming opentelemetry-api-1.18.0.jar (io.opentelemetry:opentelemetry-api:1.18.0) with DexingWithClasspathTransform
Transforming kotlin-stdlib-common-1.8.22.jar (org.jetbrains.kotlin:kotlin-stdlib-common:1.8.22) with JetifyTransform
Transforming kotlin-stdlib-common-1.8.22.jar (org.jetbrains.kotlin:kotlin-stdlib-common:1.8.22) with IdentityTransform
Transforming kotlin-stdlib-common-1.8.22.jar (org.jetbrains.kotlin:kotlin-stdlib-common:1.8.22) with DexingWithClasspathTransform
Transforming annotations-23.0.0.jar (org.jetbrains:annotations:23.0.0) with JetifyTransform
Transforming annotations-23.0.0.jar (org.jetbrains:annotations:23.0.0) with IdentityTransform
Transforming annotations-23.0.0.jar (org.jetbrains:annotations:23.0.0) with DexingWithClasspathTransform
Transforming listenablefuture-1.0.jar (com.google.guava:listenablefuture:1.0) with JetifyTransform
Transforming listenablefuture-1.0.jar (com.google.guava:listenablefuture:1.0) with IdentityTransform
Transforming listenablefuture-1.0.jar (com.google.guava:listenablefuture:1.0) with DexingWithClasspathTransform
Caching disabled for DexingWithClasspathTransform: ~/.gradle/caches/transforms-3/442d94e9d4a248c71c0beca96a5a0928/transformed/jetified-annotations-4.11.0.jar because:
  Build cache is disabled
Skipping DexingWithClasspathTransform: ~/.gradle/caches/transforms-3/442d94e9d4a248c71c0beca96a5a0928/transformed/jetified-annotations-4.11.0.jar as it is up-to-date.
Transforming common4j-21.4.0.jar (com.microsoft.identity:common4j:21.4.0) with JetifyTransform
Transforming common4j-21.4.0.jar (com.microsoft.identity:common4j:21.4.0) with IdentityTransform
Transforming common4j-21.4.0.jar (com.microsoft.identity:common4j:21.4.0) with DexingWithClasspathTransform
Transforming display-mask-0.3.0.jar (com.microsoft.device.display:display-mask:0.3.0) with JetifyTransform
Transforming display-mask-0.3.0.jar (com.microsoft.device.display:display-mask:0.3.0) with IdentityTransform
Transforming display-mask-0.3.0.jar (com.microsoft.device.display:display-mask:0.3.0) with DexingWithClasspathTransform
Caching disabled for DexingWithClasspathTransform: ~/.gradle/caches/transforms-3/c8032807ec534e8b14a81b84b9330598/transformed/jetified-httpcore5-5.3.jar because:
  Build cache is disabled
Skipping DexingWithClasspathTransform: ~/.gradle/caches/transforms-3/c8032807ec534e8b14a81b84b9330598/transformed/jetified-httpcore5-5.3.jar as it is up-to-date.
Transforming android-2.5.0.aar (com.yubico.yubikit:android:2.5.0) with JetifyTransform
Transforming android-2.5.0.aar (com.yubico.yubikit:android:2.5.0) with AarToClassTransform
Transforming android-2.5.0.aar (com.yubico.yubikit:android:2.5.0) with DexingWithClasspathTransform
Caching disabled for DexingWithClasspathTransform: ~/.gradle/caches/transforms-3/2c5b18137534b5607a1e34c37409d465/transformed/jetified-nimbus-jose-jwt-9.37.3.jar because:
  Build cache is disabled
Skipping DexingWithClasspathTransform: ~/.gradle/caches/transforms-3/2c5b18137534b5607a1e34c37409d465/transformed/jetified-nimbus-jose-jwt-9.37.3.jar as it is up-to-date.
Transforming piv-2.5.0.jar (com.yubico.yubikit:piv:2.5.0) with JetifyTransform
Transforming piv-2.5.0.jar (com.yubico.yubikit:piv:2.5.0) with IdentityTransform
Transforming piv-2.5.0.jar (com.yubico.yubikit:piv:2.5.0) with DexingWithClasspathTransform
Caching disabled for DexingWithClasspathTransform: ~/.gradle/caches/transforms-3/62b02a60ddbd59162a05b48dcd79b22d/transformed/jetified-display-mask-0.3.0.jar because:
  Build cache is disabled
Skipping DexingWithClasspathTransform: ~/.gradle/caches/transforms-3/62b02a60ddbd59162a05b48dcd79b22d/transformed/jetified-display-mask-0.3.0.jar as it is up-to-date.
Transforming jcip-annotations-1.0-1.jar (com.github.stephenc.jcip:jcip-annotations:1.0-1) with JetifyTransform
Transforming jcip-annotations-1.0-1.jar (com.github.stephenc.jcip:jcip-annotations:1.0-1) with IdentityTransform
Transforming jcip-annotations-1.0-1.jar (com.github.stephenc.jcip:jcip-annotations:1.0-1) with DexingWithClasspathTransform
Transforming opentelemetry-context-1.18.0.jar (io.opentelemetry:opentelemetry-context:1.18.0) with JetifyTransform
Transforming opentelemetry-context-1.18.0.jar (io.opentelemetry:opentelemetry-context:1.18.0) with IdentityTransform
Transforming opentelemetry-context-1.18.0.jar (io.opentelemetry:opentelemetry-context:1.18.0) with DexingWithClasspathTransform
Caching disabled for DexingWithClasspathTransform: ~/.gradle/caches/transforms-3/5919fd87f80d0e136eb213a7ffeec3a2/transformed/jetified-annotations-23.0.0.jar because:
  Build cache is disabled
Transforming core-2.5.0.jar (com.yubico.yubikit:core:2.5.0) with JetifyTransform
Skipping DexingWithClasspathTransform: ~/.gradle/caches/transforms-3/5919fd87f80d0e136eb213a7ffeec3a2/transformed/jetified-annotations-23.0.0.jar as it is up-to-date.
Transforming core-2.5.0.jar (com.yubico.yubikit:core:2.5.0) with IdentityTransform
Transforming core-2.5.0.jar (com.yubico.yubikit:core:2.5.0) with DexingWithClasspathTransform
Transforming slf4j-api-2.0.9.jar (org.slf4j:slf4j-api:2.0.9) with JetifyTransform
Transforming slf4j-api-2.0.9.jar (org.slf4j:slf4j-api:2.0.9) with IdentityTransform
Transforming slf4j-api-2.0.9.jar (org.slf4j:slf4j-api:2.0.9) with DexingWithClasspathTransform
Caching disabled for DexingWithClasspathTransform: ~/.gradle/caches/transforms-3/813258700a9b9f00064eb95d8918f8b6/transformed/jetified-piv-2.5.0.jar because:
  Build cache is disabled
Skipping DexingWithClasspathTransform: ~/.gradle/caches/transforms-3/813258700a9b9f00064eb95d8918f8b6/transformed/jetified-piv-2.5.0.jar as it is up-to-date.
Caching disabled for DexingWithClasspathTransform: ~/.gradle/caches/transforms-3/0c2004e450c8638fd89abe24289fbc3c/transformed/jetified-core-2.5.0.jar because:
  Build cache is disabled
Skipping DexingWithClasspathTransform: ~/.gradle/caches/transforms-3/0c2004e450c8638fd89abe24289fbc3c/transformed/jetified-core-2.5.0.jar as it is up-to-date.
Caching disabled for DexingWithClasspathTransform: ~/.gradle/caches/transforms-3/55abfd827e7250ab6f0106208a1c63fd/transformed/jetified-jcip-annotations-1.0-1.jar because:
  Build cache is disabled
Skipping DexingWithClasspathTransform: ~/.gradle/caches/transforms-3/55abfd827e7250ab6f0106208a1c63fd/transformed/jetified-jcip-annotations-1.0-1.jar as it is up-to-date.
Caching disabled for DexingWithClasspathTransform: ~/.gradle/caches/transforms-3/1ef43913596a2e72f0e4e06f47e5f1b7/transformed/jetified-opentelemetry-context-1.18.0.jar because:
  Build cache is disabled
Skipping DexingWithClasspathTransform: ~/.gradle/caches/transforms-3/1ef43913596a2e72f0e4e06f47e5f1b7/transformed/jetified-opentelemetry-context-1.18.0.jar as it is up-to-date.
Caching disabled for DexingWithClasspathTransform: ~/.gradle/caches/transforms-3/e522cd96ca81fc806730903f35f3ffd7/transformed/jetified-common4j-21.4.0.jar because:
  Build cache is disabled
Skipping DexingWithClasspathTransform: ~/.gradle/caches/transforms-3/e522cd96ca81fc806730903f35f3ffd7/transformed/jetified-common4j-21.4.0.jar as it is up-to-date.
Caching disabled for DexingWithClasspathTransform: ~/.gradle/caches/transforms-3/3a3d3156a8da7fee57c24dd356754cb1/transformed/jetified-slf4j-api-2.0.9.jar because:
  Build cache is disabled
Skipping DexingWithClasspathTransform: ~/.gradle/caches/transforms-3/3a3d3156a8da7fee57c24dd356754cb1/transformed/jetified-slf4j-api-2.0.9.jar as it is up-to-date.
Caching disabled for DexingWithClasspathTransform: ~/.gradle/caches/transforms-3/971f131fb0ea7d199bf7831887736a6f/transformed/jetified-opentelemetry-api-1.18.0.jar because:
  Build cache is disabled
Skipping DexingWithClasspathTransform: ~/.gradle/caches/transforms-3/971f131fb0ea7d199bf7831887736a6f/transformed/jetified-opentelemetry-api-1.18.0.jar as it is up-to-date.
Caching disabled for DexingWithClasspathTransform: ~/.gradle/caches/transforms-3/e92ac6d6deca6f286b3f157a36e73631/transformed/jetified-kotlin-stdlib-common-1.8.22.jar because:
  Build cache is disabled
Skipping DexingWithClasspathTransform: ~/.gradle/caches/transforms-3/e92ac6d6deca6f286b3f157a36e73631/transformed/jetified-kotlin-stdlib-common-1.8.22.jar as it is up-to-date.
Caching disabled for DexingWithClasspathTransform: ~/.gradle/caches/transforms-3/241c5dbffb93d96ff5a93308f7ef43ff/transformed/jetified-android-2.5.0-runtime.jar because:
  Build cache is disabled
Skipping DexingWithClasspathTransform: ~/.gradle/caches/transforms-3/241c5dbffb93d96ff5a93308f7ef43ff/transformed/jetified-android-2.5.0-runtime.jar as it is up-to-date.
Caching disabled for DexingWithClasspathTransform: ~/.gradle/caches/transforms-3/973e4ba9dabcf0a50cf33865b66269ed/transformed/jetified-listenablefuture-1.0.jar because:
  Build cache is disabled
Skipping DexingWithClasspathTransform: ~/.gradle/caches/transforms-3/973e4ba9dabcf0a50cf33865b66269ed/transformed/jetified-listenablefuture-1.0.jar as it is up-to-date.
Caching disabled for task ':app:mergeExtDexDebug' because:
  Build cache is disabled
Task ':app:mergeExtDexDebug' is not up-to-date because:
  Class path of task ':app:mergeExtDexDebug' has changed from 19511a89c2c60142f14e5c42d287bce4 to 884dfe0e653a3a2295bb6c56821b1ca5.
The input changes require a full rebuild for incremental task ':app:mergeExtDexDebug'.
Watching 176 directories to track changes
Merging to '~/android/studio/Projects/Photo.Gallery/app/build/intermediates/dex/debug/mergeExtDexDebug' with D8 from all or a subset of dex files in ~/.gradle/caches/transforms-3/9e9eacd18e041418a5fb2929110be3d5/transformed/jetified-viewbinding-7.4.2-runtime, ~/.gradle/caches/transforms-3/1a93d411ddefdaf15ec4b0ee2cc20852/transformed/jetified-accompanist-systemuicontroller-0.23.0-runtime, ~/.gradle/caches/transforms-3/df39f0cf33d28bebd1681063caf07bed/transformed/jetified-coil-compose-2.0.0-runtime, ~/.gradle/caches/transforms-3/bb9ea7ceb6ee8efec62b7115f08007c9/transformed/jetified-coil-compose-base-2.0.0-runtime, ~/.gradle/caches/transforms-3/6a555e296849efba4c4fff6ae6c556e5/transformed/jetified-coil-2.0.0-runtime, ~/.gradle/caches/transforms-3/80aa9bf07caefbb254067ea924202f2e/transformed/jetified-coil-base-2.0.0-runtime, ~/.gradle/caches/transforms-3/732c339cfd07bae233a2ca699c52282d/transformed/jetified-msal-6.2.0-runtime, ~/.gradle/caches/transforms-3/249c95ab17fd2312e16b3f4cfa1f7c32/transformed/jetified-common-21.4.0-runtime, ~/.gradle/caches/transforms-3/78069299c599bda230423059ab0c8517/transformed/jetified-moshi-1.14.0, ~/.gradle/caches/transforms-3/f3213d8da662b9b04867ae809cf40388/transformed/jetified-converter-scalars-2.7.1, ~/.gradle/caches/transforms-3/2af84784ec09c8c7f48a00031039a2de/transformed/jetified-retrofit-2.7.1, ~/.gradle/caches/transforms-3/82c8ea1c7f0cd785230aac652650ee88/transformed/jetified-okhttp-4.9.3, ~/.gradle/caches/transforms-3/99dd1f0124ce6ecc7ed0b673700b6be5/transformed/jetified-okio-jvm-3.0.0, ~/.gradle/caches/transforms-3/01ec31a0baee000927d85596f2345dd5/transformed/jetified-accompanist-drawablepainter-0.23.1-runtime, ~/.gradle/caches/transforms-3/f72ac77cdde590fa6851d5827c4cbddf/transformed/jetified-credentials-1.2.2-runtime, ~/.gradle/caches/transforms-3/820c18a667b5b02e86380058e66675f3/transformed/jetified-credentials-play-services-auth-1.2.2-runtime, ~/.gradle/caches/transforms-3/567358bd1e3f646d9a7a115055d48be8/transformed/jetified-googleid-1.1.0-runtime, ~/.gradle/caches/transforms-3/9baf1c78899bfeea6fa61501e55ab7ae/transformed/work-runtime-ktx-2.8.1-runtime, ~/.gradle/caches/transforms-3/fb67fe77fdbde235c9611ef4e258f3fa/transformed/navigation-common-2.7.0-runtime, ~/.gradle/caches/transforms-3/8c1bdf2ae960b08555836579683e0610/transformed/navigation-runtime-2.7.0-runtime, ~/.gradle/caches/transforms-3/99b32f83b998f0346022c894a7ba235b/transformed/jetified-navigation-compose-2.7.0-runtime, ~/.gradle/caches/transforms-3/e757167384397568284da8dc6089cb3d/transformed/constraintlayout-2.1.3-runtime, ~/.gradle/caches/transforms-3/896fa521d803a3bf2b2c470a838da849/transformed/material-1.2.0-runtime, ~/.gradle/caches/transforms-3/6abe2808c58fff11b3fd8299f5439b45/transformed/jetified-appcompat-resources-1.6.1-runtime, ~/.gradle/caches/transforms-3/d62046dcaf9743aa0be83386044eff26/transformed/appcompat-1.6.1-runtime, ~/.gradle/caches/transforms-3/ce9a7aafdc3f9ce8acb25b2923d2c874/transformed/jetified-material3-window-size-class-release-runtime, ~/.gradle/caches/transforms-3/28f46c1ccee2f089c67ebf39214ffd82/transformed/jetified-material3-release-runtime, ~/.gradle/caches/transforms-3/826722342c97ab6eb3f0dfa732700417/transformed/jetified-glide-4.11.0-runtime, ~/.gradle/caches/transforms-3/f05e3c418fee2e3ecc323b0b281d911b/transformed/jetified-viewpager2-1.0.0-runtime, ~/.gradle/caches/transforms-3/ad0e9e297934a26ab3187a5bcb56c36b/transformed/jetified-play-services-auth-20.7.0-runtime, ~/.gradle/caches/transforms-3/ebf880932f2af60e683703123fc78d4d/transformed/jetified-play-services-fido-20.1.0-runtime, ~/.gradle/caches/transforms-3/1c4322a90d55f84b711fa90c0c077537/transformed/jetified-play-services-auth-api-phone-18.0.1-runtime, ~/.gradle/caches/transforms-3/c5676da691de7a6a2ee8b74a873136ac/transformed/jetified-play-services-auth-base-18.0.4-runtime, ~/.gradle/caches/transforms-3/eb3d2274c20e3831ad6936fa92aa7eaf/transformed/jetified-play-services-base-18.0.1-runtime, ~/.gradle/caches/transforms-3/20d3c5ac2b3a5545df0ed3a8d904076c/transformed/jetified-play-services-tasks-18.0.1-runtime, ~/.gradle/caches/transforms-3/e9df8762b8b223b0407e0a60047cef72/transformed/jetified-play-services-basement-18.2.0-runtime, ~/.gradle/caches/transforms-3/bfb072878d6dde5f1b148847dcdddd53/transformed/fragment-1.3.6-runtime, ~/.gradle/caches/transforms-3/125d00df8d963a45b77e0c734fcf9a1d/transformed/browser-1.0.0-runtime, ~/.gradle/caches/transforms-3/36e661a8009cef3501c97c540cdd6988/transformed/legacy-support-core-ui-1.0.0-runtime, ~/.gradle/caches/transforms-3/16d43051a9ae280b44abc9044f034a65/transformed/legacy-support-core-utils-1.0.0-runtime, ~/.gradle/caches/transforms-3/a1177dbd4c45b52749c4f4f74196bdf7/transformed/loader-1.0.0-runtime, ~/.gradle/caches/transforms-3/f019107a6684f38695676d074616b77e/transformed/jetified-material-release-runtime, ~/.gradle/caches/transforms-3/6ffd05c00d18bcdb60e9bcb0943b986f/transformed/jetified-material-icons-core-release-runtime, ~/.gradle/caches/transforms-3/ff6287947f6d001ad778efc785f43eef/transformed/jetified-material-ripple-release-runtime, ~/.gradle/caches/transforms-3/4443b391e0b93576cf95320a695ee907/transformed/jetified-foundation-release-runtime, ~/.gradle/caches/transforms-3/ae982f17c8950d6dc71172173dc0ae3c/transformed/jetified-foundation-layout-release-runtime, ~/.gradle/caches/transforms-3/01557dc4e01a97a972ac34fd71482219/transformed/jetified-animation-core-release-runtime, ~/.gradle/caches/transforms-3/7c977e8dd5c0ec6b2c73d9549c446374/transformed/jetified-animation-release-runtime, ~/.gradle/caches/transforms-3/4312afc9c7e8cd1b6d110819249a9d97/transformed/jetified-ui-tooling-data-release-runtime, ~/.gradle/caches/transforms-3/fe88b7a0aeb4035d4b4dc86784dd1fc2/transformed/jetified-ui-geometry-release-runtime, ~/.gradle/caches/transforms-3/2ee819696dc72a0546550245e6a76e03/transformed/jetified-ui-unit-release-runtime, ~/.gradle/caches/transforms-3/4034c0ec05a25a8de77e7a2152183e1d/transformed/jetified-ui-util-release-runtime, ~/.gradle/caches/transforms-3/c4cc7ee6a0e7fa83b2e19e06ceca5742/transformed/jetified-ui-text-release-runtime, ~/.gradle/caches/transforms-3/ae9564a3ab7bf007de797defb9c542fa/transformed/jetified-ui-graphics-release-runtime, ~/.gradle/caches/transforms-3/ea0b0160455297250dd76108add4e0d7/transformed/jetified-ui-tooling-preview-release-runtime, ~/.gradle/caches/transforms-3/5679d37711790b87e0637402901e4dd6/transformed/jetified-ui-tooling-release-runtime, ~/.gradle/caches/transforms-3/eac0f597927028e31e32384a59c39f98/transformed/jetified-activity-1.7.1-runtime, ~/.gradle/caches/transforms-3/1c3fc5de2e2d62d492c7ce5689fa3871/transformed/jetified-activity-ktx-1.7.1-runtime, ~/.gradle/caches/transforms-3/44179d50721ca835afe67ac8ad69c6e0/transformed/jetified-activity-compose-1.7.1-runtime, ~/.gradle/caches/transforms-3/963b0d4719ce6f0e630504478e275651/transformed/jetified-ui-release-runtime, ~/.gradle/caches/transforms-3/ffcad6d3a0ccf708f16ec30967fac057/transformed/jetified-savedstate-ktx-1.2.1-runtime, ~/.gradle/caches/transforms-3/6006ac6dd2a0de17251304a1090e723e/transformed/jetified-savedstate-1.2.1-runtime, ~/.gradle/caches/transforms-3/c057a7b8d7c1a5f4356c7c96a8ecd402/transformed/work-runtime-2.8.1-runtime, ~/.gradle/caches/transforms-3/71db4165ac807980df9cdb47073ee450/transformed/jetified-emoji2-views-helper-1.3.0-runtime, ~/.gradle/caches/transforms-3/a89aad2e59e9ab75102e2b14228867be/transformed/jetified-emoji2-1.3.0-runtime, ~/.gradle/caches/transforms-3/60bfc104e01b1d0c6c6396fbf5211185/transformed/jetified-lifecycle-process-2.6.1-runtime, ~/.gradle/caches/transforms-3/60d02f0faa590f6dc0428dee94156d47/transformed/jetified-lifecycle-service-2.6.1-runtime, ~/.gradle/caches/transforms-3/43d574ac81ac34354af93c2fcf144374/transformed/lifecycle-livedata-2.6.1-runtime, ~/.gradle/caches/transforms-3/e7a842ab1109f1cd6945cfe5b273a1d4/transformed/lifecycle-livedata-core-2.6.1-runtime, ~/.gradle/caches/transforms-3/d85ac7d358d847645114efd666f4ca56/transformed/lifecycle-common-2.6.1, ~/.gradle/caches/transforms-3/2eb60bfed5388b5f7ccc885ae9eb6e63/transformed/lifecycle-viewmodel-2.6.1-runtime, ~/.gradle/caches/transforms-3/fe3141dedb50f061de30abe18042cdad/transformed/jetified-lifecycle-viewmodel-savedstate-2.6.1-runtime, ~/.gradle/caches/transforms-3/b6295020138352abd1ec06871c0a39d0/transformed/jetified-lifecycle-runtime-ktx-2.6.1-runtime, ~/.gradle/caches/transforms-3/11d700f4e1fbc3d69a796b8e18e9f330/transformed/recyclerview-1.3.0-runtime, ~/.gradle/caches/transforms-3/82cc794862db2213b3b328cd38ed0bd5/transformed/drawerlayout-1.0.0-runtime, ~/.gradle/caches/transforms-3/0cb355c3375537ac25bd202d8757519b/transformed/coordinatorlayout-1.1.0-runtime, ~/.gradle/caches/transforms-3/f9964ce8781773be061cc272e5ba40ed/transformed/viewpager-1.0.0-runtime, ~/.gradle/caches/transforms-3/e754772f27979644aa1e003ac5172efe/transformed/slidingpanelayout-1.0.0-runtime, ~/.gradle/caches/transforms-3/32d79aec05f9e119d39d2f1b0d5df3d9/transformed/customview-1.0.0-runtime, ~/.gradle/caches/transforms-3/954b17f384fb26518c5229edb1758d74/transformed/transition-1.2.0-runtime, ~/.gradle/caches/transforms-3/89ed39c0695cafcf767ab39a1e9ec769/transformed/vectordrawable-animated-1.1.0-runtime, ~/.gradle/caches/transforms-3/ef82a14fbc2e65f5fab6bacb1501fa3a/transformed/vectordrawable-1.1.0-runtime, ~/.gradle/caches/transforms-3/fae4d1e99227d939c43dc0a20c74d9ff/transformed/jetified-window-1.0.0-runtime, ~/.gradle/caches/transforms-3/8b3eeb0a82161997c09e85db8b85d70f/transformed/jetified-autofill-1.0.0-runtime, ~/.gradle/caches/transforms-3/0f8f43b96acb509fa42bd1996b5183ee/transformed/swiperefreshlayout-1.0.0-runtime, ~/.gradle/caches/transforms-3/600cd6b5cc7f943ad465b1ffdcb27ac1/transformed/asynclayoutinflater-1.0.0-runtime, ~/.gradle/caches/transforms-3/b4f5cb047a72af72f11e3d0ce0fd6635/transformed/jetified-customview-poolingcontainer-1.0.0-runtime, ~/.gradle/caches/transforms-3/f610a43cd309a3047409998e2ea54aee/transformed/jetified-core-ktx-1.12.0-runtime, ~/.gradle/caches/transforms-3/60aeeed55ac9f11813cd556fae688853/transformed/core-1.12.0-runtime, ~/.gradle/caches/transforms-3/99bc2066ff44ef392cba82b6befd0854/transformed/lifecycle-runtime-2.6.1-runtime, ~/.gradle/caches/transforms-3/d45cf7269a238d1da643e6ad8e2ce09b/transformed/jetified-lifecycle-viewmodel-compose-2.6.1-runtime, ~/.gradle/caches/transforms-3/d63057fd78507be0a8e57c8d14838e99/transformed/jetified-lifecycle-viewmodel-ktx-2.6.1-runtime, ~/.gradle/caches/transforms-3/dd069d812252b09af694a692ed8c57d8/transformed/jetified-runtime-saveable-release-runtime, ~/.gradle/caches/transforms-3/3843ccabb81023cd4d5efd0148f90bb4/transformed/jetified-runtime-release-runtime, ~/.gradle/caches/transforms-3/e5cba80b6fdfe004d1d0b0fa2dc9f69e/transformed/jetified-datastore-preferences-1.0.0-runtime, ~/.gradle/caches/transforms-3/823cf9abe14fb0f47b1c472139c62056/transformed/jetified-datastore-1.0.0-runtime, ~/.gradle/caches/transforms-3/29d0246318bc4982b7c98a1ab7cfb240/transformed/jetified-datastore-preferences-core-1.0.0, ~/.gradle/caches/transforms-3/3da6980b2c2523bb98fcdcffdbeaba24/transformed/jetified-datastore-core-1.0.0, ~/.gradle/caches/transforms-3/f35887bc178e33b3b7e4d8d470a0a17d/transformed/jetified-kotlinx-coroutines-core-jvm-1.7.1, ~/.gradle/caches/transforms-3/a0d8c8a4b87772554b2256c3de6d70bb/transformed/jetified-kotlinx-coroutines-android-1.7.1, ~/.gradle/caches/transforms-3/2f412949d93ae6c1b15a325a1070d398/transformed/room-runtime-2.5.0-runtime, ~/.gradle/caches/transforms-3/5768783d9681977cba9d88a2581b6954/transformed/room-common-2.5.0, ~/.gradle/caches/transforms-3/59146ca80cf0ffe0409ab1470e6ce57b/transformed/jetified-gson-2.9.1, ~/.gradle/caches/transforms-3/dff25aaed51e62f6a9bf73da3688924e/transformed/documentfile-1.0.1-runtime, ~/.gradle/caches/transforms-3/a216721f8517e8b5b94cdd8d505a5388/transformed/jetified-security-crypto-1.1.0-alpha03-runtime, ~/.gradle/caches/transforms-3/f72b9ed78921e8c797237c532e5930ff/transformed/cursoradapter-1.0.0-runtime, ~/.gradle/caches/transforms-3/acd14e0e7031ce8ccc0440ca0faa3c03/transformed/jetified-resourceinspection-annotation-1.0.1, ~/.gradle/caches/transforms-3/d5c24facc651f7647f56f785ecce2e10/transformed/cardview-1.0.0-runtime, ~/.gradle/caches/transforms-3/b4b49654623dc4d9626812467d788946/transformed/jetified-gifdecoder-4.11.0-runtime, ~/.gradle/caches/transforms-3/29cd70b586486a48d2698b890bfab100/transformed/interpolator-1.0.0-runtime, ~/.gradle/caches/transforms-3/66d942e1b31a44041ed203339fadbd4e/transformed/core-runtime-2.2.0-runtime, ~/.gradle/caches/transforms-3/2607478ffcffe27b457dd80d5b136bb4/transformed/core-common-2.2.0, ~/.gradle/caches/transforms-3/a9cbfe3dc203d9e2df856a2271d8fc89/transformed/jetified-profileinstaller-1.3.0-runtime, ~/.gradle/caches/transforms-3/92e66b9542e43b4ec55fa7ba6d12ac3a/transformed/sqlite-framework-2.3.0-runtime, ~/.gradle/caches/transforms-3/c03157312226fcd3b53d3f0169b439f3/transformed/versionedparcelable-1.1.1-runtime, ~/.gradle/caches/transforms-3/c8660adeeb354826770b625a2181a011/transformed/jetified-collection-jvm-1.4.0, ~/.gradle/caches/transforms-3/78429a786d819d1ad60affec2486610f/transformed/jetified-startup-runtime-1.1.1-runtime, ~/.gradle/caches/transforms-3/fb17291dde3ee5a8128a72ec8a3b3341/transformed/jetified-concurrent-futures-1.1.0, ~/.gradle/caches/transforms-3/86f84a2959c1d990efdcef270a2f0219/transformed/exifinterface-1.3.3-runtime, ~/.gradle/caches/transforms-3/1f1b50031be5c1d8bca2b34ebd06b1f8/transformed/sqlite-2.3.0-runtime, ~/.gradle/caches/transforms-3/fef33432ff976134a5a15740d5274fbf/transformed/jetified-tracing-1.0.0-runtime, ~/.gradle/caches/transforms-3/a137686d59881dee07dcc24992b78123/transformed/localbroadcastmanager-1.0.0-runtime, ~/.gradle/caches/transforms-3/c59d39ed82c81378dd08714f21c964ef/transformed/print-1.0.0-runtime, ~/.gradle/caches/transforms-3/e5136d461820e74188a139ff9b5aff21/transformed/jetified-annotation-experimental-1.4.0-runtime, ~/.gradle/caches/transforms-3/9e943c1ce7740a3538c1e81232740356/transformed/jetified-kotlin-parcelize-runtime-1.6.10, ~/.gradle/caches/transforms-3/bfba8647897972b9970b9149ae3abd18/transformed/jetified-kotlin-android-extensions-runtime-1.6.10, ~/.gradle/caches/transforms-3/d2c33e8eea7aef0fad30332012353408/transformed/jetified-annotation-jvm-1.7.0, ~/.gradle/caches/transforms-3/6f6654518a83487fe04171f0030d47e5/transformed/jetified-kotlin-stdlib-1.8.22, ~/.gradle/caches/transforms-3/3f9c22b10497ddaf820198356bde637a/transformed/jetified-constraintlayout-core-1.0.3, ~/.gradle/caches/transforms-3/464ac9abd7d646793b4beda3ef844c37/transformed/jetified-tink-android-1.5.0, ~/.gradle/caches/transforms-3/64c8a2cb30a61253ee664fe1a4e7087b/transformed/jetified-disklrucache-4.11.0, ~/.gradle/caches/transforms-3/75e0f565ac3c52a6b63c47a8088601e6/transformed/jetified-annotations-4.11.0, ~/.gradle/caches/transforms-3/6cf5c579bd598d2d8b5c39a2715e0499/transformed/jetified-nimbus-jose-jwt-9.37.3, ~/.gradle/caches/transforms-3/ad019034a9215d822a065518fb9eda86/transformed/jetified-httpcore5-5.3, ~/.gradle/caches/transforms-3/2ca1fa1c465aa3e8e14b2db27f6a483e/transformed/jetified-opentelemetry-api-1.18.0, ~/.gradle/caches/transforms-3/8f11c16398cad832c76991f0f350a905/transformed/jetified-annotations-23.0.0, ~/.gradle/caches/transforms-3/f60e747723a84adb035bcd953b1ee1e8/transformed/jetified-listenablefuture-1.0, ~/.gradle/caches/transforms-3/a2f44388c0355eeb9e60cce2e56f43c9/transformed/jetified-common4j-21.4.0, ~/.gradle/caches/transforms-3/912eefc7936394b16c88b9e3ee8243b2/transformed/jetified-display-mask-0.3.0, ~/.gradle/caches/transforms-3/7f0b2892e6cf27fd1fbb319037b5d402/transformed/jetified-android-2.5.0-runtime, ~/.gradle/caches/transforms-3/e0562f8089b6d1be16742395dbc05e8d/transformed/jetified-piv-2.5.0, ~/.gradle/caches/transforms-3/2a8c040c688a800cdfcf16060e5c24f8/transformed/jetified-jcip-annotations-1.0-1, ~/.gradle/caches/transforms-3/1ab6bcb9572f91641575390b2c48e9f0/transformed/jetified-opentelemetry-context-1.18.0, ~/.gradle/caches/transforms-3/a4d944482c19a3d4a3464503a1e7b05d/transformed/jetified-core-2.5.0, ~/.gradle/caches/transforms-3/e845447f33059be5b767f068063a9cf8/transformed/jetified-slf4j-api-2.0.9
Watching 177 directories to track changes
:app:mergeExtDexDebug (Thread[included builds,5,main]) completed. Took 29.52 secs.
AAPT2 aapt2-7.4.2-8841542-linux Daemon #0: shutdown

FAILURE: Build failed with an exception.

* What went wrong:
Execution failed for task ':app:processDebugResources'.
> A failure occurred while executing com.android.build.gradle.internal.res.LinkApplicationAndroidResourcesTask$TaskAction
   > Android resource linking failed
     error: resource style/Theme.Material3.DayNight.NoActionBar (aka com.droidaio.gallery.debug:style/Theme.Material3.DayNight.NoActionBar) not found.
     error: resource style/Theme.Material3.DayNight.NoActionBar (aka com.droidaio.gallery.debug:style/Theme.Material3.DayNight.NoActionBar) not found.
     error: resource style/Theme.Material3.DayNight.NoActionBar (aka com.droidaio.gallery.debug:style/Theme.Material3.DayNight.NoActionBar) not found.
     error: failed linking references.


* Try:
> Run with --debug option to get more log output.
> Run with --scan to get full insights.

* Exception is:
org.gradle.api.tasks.TaskExecutionException: Execution failed for task ':app:processDebugResources'.
	at org.gradle.api.internal.tasks.execution.ExecuteActionsTaskExecuter.lambda$executeIfValid$1(ExecuteActionsTaskExecuter.java:142)
	at org.gradle.internal.Try$Failure.ifSuccessfulOrElse(Try.java:282)
	at org.gradle.api.internal.tasks.execution.ExecuteActionsTaskExecuter.executeIfValid(ExecuteActionsTaskExecuter.java:140)
	at org.gradle.api.internal.tasks.execution.ExecuteActionsTaskExecuter.execute(ExecuteActionsTaskExecuter.java:128)
	at org.gradle.api.internal.tasks.execution.CleanupStaleOutputsExecuter.execute(CleanupStaleOutputsExecuter.java:77)
	at org.gradle.api.internal.tasks.execution.FinalizePropertiesTaskExecuter.execute(FinalizePropertiesTaskExecuter.java:46)
	at org.gradle.api.internal.tasks.execution.ResolveTaskExecutionModeExecuter.execute(ResolveTaskExecutionModeExecuter.java:51)
	at org.gradle.api.internal.tasks.execution.SkipTaskWithNoActionsExecuter.execute(SkipTaskWithNoActionsExecuter.java:57)
	at org.gradle.api.internal.tasks.execution.SkipOnlyIfTaskExecuter.execute(SkipOnlyIfTaskExecuter.java:56)
	at org.gradle.api.internal.tasks.execution.CatchExceptionTaskExecuter.execute(CatchExceptionTaskExecuter.java:36)
	at org.gradle.api.internal.tasks.execution.EventFiringTaskExecuter$1.executeTask(EventFiringTaskExecuter.java:77)
	at org.gradle.api.internal.tasks.execution.EventFiringTaskExecuter$1.call(EventFiringTaskExecuter.java:55)
	at org.gradle.api.internal.tasks.execution.EventFiringTaskExecuter$1.call(EventFiringTaskExecuter.java:52)
	at org.gradle.internal.operations.DefaultBuildOperationRunner$CallableBuildOperationWorker.execute(DefaultBuildOperationRunner.java:204)
	at org.gradle.internal.operations.DefaultBuildOperationRunner$CallableBuildOperationWorker.execute(DefaultBuildOperationRunner.java:199)
	at org.gradle.internal.operations.DefaultBuildOperationRunner$2.execute(DefaultBuildOperationRunner.java:66)
	at org.gradle.internal.operations.DefaultBuildOperationRunner$2.execute(DefaultBuildOperationRunner.java:59)
	at org.gradle.internal.operations.DefaultBuildOperationRunner.execute(DefaultBuildOperationRunner.java:157)
	at org.gradle.internal.operations.DefaultBuildOperationRunner.execute(DefaultBuildOperationRunner.java:59)
	at org.gradle.internal.operations.DefaultBuildOperationRunner.call(DefaultBuildOperationRunner.java:53)
	at org.gradle.internal.operations.DefaultBuildOperationExecutor.call(DefaultBuildOperationExecutor.java:73)
	at org.gradle.api.internal.tasks.execution.EventFiringTaskExecuter.execute(EventFiringTaskExecuter.java:52)
	at org.gradle.execution.plan.LocalTaskNodeExecutor.execute(LocalTaskNodeExecutor.java:69)
	at org.gradle.execution.taskgraph.DefaultTaskExecutionGraph$InvokeNodeExecutorsAction.execute(DefaultTaskExecutionGraph.java:327)
	at org.gradle.execution.taskgraph.DefaultTaskExecutionGraph$InvokeNodeExecutorsAction.execute(DefaultTaskExecutionGraph.java:314)
	at org.gradle.execution.taskgraph.DefaultTaskExecutionGraph$BuildOperationAwareExecutionAction.execute(DefaultTaskExecutionGraph.java:307)
	at org.gradle.execution.taskgraph.DefaultTaskExecutionGraph$BuildOperationAwareExecutionAction.execute(DefaultTaskExecutionGraph.java:293)
	at org.gradle.execution.plan.DefaultPlanExecutor$ExecutorWorker.execute(DefaultPlanExecutor.java:417)
	at org.gradle.execution.plan.DefaultPlanExecutor$ExecutorWorker.run(DefaultPlanExecutor.java:339)
	at org.gradle.internal.concurrent.ExecutorPolicy$CatchAndRecordFailures.onExecute(ExecutorPolicy.java:64)
	at org.gradle.internal.concurrent.ManagedExecutorImpl$1.run(ManagedExecutorImpl.java:48)
Caused by: org.gradle.workers.internal.DefaultWorkerExecutor$WorkExecutionException: A failure occurred while executing com.android.build.gradle.internal.res.LinkApplicationAndroidResourcesTask$TaskAction
	at org.gradle.workers.internal.DefaultWorkerExecutor$WorkItemExecution.waitForCompletion(DefaultWorkerExecutor.java:339)
	at org.gradle.internal.work.DefaultAsyncWorkTracker.lambda$waitForItemsAndGatherFailures$2(DefaultAsyncWorkTracker.java:130)
	at org.gradle.internal.Factories$1.create(Factories.java:31)
	at org.gradle.internal.work.DefaultWorkerLeaseService.withoutLocks(DefaultWorkerLeaseService.java:321)
	at org.gradle.internal.work.DefaultWorkerLeaseService.withoutLocks(DefaultWorkerLeaseService.java:304)
	at org.gradle.internal.work.DefaultWorkerLeaseService.withoutLock(DefaultWorkerLeaseService.java:309)
	at org.gradle.internal.work.DefaultAsyncWorkTracker.waitForItemsAndGatherFailures(DefaultAsyncWorkTracker.java:126)
	at org.gradle.internal.work.DefaultAsyncWorkTracker.waitForItemsAndGatherFailures(DefaultAsyncWorkTracker.java:92)
	at org.gradle.internal.work.DefaultAsyncWorkTracker.waitForAll(DefaultAsyncWorkTracker.java:78)
	at org.gradle.internal.work.DefaultAsyncWorkTracker.waitForCompletion(DefaultAsyncWorkTracker.java:66)
	at org.gradle.api.internal.tasks.execution.TaskExecution$3.run(TaskExecution.java:244)
	at org.gradle.internal.operations.DefaultBuildOperationRunner$1.execute(DefaultBuildOperationRunner.java:29)
	at org.gradle.internal.operations.DefaultBuildOperationRunner$1.execute(DefaultBuildOperationRunner.java:26)
	at org.gradle.internal.operations.DefaultBuildOperationRunner$2.execute(DefaultBuildOperationRunner.java:66)
	at org.gradle.internal.operations.DefaultBuildOperationRunner$2.execute(DefaultBuildOperationRunner.java:59)
	at org.gradle.internal.operations.DefaultBuildOperationRunner.execute(DefaultBuildOperationRunner.java:157)
	at org.gradle.internal.operations.DefaultBuildOperationRunner.execute(DefaultBuildOperationRunner.java:59)
	at org.gradle.internal.operations.DefaultBuildOperationRunner.run(DefaultBuildOperationRunner.java:47)
	at org.gradle.internal.operations.DefaultBuildOperationExecutor.run(DefaultBuildOperationExecutor.java:68)
	at org.gradle.api.internal.tasks.execution.TaskExecution.executeAction(TaskExecution.java:221)
	at org.gradle.api.internal.tasks.execution.TaskExecution.executeActions(TaskExecution.java:204)
	at org.gradle.api.internal.tasks.execution.TaskExecution.executeWithPreviousOutputFiles(TaskExecution.java:187)
	at org.gradle.api.internal.tasks.execution.TaskExecution.execute(TaskExecution.java:165)
	at org.gradle.internal.execution.steps.ExecuteStep.executeInternal(ExecuteStep.java:89)
	at org.gradle.internal.execution.steps.ExecuteStep.access$000(ExecuteStep.java:40)
	at org.gradle.internal.execution.steps.ExecuteStep$1.call(ExecuteStep.java:53)
	at org.gradle.internal.execution.steps.ExecuteStep$1.call(ExecuteStep.java:50)
	at org.gradle.internal.operations.DefaultBuildOperationRunner$CallableBuildOperationWorker.execute(DefaultBuildOperationRunner.java:204)
	at org.gradle.internal.operations.DefaultBuildOperationRunner$CallableBuildOperationWorker.execute(DefaultBuildOperationRunner.java:199)
	at org.gradle.internal.operations.DefaultBuildOperationRunner$2.execute(DefaultBuildOperationRunner.java:66)
	at org.gradle.internal.operations.DefaultBuildOperationRunner$2.execute(DefaultBuildOperationRunner.java:59)
	at org.gradle.internal.operations.DefaultBuildOperationRunner.execute(DefaultBuildOperationRunner.java:157)
	at org.gradle.internal.operations.DefaultBuildOperationRunner.execute(DefaultBuildOperationRunner.java:59)
	at org.gradle.internal.operations.DefaultBuildOperationRunner.call(DefaultBuildOperationRunner.java:53)
	at org.gradle.internal.operations.DefaultBuildOperationExecutor.call(DefaultBuildOperationExecutor.java:73)
	at org.gradle.internal.execution.steps.ExecuteStep.execute(ExecuteStep.java:50)
	at org.gradle.internal.execution.steps.ExecuteStep.execute(ExecuteStep.java:40)
	at org.gradle.internal.execution.steps.RemovePreviousOutputsStep.execute(RemovePreviousOutputsStep.java:68)
	at org.gradle.internal.execution.steps.RemovePreviousOutputsStep.execute(RemovePreviousOutputsStep.java:38)
	at org.gradle.internal.execution.steps.CancelExecutionStep.execute(CancelExecutionStep.java:41)
	at org.gradle.internal.execution.steps.TimeoutStep.executeWithoutTimeout(TimeoutStep.java:74)
	at org.gradle.internal.execution.steps.TimeoutStep.execute(TimeoutStep.java:55)
	at org.gradle.internal.execution.steps.CreateOutputsStep.execute(CreateOutputsStep.java:51)
	at org.gradle.internal.execution.steps.CreateOutputsStep.execute(CreateOutputsStep.java:29)
	at org.gradle.internal.execution.steps.CaptureStateAfterExecutionStep.executeDelegateBroadcastingChanges(CaptureStateAfterExecutionStep.java:124)
	at org.gradle.internal.execution.steps.CaptureStateAfterExecutionStep.execute(CaptureStateAfterExecutionStep.java:80)
	at org.gradle.internal.execution.steps.CaptureStateAfterExecutionStep.execute(CaptureStateAfterExecutionStep.java:58)
	at org.gradle.internal.execution.steps.ResolveInputChangesStep.execute(ResolveInputChangesStep.java:48)
	at org.gradle.internal.execution.steps.ResolveInputChangesStep.execute(ResolveInputChangesStep.java:36)
	at org.gradle.internal.execution.steps.BuildCacheStep.executeWithoutCache(BuildCacheStep.java:181)
	at org.gradle.internal.execution.steps.BuildCacheStep.lambda$execute$1(BuildCacheStep.java:71)
	at org.gradle.internal.Either$Right.fold(Either.java:175)
	at org.gradle.internal.execution.caching.CachingState.fold(CachingState.java:59)
	at org.gradle.internal.execution.steps.BuildCacheStep.execute(BuildCacheStep.java:69)
	at org.gradle.internal.execution.steps.BuildCacheStep.execute(BuildCacheStep.java:47)
	at org.gradle.internal.execution.steps.StoreExecutionStateStep.execute(StoreExecutionStateStep.java:36)
	at org.gradle.internal.execution.steps.StoreExecutionStateStep.execute(StoreExecutionStateStep.java:25)
	at org.gradle.internal.execution.steps.RecordOutputsStep.execute(RecordOutputsStep.java:36)
	at org.gradle.internal.execution.steps.RecordOutputsStep.execute(RecordOutputsStep.java:22)
	at org.gradle.internal.execution.steps.SkipUpToDateStep.executeBecause(SkipUpToDateStep.java:110)
	at org.gradle.internal.execution.steps.SkipUpToDateStep.lambda$execute$2(SkipUpToDateStep.java:56)
	at org.gradle.internal.execution.steps.SkipUpToDateStep.execute(SkipUpToDateStep.java:56)
	at org.gradle.internal.execution.steps.SkipUpToDateStep.execute(SkipUpToDateStep.java:38)
	at org.gradle.internal.execution.steps.ResolveChangesStep.execute(ResolveChangesStep.java:73)
	at org.gradle.internal.execution.steps.ResolveChangesStep.execute(ResolveChangesStep.java:44)
	at org.gradle.internal.execution.steps.legacy.MarkSnapshottingInputsFinishedStep.execute(MarkSnapshottingInputsFinishedStep.java:37)
	at org.gradle.internal.execution.steps.legacy.MarkSnapshottingInputsFinishedStep.execute(MarkSnapshottingInputsFinishedStep.java:27)
	at org.gradle.internal.execution.steps.ResolveCachingStateStep.execute(ResolveCachingStateStep.java:89)
	at org.gradle.internal.execution.steps.ResolveCachingStateStep.execute(ResolveCachingStateStep.java:50)
	at org.gradle.internal.execution.steps.ValidateStep.execute(ValidateStep.java:114)
	at org.gradle.internal.execution.steps.ValidateStep.execute(ValidateStep.java:57)
	at org.gradle.internal.execution.steps.CaptureStateBeforeExecutionStep.execute(CaptureStateBeforeExecutionStep.java:76)
	at org.gradle.internal.execution.steps.CaptureStateBeforeExecutionStep.execute(CaptureStateBeforeExecutionStep.java:50)
	at org.gradle.internal.execution.steps.SkipEmptyWorkStep.executeWithNoEmptySources(SkipEmptyWorkStep.java:254)
	at org.gradle.internal.execution.steps.SkipEmptyWorkStep.execute(SkipEmptyWorkStep.java:91)
	at org.gradle.internal.execution.steps.SkipEmptyWorkStep.execute(SkipEmptyWorkStep.java:56)
	at org.gradle.internal.execution.steps.RemoveUntrackedExecutionStateStep.execute(RemoveUntrackedExecutionStateStep.java:32)
	at org.gradle.internal.execution.steps.RemoveUntrackedExecutionStateStep.execute(RemoveUntrackedExecutionStateStep.java:21)
	at org.gradle.internal.execution.steps.legacy.MarkSnapshottingInputsStartedStep.execute(MarkSnapshottingInputsStartedStep.java:38)
	at org.gradle.internal.execution.steps.LoadPreviousExecutionStateStep.execute(LoadPreviousExecutionStateStep.java:43)
	at org.gradle.internal.execution.steps.LoadPreviousExecutionStateStep.execute(LoadPreviousExecutionStateStep.java:31)
	at org.gradle.internal.execution.steps.AssignWorkspaceStep.lambda$execute$0(AssignWorkspaceStep.java:40)
	at org.gradle.api.internal.tasks.execution.TaskExecution$4.withWorkspace(TaskExecution.java:281)
	at org.gradle.internal.execution.steps.AssignWorkspaceStep.execute(AssignWorkspaceStep.java:40)
	at org.gradle.internal.execution.steps.AssignWorkspaceStep.execute(AssignWorkspaceStep.java:30)
	at org.gradle.internal.execution.steps.IdentityCacheStep.execute(IdentityCacheStep.java:37)
	at org.gradle.internal.execution.steps.IdentityCacheStep.execute(IdentityCacheStep.java:27)
	at org.gradle.internal.execution.steps.IdentifyStep.execute(IdentifyStep.java:44)
	at org.gradle.internal.execution.steps.IdentifyStep.execute(IdentifyStep.java:33)
	at org.gradle.internal.execution.impl.DefaultExecutionEngine$1.execute(DefaultExecutionEngine.java:76)
	at org.gradle.api.internal.tasks.execution.ExecuteActionsTaskExecuter.executeIfValid(ExecuteActionsTaskExecuter.java:139)
	at org.gradle.api.internal.tasks.execution.ExecuteActionsTaskExecuter.execute(ExecuteActionsTaskExecuter.java:128)
	at org.gradle.api.internal.tasks.execution.CleanupStaleOutputsExecuter.execute(CleanupStaleOutputsExecuter.java:77)
	at org.gradle.api.internal.tasks.execution.FinalizePropertiesTaskExecuter.execute(FinalizePropertiesTaskExecuter.java:46)
	at org.gradle.api.internal.tasks.execution.ResolveTaskExecutionModeExecuter.execute(ResolveTaskExecutionModeExecuter.java:51)
	at org.gradle.api.internal.tasks.execution.SkipTaskWithNoActionsExecuter.execute(SkipTaskWithNoActionsExecuter.java:57)
	at org.gradle.api.internal.tasks.execution.SkipOnlyIfTaskExecuter.execute(SkipOnlyIfTaskExecuter.java:56)
	at org.gradle.api.internal.tasks.execution.CatchExceptionTaskExecuter.execute(CatchExceptionTaskExecuter.java:36)
	at org.gradle.api.internal.tasks.execution.EventFiringTaskExecuter$1.executeTask(EventFiringTaskExecuter.java:77)
	at org.gradle.api.internal.tasks.execution.EventFiringTaskExecuter$1.call(EventFiringTaskExecuter.java:55)
	at org.gradle.api.internal.tasks.execution.EventFiringTaskExecuter$1.call(EventFiringTaskExecuter.java:52)
	at org.gradle.internal.operations.DefaultBuildOperationRunner$CallableBuildOperationWorker.execute(DefaultBuildOperationRunner.java:204)
	at org.gradle.internal.operations.DefaultBuildOperationRunner$CallableBuildOperationWorker.execute(DefaultBuildOperationRunner.java:199)
	at org.gradle.internal.operations.DefaultBuildOperationRunner$2.execute(DefaultBuildOperationRunner.java:66)
	at org.gradle.internal.operations.DefaultBuildOperationRunner$2.execute(DefaultBuildOperationRunner.java:59)
	at org.gradle.internal.operations.DefaultBuildOperationRunner.execute(DefaultBuildOperationRunner.java:157)
	at org.gradle.internal.operations.DefaultBuildOperationRunner.execute(DefaultBuildOperationRunner.java:59)
	at org.gradle.internal.operations.DefaultBuildOperationRunner.call(DefaultBuildOperationRunner.java:53)
	at org.gradle.internal.operations.DefaultBuildOperationExecutor.call(DefaultBuildOperationExecutor.java:73)
	at org.gradle.api.internal.tasks.execution.EventFiringTaskExecuter.execute(EventFiringTaskExecuter.java:52)
	at org.gradle.execution.plan.LocalTaskNodeExecutor.execute(LocalTaskNodeExecutor.java:69)
	at org.gradle.execution.taskgraph.DefaultTaskExecutionGraph$InvokeNodeExecutorsAction.execute(DefaultTaskExecutionGraph.java:327)
	at org.gradle.execution.taskgraph.DefaultTaskExecutionGraph$InvokeNodeExecutorsAction.execute(DefaultTaskExecutionGraph.java:314)
	at org.gradle.execution.taskgraph.DefaultTaskExecutionGraph$BuildOperationAwareExecutionAction.execute(DefaultTaskExecutionGraph.java:307)
	at org.gradle.execution.taskgraph.DefaultTaskExecutionGraph$BuildOperationAwareExecutionAction.execute(DefaultTaskExecutionGraph.java:293)
	at org.gradle.execution.plan.DefaultPlanExecutor$ExecutorWorker.execute(DefaultPlanExecutor.java:417)
	at org.gradle.execution.plan.DefaultPlanExecutor$ExecutorWorker.run(DefaultPlanExecutor.java:339)
	at org.gradle.internal.concurrent.ExecutorPolicy$CatchAndRecordFailures.onExecute(ExecutorPolicy.java:64)
	at org.gradle.internal.concurrent.ManagedExecutorImpl$1.run(ManagedExecutorImpl.java:48)
Caused by: com.android.builder.internal.aapt.v2.Aapt2Exception: Android resource linking failed
error: resource style/Theme.Material3.DayNight.NoActionBar (aka com.droidaio.gallery.debug:style/Theme.Material3.DayNight.NoActionBar) not found.
error: resource style/Theme.Material3.DayNight.NoActionBar (aka com.droidaio.gallery.debug:style/Theme.Material3.DayNight.NoActionBar) not found.
error: resource style/Theme.Material3.DayNight.NoActionBar (aka com.droidaio.gallery.debug:style/Theme.Material3.DayNight.NoActionBar) not found.
error: failed linking references.

	at com.android.builder.internal.aapt.v2.Aapt2Exception$Companion.create(Aapt2Exception.kt:45)
	at com.android.builder.internal.aapt.v2.Aapt2Exception$Companion.create$default(Aapt2Exception.kt:33)
	at com.android.builder.internal.aapt.v2.Aapt2DaemonImpl.doLink(Aapt2DaemonImpl.kt:188)
	at com.android.builder.internal.aapt.v2.Aapt2Daemon.link(Aapt2Daemon.kt:124)
	at com.android.builder.internal.aapt.v2.Aapt2DaemonManager$LeasedAaptDaemon.link(Aapt2DaemonManager.kt:176)
	at com.android.builder.internal.aapt.v2.Aapt2DaemonManager$leasingAapt2Daemon$1.link(Aapt2DaemonManager.kt:199)
	at com.android.build.gradle.internal.services.PartialInProcessResourceProcessor.link(PartialInProcessResourceProcessor.kt:51)
	at com.android.build.gradle.internal.res.Aapt2ProcessResourcesRunnableKt.processResources(Aapt2ProcessResourcesRunnable.kt:74)
	at com.android.build.gradle.internal.res.LinkApplicationAndroidResourcesTask$Companion.invokeAaptForSplit(LinkApplicationAndroidResourcesTask.kt:914)
	at com.android.build.gradle.internal.res.LinkApplicationAndroidResourcesTask$Companion.access$invokeAaptForSplit(LinkApplicationAndroidResourcesTask.kt:761)
	at com.android.build.gradle.internal.res.LinkApplicationAndroidResourcesTask$TaskAction.run(LinkApplicationAndroidResourcesTask.kt:388)
	at com.android.build.gradle.internal.profile.ProfileAwareWorkAction.execute(ProfileAwareWorkAction.kt:74)
	at org.gradle.workers.internal.DefaultWorkerServer.execute(DefaultWorkerServer.java:63)
	at org.gradle.workers.internal.NoIsolationWorkerFactory$1$1.create(NoIsolationWorkerFactory.java:66)
	at org.gradle.workers.internal.NoIsolationWorkerFactory$1$1.create(NoIsolationWorkerFactory.java:62)
	at org.gradle.internal.classloader.ClassLoaderUtils.executeInClassloader(ClassLoaderUtils.java:100)
	at org.gradle.workers.internal.NoIsolationWorkerFactory$1.lambda$execute$0(NoIsolationWorkerFactory.java:62)
	at org.gradle.workers.internal.AbstractWorker$1.call(AbstractWorker.java:44)
	at org.gradle.workers.internal.AbstractWorker$1.call(AbstractWorker.java:41)
	at org.gradle.internal.operations.DefaultBuildOperationRunner$CallableBuildOperationWorker.execute(DefaultBuildOperationRunner.java:204)
	at org.gradle.internal.operations.DefaultBuildOperationRunner$CallableBuildOperationWorker.execute(DefaultBuildOperationRunner.java:199)
	at org.gradle.internal.operations.DefaultBuildOperationRunner$2.execute(DefaultBuildOperationRunner.java:66)
	at org.gradle.internal.operations.DefaultBuildOperationRunner$2.execute(DefaultBuildOperationRunner.java:59)
	at org.gradle.internal.operations.DefaultBuildOperationRunner.execute(DefaultBuildOperationRunner.java:157)
	at org.gradle.internal.operations.DefaultBuildOperationRunner.execute(DefaultBuildOperationRunner.java:59)
	at org.gradle.internal.operations.DefaultBuildOperationRunner.call(DefaultBuildOperationRunner.java:53)
	at org.gradle.internal.operations.DefaultBuildOperationExecutor.call(DefaultBuildOperationExecutor.java:73)
	at org.gradle.workers.internal.AbstractWorker.executeWrappedInBuildOperation(AbstractWorker.java:41)
	at org.gradle.workers.internal.NoIsolationWorkerFactory$1.execute(NoIsolationWorkerFactory.java:59)
	at org.gradle.workers.internal.DefaultWorkerExecutor.lambda$submitWork$2(DefaultWorkerExecutor.java:205)
	at org.gradle.internal.work.DefaultConditionalExecutionQueue$ExecutionRunner.runExecution(DefaultConditionalExecutionQueue.java:187)
	at org.gradle.internal.work.DefaultConditionalExecutionQueue$ExecutionRunner.access$700(DefaultConditionalExecutionQueue.java:120)
	at org.gradle.internal.work.DefaultConditionalExecutionQueue$ExecutionRunner$1.run(DefaultConditionalExecutionQueue.java:162)
	at org.gradle.internal.Factories$1.create(Factories.java:31)
	at org.gradle.internal.work.DefaultWorkerLeaseService.withLocks(DefaultWorkerLeaseService.java:249)
	at org.gradle.internal.work.DefaultWorkerLeaseService.runAsWorkerThread(DefaultWorkerLeaseService.java:109)
	at org.gradle.internal.work.DefaultWorkerLeaseService.runAsWorkerThread(DefaultWorkerLeaseService.java:114)
	at org.gradle.internal.work.DefaultConditionalExecutionQueue$ExecutionRunner.runBatch(DefaultConditionalExecutionQueue.java:157)
	at org.gradle.internal.work.DefaultConditionalExecutionQueue$ExecutionRunner.run(DefaultConditionalExecutionQueue.java:126)
	... 2 more
	Suppressed: java.lang.NullPointerException: Parameter specified as non-null is null: method com.android.ide.common.resources.RelativeResourceUtils.getRelativeSourceSetPath, parameter resourceFile
		at com.android.ide.common.resources.RelativeResourceUtils.getRelativeSourceSetPath(RelativeResourceUtils.kt)
		at com.android.ide.common.blame.MergingLog.getPositionMap(MergingLog.java:229)
		at com.android.ide.common.blame.MergingLog.find(MergingLog.java:213)
		at com.android.build.gradle.internal.res.Aapt2ErrorUtils$rewriteLinkException$2.invoke(Aapt2ErrorUtils.kt:136)
		at com.android.build.gradle.internal.res.Aapt2ErrorUtils$rewriteLinkException$2.invoke(Aapt2ErrorUtils.kt:133)
		at com.android.build.gradle.internal.res.Aapt2ErrorUtils.rewritePositions(Aapt2ErrorUtils.kt:278)
		at com.android.build.gradle.internal.res.Aapt2ErrorUtils.rewriteException(Aapt2ErrorUtils.kt:235)
		at com.android.build.gradle.internal.res.Aapt2ErrorUtils.rewriteLinkException(Aapt2ErrorUtils.kt:133)
		at com.android.build.gradle.internal.res.Aapt2ProcessResourcesRunnableKt.processResources(Aapt2ProcessResourcesRunnable.kt:76)
		at com.android.build.gradle.internal.res.LinkApplicationAndroidResourcesTask$Companion.invokeAaptForSplit(LinkApplicationAndroidResourcesTask.kt:914)
		at com.android.build.gradle.internal.res.LinkApplicationAndroidResourcesTask$Companion.access$invokeAaptForSplit(LinkApplicationAndroidResourcesTask.kt:761)
		at com.android.build.gradle.internal.res.LinkApplicationAndroidResourcesTask$TaskAction.run(LinkApplicationAndroidResourcesTask.kt:388)
		at com.android.build.gradle.internal.profile.ProfileAwareWorkAction.execute(ProfileAwareWorkAction.kt:74)
		at org.gradle.workers.internal.DefaultWorkerServer.execute(DefaultWorkerServer.java:63)
		at org.gradle.workers.internal.NoIsolationWorkerFactory$1$1.create(NoIsolationWorkerFactory.java:66)
		at org.gradle.workers.internal.NoIsolationWorkerFactory$1$1.create(NoIsolationWorkerFactory.java:62)
		at org.gradle.internal.classloader.ClassLoaderUtils.executeInClassloader(ClassLoaderUtils.java:100)
		at org.gradle.workers.internal.NoIsolationWorkerFactory$1.lambda$execute$0(NoIsolationWorkerFactory.java:62)
		at org.gradle.workers.internal.AbstractWorker$1.call(AbstractWorker.java:44)
		at org.gradle.workers.internal.AbstractWorker$1.call(AbstractWorker.java:41)
		at org.gradle.internal.operations.DefaultBuildOperationRunner$CallableBuildOperationWorker.execute(DefaultBuildOperationRunner.java:204)
		at org.gradle.internal.operations.DefaultBuildOperationRunner$CallableBuildOperationWorker.execute(DefaultBuildOperationRunner.java:199)
		at org.gradle.internal.operations.DefaultBuildOperationRunner$2.execute(DefaultBuildOperationRunner.java:66)
		at org.gradle.internal.operations.DefaultBuildOperationRunner$2.execute(DefaultBuildOperationRunner.java:59)
		at org.gradle.internal.operations.DefaultBuildOperationRunner.execute(DefaultBuildOperationRunner.java:157)
		at org.gradle.internal.operations.DefaultBuildOperationRunner.execute(DefaultBuildOperationRunner.java:59)
		at org.gradle.internal.operations.DefaultBuildOperationRunner.call(DefaultBuildOperationRunner.java:53)
		at org.gradle.internal.operations.DefaultBuildOperationExecutor.call(DefaultBuildOperationExecutor.java:73)
		at org.gradle.workers.internal.AbstractWorker.executeWrappedInBuildOperation(AbstractWorker.java:41)
		at org.gradle.workers.internal.NoIsolationWorkerFactory$1.execute(NoIsolationWorkerFactory.java:59)
		at org.gradle.workers.internal.DefaultWorkerExecutor.lambda$submitWork$2(DefaultWorkerExecutor.java:205)
		at java.base/java.util.concurrent.FutureTask.run(FutureTask.java:264)
		at org.gradle.internal.work.DefaultConditionalExecutionQueue$ExecutionRunner.runExecution(DefaultConditionalExecutionQueue.java:187)
		at org.gradle.internal.work.DefaultConditionalExecutionQueue$ExecutionRunner.access$700(DefaultConditionalExecutionQueue.java:120)
		at org.gradle.internal.work.DefaultConditionalExecutionQueue$ExecutionRunner$1.run(DefaultConditionalExecutionQueue.java:162)
		at org.gradle.internal.Factories$1.create(Factories.java:31)
		at org.gradle.internal.work.DefaultWorkerLeaseService.withLocks(DefaultWorkerLeaseService.java:249)
		at org.gradle.internal.work.DefaultWorkerLeaseService.runAsWorkerThread(DefaultWorkerLeaseService.java:109)
		at org.gradle.internal.work.DefaultWorkerLeaseService.runAsWorkerThread(DefaultWorkerLeaseService.java:114)
		at org.gradle.internal.work.DefaultConditionalExecutionQueue$ExecutionRunner.runBatch(DefaultConditionalExecutionQueue.java:157)
		at org.gradle.internal.work.DefaultConditionalExecutionQueue$ExecutionRunner.run(DefaultConditionalExecutionQueue.java:126)
		at java.base/java.util.concurrent.Executors$RunnableAdapter.call(Executors.java:515)
		at java.base/java.util.concurrent.FutureTask.run(FutureTask.java:264)
		at org.gradle.internal.concurrent.ExecutorPolicy$CatchAndRecordFailures.onExecute(ExecutorPolicy.java:64)
		at org.gradle.internal.concurrent.ManagedExecutorImpl$1.run(ManagedExecutorImpl.java:48)
		at java.base/java.util.concurrent.ThreadPoolExecutor.runWorker(ThreadPoolExecutor.java:1128)
		at java.base/java.util.concurrent.ThreadPoolExecutor$Worker.run(ThreadPoolExecutor.java:628)
		at java.base/java.lang.Thread.run(Thread.java:829)


* Get more help at https://help.gradle.org

BUILD FAILED in 1m 34s
21 actionable tasks: 21 executed
